Group: 1
+-----------------------+---------+---------------+---------------+---------------+---------------+---------------+---------------+---------------+---------------+---------------+---------------+---------------+---------------+---------------+---------------+---------------+---------------+---------------+---------------+
|         Event         | Counter |   f0404:0:0   |   f0404:1:1   |   f0404:2:2   |   f0404:3:3   |   f0404:4:4   |   f0404:5:5   |   f0404:6:6   |   f0404:7:7   |   f0404:8:8   |   f0404:9:9   |  f0404:10:10  |  f0404:11:11  |  f0404:12:12  |  f0404:13:13  |  f0404:14:14  |  f0404:15:15  |  f0404:16:16  |  f0404:17:17  |
+-----------------------+---------+---------------+---------------+---------------+---------------+---------------+---------------+---------------+---------------+---------------+---------------+---------------+---------------+---------------+---------------+---------------+---------------+---------------+---------------+
|   INSTR_RETIRED_ANY   |  FIXC0  | 2847551503537 | 2848279212620 | 2830203324173 | 2749665293198 | 2686919472260 | 2667931677990 | 2649500909583 | 2644547868884 | 2654443346257 | 2654735685582 | 2556983097675 | 2561681496963 | 2581081165710 | 2643404841007 | 2704035989642 | 2715070009510 | 2727591279503 | 2633251088410 |
| CPU_CLK_UNHALTED_CORE |  FIXC1  | 1506393534023 | 1509225422691 | 1509314751328 | 1509220035520 | 1509212582084 | 1509431267972 | 1509250625792 | 1509301698369 | 1509578514988 | 1509623790899 | 1509688450304 | 1509747615995 | 1507359979074 | 1509246290397 | 1509284961682 | 1508707657448 | 1509405144238 | 1509304994303 |
|  CPU_CLK_UNHALTED_REF |  FIXC2  | 1506389512992 | 1509224193504 | 1509309359232 | 1509216547584 | 1509208073280 | 1509426126816 | 1509249474432 | 1509298868544 | 1509575462976 | 1509619566432 | 1509684424800 | 1509742996896 | 1507356828768 | 1509240229440 | 1509278566368 | 1508702962272 | 1509399399840 | 1509300330624 |
|     TOPDOWN_SLOTS     |  FIXC3  | 7531967670115 | 7546127113455 | 7546573756640 | 7546100177600 | 7546062910420 | 7547156339860 | 7546253128960 | 7546508491845 | 7547892574940 | 7548118954495 | 7548442251520 | 7548738079975 | 7536799895370 | 7546231451985 | 7546424808410 | 7543538287240 | 7547025721190 | 7546524971515 |
|       TEMP_CORE       |   TMP0  |            41 |            44 |            43 |            42 |            42 |            44 |            44 |            45 |            43 |            39 |            40 |            41 |            43 |            40 |            42 |            40 |            41 |            40 |
|     PWR_PKG_ENERGY    |   PWR0  |   106122.3774 |             0 |             0 |             0 |             0 |             0 |             0 |             0 |             0 |             0 |             0 |             0 |             0 |             0 |             0 |             0 |             0 |             0 |
|     PWR_PP0_ENERGY    |   PWR1  |             0 |             0 |             0 |             0 |             0 |             0 |             0 |             0 |             0 |             0 |             0 |             0 |             0 |             0 |             0 |             0 |             0 |             0 |
|    PWR_DRAM_ENERGY    |   PWR3  |     6537.7991 |             0 |             0 |             0 |             0 |             0 |             0 |             0 |             0 |             0 |             0 |             0 |             0 |             0 |             0 |             0 |             0 |             0 |
|  PWR_PLATFORM_ENERGY  |   PWR4  |             0 |             0 |             0 |             0 |             0 |             0 |             0 |             0 |             0 |             0 |             0 |             0 |             0 |             0 |             0 |             0 |             0 |             0 |
|   UNCORE_CLOCKTICKS   | UBOXFIX | 1387002974885 |             0 |             0 |             0 |             0 |             0 |             0 |             0 |             0 |             0 |             0 |             0 |             0 |             0 |             0 |             0 |             0 |             0 |
+-----------------------+---------+---------------+---------------+---------------+---------------+---------------+---------------+---------------+---------------+---------------+---------------+---------------+---------------+---------------+---------------+---------------+---------------+---------------+---------------+

+----------------------------+---------+-----------------+---------------+---------------+--------------+
|            Event           | Counter |       Sum       |      Min      |      Max      |      Avg     |
+----------------------------+---------+-----------------+---------------+---------------+--------------+
|   INSTR_RETIRED_ANY STAT   |  FIXC0  |  48356877262504 | 2556983097675 | 2848279212620 | 2.686493e+12 |
| CPU_CLK_UNHALTED_CORE STAT |  FIXC1  |  27163297317107 | 1506393534023 | 1509747615995 | 1.509072e+12 |
|  CPU_CLK_UNHALTED_REF STAT |  FIXC2  |  27163222924800 | 1506389512992 | 1509742996896 | 1.509068e+12 |
|     TOPDOWN_SLOTS STAT     |  FIXC3  | 135816486585535 | 7531967670115 | 7548738079975 | 7.545360e+12 |
|       TEMP_CORE STAT       |   TMP0  |             754 |            39 |            45 |      41.8889 |
|     PWR_PKG_ENERGY STAT    |   PWR0  |     106122.3774 |             0 |   106122.3774 |    5895.6876 |
|     PWR_PP0_ENERGY STAT    |   PWR1  |               0 |             0 |             0 |            0 |
|    PWR_DRAM_ENERGY STAT    |   PWR3  |       6537.7991 |             0 |     6537.7991 |     363.2111 |
|  PWR_PLATFORM_ENERGY STAT  |   PWR4  |               0 |             0 |             0 |            0 |
|   UNCORE_CLOCKTICKS STAT   | UBOXFIX |   1387002974885 |             0 | 1387002974885 | 7.705572e+10 |
+----------------------------+---------+-----------------+---------------+---------------+--------------+

+----------------------+-------------+-----------+-----------+-----------+-----------+-----------+-----------+-----------+-----------+-----------+-------------+-------------+-------------+-------------+-------------+-------------+-------------+-------------+
|        Metric        |  f0404:0:0  | f0404:1:1 | f0404:2:2 | f0404:3:3 | f0404:4:4 | f0404:5:5 | f0404:6:6 | f0404:7:7 | f0404:8:8 | f0404:9:9 | f0404:10:10 | f0404:11:11 | f0404:12:12 | f0404:13:13 | f0404:14:14 | f0404:15:15 | f0404:16:16 | f0404:17:17 |
+----------------------+-------------+-----------+-----------+-----------+-----------+-----------+-----------+-----------+-----------+-----------+-------------+-------------+-------------+-------------+-------------+-------------+-------------+-------------+
|  Runtime (RDTSC) [s] |    633.1749 |  633.1674 |  633.1656 |  633.1696 |  633.2832 |  633.1636 |  633.1674 |  633.1762 |  633.1754 |  633.1675 |    633.1732 |    633.1700 |    633.1827 |    633.1680 |    633.1609 |    633.2453 |    633.1669 |    633.1680 |
| Runtime unhalted [s] |    629.1532 |  630.3320 |  630.3694 |  630.3286 |  630.4385 |  630.4178 |  630.3439 |  630.3633 |  630.4796 |  630.4981 |    630.5246 |    630.5491 |    629.5683 |    630.3392 |    630.3585 |    630.1953 |    630.4088 |    630.3658 |
|      Clock [MHz]     |   2394.3257 | 2394.3360 | 2394.3422 | 2394.3442 | 2393.9165 | 2394.3429 | 2394.3307 | 2394.3406 | 2394.3384 | 2394.3420 |   2394.3434 |   2394.3451 |   2394.2804 |   2394.3495 |   2394.3382 |   2394.0395 |   2394.3367 |   2394.3393 |
|  Uncore Clock [MHz]  |   2190.5527 |         0 |         0 |         0 |         0 |         0 |         0 |         0 |         0 |         0 |           0 |           0 |           0 |           0 |           0 |           0 |           0 |           0 |
|          CPI         |      0.5290 |    0.5299 |    0.5333 |    0.5489 |    0.5617 |    0.5658 |    0.5696 |    0.5707 |    0.5687 |    0.5687 |      0.5904 |      0.5894 |      0.5840 |      0.5709 |      0.5582 |      0.5557 |      0.5534 |      0.5732 |
|    Temperature [C]   |          41 |        44 |        43 |        42 |        42 |        44 |        44 |        45 |        43 |        39 |          40 |          41 |          43 |          40 |          42 |          40 |          41 |          40 |
|      Energy [J]      | 106122.3774 |         0 |         0 |         0 |         0 |         0 |         0 |         0 |         0 |         0 |           0 |           0 |           0 |           0 |           0 |           0 |           0 |           0 |
|       Power [W]      |    167.6036 |         0 |         0 |         0 |         0 |         0 |         0 |         0 |         0 |         0 |           0 |           0 |           0 |           0 |           0 |           0 |           0 |           0 |
|    Energy PP0 [J]    |           0 |         0 |         0 |         0 |         0 |         0 |         0 |         0 |         0 |         0 |           0 |           0 |           0 |           0 |           0 |           0 |           0 |           0 |
|     Power PP0 [W]    |           0 |         0 |         0 |         0 |         0 |         0 |         0 |         0 |         0 |         0 |           0 |           0 |           0 |           0 |           0 |           0 |           0 |           0 |
|    Energy DRAM [J]   |   6537.7991 |         0 |         0 |         0 |         0 |         0 |         0 |         0 |         0 |         0 |           0 |           0 |           0 |           0 |           0 |           0 |           0 |           0 |
|    Power DRAM [W]    |     10.3254 |         0 |         0 |         0 |         0 |         0 |         0 |         0 |         0 |         0 |           0 |           0 |           0 |           0 |           0 |           0 |           0 |           0 |
|  Energy PLATFORM [J] |           0 |         0 |         0 |         0 |         0 |         0 |         0 |         0 |         0 |         0 |           0 |           0 |           0 |           0 |           0 |           0 |           0 |           0 |
|  Power PLATFORM [W]  |           0 |         0 |         0 |         0 |         0 |         0 |         0 |         0 |         0 |         0 |           0 |           0 |           0 |           0 |           0 |           0 |           0 |           0 |
+----------------------+-------------+-----------+-----------+-----------+-----------+-----------+-----------+-----------+-----------+-----------+-------------+-------------+-------------+-------------+-------------+-------------+-------------+-------------+

+---------------------------+-------------+-----------+-------------+-----------+-----------+-----------+-----------+
|           Metric          |     Sum     |    Min    |     Max     |    Avg    |  %ile 25  |  %ile 50  |  %ile 75  |
+---------------------------+-------------+-----------+-------------+-----------+-----------+-----------+-----------+
|  Runtime (RDTSC) [s] STAT |  11397.2458 |  633.1609 |    633.2832 |  633.1803 |  633.1674 |  633.1680 |  633.1754 |
| Runtime unhalted [s] STAT |  11345.0340 |  629.1532 |    630.5491 |  630.2797 |  630.3320 |  630.3633 |  630.4385 |
|      Clock [MHz] STAT     |  43097.3313 | 2393.9165 |   2394.3495 | 2394.2962 | 2394.3307 | 2394.3384 | 2394.3429 |
|  Uncore Clock [MHz] STAT  |   2190.5527 |         0 |   2190.5527 |  121.6974 |         0 |         0 |         0 |
|          CPI STAT         |     10.1215 |    0.5290 |      0.5904 |    0.5623 |    0.5534 |    0.5658 |    0.5709 |
|    Temperature [C] STAT   |         754 |        39 |          45 |   41.8889 |        40 |        42 |        43 |
|      Energy [J] STAT      | 106122.3774 |         0 | 106122.3774 | 5895.6876 |         0 |         0 |         0 |
|       Power [W] STAT      |    167.6036 |         0 |    167.6036 |    9.3113 |         0 |         0 |         0 |
|    Energy PP0 [J] STAT    |           0 |         0 |           0 |         0 |         0 |         0 |         0 |
|     Power PP0 [W] STAT    |           0 |         0 |           0 |         0 |         0 |         0 |         0 |
|    Energy DRAM [J] STAT   |   6537.7991 |         0 |   6537.7991 |  363.2111 |         0 |         0 |         0 |
|    Power DRAM [W] STAT    |     10.3254 |         0 |     10.3254 |    0.5736 |         0 |         0 |         0 |
|  Energy PLATFORM [J] STAT |           0 |         0 |           0 |         0 |         0 |         0 |         0 |
|  Power PLATFORM [W] STAT  |           0 |         0 |           0 |         0 |         0 |         0 |         0 |
+---------------------------+-------------+-----------+-------------+-----------+-----------+-----------+-----------+

