Group: 1
+-----------------------+---------+---------------+---------------+---------------+---------------+---------------+---------------+---------------+---------------+---------------+---------------+---------------+---------------+---------------+---------------+---------------+---------------+---------------+---------------+
|         Event         | Counter |   f0660:0:0   |   f0660:1:1   |   f0660:2:2   |   f0660:3:3   |   f0660:4:4   |   f0660:5:5   |   f0660:6:6   |   f0660:7:7   |   f0660:8:8   |   f0660:9:9   |  f0660:10:10  |  f0660:11:11  |  f0660:12:12  |  f0660:13:13  |  f0660:14:14  |  f0660:15:15  |  f0660:16:16  |  f0660:17:17  |
+-----------------------+---------+---------------+---------------+---------------+---------------+---------------+---------------+---------------+---------------+---------------+---------------+---------------+---------------+---------------+---------------+---------------+---------------+---------------+---------------+
|   INSTR_RETIRED_ANY   |  FIXC0  | 2319627447078 | 2243880327617 | 2234560903320 | 2226318994578 | 2230450230580 | 2219778264476 | 2127464433033 | 2116367978059 | 2176447153727 | 2228816090802 | 2211383679214 | 2400208890674 | 2429896097045 | 2284391900550 | 2271851994586 | 2347475785201 | 2278711948904 | 2081422043609 |
| CPU_CLK_UNHALTED_CORE |  FIXC1  | 1310547953311 | 1316839494291 | 1316879070782 | 1314799354752 | 1315881937433 | 1314492154673 | 1313712544846 | 1314221555498 | 1312643953576 | 1313350856195 | 1311888819916 | 1312032123574 | 1312653099952 | 1311593536930 | 1312335834169 | 1311845514241 | 1312585833703 | 1312273818969 |
|  CPU_CLK_UNHALTED_REF |  FIXC2  | 1747399031136 | 1755789032640 | 1755841459392 | 1753068070944 | 1754511666816 | 1752659550816 | 1751619530496 | 1752295751232 | 1750194439008 | 1751136707808 | 1749185014656 | 1749377332128 | 1750206903648 | 1748792869344 | 1749783178656 | 1749129944448 | 1750116654624 | 1749701948736 |
|     TOPDOWN_SLOTS     |  FIXC3  | 6552739766555 | 6584197471455 | 6584395353910 | 6573996773760 | 6579409687165 | 6572460773365 | 6568562724230 | 6571107777490 | 6563219767880 | 6566754280975 | 6559444099580 | 6560160617870 | 6563265499760 | 6557967684650 | 6561679170845 | 6559227571205 | 6562929168515 | 6561369094845 |
|       TEMP_CORE       |   TMP0  |            35 |            37 |            35 |            37 |            38 |            36 |            37 |            37 |            36 |            38 |            38 |            38 |            36 |            37 |            37 |            37 |            36 |            36 |
|     PWR_PKG_ENERGY    |   PWR0  |    75669.4232 |             0 |             0 |             0 |             0 |             0 |             0 |             0 |             0 |             0 |             0 |             0 |             0 |             0 |             0 |             0 |             0 |             0 |
|     PWR_PP0_ENERGY    |   PWR1  |             0 |             0 |             0 |             0 |             0 |             0 |             0 |             0 |             0 |             0 |             0 |             0 |             0 |             0 |             0 |             0 |             0 |             0 |
|    PWR_DRAM_ENERGY    |   PWR3  |     5332.8391 |             0 |             0 |             0 |             0 |             0 |             0 |             0 |             0 |             0 |             0 |             0 |             0 |             0 |             0 |             0 |             0 |             0 |
|  PWR_PLATFORM_ENERGY  |   PWR4  |             0 |             0 |             0 |             0 |             0 |             0 |             0 |             0 |             0 |             0 |             0 |             0 |             0 |             0 |             0 |             0 |             0 |             0 |
|   UNCORE_CLOCKTICKS   | UBOXFIX | 1153459920422 |             0 |             0 |             0 |             0 |             0 |             0 |             0 |             0 |             0 |             0 |             0 |             0 |             0 |             0 |             0 |             0 |             0 |
+-----------------------+---------+---------------+---------------+---------------+---------------+---------------+---------------+---------------+---------------+---------------+---------------+---------------+---------------+---------------+---------------+---------------+---------------+---------------+---------------+

+----------------------------+---------+-----------------+---------------+---------------+--------------+
|            Event           | Counter |       Sum       |      Min      |      Max      |      Avg     |
+----------------------------+---------+-----------------+---------------+---------------+--------------+
|   INSTR_RETIRED_ANY STAT   |  FIXC0  |  40429054163053 | 2081422043609 | 2429896097045 | 2.246059e+12 |
| CPU_CLK_UNHALTED_CORE STAT |  FIXC1  |  23640577456811 | 1310547953311 | 1316879070782 | 1.313365e+12 |
|  CPU_CLK_UNHALTED_REF STAT |  FIXC2  |  31520809086528 | 1747399031136 | 1755841459392 | 1.751156e+12 |
|     TOPDOWN_SLOTS STAT     |  FIXC3  | 118202887284055 | 6552739766555 | 6584395353910 | 6.566827e+12 |
|       TEMP_CORE STAT       |   TMP0  |             661 |            35 |            38 |      36.7222 |
|     PWR_PKG_ENERGY STAT    |   PWR0  |      75669.4232 |             0 |    75669.4232 |    4203.8568 |
|     PWR_PP0_ENERGY STAT    |   PWR1  |               0 |             0 |             0 |            0 |
|    PWR_DRAM_ENERGY STAT    |   PWR3  |       5332.8391 |             0 |     5332.8391 |     296.2688 |
|  PWR_PLATFORM_ENERGY STAT  |   PWR4  |               0 |             0 |             0 |            0 |
|   UNCORE_CLOCKTICKS STAT   | UBOXFIX |   1153459920422 |             0 | 1153459920422 | 6.408111e+10 |
+----------------------------+---------+-----------------+---------------+---------------+--------------+

+----------------------+------------+-----------+-----------+-----------+-----------+-----------+-----------+-----------+-----------+-----------+-------------+-------------+-------------+-------------+-------------+-------------+-------------+-------------+
|        Metric        |  f0660:0:0 | f0660:1:1 | f0660:2:2 | f0660:3:3 | f0660:4:4 | f0660:5:5 | f0660:6:6 | f0660:7:7 | f0660:8:8 | f0660:9:9 | f0660:10:10 | f0660:11:11 | f0660:12:12 | f0660:13:13 | f0660:14:14 | f0660:15:15 | f0660:16:16 | f0660:17:17 |
+----------------------+------------+-----------+-----------+-----------+-----------+-----------+-----------+-----------+-----------+-----------+-------------+-------------+-------------+-------------+-------------+-------------+-------------+-------------+
|  Runtime (RDTSC) [s] |   738.2095 |  738.2071 |  738.2123 |  738.2166 |  738.2082 |  738.2074 |  738.2055 |  738.1977 |  738.2093 |  738.2012 |    738.2052 |    738.2259 |    738.2370 |    738.2060 |    738.2038 |    738.1977 |    738.2038 |    738.2028 |
| Runtime unhalted [s] |   547.3551 |  549.9829 |  549.9997 |  549.1345 |  549.5831 |  549.0023 |  548.6774 |  548.8888 |  548.2322 |  548.5253 |    547.9160 |    547.9858 |    548.2674 |    547.7913 |    548.1022 |    547.8981 |    548.2059 |    548.0789 |
|      Clock [MHz]     |  1795.7448 | 1795.7431 | 1795.7424 | 1795.7316 | 1795.7430 | 1795.7433 | 1795.7416 | 1795.7479 | 1795.7384 | 1795.7456 |   1795.7437 |   1795.7097 |   1795.6353 |   1795.7465 |   1795.7432 |   1795.7404 |   1795.7451 |   1795.7331 |
|  Uncore Clock [MHz]  |  1562.5103 |         0 |         0 |         0 |         0 |         0 |         0 |         0 |         0 |         0 |           0 |           0 |           0 |           0 |           0 |           0 |           0 |           0 |
|          CPI         |     0.5650 |    0.5869 |    0.5893 |    0.5906 |    0.5900 |    0.5922 |    0.6175 |    0.6210 |    0.6031 |    0.5893 |      0.5932 |      0.5466 |      0.5402 |      0.5742 |      0.5777 |      0.5588 |      0.5760 |      0.6305 |
|    Temperature [C]   |         35 |        37 |        35 |        37 |        38 |        36 |        37 |        37 |        36 |        38 |          38 |          38 |          36 |          37 |          37 |          37 |          36 |          36 |
|      Energy [J]      | 75669.4232 |         0 |         0 |         0 |         0 |         0 |         0 |         0 |         0 |         0 |           0 |           0 |           0 |           0 |           0 |           0 |           0 |           0 |
|       Power [W]      |   102.5040 |         0 |         0 |         0 |         0 |         0 |         0 |         0 |         0 |         0 |           0 |           0 |           0 |           0 |           0 |           0 |           0 |           0 |
|    Energy PP0 [J]    |          0 |         0 |         0 |         0 |         0 |         0 |         0 |         0 |         0 |         0 |           0 |           0 |           0 |           0 |           0 |           0 |           0 |           0 |
|     Power PP0 [W]    |          0 |         0 |         0 |         0 |         0 |         0 |         0 |         0 |         0 |         0 |           0 |           0 |           0 |           0 |           0 |           0 |           0 |           0 |
|    Energy DRAM [J]   |  5332.8391 |         0 |         0 |         0 |         0 |         0 |         0 |         0 |         0 |         0 |           0 |           0 |           0 |           0 |           0 |           0 |           0 |           0 |
|    Power DRAM [W]    |     7.2240 |         0 |         0 |         0 |         0 |         0 |         0 |         0 |         0 |         0 |           0 |           0 |           0 |           0 |           0 |           0 |           0 |           0 |
|  Energy PLATFORM [J] |          0 |         0 |         0 |         0 |         0 |         0 |         0 |         0 |         0 |         0 |           0 |           0 |           0 |           0 |           0 |           0 |           0 |           0 |
|  Power PLATFORM [W]  |          0 |         0 |         0 |         0 |         0 |         0 |         0 |         0 |         0 |         0 |           0 |           0 |           0 |           0 |           0 |           0 |           0 |           0 |
+----------------------+------------+-----------+-----------+-----------+-----------+-----------+-----------+-----------+-----------+-----------+-------------+-------------+-------------+-------------+-------------+-------------+-------------+-------------+

+---------------------------+------------+-----------+------------+-----------+-----------+-----------+-----------+
|           Metric          |     Sum    |    Min    |     Max    |    Avg    |  %ile 25  |  %ile 50  |  %ile 75  |
+---------------------------+------------+-----------+------------+-----------+-----------+-----------+-----------+
|  Runtime (RDTSC) [s] STAT | 13287.7570 |  738.1977 |   738.2370 |  738.2087 |  738.2038 |  738.2060 |  738.2095 |
| Runtime unhalted [s] STAT |  9873.6269 |  547.3551 |   549.9997 |  548.5348 |  547.9858 |  548.2322 |  549.0023 |
|      Clock [MHz] STAT     | 32323.2187 | 1795.6353 |  1795.7479 | 1795.7344 | 1795.7384 | 1795.7430 | 1795.7448 |
|  Uncore Clock [MHz] STAT  |  1562.5103 |         0 |  1562.5103 |   86.8061 |         0 |         0 |         0 |
|          CPI STAT         |    10.5421 |    0.5402 |     0.6305 |    0.5857 |    0.5742 |    0.5893 |    0.5932 |
|    Temperature [C] STAT   |        661 |        35 |         38 |   36.7222 |        36 |        37 |        37 |
|      Energy [J] STAT      | 75669.4232 |         0 | 75669.4232 | 4203.8568 |         0 |         0 |         0 |
|       Power [W] STAT      |   102.5040 |         0 |   102.5040 |    5.6947 |         0 |         0 |         0 |
|    Energy PP0 [J] STAT    |          0 |         0 |          0 |         0 |         0 |         0 |         0 |
|     Power PP0 [W] STAT    |          0 |         0 |          0 |         0 |         0 |         0 |         0 |
|    Energy DRAM [J] STAT   |  5332.8391 |         0 |  5332.8391 |  296.2688 |         0 |         0 |         0 |
|    Power DRAM [W] STAT    |     7.2240 |         0 |     7.2240 |    0.4013 |         0 |         0 |         0 |
|  Energy PLATFORM [J] STAT |          0 |         0 |          0 |         0 |         0 |         0 |         0 |
|  Power PLATFORM [W] STAT  |          0 |         0 |          0 |         0 |         0 |         0 |         0 |
+---------------------------+------------+-----------+------------+-----------+-----------+-----------+-----------+

