Group: 1
+-----------------------+---------+---------------+---------------+---------------+---------------+---------------+---------------+---------------+---------------+---------------+---------------+---------------+---------------+---------------+---------------+---------------+---------------+---------------+---------------+
|         Event         | Counter |   f0404:0:0   |   f0404:1:1   |   f0404:2:2   |   f0404:3:3   |   f0404:4:4   |   f0404:5:5   |   f0404:6:6   |   f0404:7:7   |   f0404:8:8   |   f0404:9:9   |  f0404:10:10  |  f0404:11:11  |  f0404:12:12  |  f0404:13:13  |  f0404:14:14  |  f0404:15:15  |  f0404:16:16  |  f0404:17:17  |
+-----------------------+---------+---------------+---------------+---------------+---------------+---------------+---------------+---------------+---------------+---------------+---------------+---------------+---------------+---------------+---------------+---------------+---------------+---------------+---------------+
|   INSTR_RETIRED_ANY   |  FIXC0  | 2217982602366 | 2216556848928 | 2203000509287 | 2169899803316 | 2116929630627 | 2100012938442 | 2075456150365 | 2075132023922 | 2073449392612 | 2068680206633 | 2077030768782 | 2089818064280 | 2125542053948 | 2191054027963 | 2195389508899 | 2198237798961 | 2161846212323 | 2158244833497 |
| CPU_CLK_UNHALTED_CORE |  FIXC1  | 1247016986194 | 1249172766311 | 1249521151393 | 1249662195298 | 1249619165559 | 1249509120206 | 1249654237450 | 1249226640121 | 1249388461475 | 1249731462302 | 1249440049267 | 1249783896806 | 1247686378346 | 1249418359920 | 1249543972967 | 1249339135203 | 1249776552172 | 1249830303811 |
|  CPU_CLK_UNHALTED_REF |  FIXC2  | 1301242005024 | 1303490513088 | 1303857135552 | 1304003556384 | 1303955722944 | 1303842686112 | 1303994393760 | 1303549042368 | 1303717410528 | 1304076241632 | 1303772364768 | 1304131119648 | 1301942600736 | 1303749480096 | 1303879685760 | 1303666485888 | 1304124318624 | 1304178967392 |
|     TOPDOWN_SLOTS     |  FIXC3  | 6235084930970 | 6245863831555 | 6247605756965 | 6248310976490 | 6248095827795 | 6247545601030 | 6248271187250 | 6246133200605 | 6246942307375 | 6248657311510 | 6247200246335 | 6248919484030 | 6238431891730 | 6247091799600 | 6247719864835 | 6246695676015 | 6248882760860 | 6249151519055 |
|       TEMP_CORE       |   TMP0  |            38 |            40 |            40 |            38 |            37 |            39 |            42 |            41 |            40 |            35 |            36 |            39 |            39 |            36 |            39 |            38 |            37 |            38 |
|     PWR_PKG_ENERGY    |   PWR0  |    73157.0442 |             0 |             0 |             0 |             0 |             0 |             0 |             0 |             0 |             0 |             0 |             0 |             0 |             0 |             0 |             0 |             0 |             0 |
|     PWR_PP0_ENERGY    |   PWR1  |             0 |             0 |             0 |             0 |             0 |             0 |             0 |             0 |             0 |             0 |             0 |             0 |             0 |             0 |             0 |             0 |             0 |             0 |
|    PWR_DRAM_ENERGY    |   PWR3  |     4704.6029 |             0 |             0 |             0 |             0 |             0 |             0 |             0 |             0 |             0 |             0 |             0 |             0 |             0 |             0 |             0 |             0 |             0 |
|  PWR_PLATFORM_ENERGY  |   PWR4  |             0 |             0 |             0 |             0 |             0 |             0 |             0 |             0 |             0 |             0 |             0 |             0 |             0 |             0 |             0 |             0 |             0 |             0 |
|   UNCORE_CLOCKTICKS   | UBOXFIX |  871964548186 |             0 |             0 |             0 |             0 |             0 |             0 |             0 |             0 |             0 |             0 |             0 |             0 |             0 |             0 |             0 |             0 |             0 |
+-----------------------+---------+---------------+---------------+---------------+---------------+---------------+---------------+---------------+---------------+---------------+---------------+---------------+---------------+---------------+---------------+---------------+---------------+---------------+---------------+

+----------------------------+---------+-----------------+---------------+---------------+--------------+
|            Event           | Counter |       Sum       |      Min      |      Max      |      Avg     |
+----------------------------+---------+-----------------+---------------+---------------+--------------+
|   INSTR_RETIRED_ANY STAT   |  FIXC0  |  38514263375151 | 2068680206633 | 2217982602366 | 2.139681e+12 |
| CPU_CLK_UNHALTED_CORE STAT |  FIXC1  |  22487320834801 | 1247016986194 | 1249830303811 | 1.249296e+12 |
|  CPU_CLK_UNHALTED_REF STAT |  FIXC2  |  23465173730304 | 1301242005024 | 1304178967392 | 1.303621e+12 |
|     TOPDOWN_SLOTS STAT     |  FIXC3  | 112436604174005 | 6235084930970 | 6249151519055 | 6.246478e+12 |
|       TEMP_CORE STAT       |   TMP0  |             692 |            35 |            42 |      38.4444 |
|     PWR_PKG_ENERGY STAT    |   PWR0  |      73157.0442 |             0 |    73157.0442 |    4064.2802 |
|     PWR_PP0_ENERGY STAT    |   PWR1  |               0 |             0 |             0 |            0 |
|    PWR_DRAM_ENERGY STAT    |   PWR3  |       4704.6029 |             0 |     4704.6029 |     261.3668 |
|  PWR_PLATFORM_ENERGY STAT  |   PWR4  |               0 |             0 |             0 |            0 |
|   UNCORE_CLOCKTICKS STAT   | UBOXFIX |    871964548186 |             0 |  871964548186 | 4.844247e+10 |
+----------------------------+---------+-----------------+---------------+---------------+--------------+

+----------------------+------------+-----------+-----------+-----------+-----------+-----------+-----------+-----------+-----------+-----------+-------------+-------------+-------------+-------------+-------------+-------------+-------------+-------------+
|        Metric        |  f0404:0:0 | f0404:1:1 | f0404:2:2 | f0404:3:3 | f0404:4:4 | f0404:5:5 | f0404:6:6 | f0404:7:7 | f0404:8:8 | f0404:9:9 | f0404:10:10 | f0404:11:11 | f0404:12:12 | f0404:13:13 | f0404:14:14 | f0404:15:15 | f0404:16:16 | f0404:17:17 |
+----------------------+------------+-----------+-----------+-----------+-----------+-----------+-----------+-----------+-----------+-----------+-------------+-------------+-------------+-------------+-------------+-------------+-------------+-------------+
|  Runtime (RDTSC) [s] |   547.3571 |  547.3695 |  547.3683 |  547.3645 |  547.3636 |  547.3623 |  547.3765 |  547.3652 |  547.3500 |  547.4198 |    547.3591 |    547.3548 |    547.3604 |    547.3547 |    547.3546 |    547.3776 |    547.3587 |    547.3539 |
| Runtime unhalted [s] |   520.8198 |  521.7200 |  521.8656 |  521.9246 |  521.9057 |  521.8608 |  521.9318 |  521.7429 |  521.8131 |  522.0029 |    521.8311 |    521.9742 |    521.0982 |    521.8229 |    521.8749 |    521.7979 |    521.9720 |    521.9945 |
|      Clock [MHz]     |  2294.5585 | 2294.5610 | 2294.5553 | 2294.5562 | 2294.5656 | 2294.5577 | 2294.5115 | 2294.5556 | 2294.5447 | 2294.3388 |   2294.5586 |   2294.5609 |   2294.5603 |   2294.5550 |   2294.5584 |   2294.5201 |   2294.5552 |   2294.5579 |
|  Uncore Clock [MHz]  |  1593.0451 |         0 |         0 |         0 |         0 |         0 |         0 |         0 |         0 |         0 |           0 |           0 |           0 |           0 |           0 |           0 |           0 |           0 |
|          CPI         |     0.5622 |    0.5636 |    0.5672 |    0.5759 |    0.5903 |    0.5950 |    0.6021 |    0.6020 |    0.6026 |    0.6041 |      0.6016 |      0.5980 |      0.5870 |      0.5702 |      0.5692 |      0.5683 |      0.5781 |      0.5791 |
|    Temperature [C]   |         38 |        40 |        40 |        38 |        37 |        39 |        42 |        41 |        40 |        35 |          36 |          39 |          39 |          36 |          39 |          38 |          37 |          38 |
|      Energy [J]      | 73157.0442 |         0 |         0 |         0 |         0 |         0 |         0 |         0 |         0 |         0 |           0 |           0 |           0 |           0 |           0 |           0 |           0 |           0 |
|       Power [W]      |   133.6551 |         0 |         0 |         0 |         0 |         0 |         0 |         0 |         0 |         0 |           0 |           0 |           0 |           0 |           0 |           0 |           0 |           0 |
|    Energy PP0 [J]    |          0 |         0 |         0 |         0 |         0 |         0 |         0 |         0 |         0 |         0 |           0 |           0 |           0 |           0 |           0 |           0 |           0 |           0 |
|     Power PP0 [W]    |          0 |         0 |         0 |         0 |         0 |         0 |         0 |         0 |         0 |         0 |           0 |           0 |           0 |           0 |           0 |           0 |           0 |           0 |
|    Energy DRAM [J]   |  4704.6029 |         0 |         0 |         0 |         0 |         0 |         0 |         0 |         0 |         0 |           0 |           0 |           0 |           0 |           0 |           0 |           0 |           0 |
|    Power DRAM [W]    |     8.5951 |         0 |         0 |         0 |         0 |         0 |         0 |         0 |         0 |         0 |           0 |           0 |           0 |           0 |           0 |           0 |           0 |           0 |
|  Energy PLATFORM [J] |          0 |         0 |         0 |         0 |         0 |         0 |         0 |         0 |         0 |         0 |           0 |           0 |           0 |           0 |           0 |           0 |           0 |           0 |
|  Power PLATFORM [W]  |          0 |         0 |         0 |         0 |         0 |         0 |         0 |         0 |         0 |         0 |           0 |           0 |           0 |           0 |           0 |           0 |           0 |           0 |
+----------------------+------------+-----------+-----------+-----------+-----------+-----------+-----------+-----------+-----------+-----------+-------------+-------------+-------------+-------------+-------------+-------------+-------------+-------------+

+---------------------------+------------+-----------+------------+-----------+-----------+-----------+-----------+
|           Metric          |     Sum    |    Min    |     Max    |    Avg    |  %ile 25  |  %ile 50  |  %ile 75  |
+---------------------------+------------+-----------+------------+-----------+-----------+-----------+-----------+
|  Runtime (RDTSC) [s] STAT |  9852.5706 |  547.3500 |   547.4198 |  547.3650 |  547.3548 |  547.3604 |  547.3683 |
| Runtime unhalted [s] STAT |  9391.9529 |  520.8198 |   522.0029 |  521.7752 |  521.7979 |  521.8608 |  521.9318 |
|      Clock [MHz] STAT     | 41301.7313 | 2294.3388 |  2294.5656 | 2294.5406 | 2294.5550 | 2294.5562 | 2294.5586 |
|  Uncore Clock [MHz] STAT  |  1593.0451 |         0 |  1593.0451 |   88.5025 |         0 |         0 |         0 |
|          CPI STAT         |    10.5165 |    0.5622 |     0.6041 |    0.5843 |    0.5692 |    0.5791 |    0.6016 |
|    Temperature [C] STAT   |        692 |        35 |         42 |   38.4444 |        37 |        38 |        40 |
|      Energy [J] STAT      | 73157.0442 |         0 | 73157.0442 | 4064.2802 |         0 |         0 |         0 |
|       Power [W] STAT      |   133.6551 |         0 |   133.6551 |    7.4253 |         0 |         0 |         0 |
|    Energy PP0 [J] STAT    |          0 |         0 |          0 |         0 |         0 |         0 |         0 |
|     Power PP0 [W] STAT    |          0 |         0 |          0 |         0 |         0 |         0 |         0 |
|    Energy DRAM [J] STAT   |  4704.6029 |         0 |  4704.6029 |  261.3668 |         0 |         0 |         0 |
|    Power DRAM [W] STAT    |     8.5951 |         0 |     8.5951 |    0.4775 |         0 |         0 |         0 |
|  Energy PLATFORM [J] STAT |          0 |         0 |          0 |         0 |         0 |         0 |         0 |
|  Power PLATFORM [W] STAT  |          0 |         0 |          0 |         0 |         0 |         0 |         0 |
+---------------------------+------------+-----------+------------+-----------+-----------+-----------+-----------+

