Group: 1
+-----------------------+---------+---------------+---------------+---------------+---------------+---------------+---------------+---------------+---------------+---------------+---------------+---------------+---------------+---------------+---------------+---------------+---------------+---------------+---------------+
|         Event         | Counter |   f0660:0:0   |   f0660:1:1   |   f0660:2:2   |   f0660:3:3   |   f0660:4:4   |   f0660:5:5   |   f0660:6:6   |   f0660:7:7   |   f0660:8:8   |   f0660:9:9   |  f0660:10:10  |  f0660:11:11  |  f0660:12:12  |  f0660:13:13  |  f0660:14:14  |  f0660:15:15  |  f0660:16:16  |  f0660:17:17  |
+-----------------------+---------+---------------+---------------+---------------+---------------+---------------+---------------+---------------+---------------+---------------+---------------+---------------+---------------+---------------+---------------+---------------+---------------+---------------+---------------+
|   INSTR_RETIRED_ANY   |  FIXC0  | 2308064663710 | 2259584992702 | 2250342869307 | 2235796661675 | 2226081156124 | 2232744649982 | 2128439827790 | 2133568638686 | 2192348743189 | 2241595874345 | 2221401073687 | 2413704100189 | 2446448612007 | 2290547293095 | 2277591368770 | 2364511942697 | 2289325054010 | 2094026737762 |
| CPU_CLK_UNHALTED_CORE |  FIXC1  | 1302070460596 | 1313443466004 | 1313336255592 | 1311632407412 | 1311638604319 | 1311774256711 | 1310074914060 | 1310795234410 | 1309108941406 | 1308529249054 | 1309454027193 | 1308345876798 | 1309283982229 | 1308118073189 | 1308921367903 | 1308374167656 | 1308533838377 | 1308898302535 |
|  CPU_CLK_UNHALTED_REF |  FIXC2  | 1953117975360 | 1970176949856 | 1970015882496 | 1967460933504 | 1967468971968 | 1967672350560 | 1965124191264 | 1966204787904 | 1963675376256 | 1962806435616 | 1964193045504 | 1962532078848 | 1963940028288 | 1962190133472 | 1963394757792 | 1962573945792 | 1962810432096 | 1963356616512 |
|     TOPDOWN_SLOTS     |  FIXC3  | 6510352302980 | 6567217330020 | 6566681277960 | 6558162037060 | 6558193021595 | 6558871283555 | 6550374570300 | 6553976172050 | 6545544707030 | 6542646245270 | 6547270135965 | 6541729383990 | 6546419911145 | 6540590365945 | 6544606839515 | 6541870838280 | 6542669191885 | 6544491512675 |
|       TEMP_CORE       |   TMP0  |            34 |            36 |            35 |            36 |            37 |            36 |            36 |            36 |            35 |            38 |            37 |            38 |            35 |            37 |            37 |            37 |            36 |            35 |
|     PWR_PKG_ENERGY    |   PWR0  |    78922.2721 |             0 |             0 |             0 |             0 |             0 |             0 |             0 |             0 |             0 |             0 |             0 |             0 |             0 |             0 |             0 |             0 |             0 |
|     PWR_PP0_ENERGY    |   PWR1  |             0 |             0 |             0 |             0 |             0 |             0 |             0 |             0 |             0 |             0 |             0 |             0 |             0 |             0 |             0 |             0 |             0 |             0 |
|    PWR_DRAM_ENERGY    |   PWR3  |     5704.3511 |             0 |             0 |             0 |             0 |             0 |             0 |             0 |             0 |             0 |             0 |             0 |             0 |             0 |             0 |             0 |             0 |             0 |
|  PWR_PLATFORM_ENERGY  |   PWR4  |             0 |             0 |             0 |             0 |             0 |             0 |             0 |             0 |             0 |             0 |             0 |             0 |             0 |             0 |             0 |             0 |             0 |             0 |
|   UNCORE_CLOCKTICKS   | UBOXFIX | 1243593837015 |             0 |             0 |             0 |             0 |             0 |             0 |             0 |             0 |             0 |             0 |             0 |             0 |             0 |             0 |             0 |             0 |             0 |
+-----------------------+---------+---------------+---------------+---------------+---------------+---------------+---------------+---------------+---------------+---------------+---------------+---------------+---------------+---------------+---------------+---------------+---------------+---------------+---------------+

+----------------------------+---------+-----------------+---------------+---------------+---------------+
|            Event           | Counter |       Sum       |      Min      |      Max      |      Avg      |
+----------------------------+---------+-----------------+---------------+---------------+---------------+
|   INSTR_RETIRED_ANY STAT   |  FIXC0  |  40606124259727 | 2094026737762 | 2446448612007 |  2.255896e+12 |
| CPU_CLK_UNHALTED_CORE STAT |  FIXC1  |  23572333425444 | 1302070460596 | 1313443466004 |  1.309574e+12 |
|  CPU_CLK_UNHALTED_REF STAT |  FIXC2  |  35358714893088 | 1953117975360 | 1970176949856 | 1964373049616 |
|     TOPDOWN_SLOTS STAT     |  FIXC3  | 117861667127220 | 6510352302980 | 6567217330020 |  6.547870e+12 |
|       TEMP_CORE STAT       |   TMP0  |             651 |            34 |            38 |       36.1667 |
|     PWR_PKG_ENERGY STAT    |   PWR0  |      78922.2721 |             0 |    78922.2721 |     4384.5707 |
|     PWR_PP0_ENERGY STAT    |   PWR1  |               0 |             0 |             0 |             0 |
|    PWR_DRAM_ENERGY STAT    |   PWR3  |       5704.3511 |             0 |     5704.3511 |      316.9084 |
|  PWR_PLATFORM_ENERGY STAT  |   PWR4  |               0 |             0 |             0 |             0 |
|   UNCORE_CLOCKTICKS STAT   | UBOXFIX |   1243593837015 |             0 | 1243593837015 |  6.908855e+10 |
+----------------------------+---------+-----------------+---------------+---------------+---------------+

+----------------------+------------+-----------+-----------+-----------+-----------+-----------+-----------+-----------+-----------+-----------+-------------+-------------+-------------+-------------+-------------+-------------+-------------+-------------+
|        Metric        |  f0660:0:0 | f0660:1:1 | f0660:2:2 | f0660:3:3 | f0660:4:4 | f0660:5:5 | f0660:6:6 | f0660:7:7 | f0660:8:8 | f0660:9:9 | f0660:10:10 | f0660:11:11 | f0660:12:12 | f0660:13:13 | f0660:14:14 | f0660:15:15 | f0660:16:16 | f0660:17:17 |
+----------------------+------------+-----------+-----------+-----------+-----------+-----------+-----------+-----------+-----------+-----------+-------------+-------------+-------------+-------------+-------------+-------------+-------------+-------------+
|  Runtime (RDTSC) [s] |   828.2264 |  828.1941 |  828.1977 |  828.2161 |  828.2032 |  828.1957 |  828.2088 |  828.2181 |  828.2718 |  828.2204 |    828.2006 |    828.2022 |    828.2024 |    828.2054 |    828.2140 |    828.2003 |    828.2266 |    828.1943 |
| Runtime unhalted [s] |   543.8141 |  548.5653 |  548.5202 |  547.8080 |  547.8116 |  547.8679 |  547.1570 |  547.4596 |  546.8012 |  546.5118 |    546.8988 |    546.4352 |    546.8281 |    546.3419 |    546.6767 |    546.4485 |    546.5142 |    546.6689 |
|      Clock [MHz]     |  1596.2101 | 1596.2070 | 1596.2080 | 1596.2091 | 1596.2072 | 1596.2083 | 1596.2109 | 1596.2059 | 1596.0717 | 1596.2092 |   1596.2077 |   1596.2090 |   1596.2049 |   1596.2038 |   1596.2060 |   1596.2051 |   1596.2104 |   1596.2034 |
|  Uncore Clock [MHz]  |  1501.5144 |         0 |         0 |         0 |         0 |         0 |         0 |         0 |         0 |         0 |           0 |           0 |           0 |           0 |           0 |           0 |           0 |           0 |
|          CPI         |     0.5641 |    0.5813 |    0.5836 |    0.5867 |    0.5892 |    0.5875 |    0.6155 |    0.6144 |    0.5971 |    0.5837 |      0.5895 |      0.5420 |      0.5352 |      0.5711 |      0.5747 |      0.5533 |      0.5716 |      0.6251 |
|    Temperature [C]   |         34 |        36 |        35 |        36 |        37 |        36 |        36 |        36 |        35 |        38 |          37 |          38 |          35 |          37 |          37 |          37 |          36 |          35 |
|      Energy [J]      | 78922.2721 |         0 |         0 |         0 |         0 |         0 |         0 |         0 |         0 |         0 |           0 |           0 |           0 |           0 |           0 |           0 |           0 |           0 |
|       Power [W]      |    95.2907 |         0 |         0 |         0 |         0 |         0 |         0 |         0 |         0 |         0 |           0 |           0 |           0 |           0 |           0 |           0 |           0 |           0 |
|    Energy PP0 [J]    |          0 |         0 |         0 |         0 |         0 |         0 |         0 |         0 |         0 |         0 |           0 |           0 |           0 |           0 |           0 |           0 |           0 |           0 |
|     Power PP0 [W]    |          0 |         0 |         0 |         0 |         0 |         0 |         0 |         0 |         0 |         0 |           0 |           0 |           0 |           0 |           0 |           0 |           0 |           0 |
|    Energy DRAM [J]   |  5704.3511 |         0 |         0 |         0 |         0 |         0 |         0 |         0 |         0 |         0 |           0 |           0 |           0 |           0 |           0 |           0 |           0 |           0 |
|    Power DRAM [W]    |     6.8874 |         0 |         0 |         0 |         0 |         0 |         0 |         0 |         0 |         0 |           0 |           0 |           0 |           0 |           0 |           0 |           0 |           0 |
|  Energy PLATFORM [J] |          0 |         0 |         0 |         0 |         0 |         0 |         0 |         0 |         0 |         0 |           0 |           0 |           0 |           0 |           0 |           0 |           0 |           0 |
|  Power PLATFORM [W]  |          0 |         0 |         0 |         0 |         0 |         0 |         0 |         0 |         0 |         0 |           0 |           0 |           0 |           0 |           0 |           0 |           0 |           0 |
+----------------------+------------+-----------+-----------+-----------+-----------+-----------+-----------+-----------+-----------+-----------+-------------+-------------+-------------+-------------+-------------+-------------+-------------+-------------+

+---------------------------+------------+-----------+------------+-----------+-----------+-----------+-----------+
|           Metric          |     Sum    |    Min    |     Max    |    Avg    |  %ile 25  |  %ile 50  |  %ile 75  |
+---------------------------+------------+-----------+------------+-----------+-----------+-----------+-----------+
|  Runtime (RDTSC) [s] STAT | 14907.7981 |  828.1941 |   828.2718 |  828.2110 |  828.2003 |  828.2032 |  828.2181 |
| Runtime unhalted [s] STAT |  9845.1290 |  543.8141 |   548.5653 |  546.9516 |  546.5118 |  546.8012 |  547.8080 |
|      Clock [MHz] STAT     | 28731.5977 | 1596.0717 |  1596.2109 | 1596.1999 | 1596.2051 | 1596.2072 | 1596.2091 |
|  Uncore Clock [MHz] STAT  |  1501.5144 |         0 |  1501.5144 |   83.4175 |         0 |         0 |         0 |
|          CPI STAT         |    10.4656 |    0.5352 |     0.6251 |    0.5814 |    0.5711 |    0.5836 |    0.5895 |
|    Temperature [C] STAT   |        651 |        34 |         38 |   36.1667 |        35 |        36 |        37 |
|      Energy [J] STAT      | 78922.2721 |         0 | 78922.2721 | 4384.5707 |         0 |         0 |         0 |
|       Power [W] STAT      |    95.2907 |         0 |    95.2907 |    5.2939 |         0 |         0 |         0 |
|    Energy PP0 [J] STAT    |          0 |         0 |          0 |         0 |         0 |         0 |         0 |
|     Power PP0 [W] STAT    |          0 |         0 |          0 |         0 |         0 |         0 |         0 |
|    Energy DRAM [J] STAT   |  5704.3511 |         0 |  5704.3511 |  316.9084 |         0 |         0 |         0 |
|    Power DRAM [W] STAT    |     6.8874 |         0 |     6.8874 |    0.3826 |         0 |         0 |         0 |
|  Energy PLATFORM [J] STAT |          0 |         0 |          0 |         0 |         0 |         0 |         0 |
|  Power PLATFORM [W] STAT  |          0 |         0 |          0 |         0 |         0 |         0 |         0 |
+---------------------------+------------+-----------+------------+-----------+-----------+-----------+-----------+

