Group: 1
+-----------------------+---------+---------------+---------------+---------------+---------------+---------------+---------------+---------------+---------------+---------------+---------------+---------------+---------------+---------------+---------------+---------------+---------------+---------------+---------------+
|         Event         | Counter |   f0404:0:0   |   f0404:1:1   |   f0404:2:2   |   f0404:3:3   |   f0404:4:4   |   f0404:5:5   |   f0404:6:6   |   f0404:7:7   |   f0404:8:8   |   f0404:9:9   |  f0404:10:10  |  f0404:11:11  |  f0404:12:12  |  f0404:13:13  |  f0404:14:14  |  f0404:15:15  |  f0404:16:16  |  f0404:17:17  |
+-----------------------+---------+---------------+---------------+---------------+---------------+---------------+---------------+---------------+---------------+---------------+---------------+---------------+---------------+---------------+---------------+---------------+---------------+---------------+---------------+
|   INSTR_RETIRED_ANY   |  FIXC0  | 2846247966550 | 2848198548796 | 2825038089345 | 2747216242205 | 2686990713495 | 2664923505383 | 2656425168328 | 2646765222782 | 2657688614891 | 2655424591561 | 2562897116756 | 2560893103665 | 2584318248775 | 2648294547384 | 2708158969304 | 2721339038485 | 2734526381686 | 2636518509812 |
| CPU_CLK_UNHALTED_CORE |  FIXC1  | 1456127345459 | 1458736931159 | 1458732031927 | 1458753850276 | 1458712583732 | 1458649573144 | 1458552058815 | 1458368602123 | 1458072381941 | 1458654505843 | 1458643379157 | 1458753138318 | 1456502988195 | 1458957503867 | 1458614853189 | 1458767202098 | 1458682708024 | 1458781771786 |
|  CPU_CLK_UNHALTED_REF |  FIXC2  | 1747348216032 | 1750477657344 | 1750471173600 | 1750499924160 | 1750450402368 | 1750376402688 | 1750255965504 | 1750039700448 | 1749679686528 | 1750379228544 | 1750367831520 | 1750496866656 | 1747799740896 | 1750742368320 | 1750331549760 | 1750514257344 | 1750414872384 | 1750529994624 |
|     TOPDOWN_SLOTS     |  FIXC3  | 7280636727295 | 7293684655795 | 7293660159635 | 7293769251380 | 7293562918660 | 7293247865720 | 7292760294075 | 7291843010615 | 7290361909705 | 7293272529215 | 7293216895785 | 7293765691590 | 7282514940975 | 7294787519335 | 7293074265945 | 7293836010490 | 7293413540120 | 7293908858930 |
|       TEMP_CORE       |   TMP0  |            35 |            39 |            38 |            37 |            37 |            38 |            39 |            39 |            38 |            34 |            35 |            37 |            38 |            36 |            37 |            36 |            36 |            35 |
|     PWR_PKG_ENERGY    |   PWR0  |    90494.8702 |             0 |             0 |             0 |             0 |             0 |             0 |             0 |             0 |             0 |             0 |             0 |             0 |             0 |             0 |             0 |             0 |             0 |
|     PWR_PP0_ENERGY    |   PWR1  |             0 |             0 |             0 |             0 |             0 |             0 |             0 |             0 |             0 |             0 |             0 |             0 |             0 |             0 |             0 |             0 |             0 |             0 |
|    PWR_DRAM_ENERGY    |   PWR3  |     5811.7297 |             0 |             0 |             0 |             0 |             0 |             0 |             0 |             0 |             0 |             0 |             0 |             0 |             0 |             0 |             0 |             0 |             0 |
|  PWR_PLATFORM_ENERGY  |   PWR4  |             0 |             0 |             0 |             0 |             0 |             0 |             0 |             0 |             0 |             0 |             0 |             0 |             0 |             0 |             0 |             0 |             0 |             0 |
|   UNCORE_CLOCKTICKS   | UBOXFIX | 1169441719392 |             0 |             0 |             0 |             0 |             0 |             0 |             0 |             0 |             0 |             0 |             0 |             0 |             0 |             0 |             0 |             0 |             0 |
+-----------------------+---------+---------------+---------------+---------------+---------------+---------------+---------------+---------------+---------------+---------------+---------------+---------------+---------------+---------------+---------------+---------------+---------------+---------------+---------------+

+----------------------------+---------+-----------------+---------------+---------------+--------------+
|            Event           | Counter |       Sum       |      Min      |      Max      |      Avg     |
+----------------------------+---------+-----------------+---------------+---------------+--------------+
|   INSTR_RETIRED_ANY STAT   |  FIXC0  |  48391864579203 | 2560893103665 | 2848198548796 | 2.688437e+12 |
| CPU_CLK_UNHALTED_CORE STAT |  FIXC1  |  26251063409053 | 1456127345459 | 1458957503867 | 1.458392e+12 |
|  CPU_CLK_UNHALTED_REF STAT |  FIXC2  |  31501175838720 | 1747348216032 | 1750742368320 | 1.750065e+12 |
|     TOPDOWN_SLOTS STAT     |  FIXC3  | 131255317045265 | 7280636727295 | 7294787519335 | 7.291962e+12 |
|       TEMP_CORE STAT       |   TMP0  |             664 |            34 |            39 |      36.8889 |
|     PWR_PKG_ENERGY STAT    |   PWR0  |      90494.8702 |             0 |    90494.8702 |    5027.4928 |
|     PWR_PP0_ENERGY STAT    |   PWR1  |               0 |             0 |             0 |            0 |
|    PWR_DRAM_ENERGY STAT    |   PWR3  |       5811.7297 |             0 |     5811.7297 |     322.8739 |
|  PWR_PLATFORM_ENERGY STAT  |   PWR4  |               0 |             0 |             0 |            0 |
|   UNCORE_CLOCKTICKS STAT   | UBOXFIX |   1169441719392 |             0 | 1169441719392 | 6.496898e+10 |
+----------------------------+---------+-----------------+---------------+---------------+--------------+

+----------------------+------------+-----------+-----------+-----------+-----------+-----------+-----------+-----------+-----------+-----------+-------------+-------------+-------------+-------------+-------------+-------------+-------------+-------------+
|        Metric        |  f0404:0:0 | f0404:1:1 | f0404:2:2 | f0404:3:3 | f0404:4:4 | f0404:5:5 | f0404:6:6 | f0404:7:7 | f0404:8:8 | f0404:9:9 | f0404:10:10 | f0404:11:11 | f0404:12:12 | f0404:13:13 | f0404:14:14 | f0404:15:15 | f0404:16:16 | f0404:17:17 |
+----------------------+------------+-----------+-----------+-----------+-----------+-----------+-----------+-----------+-----------+-----------+-------------+-------------+-------------+-------------+-------------+-------------+-------------+-------------+
|  Runtime (RDTSC) [s] |   734.3681 |  734.3614 |  734.3593 |  734.3537 |  734.3651 |  734.3692 |  734.3563 |  734.3643 |  734.3620 |  734.3588 |    734.3639 |    734.3540 |    734.3619 |    734.3630 |    734.3526 |    734.3579 |    734.3602 |    734.3686 |
| Runtime unhalted [s] |   608.1540 |  609.2450 |  609.2452 |  609.2512 |  609.2340 |  609.2077 |  609.1682 |  609.0906 |  608.9672 |  609.2101 |    609.2050 |    609.2511 |    608.3120 |    609.3365 |    609.1931 |    609.2586 |    609.2238 |    609.2638 |
|      Clock [MHz]     |  1995.2886 | 1995.2873 | 1995.2803 | 1995.2877 | 1995.2876 | 1995.2858 | 1995.2858 | 1995.2846 | 1995.2885 | 1995.2881 |   1995.2873 |   1995.2897 |   1995.2838 |   1995.2891 |   1995.2897 |   1995.2838 |   1995.2800 |   1995.2886 |
|  Uncore Clock [MHz]  |  1592.4462 |         0 |         0 |         0 |         0 |         0 |         0 |         0 |         0 |         0 |           0 |           0 |           0 |           0 |           0 |           0 |           0 |           0 |
|          CPI         |     0.5116 |    0.5122 |    0.5164 |    0.5310 |    0.5429 |    0.5474 |    0.5491 |    0.5510 |    0.5486 |    0.5493 |      0.5691 |      0.5696 |      0.5636 |      0.5509 |      0.5386 |      0.5360 |      0.5334 |      0.5533 |
|    Temperature [C]   |         35 |        39 |        38 |        37 |        37 |        38 |        39 |        39 |        38 |        34 |          35 |          37 |          38 |          36 |          37 |          36 |          36 |          35 |
|      Energy [J]      | 90494.8702 |         0 |         0 |         0 |         0 |         0 |         0 |         0 |         0 |         0 |           0 |           0 |           0 |           0 |           0 |           0 |           0 |           0 |
|       Power [W]      |   123.2282 |         0 |         0 |         0 |         0 |         0 |         0 |         0 |         0 |         0 |           0 |           0 |           0 |           0 |           0 |           0 |           0 |           0 |
|    Energy PP0 [J]    |          0 |         0 |         0 |         0 |         0 |         0 |         0 |         0 |         0 |         0 |           0 |           0 |           0 |           0 |           0 |           0 |           0 |           0 |
|     Power PP0 [W]    |          0 |         0 |         0 |         0 |         0 |         0 |         0 |         0 |         0 |         0 |           0 |           0 |           0 |           0 |           0 |           0 |           0 |           0 |
|    Energy DRAM [J]   |  5811.7297 |         0 |         0 |         0 |         0 |         0 |         0 |         0 |         0 |         0 |           0 |           0 |           0 |           0 |           0 |           0 |           0 |           0 |
|    Power DRAM [W]    |     7.9139 |         0 |         0 |         0 |         0 |         0 |         0 |         0 |         0 |         0 |           0 |           0 |           0 |           0 |           0 |           0 |           0 |           0 |
|  Energy PLATFORM [J] |          0 |         0 |         0 |         0 |         0 |         0 |         0 |         0 |         0 |         0 |           0 |           0 |           0 |           0 |           0 |           0 |           0 |           0 |
|  Power PLATFORM [W]  |          0 |         0 |         0 |         0 |         0 |         0 |         0 |         0 |         0 |         0 |           0 |           0 |           0 |           0 |           0 |           0 |           0 |           0 |
+----------------------+------------+-----------+-----------+-----------+-----------+-----------+-----------+-----------+-----------+-----------+-------------+-------------+-------------+-------------+-------------+-------------+-------------+-------------+

+---------------------------+------------+-----------+------------+-----------+-----------+-----------+-----------+
|           Metric          |     Sum    |    Min    |     Max    |    Avg    |  %ile 25  |  %ile 50  |  %ile 75  |
+---------------------------+------------+-----------+------------+-----------+-----------+-----------+-----------+
|  Runtime (RDTSC) [s] STAT | 13218.5003 |  734.3526 |   734.3692 |  734.3611 |  734.3579 |  734.3614 |  734.3643 |
| Runtime unhalted [s] STAT | 10963.8171 |  608.1540 |   609.3365 |  609.1010 |  609.1682 |  609.2101 |  609.2511 |
|      Clock [MHz] STAT     | 35915.1563 | 1995.2800 |  1995.2897 | 1995.2865 | 1995.2846 | 1995.2873 | 1995.2886 |
|  Uncore Clock [MHz] STAT  |  1592.4462 |         0 |  1592.4462 |   88.4692 |         0 |         0 |         0 |
|          CPI STAT         |     9.7740 |    0.5116 |     0.5696 |    0.5430 |    0.5334 |    0.5474 |    0.5510 |
|    Temperature [C] STAT   |        664 |        34 |         39 |   36.8889 |        36 |        37 |        38 |
|      Energy [J] STAT      | 90494.8702 |         0 | 90494.8702 | 5027.4928 |         0 |         0 |         0 |
|       Power [W] STAT      |   123.2282 |         0 |   123.2282 |    6.8460 |         0 |         0 |         0 |
|    Energy PP0 [J] STAT    |          0 |         0 |          0 |         0 |         0 |         0 |         0 |
|     Power PP0 [W] STAT    |          0 |         0 |          0 |         0 |         0 |         0 |         0 |
|    Energy DRAM [J] STAT   |  5811.7297 |         0 |  5811.7297 |  322.8739 |         0 |         0 |         0 |
|    Power DRAM [W] STAT    |     7.9139 |         0 |     7.9139 |    0.4397 |         0 |         0 |         0 |
|  Energy PLATFORM [J] STAT |          0 |         0 |          0 |         0 |         0 |         0 |         0 |
|  Power PLATFORM [W] STAT  |          0 |         0 |          0 |         0 |         0 |         0 |         0 |
+---------------------------+------------+-----------+------------+-----------+-----------+-----------+-----------+

