Group: 1
+-----------------------+---------+---------------+---------------+---------------+---------------+---------------+---------------+---------------+---------------+---------------+---------------+---------------+---------------+---------------+---------------+---------------+---------------+---------------+---------------+
|         Event         | Counter |   f0404:0:0   |   f0404:1:1   |   f0404:2:2   |   f0404:3:3   |   f0404:4:4   |   f0404:5:5   |   f0404:6:6   |   f0404:7:7   |   f0404:8:8   |   f0404:9:9   |  f0404:10:10  |  f0404:11:11  |  f0404:12:12  |  f0404:13:13  |  f0404:14:14  |  f0404:15:15  |  f0404:16:16  |  f0404:17:17  |
+-----------------------+---------+---------------+---------------+---------------+---------------+---------------+---------------+---------------+---------------+---------------+---------------+---------------+---------------+---------------+---------------+---------------+---------------+---------------+---------------+
|   INSTR_RETIRED_ANY   |  FIXC0  | 2219966370476 | 2211572201737 | 2203826205480 | 2171034229960 | 2115166215816 | 2102950413510 | 2074999429280 | 2077682048979 | 2073715100160 | 2073971276047 | 2075170304127 | 2096172427686 | 2125105909569 | 2183697647660 | 2197966571007 | 2199120268344 | 2169081486592 | 2163275234530 |
| CPU_CLK_UNHALTED_CORE |  FIXC1  | 1208079002005 | 1210270409309 | 1210450864935 | 1210406359014 | 1210077146963 | 1210383339918 | 1210104294753 | 1210285051390 | 1210388926316 | 1210157421725 | 1210404607639 | 1210246197055 | 1208530488510 | 1210359654198 | 1210304604039 | 1210426763954 | 1210513026106 | 1210043541066 |
|  CPU_CLK_UNHALTED_REF |  FIXC2  | 1449693188160 | 1452321943968 | 1452537512736 | 1452483602016 | 1452087424992 | 1452458687232 | 1452122473344 | 1452341234016 | 1452461290080 | 1452184792224 | 1452483601632 | 1452291707904 | 1450231905888 | 1452426881472 | 1452361587552 | 1452507589440 | 1452611518848 | 1452046516896 |
|     TOPDOWN_SLOTS     |  FIXC3  | 6040395010025 | 6051352046545 | 6052254324675 | 6052031795070 | 6050385734815 | 6051916699590 | 6050521473765 | 6051425256950 | 6051944631580 | 6050787108625 | 6052023038195 | 6051230985275 | 6042652442550 | 6051798270990 | 6051523020195 | 6052133819770 | 6052565130530 | 6050217705330 |
|       TEMP_CORE       |   TMP0  |            36 |            39 |            39 |            37 |            37 |            39 |            39 |            40 |            37 |            34 |            35 |            36 |            37 |            35 |            37 |            37 |            36 |            36 |
|     PWR_PKG_ENERGY    |   PWR0  |    74018.7548 |             0 |             0 |             0 |             0 |             0 |             0 |             0 |             0 |             0 |             0 |             0 |             0 |             0 |             0 |             0 |             0 |             0 |
|     PWR_PP0_ENERGY    |   PWR1  |             0 |             0 |             0 |             0 |             0 |             0 |             0 |             0 |             0 |             0 |             0 |             0 |             0 |             0 |             0 |             0 |             0 |             0 |
|    PWR_DRAM_ENERGY    |   PWR3  |     5037.3692 |             0 |             0 |             0 |             0 |             0 |             0 |             0 |             0 |             0 |             0 |             0 |             0 |             0 |             0 |             0 |             0 |             0 |
|  PWR_PLATFORM_ENERGY  |   PWR4  |             0 |             0 |             0 |             0 |             0 |             0 |             0 |             0 |             0 |             0 |             0 |             0 |             0 |             0 |             0 |             0 |             0 |             0 |
|   UNCORE_CLOCKTICKS   | UBOXFIX |  970490334504 |             0 |             0 |             0 |             0 |             0 |             0 |             0 |             0 |             0 |             0 |             0 |             0 |             0 |             0 |             0 |             0 |             0 |
+-----------------------+---------+---------------+---------------+---------------+---------------+---------------+---------------+---------------+---------------+---------------+---------------+---------------+---------------+---------------+---------------+---------------+---------------+---------------+---------------+

+----------------------------+---------+-----------------+---------------+---------------+---------------+
|            Event           | Counter |       Sum       |      Min      |      Max      |      Avg      |
+----------------------------+---------+-----------------+---------------+---------------+---------------+
|   INSTR_RETIRED_ANY STAT   |  FIXC0  |  38534473340960 | 2073715100160 | 2219966370476 |  2.140804e+12 |
| CPU_CLK_UNHALTED_CORE STAT |  FIXC1  |  21781431698895 | 1208079002005 | 1210513026106 |  1.210080e+12 |
|  CPU_CLK_UNHALTED_REF STAT |  FIXC2  |  26137653458400 | 1449693188160 | 1452611518848 | 1452091858800 |
|     TOPDOWN_SLOTS STAT     |  FIXC3  | 108907158494475 | 6040395010025 | 6052565130530 |  6.050398e+12 |
|       TEMP_CORE STAT       |   TMP0  |             666 |            34 |            40 |            37 |
|     PWR_PKG_ENERGY STAT    |   PWR0  |      74018.7548 |             0 |    74018.7548 |     4112.1530 |
|     PWR_PP0_ENERGY STAT    |   PWR1  |               0 |             0 |             0 |             0 |
|    PWR_DRAM_ENERGY STAT    |   PWR3  |       5037.3692 |             0 |     5037.3692 |      279.8538 |
|  PWR_PLATFORM_ENERGY STAT  |   PWR4  |               0 |             0 |             0 |             0 |
|   UNCORE_CLOCKTICKS STAT   | UBOXFIX |    970490334504 |             0 |  970490334504 |  5.391613e+10 |
+----------------------------+---------+-----------------+---------------+---------------+---------------+

+----------------------+------------+-----------+-----------+-----------+-----------+-----------+-----------+-----------+-----------+-----------+-------------+-------------+-------------+-------------+-------------+-------------+-------------+-------------+
|        Metric        |  f0404:0:0 | f0404:1:1 | f0404:2:2 | f0404:3:3 | f0404:4:4 | f0404:5:5 | f0404:6:6 | f0404:7:7 | f0404:8:8 | f0404:9:9 | f0404:10:10 | f0404:11:11 | f0404:12:12 | f0404:13:13 | f0404:14:14 | f0404:15:15 | f0404:16:16 | f0404:17:17 |
+----------------------+------------+-----------+-----------+-----------+-----------+-----------+-----------+-----------+-----------+-----------+-------------+-------------+-------------+-------------+-------------+-------------+-------------+-------------+
|  Runtime (RDTSC) [s] |   609.6037 |  609.6150 |  609.6130 |  609.6257 |  609.6222 |  609.6123 |  610.0641 |  609.6073 |  609.5960 |  610.0589 |    609.6111 |    610.0537 |    610.0592 |    609.6550 |    609.6029 |    610.0604 |    609.6081 |    609.6273 |
| Runtime unhalted [s] |   504.5567 |  505.4726 |  505.5478 |  505.5299 |  505.3970 |  505.5196 |  505.4046 |  505.4776 |  505.5216 |  505.4240 |    505.5276 |    505.4612 |    504.7448 |    505.5361 |    505.4858 |    505.5382 |    505.5736 |    505.3819 |
|      Clock [MHz]     |  1995.2835 | 1995.2820 | 1995.2841 | 1995.2822 | 1995.2656 | 1995.2811 | 1995.2767 | 1995.2842 | 1995.2879 | 1995.2897 |   1995.2853 |   1995.2890 |   1995.2895 |   1995.1815 |   1995.2883 |   1995.2838 |   1995.2855 |   1995.2707 |
|  Uncore Clock [MHz]  |  1592.0020 |         0 |         0 |         0 |         0 |         0 |         0 |         0 |         0 |         0 |           0 |           0 |           0 |           0 |           0 |           0 |           0 |           0 |
|          CPI         |     0.5442 |    0.5472 |    0.5492 |    0.5575 |    0.5721 |    0.5756 |    0.5832 |    0.5825 |    0.5837 |    0.5835 |      0.5833 |      0.5774 |      0.5687 |      0.5543 |      0.5506 |      0.5504 |      0.5581 |      0.5594 |
|    Temperature [C]   |         36 |        39 |        39 |        37 |        37 |        39 |        39 |        40 |        37 |        34 |          35 |          36 |          37 |          35 |          37 |          37 |          36 |          36 |
|      Energy [J]      | 74018.7548 |         0 |         0 |         0 |         0 |         0 |         0 |         0 |         0 |         0 |           0 |           0 |           0 |           0 |           0 |           0 |           0 |           0 |
|       Power [W]      |   121.4211 |         0 |         0 |         0 |         0 |         0 |         0 |         0 |         0 |         0 |           0 |           0 |           0 |           0 |           0 |           0 |           0 |           0 |
|    Energy PP0 [J]    |          0 |         0 |         0 |         0 |         0 |         0 |         0 |         0 |         0 |         0 |           0 |           0 |           0 |           0 |           0 |           0 |           0 |           0 |
|     Power PP0 [W]    |          0 |         0 |         0 |         0 |         0 |         0 |         0 |         0 |         0 |         0 |           0 |           0 |           0 |           0 |           0 |           0 |           0 |           0 |
|    Energy DRAM [J]   |  5037.3692 |         0 |         0 |         0 |         0 |         0 |         0 |         0 |         0 |         0 |           0 |           0 |           0 |           0 |           0 |           0 |           0 |           0 |
|    Power DRAM [W]    |     8.2634 |         0 |         0 |         0 |         0 |         0 |         0 |         0 |         0 |         0 |           0 |           0 |           0 |           0 |           0 |           0 |           0 |           0 |
|  Energy PLATFORM [J] |          0 |         0 |         0 |         0 |         0 |         0 |         0 |         0 |         0 |         0 |           0 |           0 |           0 |           0 |           0 |           0 |           0 |           0 |
|  Power PLATFORM [W]  |          0 |         0 |         0 |         0 |         0 |         0 |         0 |         0 |         0 |         0 |           0 |           0 |           0 |           0 |           0 |           0 |           0 |           0 |
+----------------------+------------+-----------+-----------+-----------+-----------+-----------+-----------+-----------+-----------+-----------+-------------+-------------+-------------+-------------+-------------+-------------+-------------+-------------+

+---------------------------+------------+-----------+------------+-----------+-----------+-----------+-----------+
|           Metric          |     Sum    |    Min    |     Max    |    Avg    |  %ile 25  |  %ile 50  |  %ile 75  |
+---------------------------+------------+-----------+------------+-----------+-----------+-----------+-----------+
|  Runtime (RDTSC) [s] STAT | 10975.2959 |  609.5960 |   610.0641 |  609.7387 |  609.6081 |  609.6150 |  610.0537 |
| Runtime unhalted [s] STAT |  9097.1006 |  504.5567 |   505.5736 |  505.3945 |  505.4046 |  505.4776 |  505.5299 |
|      Clock [MHz] STAT     | 35914.9906 | 1995.1815 |  1995.2897 | 1995.2773 | 1995.2811 | 1995.2838 | 1995.2879 |
|  Uncore Clock [MHz] STAT  |  1592.0020 |         0 |  1592.0020 |   88.4446 |         0 |         0 |         0 |
|          CPI STAT         |    10.1809 |    0.5442 |     0.5837 |    0.5656 |    0.5506 |    0.5594 |    0.5825 |
|    Temperature [C] STAT   |        666 |        34 |         40 |        37 |        36 |        37 |        39 |
|      Energy [J] STAT      | 74018.7548 |         0 | 74018.7548 | 4112.1530 |         0 |         0 |         0 |
|       Power [W] STAT      |   121.4211 |         0 |   121.4211 |    6.7456 |         0 |         0 |         0 |
|    Energy PP0 [J] STAT    |          0 |         0 |          0 |         0 |         0 |         0 |         0 |
|     Power PP0 [W] STAT    |          0 |         0 |          0 |         0 |         0 |         0 |         0 |
|    Energy DRAM [J] STAT   |  5037.3692 |         0 |  5037.3692 |  279.8538 |         0 |         0 |         0 |
|    Power DRAM [W] STAT    |     8.2634 |         0 |     8.2634 |    0.4591 |         0 |         0 |         0 |
|  Energy PLATFORM [J] STAT |          0 |         0 |          0 |         0 |         0 |         0 |         0 |
|  Power PLATFORM [W] STAT  |          0 |         0 |          0 |         0 |         0 |         0 |         0 |
+---------------------------+------------+-----------+------------+-----------+-----------+-----------+-----------+

