                      :-) GROMACS - gmx mdrun, 2024.4 (-:

Copyright 1991-2024 The GROMACS Authors.
GROMACS is free software; you can redistribute it and/or modify it
under the terms of the GNU Lesser General Public License
as published by the Free Software Foundation; either version 2.1
of the License, or (at your option) any later version.

                         Current GROMACS contributors:
       Mark Abraham           Andrey Alekseenko           Vladimir Basov      
      Cathrine Bergh            Eliane Briand               Ania Brown        
      Mahesh Doijade            Giacomo Fiorin          Stefan Fleischmann    
      Sergey Gorelov         Gilles Gouaillardet            Alan Gray         
     M. Eric Irrgang         Farzaneh Jalalypour            Joe Jordan        
     Carsten Kutzner           Justin A. Lemkul          Magnus Lundborg      
       Pascal Merz              Vedran Miletic            Dmitry Morozov      
       Julien Nabet              Szilard Pall        Andrea Pasquadibisceglie 
    Michele Pellegrino          Hubert Santuz             Roland Schulz       
     Tatiana Shugaeva          Alexey Shvetsov            Philip Turner       
     Alessandra Villa      Sebastian Wingbermuehle  

                         Previous GROMACS contributors:
        Emile Apol             Rossen Apostolov           James Barnett       
        Paul Bauer          Herman J.C. Berendsen          Par Bjelkmar       
      Christian Blau          Viacheslav Bolnykh            Kevin Boyd        
    Aldert van Buuren          Carlo Camilloni           Rudi van Drunen      
      Anton Feenstra           Oliver Fleetwood            Vytas Gapsys       
       Gaurav Garg             Gerrit Groenhof            Bert de Groot       
      Anca Hamuraru           Vincent Hindriksen          Victor Holanda      
     Aleksei Iupinov          Christoph Junghans        Prashanth Kanduri     
   Dimitrios Karkoulis           Peter Kasson             Sebastian Kehl      
     Sebastian Keller             Jiri Kraus               Per Larsson        
      Viveca Lindahl            Erik Marklund           Pieter Meulenhoff     
      Teemu Murtola              Sander Pronk             Michael Shirts      
      Alfons Sijbers            Balint Soproni         David van der Spoel    
      Peter Tieleman            Carsten Uphoff             Jon Vincent        
     Teemu Virolainen         Christian Wennberg           Maarten Wolf       
      Artem Zhmurov       

                  Coordinated by the GROMACS project leaders:
                           Berk Hess and Erik Lindahl

GROMACS:      gmx mdrun, version 2024.4
Executable:   /apps/SPACK/0.19.1/opt/linux-almalinux8-zen2/gcc-11.2.0/gromacs-2024.4-lgzojyyz7ofekkqwrygaorygrcub2ejr/bin/gmx
Data prefix:  /apps/SPACK/0.19.1/opt/linux-almalinux8-zen2/gcc-11.2.0/gromacs-2024.4-lgzojyyz7ofekkqwrygaorygrcub2ejr
Working dir:  /home/hpc/ihpc/ihpc161h/GROMACS-BAthesis/runs/gromacs_A40_cap/205
Process ID:   598790
Command line:
  gmx mdrun -nsteps 200000 -maxh 0.2 -ntomp 16 -bonded gpu -update gpu -pme gpu -nb gpu -ntmpi 1 -pin on -pinstride 1 -s /home/hpc/ihpc/ihpc161h/GROMACS-BAthesis/inputs/FL_md1_berendsen.tpr -deffnm FL_md1_berendsen_205_a0228.nhr.fau.de_perflog -g FL_md1_berendsen_205_a0228.nhr.fau.de_perflog.log

GROMACS version:     2024.4
Precision:           mixed
Memory model:        64 bit
MPI library:         thread_mpi
OpenMP support:      enabled (GMX_OPENMP_MAX_THREADS = 128)
GPU support:         CUDA
NBNxM GPU setup:     super-cluster 2x2x2 / cluster 8
SIMD instructions:   AVX2_256
CPU FFT library:     Intel MKL version 2023.0.2 Build 20230613
GPU FFT library:     cuFFT
Multi-GPU FFT:       none
RDTSCP usage:        enabled
TNG support:         enabled
Hwloc support:       hwloc-2.8.0
Tracing support:     disabled
C compiler:          /apps/SPACK/0.19.1/lib/spack/env/gcc/gcc GNU 11.2.0
C compiler flags:    -fexcess-precision=fast -funroll-all-loops -mavx2 -mfma -Wno-missing-field-initializers -O3 -DNDEBUG
C++ compiler:        /apps/SPACK/0.19.1/lib/spack/env/gcc/g++ GNU 11.2.0
C++ compiler flags:  -fexcess-precision=fast -funroll-all-loops -mavx2 -mfma -Wno-missing-field-initializers -Wno-cast-function-type-strict -fopenmp -O3 -DNDEBUG
BLAS library:        Internal
LAPACK library:      Internal
CUDA compiler:       /apps/SPACK/0.19.1/opt/linux-almalinux8-zen/gcc-8.5.0/cuda-11.8.0-qrwohrlyazyilia56tybqfm5k3k6kiom/bin/nvcc nvcc: NVIDIA (R) Cuda compiler driver;Copyright (c) 2005-2022 NVIDIA Corporation;Built on Wed_Sep_21_10:33:58_PDT_2022;Cuda compilation tools, release 11.8, V11.8.89;Build cuda_11.8.r11.8/compiler.31833905_0
CUDA compiler flags:-std=c++17;--generate-code=arch=compute_35,code=sm_35;--generate-code=arch=compute_37,code=sm_37;--generate-code=arch=compute_50,code=sm_50;--generate-code=arch=compute_52,code=sm_52;--generate-code=arch=compute_60,code=sm_60;--generate-code=arch=compute_61,code=sm_61;--generate-code=arch=compute_70,code=sm_70;--generate-code=arch=compute_75,code=sm_75;--generate-code=arch=compute_80,code=sm_80;--generate-code=arch=compute_86,code=sm_86;--generate-code=arch=compute_89,code=sm_89;--generate-code=arch=compute_90,code=sm_90;-Wno-deprecated-gpu-targets;--generate-code=arch=compute_53,code=sm_53;--generate-code=arch=compute_80,code=sm_80;-use_fast_math;-Xptxas;-warn-double-usage;-Xptxas;-Werror;-D_FORCE_INLINES;-Xcompiler;-fopenmp;-fexcess-precision=fast -funroll-all-loops -mavx2 -mfma -Wno-missing-field-initializers -Wno-cast-function-type-strict -fopenmp -O3 -DNDEBUG
CUDA driver:         13.20
CUDA runtime:        11.80


Running on 1 node with total 16 cores, 16 processing units, 1 compatible GPU
Hardware detected on host a0228.nhr.fau.de:
  CPU info:
    Vendor: AMD
    Brand:  AMD EPYC 7713 64-Core Processor                
    Family: 25   Model: 1   Stepping: 1
    Features: aes amd apic avx avx2 clfsh cmov cx8 cx16 f16c fma htt lahf misalignsse mmx msr nonstop_tsc pcid pclmuldq pdpe1gb popcnt pse rdrnd rdtscp sha sse2 sse3 sse4a sse4.1 sse4.2 ssse3
  Hardware topology: Full, with devices
    Packages, cores, and logical processors:
    [indices refer to OS logical processors]
      Package  0: [   0] [   1] [   2] [   3] [   4] [   5] [   6] [   7] [   8] [   9] [  10] [  11] [  12] [  13] [  14] [  15]
      Package  1:
    CPU limit set by OS: -1   Recommended max number of threads: 16
    Numa nodes:
      Node  0 (67443343360 bytes mem):   0   1   2   3   4   5   6   7   8   9  10  11  12  13  14  15
      Node  1 (67594518528 bytes mem):
      Node  2 (67640332288 bytes mem):
      Node  3 (67627749376 bytes mem):
      Node  4 (67640332288 bytes mem):
      Node  5 (67640332288 bytes mem):
      Node  6 (67640332288 bytes mem):
      Node  7 (67638435840 bytes mem):
      Latency:
               0     1     2     3     4     5     6     7
         0  1.00  1.20  1.20  1.20  3.20  3.20  3.20  3.20
         1  1.20  1.00  1.20  1.20  3.20  3.20  3.20  3.20
         2  1.20  1.20  1.00  1.20  3.20  3.20  3.20  3.20
         3  1.20  1.20  1.20  1.00  3.20  3.20  3.20  3.20
         4  3.20  3.20  3.20  3.20  1.00  1.20  1.20  1.20
         5  3.20  3.20  3.20  3.20  1.20  1.00  1.20  1.20
         6  3.20  3.20  3.20  3.20  1.20  1.20  1.00  1.20
         7  3.20  3.20  3.20  3.20  1.20  1.20  1.20  1.00
    Caches:
      L1: 32768 bytes, linesize 64 bytes, assoc. 8, shared 1 ways
      L2: 524288 bytes, linesize 64 bytes, assoc. 8, shared 1 ways
      L3: 33554432 bytes, linesize 64 bytes, assoc. 16, shared 8 ways
    PCI devices:
      0000:61:00.0  Id: 10de:2235  Class: 0x0302  Numa: 0
      0000:63:00.0  Id: 1a03:2000  Class: 0x0300  Numa: 0
      0000:41:00.0  Id: 10de:2235  Class: 0x0302  Numa: 1
      0000:21:00.0  Id: 8086:0b60  Class: 0x0108  Numa: 2
      0000:25:00.0  Id: 10de:2235  Class: 0x0302  Numa: 2
      0000:01:00.0  Id: 10de:2235  Class: 0x0302  Numa: 3
      0000:e1:00.0  Id: 10de:2235  Class: 0x0302  Numa: 4
      0000:c1:00.0  Id: 10de:2235  Class: 0x0302  Numa: 5
      0000:c2:00.0  Id: 1000:00af  Class: 0x0107  Numa: 5
      0000:c3:00.0  Id: 15b3:101f  Class: 0x0200  Numa: 5
      0000:c3:00.1  Id: 15b3:101f  Class: 0x0200  Numa: 5
      0000:a1:00.0  Id: 10de:2235  Class: 0x0302  Numa: 6
      0000:81:00.0  Id: 10de:2235  Class: 0x0302  Numa: 7
  GPU info:
    Number of GPUs detected: 1
    #0: NVIDIA NVIDIA A40, compute cap.: 8.6, ECC:  no, stat: compatible


++++ PLEASE READ AND CITE THE FOLLOWING REFERENCE ++++
M. J. Abraham, T. Murtola, R. Schulz, S. Páll, J. C. Smith, B. Hess, E.
Lindahl
GROMACS: High performance molecular simulations through multi-level
parallelism from laptops to supercomputers
SoftwareX 1 (2015) pp. 19-25
-------- -------- --- Thank You --- -------- --------


++++ PLEASE READ AND CITE THE FOLLOWING REFERENCE ++++
S. Páll, M. J. Abraham, C. Kutzner, B. Hess, E. Lindahl
Tackling Exascale Software Challenges in Molecular Dynamics Simulations with
GROMACS
In S. Markidis & E. Laure (Eds.), Solving Software Challenges for Exascale 8759 (2015) pp. 3-27
-------- -------- --- Thank You --- -------- --------


++++ PLEASE READ AND CITE THE FOLLOWING REFERENCE ++++
S. Pronk, S. Páll, R. Schulz, P. Larsson, P. Bjelkmar, R. Apostolov, M. R.
Shirts, J. C. Smith, P. M. Kasson, D. van der Spoel, B. Hess, and E. Lindahl
GROMACS 4.5: a high-throughput and highly parallel open source molecular
simulation toolkit
Bioinformatics 29 (2013) pp. 845-54
-------- -------- --- Thank You --- -------- --------


++++ PLEASE READ AND CITE THE FOLLOWING REFERENCE ++++
B. Hess and C. Kutzner and D. van der Spoel and E. Lindahl
GROMACS 4: Algorithms for highly efficient, load-balanced, and scalable
molecular simulation
J. Chem. Theory Comput. 4 (2008) pp. 435-447
-------- -------- --- Thank You --- -------- --------


++++ PLEASE READ AND CITE THE FOLLOWING REFERENCE ++++
D. van der Spoel, E. Lindahl, B. Hess, G. Groenhof, A. E. Mark and H. J. C.
Berendsen
GROMACS: Fast, Flexible and Free
J. Comp. Chem. 26 (2005) pp. 1701-1719
-------- -------- --- Thank You --- -------- --------


++++ PLEASE READ AND CITE THE FOLLOWING REFERENCE ++++
E. Lindahl and B. Hess and D. van der Spoel
GROMACS 3.0: A package for molecular simulation and trajectory analysis
J. Mol. Mod. 7 (2001) pp. 306-317
-------- -------- --- Thank You --- -------- --------


++++ PLEASE READ AND CITE THE FOLLOWING REFERENCE ++++
H. J. C. Berendsen, D. van der Spoel and R. van Drunen
GROMACS: A message-passing parallel molecular dynamics implementation
Comp. Phys. Comm. 91 (1995) pp. 43-56
-------- -------- --- Thank You --- -------- --------


++++ PLEASE CITE THE DOI FOR THIS VERSION OF GROMACS ++++
https://doi.org/10.5281/zenodo.14016590
-------- -------- --- Thank You --- -------- --------

This run uses the 'GPU buffer ops' feature, enabled by the GMX_USE_GPU_BUFFER_OPS environment variable.
Input Parameters:
   integrator                     = md
   tinit                          = 0
   dt                             = 0.001
   nsteps                         = -1
   init-step                      = 0
   simulation-part                = 1
   mts                            = false
   mass-repartition-factor        = 1
   comm-mode                      = Linear
   nstcomm                        = 100
   bd-fric                        = 0
   ld-seed                        = -2055215106
   emtol                          = 10
   emstep                         = 0.01
   niter                          = 20
   fcstep                         = 0
   nstcgsteep                     = 1000
   nbfgscorr                      = 10
   rtpi                           = 0.05
   nstxout                        = 1000
   nstvout                        = 1000000
   nstfout                        = 0
   nstlog                         = 1000000
   nstcalcenergy                  = 3
   nstenergy                      = 3
   nstxout-compressed             = 0
   compressed-x-precision         = 1000
   cutoff-scheme                  = Verlet
   nstlist                        = 10
   pbc                            = xyz
   periodic-molecules             = false
   verlet-buffer-tolerance        = 0.005
   verlet-buffer-pressure-tolerance = -1
   rlist                          = 1.6
   coulombtype                    = PME
   coulomb-modifier               = Potential-shift
   rcoulomb-switch                = 0
   rcoulomb                       = 1.6
   epsilon-r                      = 1
   epsilon-rf                     = inf
   vdw-type                       = Cut-off
   vdw-modifier                   = Potential-shift
   rvdw-switch                    = 0
   rvdw                           = 1.6
   DispCorr                       = EnerPres
   table-extension                = 1
   fourierspacing                 = 0.16
   fourier-nx                     = 42
   fourier-ny                     = 42
   fourier-nz                     = 42
   pme-order                      = 4
   ewald-rtol                     = 1e-05
   ewald-rtol-lj                  = 0.001
   lj-pme-comb-rule               = Geometric
   ewald-geometry                 = 3d
   epsilon-surface                = 0
   ensemble-temperature-setting   = constant
   ensemble-temperature           = 423.15
   tcoupl                         = Berendsen
   nsttcouple                     = 10
   nh-chain-length                = 0
   print-nose-hoover-chain-variables = false
   pcoupl                         = No
   refcoord-scaling               = No
   posres-com (3):
      posres-com[0]= 0.00000e+00
      posres-com[1]= 0.00000e+00
      posres-com[2]= 0.00000e+00
   posres-comB (3):
      posres-comB[0]= 0.00000e+00
      posres-comB[1]= 0.00000e+00
      posres-comB[2]= 0.00000e+00
   QMMM                           = false
qm-opts:
   ngQM                           = 0
   constraint-algorithm           = Lincs
   continuation                   = true
   Shake-SOR                      = false
   shake-tol                      = 0.0001
   lincs-order                    = 4
   lincs-iter                     = 1
   lincs-warnangle                = 30
   nwall                          = 0
   wall-type                      = 9-3
   wall-r-linpot                  = -1
   wall-atomtype[0]               = -1
   wall-atomtype[1]               = -1
   wall-density[0]                = 0
   wall-density[1]                = 0
   wall-ewald-zfac                = 3
   pull                           = false
   awh                            = false
   rotation                       = false
   interactiveMD                  = false
   disre                          = No
   disre-weighting                = Conservative
   disre-mixed                    = false
   dr-fc                          = 1000
   dr-tau                         = 0
   nstdisreout                    = 100
   orire-fc                       = 0
   orire-tau                      = 0
   nstorireout                    = 100
   free-energy                    = no
   cos-acceleration               = 0
   deform (3x3):
      deform[    0]={ 0.00000e+00,  0.00000e+00,  0.00000e+00}
      deform[    1]={ 0.00000e+00,  0.00000e+00,  0.00000e+00}
      deform[    2]={ 0.00000e+00,  0.00000e+00,  0.00000e+00}
   simulated-tempering            = false
   swapcoords                     = no
   userint1                       = 0
   userint2                       = 0
   userint3                       = 0
   userint4                       = 0
   userreal1                      = 0
   userreal2                      = 0
   userreal3                      = 0
   userreal4                      = 0
   applied-forces:
     electric-field:
       x:
         E0                       = 0
         omega                    = 0
         t0                       = 0
         sigma                    = 0
       y:
         E0                       = 0
         omega                    = 0
         t0                       = 0
         sigma                    = 0
       z:
         E0                       = 0
         omega                    = 0
         t0                       = 0
         sigma                    = 0
     density-guided-simulation:
       active                     = false
       group                      = protein
       similarity-measure         = inner-product
       atom-spreading-weight      = unity
       force-constant             = 1e+09
       gaussian-transform-spreading-width = 0.2
       gaussian-transform-spreading-range-in-multiples-of-width = 4
       reference-density-filename = reference.mrc
       nst                        = 1
       normalize-densities        = true
       adaptive-force-scaling     = false
       adaptive-force-scaling-time-constant = 4
grpopts:
   nrdf:       60741
   ref-t:      423.15
   tau-t:           1
annealing:          No
annealing-npoints:           0
   acc:	           0           0           0
   nfreeze:           N           N           N
   energygrp-flags[  0]: 0


The -nsteps functionality is deprecated, and may be removed in a future version. Consider using gmx convert-tpr -nsteps or changing the appropriate .mdp file field.

Overriding nsteps with value passed on the command line: 200000 steps, 200 ps
Changing nstlist from 10 to 100, rlist from 1.6 to 1.6


When checking whether update groups are usable:
  Domain decomposition is not active, so there is no need for update groups
  No constraints or virtual sites are in use, so it is best not to use update groups
1 GPU selected for this run.
Mapping of GPU IDs to the 2 GPU tasks in the 1 rank on this node:
  PP:0,PME:0
PP tasks will do (non-perturbed) short-ranged and most bonded interactions on the GPU
PP task will update and constrain coordinates on the GPU
PME tasks will do all aspects on the GPU
Using 1 MPI thread
Using 16 OpenMP threads 

System total charge: -0.000
Will do PME sum in reciprocal space for electrostatic interactions.

++++ PLEASE READ AND CITE THE FOLLOWING REFERENCE ++++
U. Essmann, L. Perera, M. L. Berkowitz, T. Darden, H. Lee and L. G. Pedersen 
A smooth particle mesh Ewald method
J. Chem. Phys. 103 (1995) pp. 8577-8592
-------- -------- --- Thank You --- -------- --------

Using a Gaussian width (1/beta) of 0.51226 nm for Ewald
Potential shift: LJ r^-12: -3.553e-03 r^-6: -5.960e-02, Ewald -6.250e-06
Initialized non-bonded Coulomb Ewald tables, spacing: 1.18e-03 size: 1357

Generated table with 1300 data points for 1-4 COUL.
Tabscale = 500 points/nm
Generated table with 1300 data points for 1-4 LJ6.
Tabscale = 500 points/nm
Generated table with 1300 data points for 1-4 LJ12.
Tabscale = 500 points/nm
Long Range LJ corr.: <C6> 4.8061e-04


Using GPU 8x8 nonbonded short-range kernels

Using a 8x8 pair-list setup:
  updated every 100 steps, buffer 0.000 nm, rlist 1.600 nm
At tolerance 0.005 kJ/mol/ps per atom, equivalent classical 1x1 list would be:
  updated every 100 steps, buffer 0.257 nm, rlist 1.857 nm

The average pressure is off by at most 0.99 bar due to missing LJ interactions

Using Lorentz-Berthelot Lennard-Jones combination rule

Pinning threads with a user-specified logical cpu stride of 1

++++ PLEASE READ AND CITE THE FOLLOWING REFERENCE ++++
H. J. C. Berendsen, J. P. M. Postma, A. DiNola and J. R. Haak
Molecular dynamics with coupling to an external bath
J. Chem. Phys. 81 (1984) pp. 3684-3690
-------- -------- --- Thank You --- -------- --------

There are: 20248 Atoms

Updating coordinates on the GPU.
Center of mass motion removal mode is Linear
We have the following groups for center of mass motion removal:
  0:  rest

Started mdrun on rank 0 Tue May  5 13:35:21 2026

           Step           Time
              0        0.00000

   Energies (kJ/mol)
           Bond          Angle Ryckaert-Bell.          LJ-14     Coulomb-14
    3.62974e+04    5.28202e+04    1.04577e+04    7.21300e+03   -4.58160e+03
        LJ (SR)  Disper. corr.   Coulomb (SR)   Coul. recip.      Potential
   -2.27873e+04   -6.83065e+02    1.56401e+04    1.05995e+02    9.44826e+04
    Kinetic En.   Total Energy  Conserved En.    Temperature Pres. DC (bar)
    1.07703e+05    2.02185e+05    2.02185e+05    4.26522e+02   -3.84818e+01
 Pressure (bar)
   -7.26674e+02

step 15400: timed with pme grid 42 42 42, coulomb cutoff 1.600: 65.6 M-cycles
step 15600: timed with pme grid 36 36 36, coulomb cutoff 1.849: 80.3 M-cycles
step 15800: timed with pme grid 40 40 40, coulomb cutoff 1.664: 68.5 M-cycles
step 16000: timed with pme grid 42 42 42, coulomb cutoff 1.600: 65.0 M-cycles
              optimal pme grid 42 42 42, coulomb cutoff 1.600
           Step           Time
         200000      200.00000

Writing checkpoint, step 200000 at Tue May  5 13:36:27 2026


   Energies (kJ/mol)
           Bond          Angle Ryckaert-Bell.          LJ-14     Coulomb-14
    3.47170e+04    5.21643e+04    1.03676e+04    7.03227e+03   -4.35382e+03
        LJ (SR)  Disper. corr.   Coulomb (SR)   Coul. recip.      Potential
   -2.29273e+04   -6.83065e+02    1.54475e+04    1.05048e+02    9.18695e+04
    Kinetic En.   Total Energy  Conserved En.    Temperature Pres. DC (bar)
    1.06659e+05    1.98529e+05    2.01879e+05    4.22389e+02   -3.84818e+01
 Pressure (bar)
   -1.51406e+02


Energy conservation over simulation part #1 of length 200 ps, time 0 to 200 ps
  Conserved energy drift: -7.58e-05 kJ/mol/ps per atom


	<======  ###############  ==>
	<====  A V E R A G E S  ====>
	<==  ###############  ======>

	Statistics over 200001 steps using 66667 frames

   Energies (kJ/mol)
           Bond          Angle Ryckaert-Bell.          LJ-14     Coulomb-14
    3.47216e+04    5.16920e+04    1.03597e+04    7.10865e+03   -4.40902e+03
        LJ (SR)  Disper. corr.   Coulomb (SR)   Coul. recip.      Potential
   -2.28051e+04   -6.83065e+02    1.54830e+04    1.07999e+02    9.15757e+04
    Kinetic En.   Total Energy  Conserved En.    Temperature Pres. DC (bar)
    1.06868e+05    1.98444e+05    2.01964e+05    4.23217e+02   -3.84818e+01
 Pressure (bar)
    7.44569e-01

   Total Virial (kJ/mol)
    3.56128e+04    1.04163e+01   -1.22875e+01
    1.04378e+01    3.56124e+04   -1.22140e-01
   -1.22667e+01   -1.21241e-01    3.56232e+04

   Pressure (bar)
    2.13530e+00   -9.37510e-01    1.16436e+00
   -9.39932e-01    3.08824e-01    5.15172e-01
    1.16202e+00    5.15071e-01   -2.10415e-01


	M E G A - F L O P S   A C C O U N T I N G

 NB=Group-cutoff nonbonded kernels    NxN=N-by-N cluster Verlet kernels
 RF=Reaction-Field  VdW=Van der Waals  QSTab=quadratic-spline table
 W3=SPC/TIP3p  W4=TIP4p (single or pairs)
 V&F=Potential and force  V=Potential only  F=Force only

 Computing:                               M-Number         M-Flops  % Flops
-----------------------------------------------------------------------------
 Pair Search distance check            5568.373120       50115.358     0.0
 NxN Ewald Elec. + LJ [F]           3864834.566784   255079081.408    55.2
 NxN Ewald Elec. + LJ [V&F]         1932450.920256   206772248.467    44.8
 Shift-X                                 40.516248         243.097     0.0
 Virial                                1352.893724       24352.087     0.0
 Stop-CM                                 40.516248         405.162     0.0
 Calc-Ekin                             4049.640496      109340.293     0.0
-----------------------------------------------------------------------------
 Total                                               462035785.874   100.0
-----------------------------------------------------------------------------


      R E A L   C Y C L E   A N D   T I M E   A C C O U N T I N G

On 1 MPI rank, each using 16 OpenMP threads

 Activity:              Num   Num      Call    Wall time         Giga-Cycles
                        Ranks Threads  Count      (s)         total sum    %
--------------------------------------------------------------------------------
 Neighbor search           1   16       2001       2.567         81.981   3.9
 Launch PP GPU ops.        1   16     398001       5.315        169.762   8.1
 Force                     1   16     200001       0.482         15.409   0.7
 PME GPU mesh              1   16     200001      10.960        350.053  16.7
 Wait Bonded GPU           1   16      66668       0.037          1.182   0.1
 Wait GPU NB local         1   16     200001      13.307        425.027  20.2
 Wait GPU state copy       1   16     276003      26.205        836.989  39.8
 NB X/F buffer ops.        1   16      66668       1.021         32.622   1.6
 Write traj.               1   16        201       0.398         12.713   0.6
 Rest                                              5.523        176.396   8.4
--------------------------------------------------------------------------------
 Total                                            65.816       2102.135 100.0
--------------------------------------------------------------------------------
 Breakdown of PME mesh activities
--------------------------------------------------------------------------------
 Wait PME GPU gather       1   16     200001       3.986        127.310   6.1
 Reduce GPU PME F          1   16     200001       0.609         19.437   0.9
 Launch PME GPU ops.       1   16    1600013       5.271        168.360   8.0
--------------------------------------------------------------------------------

               Core t (s)   Wall t (s)        (%)
       Time:     1052.287       65.816     1598.8
                 (ns/day)    (hour/ns)
Performance:      262.552        0.091
Finished mdrun on rank 0 Tue May  5 13:36:27 2026

