Group: 1
+-----------------------+---------+---------------+---------------+---------------+---------------+---------------+---------------+---------------+---------------+---------------+---------------+---------------+---------------+---------------+---------------+---------------+---------------+---------------+---------------+
|         Event         | Counter |   f0880:0:0   |   f0880:1:1   |   f0880:2:2   |   f0880:3:3   |   f0880:4:4   |   f0880:5:5   |   f0880:6:6   |   f0880:7:7   |   f0880:8:8   |   f0880:9:9   |  f0880:10:10  |  f0880:11:11  |  f0880:12:12  |  f0880:13:13  |  f0880:14:14  |  f0880:15:15  |  f0880:16:16  |  f0880:17:17  |
+-----------------------+---------+---------------+---------------+---------------+---------------+---------------+---------------+---------------+---------------+---------------+---------------+---------------+---------------+---------------+---------------+---------------+---------------+---------------+---------------+
|   INSTR_RETIRED_ANY   |  FIXC0  | 2449935189970 | 2436570720279 | 2410729475077 | 2378680673210 | 2320986561548 | 2287166664761 | 2282339379495 | 2282805750504 | 2273186100896 | 2285771281979 | 2163583133454 | 2176447975613 | 2191351496329 | 2212210768173 | 2254383382632 | 2287542425356 | 2291409803400 | 2349863072011 |
| CPU_CLK_UNHALTED_CORE |  FIXC1  | 1344103871659 | 1354426470329 | 1356298510540 | 1356466550216 | 1356638036451 | 1356694740591 | 1356658961642 | 1356540410303 | 1356947394758 | 1356659289379 | 1356893566355 | 1356756287680 | 1356081672699 | 1356088873313 | 1356499650985 | 1356455824715 | 1356888860136 | 1357058138367 |
|  CPU_CLK_UNHALTED_REF |  FIXC2  | 1466304123648 | 1477563096192 | 1479603777696 | 1479787358688 | 1479975151104 | 1480035753312 | 1479996450240 | 1479868530816 | 1480311280320 | 1479998284704 | 1480254182976 | 1480104659616 | 1479368373792 | 1479376542432 | 1479825716160 | 1479774701088 | 1480247732736 | 1480434062880 |
|     TOPDOWN_SLOTS     |  FIXC3  | 6720519358295 | 6772132351645 | 6781492552700 | 6782332751080 | 6783190182255 | 6783473702955 | 6783294808210 | 6782702051515 | 6784736973790 | 6783296446895 | 6784467831775 | 6783781438400 | 6780408363495 | 6780444366565 | 6782498254925 | 6782279123575 | 6784444300680 | 6785290691835 |
|       TEMP_CORE       |   TMP0  |            42 |            43 |            42 |            41 |            40 |            41 |            42 |            45 |            42 |            41 |            40 |            42 |            43 |            43 |            43 |            40 |            43 |            40 |
|     PWR_PKG_ENERGY    |   PWR0  |    77576.2474 |             0 |             0 |             0 |             0 |             0 |             0 |             0 |             0 |             0 |             0 |             0 |             0 |             0 |             0 |             0 |             0 |             0 |
|     PWR_PP0_ENERGY    |   PWR1  |             0 |             0 |             0 |             0 |             0 |             0 |             0 |             0 |             0 |             0 |             0 |             0 |             0 |             0 |             0 |             0 |             0 |             0 |
|    PWR_DRAM_ENERGY    |   PWR3  |     4856.0129 |             0 |             0 |             0 |             0 |             0 |             0 |             0 |             0 |             0 |             0 |             0 |             0 |             0 |             0 |             0 |             0 |             0 |
|  PWR_PLATFORM_ENERGY  |   PWR4  |             0 |             0 |             0 |             0 |             0 |             0 |             0 |             0 |             0 |             0 |             0 |             0 |             0 |             0 |             0 |             0 |             0 |             0 |
|   UNCORE_CLOCKTICKS   | UBOXFIX |  983691250211 |             0 |             0 |             0 |             0 |             0 |             0 |             0 |             0 |             0 |             0 |             0 |             0 |             0 |             0 |             0 |             0 |             0 |
+-----------------------+---------+---------------+---------------+---------------+---------------+---------------+---------------+---------------+---------------+---------------+---------------+---------------+---------------+---------------+---------------+---------------+---------------+---------------+---------------+

+----------------------------+---------+-----------------+---------------+---------------+---------------+
|            Event           | Counter |       Sum       |      Min      |      Max      |      Avg      |
+----------------------------+---------+-----------------+---------------+---------------+---------------+
|   INSTR_RETIRED_ANY STAT   |  FIXC0  |  41334963854687 | 2163583133454 | 2449935189970 |  2.296387e+12 |
| CPU_CLK_UNHALTED_CORE STAT |  FIXC1  |  24404157110118 | 1344103871659 | 1357058138367 |  1.355787e+12 |
|  CPU_CLK_UNHALTED_REF STAT |  FIXC2  |  26622829778400 | 1466304123648 | 1480434062880 | 1479046098800 |
|     TOPDOWN_SLOTS STAT     |  FIXC3  | 122020785550590 | 6720519358295 | 6785290691835 |  6.778933e+12 |
|       TEMP_CORE STAT       |   TMP0  |             753 |            40 |            45 |       41.8333 |
|     PWR_PKG_ENERGY STAT    |   PWR0  |      77576.2474 |             0 |    77576.2474 |     4309.7915 |
|     PWR_PP0_ENERGY STAT    |   PWR1  |               0 |             0 |             0 |             0 |
|    PWR_DRAM_ENERGY STAT    |   PWR3  |       4856.0129 |             0 |     4856.0129 |      269.7785 |
|  PWR_PLATFORM_ENERGY STAT  |   PWR4  |               0 |             0 |             0 |             0 |
|   UNCORE_CLOCKTICKS STAT   | UBOXFIX |    983691250211 |             0 |  983691250211 |  5.464951e+10 |
+----------------------------+---------+-----------------+---------------+---------------+---------------+

+----------------------+------------+-----------+-----------+-----------+-----------+-----------+-----------+-----------+-----------+-----------+-------------+-------------+-------------+-------------+-------------+-------------+-------------+-------------+
|        Metric        |  f0880:0:0 | f0880:1:1 | f0880:2:2 | f0880:3:3 | f0880:4:4 | f0880:5:5 | f0880:6:6 | f0880:7:7 | f0880:8:8 | f0880:9:9 | f0880:10:10 | f0880:11:11 | f0880:12:12 | f0880:13:13 | f0880:14:14 | f0880:15:15 | f0880:16:16 | f0880:17:17 |
+----------------------+------------+-----------+-----------+-----------+-----------+-----------+-----------+-----------+-----------+-----------+-------------+-------------+-------------+-------------+-------------+-------------+-------------+-------------+
|  Runtime (RDTSC) [s] |   621.1778 |  621.1778 |  621.1717 |  621.1632 |  621.1764 |  621.1986 |  621.2342 |  621.1729 |  621.1985 |  621.1892 |    621.1886 |    621.1789 |    621.1822 |    621.1730 |    621.1947 |    621.3049 |    621.1750 |    621.1672 |
| Runtime unhalted [s] |   561.3720 |  565.6802 |  566.4694 |  566.5306 |  566.6074 |  566.6443 |  566.6775 |  566.5630 |  566.7386 |  566.6125 |    566.7111 |    566.6530 |    566.3714 |    566.3741 |    566.5636 |    566.6461 |    566.7069 |    566.7785 |
|      Clock [MHz]     |  2194.7795 | 2194.7943 | 2194.7684 | 2194.8026 | 2194.7817 | 2194.7322 | 2194.5463 | 2194.7959 | 2194.7760 | 2194.7963 |   2194.7928 |   2194.7955 |   2194.7954 |   2194.7961 |   2194.7250 |   2194.3395 |   2194.8036 |   2194.7976 |
|  Uncore Clock [MHz]  |  1583.5905 |         0 |         0 |         0 |         0 |         0 |         0 |         0 |         0 |         0 |           0 |           0 |           0 |           0 |           0 |           0 |           0 |           0 |
|          CPI         |     0.5486 |    0.5559 |    0.5626 |    0.5703 |    0.5845 |    0.5932 |    0.5944 |    0.5942 |    0.5969 |    0.5935 |      0.6272 |      0.6234 |      0.6188 |      0.6130 |      0.6017 |      0.5930 |      0.5922 |      0.5775 |
|    Temperature [C]   |         42 |        43 |        42 |        41 |        40 |        41 |        42 |        45 |        42 |        41 |          40 |          42 |          43 |          43 |          43 |          40 |          43 |          40 |
|      Energy [J]      | 77576.2474 |         0 |         0 |         0 |         0 |         0 |         0 |         0 |         0 |         0 |           0 |           0 |           0 |           0 |           0 |           0 |           0 |           0 |
|       Power [W]      |   124.8857 |         0 |         0 |         0 |         0 |         0 |         0 |         0 |         0 |         0 |           0 |           0 |           0 |           0 |           0 |           0 |           0 |           0 |
|    Energy PP0 [J]    |          0 |         0 |         0 |         0 |         0 |         0 |         0 |         0 |         0 |         0 |           0 |           0 |           0 |           0 |           0 |           0 |           0 |           0 |
|     Power PP0 [W]    |          0 |         0 |         0 |         0 |         0 |         0 |         0 |         0 |         0 |         0 |           0 |           0 |           0 |           0 |           0 |           0 |           0 |           0 |
|    Energy DRAM [J]   |  4856.0129 |         0 |         0 |         0 |         0 |         0 |         0 |         0 |         0 |         0 |           0 |           0 |           0 |           0 |           0 |           0 |           0 |           0 |
|    Power DRAM [W]    |     7.8174 |         0 |         0 |         0 |         0 |         0 |         0 |         0 |         0 |         0 |           0 |           0 |           0 |           0 |           0 |           0 |           0 |           0 |
|  Energy PLATFORM [J] |          0 |         0 |         0 |         0 |         0 |         0 |         0 |         0 |         0 |         0 |           0 |           0 |           0 |           0 |           0 |           0 |           0 |           0 |
|  Power PLATFORM [W]  |          0 |         0 |         0 |         0 |         0 |         0 |         0 |         0 |         0 |         0 |           0 |           0 |           0 |           0 |           0 |           0 |           0 |           0 |
+----------------------+------------+-----------+-----------+-----------+-----------+-----------+-----------+-----------+-----------+-----------+-------------+-------------+-------------+-------------+-------------+-------------+-------------+-------------+

+---------------------------+------------+-----------+------------+-----------+-----------+-----------+-----------+
|           Metric          |     Sum    |    Min    |     Max    |    Avg    |  %ile 25  |  %ile 50  |  %ile 75  |
+---------------------------+------------+-----------+------------+-----------+-----------+-----------+-----------+
|  Runtime (RDTSC) [s] STAT | 11181.4248 |  621.1632 |   621.3049 |  621.1903 |  621.1730 |  621.1778 |  621.1947 |
| Runtime unhalted [s] STAT | 10192.7002 |  561.3720 |   566.7785 |  566.2611 |  566.4694 |  566.6074 |  566.6775 |
|      Clock [MHz] STAT     | 39505.4187 | 2194.3395 |  2194.8036 | 2194.7455 | 2194.7684 | 2194.7928 | 2194.7961 |
|  Uncore Clock [MHz] STAT  |  1583.5905 |         0 |  1583.5905 |   87.9772 |         0 |         0 |         0 |
|          CPI STAT         |    10.6409 |    0.5486 |     0.6272 |    0.5912 |    0.5775 |    0.5932 |    0.6017 |
|    Temperature [C] STAT   |        753 |        40 |         45 |   41.8333 |        41 |        42 |        43 |
|      Energy [J] STAT      | 77576.2474 |         0 | 77576.2474 | 4309.7915 |         0 |         0 |         0 |
|       Power [W] STAT      |   124.8857 |         0 |   124.8857 |    6.9381 |         0 |         0 |         0 |
|    Energy PP0 [J] STAT    |          0 |         0 |          0 |         0 |         0 |         0 |         0 |
|     Power PP0 [W] STAT    |          0 |         0 |          0 |         0 |         0 |         0 |         0 |
|    Energy DRAM [J] STAT   |  4856.0129 |         0 |  4856.0129 |  269.7785 |         0 |         0 |         0 |
|    Power DRAM [W] STAT    |     7.8174 |         0 |     7.8174 |    0.4343 |         0 |         0 |         0 |
|  Energy PLATFORM [J] STAT |          0 |         0 |          0 |         0 |         0 |         0 |         0 |
|  Power PLATFORM [W] STAT  |          0 |         0 |          0 |         0 |         0 |         0 |         0 |
+---------------------------+------------+-----------+------------+-----------+-----------+-----------+-----------+

