Group: 1
+-----------------------+---------+---------------+---------------+---------------+---------------+---------------+---------------+---------------+---------------+---------------+---------------+---------------+---------------+---------------+---------------+---------------+---------------+---------------+---------------+
|         Event         | Counter |   f0404:0:0   |   f0404:1:1   |   f0404:2:2   |   f0404:3:3   |   f0404:4:4   |   f0404:5:5   |   f0404:6:6   |   f0404:7:7   |   f0404:8:8   |   f0404:9:9   |  f0404:10:10  |  f0404:11:11  |  f0404:12:12  |  f0404:13:13  |  f0404:14:14  |  f0404:15:15  |  f0404:16:16  |  f0404:17:17  |
+-----------------------+---------+---------------+---------------+---------------+---------------+---------------+---------------+---------------+---------------+---------------+---------------+---------------+---------------+---------------+---------------+---------------+---------------+---------------+---------------+
|   INSTR_RETIRED_ANY   |  FIXC0  | 2846458065073 | 2853407469451 | 2833013936821 | 2755316264438 | 2688177904696 | 2669725284612 | 2649433822985 | 2642750857041 | 2653442579680 | 2651629561576 | 2553243650719 | 2556951816268 | 2579668351862 | 2644204322382 | 2704220616521 | 2718013683085 | 2728331112442 | 2634449693045 |
| CPU_CLK_UNHALTED_CORE |  FIXC1  | 1511141723848 | 1517676222451 | 1517718520576 | 1517695311026 | 1517655094663 | 1517919240973 | 1517736785460 | 1517960968785 | 1518004515936 | 1517719779079 | 1518229545977 | 1517922880685 | 1515547800605 | 1517501241170 | 1517527227249 | 1517305001156 | 1517792912104 | 1518455901463 |
|  CPU_CLK_UNHALTED_REF |  FIXC2  | 1394900836896 | 1400932936032 | 1400971267296 | 1400950879584 | 1400913321408 | 1401157123776 | 1400988492096 | 1401195652032 | 1401236632032 | 1400973410976 | 1401443483328 | 1401161449632 | 1398968357952 | 1400772077760 | 1400796255360 | 1400590237440 | 1401039910176 | 1401651117312 |
|     TOPDOWN_SLOTS     |  FIXC3  | 7555708619240 | 7588381112255 | 7588592602880 | 7588476555130 | 7588275473315 | 7589596204865 | 7588683927300 | 7589804843925 | 7590022579680 | 7588598895395 | 7591147729885 | 7589614403425 | 7577739003025 | 7587506205850 | 7587636136245 | 7586525005780 | 7588964560520 | 7592279507315 |
|       TEMP_CORE       |   TMP0  |            42 |            46 |            45 |            44 |            42 |            45 |            46 |            45 |            44 |            40 |            40 |            43 |            44 |            41 |            43 |            42 |            42 |            41 |
|     PWR_PKG_ENERGY    |   PWR0  |   104695.9411 |             0 |             0 |             0 |             0 |             0 |             0 |             0 |             0 |             0 |             0 |             0 |             0 |             0 |             0 |             0 |             0 |             0 |
|     PWR_PP0_ENERGY    |   PWR1  |             0 |             0 |             0 |             0 |             0 |             0 |             0 |             0 |             0 |             0 |             0 |             0 |             0 |             0 |             0 |             0 |             0 |             0 |
|    PWR_DRAM_ENERGY    |   PWR3  |     6199.7337 |             0 |             0 |             0 |             0 |             0 |             0 |             0 |             0 |             0 |             0 |             0 |             0 |             0 |             0 |             0 |             0 |             0 |
|  PWR_PLATFORM_ENERGY  |   PWR4  |             0 |             0 |             0 |             0 |             0 |             0 |             0 |             0 |             0 |             0 |             0 |             0 |             0 |             0 |             0 |             0 |             0 |             0 |
|   UNCORE_CLOCKTICKS   | UBOXFIX | 1289991848058 |             0 |             0 |             0 |             0 |             0 |             0 |             0 |             0 |             0 |             0 |             0 |             0 |             0 |             0 |             0 |             0 |             0 |
+-----------------------+---------+---------------+---------------+---------------+---------------+---------------+---------------+---------------+---------------+---------------+---------------+---------------+---------------+---------------+---------------+---------------+---------------+---------------+---------------+

+----------------------------+---------+-----------------+---------------+---------------+--------------+
|            Event           | Counter |       Sum       |      Min      |      Max      |      Avg     |
+----------------------------+---------+-----------------+---------------+---------------+--------------+
|   INSTR_RETIRED_ANY STAT   |  FIXC0  |  48362438992697 | 2553243650719 | 2853407469451 | 2.686802e+12 |
| CPU_CLK_UNHALTED_CORE STAT |  FIXC1  |  27311510673206 | 1511141723848 | 1518455901463 | 1.517306e+12 |
|  CPU_CLK_UNHALTED_REF STAT |  FIXC2  |  25210643441088 | 1394900836896 | 1401651117312 | 1.400591e+12 |
|     TOPDOWN_SLOTS STAT     |  FIXC3  | 136557553366030 | 7555708619240 | 7592279507315 | 7.586531e+12 |
|       TEMP_CORE STAT       |   TMP0  |             775 |            40 |            46 |      43.0556 |
|     PWR_PKG_ENERGY STAT    |   PWR0  |     104695.9411 |             0 |   104695.9411 |    5816.4412 |
|     PWR_PP0_ENERGY STAT    |   PWR1  |               0 |             0 |             0 |            0 |
|    PWR_DRAM_ENERGY STAT    |   PWR3  |       6199.7337 |             0 |     6199.7337 |     344.4296 |
|  PWR_PLATFORM_ENERGY STAT  |   PWR4  |               0 |             0 |             0 |            0 |
|   UNCORE_CLOCKTICKS STAT   | UBOXFIX |   1289991848058 |             0 | 1289991848058 |  71666213781 |
+----------------------------+---------+-----------------+---------------+---------------+--------------+

+----------------------+-------------+-----------+-----------+-----------+-----------+-----------+-----------+-----------+-----------+-----------+-------------+-------------+-------------+-------------+-------------+-------------+-------------+-------------+
|        Metric        |  f0404:0:0  | f0404:1:1 | f0404:2:2 | f0404:3:3 | f0404:4:4 | f0404:5:5 | f0404:6:6 | f0404:7:7 | f0404:8:8 | f0404:9:9 | f0404:10:10 | f0404:11:11 | f0404:12:12 | f0404:13:13 | f0404:14:14 | f0404:15:15 | f0404:16:16 | f0404:17:17 |
+----------------------+-------------+-----------+-----------+-----------+-----------+-----------+-----------+-----------+-----------+-----------+-------------+-------------+-------------+-------------+-------------+-------------+-------------+-------------+
|  Runtime (RDTSC) [s] |    587.9376 |  587.9275 |  587.9266 |  587.9231 |  587.9363 |  587.9161 |  587.9265 |  587.9319 |  587.9226 |  587.9249 |    587.9552 |    587.9245 |    587.9206 |    587.9250 |    587.9219 |    587.9226 |    587.9334 |    587.9216 |
| Runtime unhalted [s] |    631.1330 |  633.8599 |  633.8787 |  633.8682 |  633.8537 |  633.9619 |  633.8850 |  633.9784 |  633.9972 |  633.8795 |    634.1167 |    633.9628 |    632.9708 |    633.7868 |    633.7973 |    633.7071 |    633.9092 |    634.1860 |
|      Clock [MHz]     |   2593.8580 | 2593.8667 | 2593.8635 | 2593.8647 | 2593.8559 | 2593.8647 | 2593.8682 | 2593.8688 | 2593.8645 | 2593.8601 |   2593.7617 |   2593.8654 |   2593.8669 |   2593.8653 |   2593.8666 |   2593.8576 |   2593.8655 |   2593.8676 |
|  Uncore Clock [MHz]  |   2194.0965 |         0 |         0 |         0 |         0 |         0 |         0 |         0 |         0 |         0 |           0 |           0 |           0 |           0 |           0 |           0 |           0 |           0 |
|          CPI         |      0.5309 |    0.5319 |    0.5357 |    0.5508 |    0.5646 |    0.5686 |    0.5729 |    0.5744 |    0.5721 |    0.5724 |      0.5946 |      0.5936 |      0.5875 |      0.5739 |      0.5612 |      0.5582 |      0.5563 |      0.5764 |
|    Temperature [C]   |          42 |        46 |        45 |        44 |        42 |        45 |        46 |        45 |        44 |        40 |          40 |          43 |          44 |          41 |          43 |          42 |          42 |          41 |
|      Energy [J]      | 104695.9411 |         0 |         0 |         0 |         0 |         0 |         0 |         0 |         0 |         0 |           0 |           0 |           0 |           0 |           0 |           0 |           0 |           0 |
|       Power [W]      |    178.0732 |         0 |         0 |         0 |         0 |         0 |         0 |         0 |         0 |         0 |           0 |           0 |           0 |           0 |           0 |           0 |           0 |           0 |
|    Energy PP0 [J]    |           0 |         0 |         0 |         0 |         0 |         0 |         0 |         0 |         0 |         0 |           0 |           0 |           0 |           0 |           0 |           0 |           0 |           0 |
|     Power PP0 [W]    |           0 |         0 |         0 |         0 |         0 |         0 |         0 |         0 |         0 |         0 |           0 |           0 |           0 |           0 |           0 |           0 |           0 |           0 |
|    Energy DRAM [J]   |   6199.7337 |         0 |         0 |         0 |         0 |         0 |         0 |         0 |         0 |         0 |           0 |           0 |           0 |           0 |           0 |           0 |           0 |           0 |
|    Power DRAM [W]    |     10.5449 |         0 |         0 |         0 |         0 |         0 |         0 |         0 |         0 |         0 |           0 |           0 |           0 |           0 |           0 |           0 |           0 |           0 |
|  Energy PLATFORM [J] |           0 |         0 |         0 |         0 |         0 |         0 |         0 |         0 |         0 |         0 |           0 |           0 |           0 |           0 |           0 |           0 |           0 |           0 |
|  Power PLATFORM [W]  |           0 |         0 |         0 |         0 |         0 |         0 |         0 |         0 |         0 |         0 |           0 |           0 |           0 |           0 |           0 |           0 |           0 |           0 |
+----------------------+-------------+-----------+-----------+-----------+-----------+-----------+-----------+-----------+-----------+-----------+-------------+-------------+-------------+-------------+-------------+-------------+-------------+-------------+

+---------------------------+-------------+-----------+-------------+-----------+-----------+-----------+-----------+
|           Metric          |     Sum     |    Min    |     Max     |    Avg    |  %ile 25  |  %ile 50  |  %ile 75  |
+---------------------------+-------------+-----------+-------------+-----------+-----------+-----------+-----------+
|  Runtime (RDTSC) [s] STAT |  10582.6979 |  587.9161 |    587.9552 |  587.9277 |  587.9226 |  587.9249 |  587.9319 |
| Runtime unhalted [s] STAT |  11406.7322 |  631.1330 |    634.1860 |  633.7073 |  633.7973 |  633.8787 |  633.9628 |
|      Clock [MHz] STAT     |  46689.4517 | 2593.7617 |   2593.8688 | 2593.8584 | 2593.8601 | 2593.8647 | 2593.8667 |
|  Uncore Clock [MHz] STAT  |   2194.0965 |         0 |   2194.0965 |  121.8942 |         0 |         0 |         0 |
|          CPI STAT         |     10.1760 |    0.5309 |      0.5946 |    0.5653 |    0.5563 |    0.5686 |    0.5744 |
|    Temperature [C] STAT   |         775 |        40 |          46 |   43.0556 |        42 |        43 |        45 |
|      Energy [J] STAT      | 104695.9411 |         0 | 104695.9411 | 5816.4412 |         0 |         0 |         0 |
|       Power [W] STAT      |    178.0732 |         0 |    178.0732 |    9.8930 |         0 |         0 |         0 |
|    Energy PP0 [J] STAT    |           0 |         0 |           0 |         0 |         0 |         0 |         0 |
|     Power PP0 [W] STAT    |           0 |         0 |           0 |         0 |         0 |         0 |         0 |
|    Energy DRAM [J] STAT   |   6199.7337 |         0 |   6199.7337 |  344.4296 |         0 |         0 |         0 |
|    Power DRAM [W] STAT    |     10.5449 |         0 |     10.5449 |    0.5858 |         0 |         0 |         0 |
|  Energy PLATFORM [J] STAT |           0 |         0 |           0 |         0 |         0 |         0 |         0 |
|  Power PLATFORM [W] STAT  |           0 |         0 |           0 |         0 |         0 |         0 |         0 |
+---------------------------+-------------+-----------+-------------+-----------+-----------+-----------+-----------+

