Group: 1
+-----------------------+---------+---------------+---------------+---------------+---------------+---------------+---------------+---------------+---------------+---------------+---------------+---------------+---------------+---------------+---------------+---------------+---------------+---------------+---------------+
|         Event         | Counter |   f0660:0:0   |   f0660:1:1   |   f0660:2:2   |   f0660:3:3   |   f0660:4:4   |   f0660:5:5   |   f0660:6:6   |   f0660:7:7   |   f0660:8:8   |   f0660:9:9   |  f0660:10:10  |  f0660:11:11  |  f0660:12:12  |  f0660:13:13  |  f0660:14:14  |  f0660:15:15  |  f0660:16:16  |  f0660:17:17  |
+-----------------------+---------+---------------+---------------+---------------+---------------+---------------+---------------+---------------+---------------+---------------+---------------+---------------+---------------+---------------+---------------+---------------+---------------+---------------+---------------+
|   INSTR_RETIRED_ANY   |  FIXC0  | 2311330064798 | 2227242229043 | 2229416169514 | 2211831798871 | 2209509272531 | 2208401696500 | 2106349140514 | 2097466668904 | 2164338055363 | 2214687897483 | 2193778138878 | 2387177470624 | 2413825868187 | 2265694534432 | 2255614312334 | 2323921074922 | 2234051150813 | 2074087867754 |
| CPU_CLK_UNHALTED_CORE |  FIXC1  | 1285684814863 | 1291690856568 | 1290453265782 | 1290212762224 | 1289178028055 | 1288594727974 | 1288337359298 | 1287034773552 | 1287872570721 | 1286159175084 | 1285828521579 | 1286989070650 | 1285933969142 | 1286410081855 | 1285994090071 | 1286506981471 | 1286059703594 | 1285894012050 |
|  CPU_CLK_UNHALTED_REF |  FIXC2  | 2571366101856 | 2583375727200 | 2580901765536 | 2580421537440 | 2578351831008 | 2577184111584 | 2576670530688 | 2574065004672 | 2575740869376 | 2572312934400 | 2571652234368 | 2573973251424 | 2571862179648 | 2572812909888 | 2571983528160 | 2573009920608 | 2572113960864 | 2571785930976 |
|     TOPDOWN_SLOTS     |  FIXC3  | 6428424074315 | 6458454282840 | 6452266328910 | 6451063811120 | 6445890140275 | 6442973639870 | 6441686796490 | 6435173867760 | 6439362853605 | 6430795875420 | 6429142607895 | 6434945353250 | 6429669845710 | 6432050409275 | 6429970450355 | 6432534907355 | 6430298517970 | 6429470060250 |
|       TEMP_CORE       |   TMP0  |            32 |            35 |            33 |            34 |            36 |            34 |            34 |            33 |            33 |            36 |            36 |            36 |            33 |            34 |            34 |            34 |            35 |            34 |
|     PWR_PKG_ENERGY    |   PWR0  |    86749.7415 |             0 |             0 |             0 |             0 |             0 |             0 |             0 |             0 |             0 |             0 |             0 |             0 |             0 |             0 |             0 |             0 |             0 |
|     PWR_PP0_ENERGY    |   PWR1  |             0 |             0 |             0 |             0 |             0 |             0 |             0 |             0 |             0 |             0 |             0 |             0 |             0 |             0 |             0 |             0 |             0 |             0 |
|    PWR_DRAM_ENERGY    |   PWR3  |     6987.5244 |             0 |             0 |             0 |             0 |             0 |             0 |             0 |             0 |             0 |             0 |             0 |             0 |             0 |             0 |             0 |             0 |             0 |
|  PWR_PLATFORM_ENERGY  |   PWR4  |             0 |             0 |             0 |             0 |             0 |             0 |             0 |             0 |             0 |             0 |             0 |             0 |             0 |             0 |             0 |             0 |             0 |             0 |
|   UNCORE_CLOCKTICKS   | UBOXFIX | 1349770512117 |             0 |             0 |             0 |             0 |             0 |             0 |             0 |             0 |             0 |             0 |             0 |             0 |             0 |             0 |             0 |             0 |             0 |
+-----------------------+---------+---------------+---------------+---------------+---------------+---------------+---------------+---------------+---------------+---------------+---------------+---------------+---------------+---------------+---------------+---------------+---------------+---------------+---------------+

+----------------------------+---------+-----------------+---------------+---------------+--------------+
|            Event           | Counter |       Sum       |      Min      |      Max      |      Avg     |
+----------------------------+---------+-----------------+---------------+---------------+--------------+
|   INSTR_RETIRED_ANY STAT   |  FIXC0  |  40128723411465 | 2074087867754 | 2413825868187 | 2.229374e+12 |
| CPU_CLK_UNHALTED_CORE STAT |  FIXC1  |  23174834764533 | 1285684814863 | 1291690856568 | 1.287491e+12 |
|  CPU_CLK_UNHALTED_REF STAT |  FIXC2  |  46349584329696 | 2571366101856 | 2583375727200 | 2.574977e+12 |
|     TOPDOWN_SLOTS STAT     |  FIXC3  | 115874173822665 | 6428424074315 | 6458454282840 | 6.437454e+12 |
|       TEMP_CORE STAT       |   TMP0  |             616 |            32 |            36 |      34.2222 |
|     PWR_PKG_ENERGY STAT    |   PWR0  |      86749.7415 |             0 |    86749.7415 |    4819.4301 |
|     PWR_PP0_ENERGY STAT    |   PWR1  |               0 |             0 |             0 |            0 |
|    PWR_DRAM_ENERGY STAT    |   PWR3  |       6987.5244 |             0 |     6987.5244 |     388.1958 |
|  PWR_PLATFORM_ENERGY STAT  |   PWR4  |               0 |             0 |             0 |            0 |
|   UNCORE_CLOCKTICKS STAT   | UBOXFIX |   1349770512117 |             0 | 1349770512117 | 7.498725e+10 |
+----------------------------+---------+-----------------+---------------+---------------+--------------+

+----------------------+------------+-----------+-----------+-----------+-----------+-----------+-----------+-----------+-----------+-----------+-------------+-------------+-------------+-------------+-------------+-------------+-------------+-------------+
|        Metric        |  f0660:0:0 | f0660:1:1 | f0660:2:2 | f0660:3:3 | f0660:4:4 | f0660:5:5 | f0660:6:6 | f0660:7:7 | f0660:8:8 | f0660:9:9 | f0660:10:10 | f0660:11:11 | f0660:12:12 | f0660:13:13 | f0660:14:14 | f0660:15:15 | f0660:16:16 | f0660:17:17 |
+----------------------+------------+-----------+-----------+-----------+-----------+-----------+-----------+-----------+-----------+-----------+-------------+-------------+-------------+-------------+-------------+-------------+-------------+-------------+
|  Runtime (RDTSC) [s] |  1086.0420 | 1086.0220 | 1086.0510 | 1086.0230 | 1086.0530 | 1085.9180 | 1086.0440 | 1086.0510 | 1085.9450 | 1086.0530 |   1086.0530 |   1086.0440 |   1085.9610 |   1086.0010 |   1086.0480 |   1086.0250 |   1086.0520 |   1086.0350 |
| Runtime unhalted [s] |   536.9718 |  539.4797 |  538.9635 |  538.8631 |  538.4306 |  538.1861 |  538.0785 |  537.5348 |  537.8856 |  537.1731 |    537.0318 |    537.5168 |    537.0759 |    537.2736 |    537.1012 |    537.3147 |    537.1274 |    537.0597 |
|      Clock [MHz]     |  1197.1639 | 1197.1662 | 1197.1642 | 1197.1637 | 1197.1647 | 1197.1671 | 1197.1667 | 1197.1663 | 1197.1642 | 1197.1578 |   1197.1646 |   1197.1640 |   1197.1649 |   1197.1681 |   1197.1640 |   1197.1652 |   1197.1671 |   1197.1620 |
|  Uncore Clock [MHz]  |  1242.8345 |         0 |         0 |         0 |         0 |         0 |         0 |         0 |         0 |         0 |           0 |           0 |           0 |           0 |           0 |           0 |           0 |           0 |
|          CPI         |     0.5563 |    0.5800 |    0.5788 |    0.5833 |    0.5835 |    0.5835 |    0.6116 |    0.6136 |    0.5950 |    0.5807 |      0.5861 |      0.5391 |      0.5327 |      0.5678 |      0.5701 |      0.5536 |      0.5757 |      0.6200 |
|    Temperature [C]   |         32 |        35 |        33 |        34 |        36 |        34 |        34 |        33 |        33 |        36 |          36 |          36 |          33 |          34 |          34 |          34 |          35 |          34 |
|      Energy [J]      | 86749.7415 |         0 |         0 |         0 |         0 |         0 |         0 |         0 |         0 |         0 |           0 |           0 |           0 |           0 |           0 |           0 |           0 |           0 |
|       Power [W]      |    79.8770 |         0 |         0 |         0 |         0 |         0 |         0 |         0 |         0 |         0 |           0 |           0 |           0 |           0 |           0 |           0 |           0 |           0 |
|    Energy PP0 [J]    |          0 |         0 |         0 |         0 |         0 |         0 |         0 |         0 |         0 |         0 |           0 |           0 |           0 |           0 |           0 |           0 |           0 |           0 |
|     Power PP0 [W]    |          0 |         0 |         0 |         0 |         0 |         0 |         0 |         0 |         0 |         0 |           0 |           0 |           0 |           0 |           0 |           0 |           0 |           0 |
|    Energy DRAM [J]   |  6987.5244 |         0 |         0 |         0 |         0 |         0 |         0 |         0 |         0 |         0 |           0 |           0 |           0 |           0 |           0 |           0 |           0 |           0 |
|    Power DRAM [W]    |     6.4339 |         0 |         0 |         0 |         0 |         0 |         0 |         0 |         0 |         0 |           0 |           0 |           0 |           0 |           0 |           0 |           0 |           0 |
|  Energy PLATFORM [J] |          0 |         0 |         0 |         0 |         0 |         0 |         0 |         0 |         0 |         0 |           0 |           0 |           0 |           0 |           0 |           0 |           0 |           0 |
|  Power PLATFORM [W]  |          0 |         0 |         0 |         0 |         0 |         0 |         0 |         0 |         0 |         0 |           0 |           0 |           0 |           0 |           0 |           0 |           0 |           0 |
+----------------------+------------+-----------+-----------+-----------+-----------+-----------+-----------+-----------+-----------+-----------+-------------+-------------+-------------+-------------+-------------+-------------+-------------+-------------+

+---------------------------+------------+-----------+------------+-----------+-----------+-----------+-----------+
|           Metric          |     Sum    |    Min    |     Max    |    Avg    |  %ile 25  |  %ile 50  |  %ile 75  |
+---------------------------+------------+-----------+------------+-----------+-----------+-----------+-----------+
|  Runtime (RDTSC) [s] STAT | 19548.4210 | 1085.9180 |  1086.0530 | 1086.0234 | 1086.0220 | 1086.0420 | 1086.0510 |
| Runtime unhalted [s] STAT |  9679.0679 |  536.9718 |   539.4797 |  537.7260 |  537.1012 |  537.3147 |  538.1861 |
|      Clock [MHz] STAT     | 21548.9647 | 1197.1578 |  1197.1681 | 1197.1647 | 1197.1640 | 1197.1646 | 1197.1663 |
|  Uncore Clock [MHz] STAT  |  1242.8345 |         0 |  1242.8345 |   69.0464 |         0 |         0 |         0 |
|          CPI STAT         |    10.4114 |    0.5327 |     0.6200 |    0.5784 |    0.5678 |    0.5800 |    0.5861 |
|    Temperature [C] STAT   |        616 |        32 |         36 |   34.2222 |        33 |        34 |        35 |
|      Energy [J] STAT      | 86749.7415 |         0 | 86749.7415 | 4819.4301 |         0 |         0 |         0 |
|       Power [W] STAT      |    79.8770 |         0 |    79.8770 |    4.4376 |         0 |         0 |         0 |
|    Energy PP0 [J] STAT    |          0 |         0 |          0 |         0 |         0 |         0 |         0 |
|     Power PP0 [W] STAT    |          0 |         0 |          0 |         0 |         0 |         0 |         0 |
|    Energy DRAM [J] STAT   |  6987.5244 |         0 |  6987.5244 |  388.1958 |         0 |         0 |         0 |
|    Power DRAM [W] STAT    |     6.4339 |         0 |     6.4339 |    0.3574 |         0 |         0 |         0 |
|  Energy PLATFORM [J] STAT |          0 |         0 |          0 |         0 |         0 |         0 |         0 |
|  Power PLATFORM [W] STAT  |          0 |         0 |          0 |         0 |         0 |         0 |         0 |
+---------------------------+------------+-----------+------------+-----------+-----------+-----------+-----------+

