Group: 1
+-----------------------+---------+---------------+---------------+---------------+---------------+---------------+---------------+---------------+---------------+---------------+---------------+---------------+---------------+---------------+---------------+---------------+---------------+---------------+---------------+
|         Event         | Counter |   f0660:0:0   |   f0660:1:1   |   f0660:2:2   |   f0660:3:3   |   f0660:4:4   |   f0660:5:5   |   f0660:6:6   |   f0660:7:7   |   f0660:8:8   |   f0660:9:9   |  f0660:10:10  |  f0660:11:11  |  f0660:12:12  |  f0660:13:13  |  f0660:14:14  |  f0660:15:15  |  f0660:16:16  |  f0660:17:17  |
+-----------------------+---------+---------------+---------------+---------------+---------------+---------------+---------------+---------------+---------------+---------------+---------------+---------------+---------------+---------------+---------------+---------------+---------------+---------------+---------------+
|   INSTR_RETIRED_ANY   |  FIXC0  | 2299978501740 | 2245851067309 | 2235096676029 | 2210754719766 | 2199379194319 | 2201778251087 | 2097471788739 | 2103424910149 | 2162330086651 | 2216001932085 | 2201786634397 | 2400333161877 | 2434516581624 | 2266856712550 | 2264088526486 | 2336437718027 | 2261030152120 | 2073920544484 |
| CPU_CLK_UNHALTED_CORE |  FIXC1  | 1352868556736 | 1361914312626 | 1360751063352 | 1360904294453 | 1360054038414 | 1360065609138 | 1358183055166 | 1358213644725 | 1358828846681 | 1357120210981 | 1358116437139 | 1356865711607 | 1356840618329 | 1357531208535 | 1356797609244 | 1357268720901 | 1356872597629 | 1357093134404 |
|  CPU_CLK_UNHALTED_REF |  FIXC2  | 1352866044960 | 1361911446816 | 1360749523104 | 1360900706400 | 1360048869888 | 1360061650176 | 1358177801472 | 1358209206528 | 1358823487488 | 1357114465536 | 1358111444544 | 1356862314240 | 1356836462592 | 1357529468352 | 1356791713440 | 1357264390464 | 1356868286592 | 1357090644480 |
|     TOPDOWN_SLOTS     |  FIXC3  | 6764342783680 | 6809571563130 | 6803755316760 | 6804521472265 | 6800270192070 | 6800328045690 | 6790915275830 | 6791068223625 | 6794144233405 | 6785601054905 | 6790582185695 | 6784328558035 | 6784203091645 | 6787656042675 | 6783988046220 | 6786343604505 | 6784362988145 | 6785465672020 |
|       TEMP_CORE       |   TMP0  |            40 |            43 |            41 |            42 |            44 |            43 |            43 |            43 |            42 |            45 |            43 |            44 |            43 |            44 |            43 |            42 |            42 |            41 |
|     PWR_PKG_ENERGY    |   PWR0  |    88951.8251 |             0 |             0 |             0 |             0 |             0 |             0 |             0 |             0 |             0 |             0 |             0 |             0 |             0 |             0 |             0 |             0 |             0 |
|     PWR_PP0_ENERGY    |   PWR1  |             0 |             0 |             0 |             0 |             0 |             0 |             0 |             0 |             0 |             0 |             0 |             0 |             0 |             0 |             0 |             0 |             0 |             0 |
|    PWR_DRAM_ENERGY    |   PWR3  |     5935.3187 |             0 |             0 |             0 |             0 |             0 |             0 |             0 |             0 |             0 |             0 |             0 |             0 |             0 |             0 |             0 |             0 |             0 |
|  PWR_PLATFORM_ENERGY  |   PWR4  |             0 |             0 |             0 |             0 |             0 |             0 |             0 |             0 |             0 |             0 |             0 |             0 |             0 |             0 |             0 |             0 |             0 |             0 |
|   UNCORE_CLOCKTICKS   | UBOXFIX | 1253122453160 |             0 |             0 |             0 |             0 |             0 |             0 |             0 |             0 |             0 |             0 |             0 |             0 |             0 |             0 |             0 |             0 |             0 |
+-----------------------+---------+---------------+---------------+---------------+---------------+---------------+---------------+---------------+---------------+---------------+---------------+---------------+---------------+---------------+---------------+---------------+---------------+---------------+---------------+

+----------------------------+---------+-----------------+---------------+---------------+--------------+
|            Event           | Counter |       Sum       |      Min      |      Max      |      Avg     |
+----------------------------+---------+-----------------+---------------+---------------+--------------+
|   INSTR_RETIRED_ANY STAT   |  FIXC0  |  40211037159439 | 2073920544484 | 2434516581624 | 2.233947e+12 |
| CPU_CLK_UNHALTED_CORE STAT |  FIXC1  |  24446289670060 | 1352868556736 | 1361914312626 | 1.358127e+12 |
|  CPU_CLK_UNHALTED_REF STAT |  FIXC2  |  24446217927072 | 1352866044960 | 1361911446816 | 1.358123e+12 |
|     TOPDOWN_SLOTS STAT     |  FIXC3  | 122231448350300 | 6764342783680 | 6809571563130 | 6.790636e+12 |
|       TEMP_CORE STAT       |   TMP0  |             768 |            40 |            45 |      42.6667 |
|     PWR_PKG_ENERGY STAT    |   PWR0  |      88951.8251 |             0 |    88951.8251 |    4941.7681 |
|     PWR_PP0_ENERGY STAT    |   PWR1  |               0 |             0 |             0 |            0 |
|    PWR_DRAM_ENERGY STAT    |   PWR3  |       5935.3187 |             0 |     5935.3187 |     329.7399 |
|  PWR_PLATFORM_ENERGY STAT  |   PWR4  |               0 |             0 |             0 |            0 |
|   UNCORE_CLOCKTICKS STAT   | UBOXFIX |   1253122453160 |             0 | 1253122453160 | 6.961791e+10 |
+----------------------------+---------+-----------------+---------------+---------------+--------------+

+----------------------+------------+-----------+-----------+-----------+-----------+-----------+-----------+-----------+-----------+-----------+-------------+-------------+-------------+-------------+-------------+-------------+-------------+-------------+
|        Metric        |  f0660:0:0 | f0660:1:1 | f0660:2:2 | f0660:3:3 | f0660:4:4 | f0660:5:5 | f0660:6:6 | f0660:7:7 | f0660:8:8 | f0660:9:9 | f0660:10:10 | f0660:11:11 | f0660:12:12 | f0660:13:13 | f0660:14:14 | f0660:15:15 | f0660:16:16 | f0660:17:17 |
+----------------------+------------+-----------+-----------+-----------+-----------+-----------+-----------+-----------+-----------+-----------+-------------+-------------+-------------+-------------+-------------+-------------+-------------+-------------+
|  Runtime (RDTSC) [s] |   572.3105 |  572.2946 |  572.3205 |  572.2947 |  572.2923 |  572.2984 |  572.2974 |  572.3316 |  572.4109 |  572.2916 |    572.3058 |    572.2865 |    572.2850 |    572.3051 |    572.2974 |    572.3104 |    572.2949 |    572.2907 |
| Runtime unhalted [s] |   565.0305 |  568.8079 |  568.3461 |  568.3866 |  568.0325 |  568.0365 |  567.2516 |  567.3035 |  567.6314 |  566.8064 |    567.2227 |    566.6996 |    566.6914 |    566.9841 |    566.6721 |    566.8819 |    566.7027 |    566.7951 |
|      Clock [MHz]     |  2394.3330 | 2394.3361 | 2394.2323 | 2394.3348 | 2394.3336 | 2394.3350 | 2394.3314 | 2394.1647 | 2393.8674 | 2394.3377 |   2394.3355 |   2394.3359 |   2394.3272 |   2394.3053 |   2394.3360 |   2394.2782 |   2394.3364 |   2394.3320 |
|  Uncore Clock [MHz]  |  2189.5849 |         0 |         0 |         0 |         0 |         0 |         0 |         0 |         0 |         0 |           0 |           0 |           0 |           0 |           0 |           0 |           0 |           0 |
|          CPI         |     0.5882 |    0.6064 |    0.6088 |    0.6156 |    0.6184 |    0.6177 |    0.6475 |    0.6457 |    0.6284 |    0.6124 |      0.6168 |      0.5653 |      0.5573 |      0.5989 |      0.5993 |      0.5809 |      0.6001 |      0.6544 |
|    Temperature [C]   |         40 |        43 |        41 |        42 |        44 |        43 |        43 |        43 |        42 |        45 |          43 |          44 |          43 |          44 |          43 |          42 |          42 |          41 |
|      Energy [J]      | 88951.8251 |         0 |         0 |         0 |         0 |         0 |         0 |         0 |         0 |         0 |           0 |           0 |           0 |           0 |           0 |           0 |           0 |           0 |
|       Power [W]      |   155.4258 |         0 |         0 |         0 |         0 |         0 |         0 |         0 |         0 |         0 |           0 |           0 |           0 |           0 |           0 |           0 |           0 |           0 |
|    Energy PP0 [J]    |          0 |         0 |         0 |         0 |         0 |         0 |         0 |         0 |         0 |         0 |           0 |           0 |           0 |           0 |           0 |           0 |           0 |           0 |
|     Power PP0 [W]    |          0 |         0 |         0 |         0 |         0 |         0 |         0 |         0 |         0 |         0 |           0 |           0 |           0 |           0 |           0 |           0 |           0 |           0 |
|    Energy DRAM [J]   |  5935.3187 |         0 |         0 |         0 |         0 |         0 |         0 |         0 |         0 |         0 |           0 |           0 |           0 |           0 |           0 |           0 |           0 |           0 |
|    Power DRAM [W]    |    10.3708 |         0 |         0 |         0 |         0 |         0 |         0 |         0 |         0 |         0 |           0 |           0 |           0 |           0 |           0 |           0 |           0 |           0 |
|  Energy PLATFORM [J] |          0 |         0 |         0 |         0 |         0 |         0 |         0 |         0 |         0 |         0 |           0 |           0 |           0 |           0 |           0 |           0 |           0 |           0 |
|  Power PLATFORM [W]  |          0 |         0 |         0 |         0 |         0 |         0 |         0 |         0 |         0 |         0 |           0 |           0 |           0 |           0 |           0 |           0 |           0 |           0 |
+----------------------+------------+-----------+-----------+-----------+-----------+-----------+-----------+-----------+-----------+-----------+-------------+-------------+-------------+-------------+-------------+-------------+-------------+-------------+

+---------------------------+------------+-----------+------------+-----------+-----------+-----------+-----------+
|           Metric          |     Sum    |    Min    |     Max    |    Avg    |  %ile 25  |  %ile 50  |  %ile 75  |
+---------------------------+------------+-----------+------------+-----------+-----------+-----------+-----------+
|  Runtime (RDTSC) [s] STAT | 10301.5183 |  572.2850 |   572.4109 |  572.3066 |  572.2923 |  572.2974 |  572.3104 |
| Runtime unhalted [s] STAT | 10210.2826 |  565.0305 |   568.8079 |  567.2379 |  566.7027 |  566.9841 |  568.0325 |
|      Clock [MHz] STAT     | 43097.1925 | 2393.8674 |  2394.3377 | 2394.2885 | 2394.3053 | 2394.3330 | 2394.3359 |
|  Uncore Clock [MHz] STAT  |  2189.5849 |         0 |  2189.5849 |  121.6436 |         0 |         0 |         0 |
|          CPI STAT         |    10.9621 |    0.5573 |     0.6544 |    0.6090 |    0.5989 |    0.6088 |    0.6184 |
|    Temperature [C] STAT   |        768 |        40 |         45 |   42.6667 |        42 |        43 |        43 |
|      Energy [J] STAT      | 88951.8251 |         0 | 88951.8251 | 4941.7681 |         0 |         0 |         0 |
|       Power [W] STAT      |   155.4258 |         0 |   155.4258 |    8.6348 |         0 |         0 |         0 |
|    Energy PP0 [J] STAT    |          0 |         0 |          0 |         0 |         0 |         0 |         0 |
|     Power PP0 [W] STAT    |          0 |         0 |          0 |         0 |         0 |         0 |         0 |
|    Energy DRAM [J] STAT   |  5935.3187 |         0 |  5935.3187 |  329.7399 |         0 |         0 |         0 |
|    Power DRAM [W] STAT    |    10.3708 |         0 |    10.3708 |    0.5762 |         0 |         0 |         0 |
|  Energy PLATFORM [J] STAT |          0 |         0 |          0 |         0 |         0 |         0 |         0 |
|  Power PLATFORM [W] STAT  |          0 |         0 |          0 |         0 |         0 |         0 |         0 |
+---------------------------+------------+-----------+------------+-----------+-----------+-----------+-----------+

