Group: 1
+-----------------------+---------+---------------+---------------+---------------+---------------+---------------+---------------+---------------+---------------+---------------+---------------+---------------+---------------+---------------+---------------+---------------+---------------+---------------+---------------+
|         Event         | Counter |   f0880:0:0   |   f0880:1:1   |   f0880:2:2   |   f0880:3:3   |   f0880:4:4   |   f0880:5:5   |   f0880:6:6   |   f0880:7:7   |   f0880:8:8   |   f0880:9:9   |  f0880:10:10  |  f0880:11:11  |  f0880:12:12  |  f0880:13:13  |  f0880:14:14  |  f0880:15:15  |  f0880:16:16  |  f0880:17:17  |
+-----------------------+---------+---------------+---------------+---------------+---------------+---------------+---------------+---------------+---------------+---------------+---------------+---------------+---------------+---------------+---------------+---------------+---------------+---------------+---------------+
|   INSTR_RETIRED_ANY   |  FIXC0  | 2435350084003 | 2418869195585 | 2405710515938 | 2366840061454 | 2313396017130 | 2282557138918 | 2276542500874 | 2274278717453 | 2276990847509 | 2273028396817 | 2165728720181 | 2168982983687 | 2174374564122 | 2201623514603 | 2245144709224 | 2266863220547 | 2287281547165 | 2323491502757 |
| CPU_CLK_UNHALTED_CORE |  FIXC1  | 1230261662677 | 1228907313748 | 1231152728570 | 1231234950298 | 1231270475755 | 1231362439474 | 1231390667520 | 1231115122259 | 1231436887674 | 1231407326796 | 1231345901264 | 1231274231356 | 1231133021343 | 1231008982941 | 1231216282758 | 1231314514023 | 1230958316901 | 1231240887650 |
|  CPU_CLK_UNHALTED_REF |  FIXC2  | 1845402958560 | 1843373733024 | 1846735904640 | 1846861278720 | 1846916950560 | 1847054818464 | 1847096962464 | 1846684701408 | 1847165518080 | 1847122340256 | 1847029529088 | 1846923138048 | 1846710341568 | 1846525488288 | 1846836792480 | 1846974571200 | 1846449315744 | 1846869876288 |
|     TOPDOWN_SLOTS     |  FIXC3  | 6151308313385 | 6144536568740 | 6155763642850 | 6156174751490 | 6156352378775 | 6156812197370 | 6156953337600 | 6155575611295 | 6157184438370 | 6157036633980 | 6156729506320 | 6156371156780 | 6155665106715 | 6155044914705 | 6156081413790 | 6156572570115 | 6154791584505 | 6156204438250 |
|       TEMP_CORE       |   TMP0  |            39 |            40 |            40 |            38 |            37 |            37 |            38 |            42 |            38 |            38 |            37 |            38 |            40 |            39 |            40 |            36 |            39 |            37 |
|     PWR_PKG_ENERGY    |   PWR0  |    80595.1138 |             0 |             0 |             0 |             0 |             0 |             0 |             0 |             0 |             0 |             0 |             0 |             0 |             0 |             0 |             0 |             0 |             0 |
|     PWR_PP0_ENERGY    |   PWR1  |             0 |             0 |             0 |             0 |             0 |             0 |             0 |             0 |             0 |             0 |             0 |             0 |             0 |             0 |             0 |             0 |             0 |             0 |
|    PWR_DRAM_ENERGY    |   PWR3  |     5557.9278 |             0 |             0 |             0 |             0 |             0 |             0 |             0 |             0 |             0 |             0 |             0 |             0 |             0 |             0 |             0 |             0 |             0 |
|  PWR_PLATFORM_ENERGY  |   PWR4  |             0 |             0 |             0 |             0 |             0 |             0 |             0 |             0 |             0 |             0 |             0 |             0 |             0 |             0 |             0 |             0 |             0 |             0 |
|   UNCORE_CLOCKTICKS   | UBOXFIX | 1230497387334 |             0 |             0 |             0 |             0 |             0 |             0 |             0 |             0 |             0 |             0 |             0 |             0 |             0 |             0 |             0 |             0 |             0 |
+-----------------------+---------+---------------+---------------+---------------+---------------+---------------+---------------+---------------+---------------+---------------+---------------+---------------+---------------+---------------+---------------+---------------+---------------+---------------+---------------+

+----------------------------+---------+-----------------+---------------+---------------+--------------+
|            Event           | Counter |       Sum       |      Min      |      Max      |      Avg     |
+----------------------------+---------+-----------------+---------------+---------------+--------------+
|   INSTR_RETIRED_ANY STAT   |  FIXC0  |  41157054237967 | 2165728720181 | 2435350084003 | 2.286503e+12 |
| CPU_CLK_UNHALTED_CORE STAT |  FIXC1  |  22159031713007 | 1228907313748 | 1231436887674 | 1.231057e+12 |
|  CPU_CLK_UNHALTED_REF STAT |  FIXC2  |  33238734218880 | 1843373733024 | 1847165518080 | 1.846596e+12 |
|     TOPDOWN_SLOTS STAT     |  FIXC3  | 110795158565035 | 6144536568740 | 6157184438370 | 6.155287e+12 |
|       TEMP_CORE STAT       |   TMP0  |             693 |            36 |            42 |      38.5000 |
|     PWR_PKG_ENERGY STAT    |   PWR0  |      80595.1138 |             0 |    80595.1138 |    4477.5063 |
|     PWR_PP0_ENERGY STAT    |   PWR1  |               0 |             0 |             0 |            0 |
|    PWR_DRAM_ENERGY STAT    |   PWR3  |       5557.9278 |             0 |     5557.9278 |     308.7738 |
|  PWR_PLATFORM_ENERGY STAT  |   PWR4  |               0 |             0 |             0 |            0 |
|   UNCORE_CLOCKTICKS STAT   | UBOXFIX |   1230497387334 |             0 | 1230497387334 |  68360965963 |
+----------------------------+---------+-----------------+---------------+---------------+--------------+

+----------------------+------------+-----------+-----------+-----------+-----------+-----------+-----------+-----------+-----------+-----------+-------------+-------------+-------------+-------------+-------------+-------------+-------------+-------------+
|        Metric        |  f0880:0:0 | f0880:1:1 | f0880:2:2 | f0880:3:3 | f0880:4:4 | f0880:5:5 | f0880:6:6 | f0880:7:7 | f0880:8:8 | f0880:9:9 | f0880:10:10 | f0880:11:11 | f0880:12:12 | f0880:13:13 | f0880:14:14 | f0880:15:15 | f0880:16:16 | f0880:17:17 |
+----------------------+------------+-----------+-----------+-----------+-----------+-----------+-----------+-----------+-----------+-----------+-------------+-------------+-------------+-------------+-------------+-------------+-------------+-------------+
|  Runtime (RDTSC) [s] |   774.9946 |  774.9940 |  774.9993 |  774.9896 |  775.0042 |  774.9879 |  774.9926 |  774.9931 |  774.9947 |  774.9945 |    774.9963 |    774.9928 |    774.9955 |    775.0024 |    774.9925 |    775.0012 |    774.9710 |    774.9909 |
| Runtime unhalted [s] |   513.8265 |  513.2554 |  514.1936 |  514.2276 |  514.2424 |  514.2805 |  514.2930 |  514.1772 |  514.3117 |  514.3008 |    514.2745 |    514.2451 |    514.1856 |    514.1439 |    514.2194 |    514.2635 |    514.1123 |    514.2304 |
|      Clock [MHz]     |  1596.1999 | 1596.2148 | 1596.2189 | 1596.2180 | 1596.2161 | 1596.2173 | 1596.2150 | 1596.2163 | 1596.2176 | 1596.2122 |   1596.2146 |   1596.2122 |   1596.2146 |   1596.1820 |   1596.2162 |   1596.2149 |   1596.2148 |   1596.2174 |
|  Uncore Clock [MHz]  |  1587.7496 |         0 |         0 |         0 |         0 |         0 |         0 |         0 |         0 |         0 |           0 |           0 |           0 |           0 |           0 |           0 |           0 |           0 |
|          CPI         |     0.5052 |    0.5081 |    0.5118 |    0.5202 |    0.5322 |    0.5395 |    0.5409 |    0.5413 |    0.5408 |    0.5417 |      0.5686 |      0.5677 |      0.5662 |      0.5591 |      0.5484 |      0.5432 |      0.5382 |      0.5299 |
|    Temperature [C]   |         39 |        40 |        40 |        38 |        37 |        37 |        38 |        42 |        38 |        38 |          37 |          38 |          40 |          39 |          40 |          36 |          39 |          37 |
|      Energy [J]      | 80595.1138 |         0 |         0 |         0 |         0 |         0 |         0 |         0 |         0 |         0 |           0 |           0 |           0 |           0 |           0 |           0 |           0 |           0 |
|       Power [W]      |   103.9944 |         0 |         0 |         0 |         0 |         0 |         0 |         0 |         0 |         0 |           0 |           0 |           0 |           0 |           0 |           0 |           0 |           0 |
|    Energy PP0 [J]    |          0 |         0 |         0 |         0 |         0 |         0 |         0 |         0 |         0 |         0 |           0 |           0 |           0 |           0 |           0 |           0 |           0 |           0 |
|     Power PP0 [W]    |          0 |         0 |         0 |         0 |         0 |         0 |         0 |         0 |         0 |         0 |           0 |           0 |           0 |           0 |           0 |           0 |           0 |           0 |
|    Energy DRAM [J]   |  5557.9278 |         0 |         0 |         0 |         0 |         0 |         0 |         0 |         0 |         0 |           0 |           0 |           0 |           0 |           0 |           0 |           0 |           0 |
|    Power DRAM [W]    |     7.1716 |         0 |         0 |         0 |         0 |         0 |         0 |         0 |         0 |         0 |           0 |           0 |           0 |           0 |           0 |           0 |           0 |           0 |
|  Energy PLATFORM [J] |          0 |         0 |         0 |         0 |         0 |         0 |         0 |         0 |         0 |         0 |           0 |           0 |           0 |           0 |           0 |           0 |           0 |           0 |
|  Power PLATFORM [W]  |          0 |         0 |         0 |         0 |         0 |         0 |         0 |         0 |         0 |         0 |           0 |           0 |           0 |           0 |           0 |           0 |           0 |           0 |
+----------------------+------------+-----------+-----------+-----------+-----------+-----------+-----------+-----------+-----------+-----------+-------------+-------------+-------------+-------------+-------------+-------------+-------------+-------------+

+---------------------------+------------+-----------+------------+-----------+-----------+-----------+-----------+
|           Metric          |     Sum    |    Min    |     Max    |    Avg    |  %ile 25  |  %ile 50  |  %ile 75  |
+---------------------------+------------+-----------+------------+-----------+-----------+-----------+-----------+
|  Runtime (RDTSC) [s] STAT | 13949.8871 |  774.9710 |   775.0042 |  774.9937 |  774.9925 |  774.9940 |  774.9963 |
| Runtime unhalted [s] STAT |  9254.7834 |  513.2554 |   514.3117 |  514.1546 |  514.1772 |  514.2276 |  514.2745 |
|      Clock [MHz] STAT     | 28731.8328 | 1596.1820 |  1596.2189 | 1596.2129 | 1596.2146 | 1596.2149 | 1596.2173 |
|  Uncore Clock [MHz] STAT  |  1587.7496 |         0 |  1587.7496 |   88.2083 |         0 |         0 |         0 |
|          CPI STAT         |     9.7030 |    0.5052 |     0.5686 |    0.5391 |    0.5299 |    0.5408 |    0.5484 |
|    Temperature [C] STAT   |        693 |        36 |         42 |   38.5000 |        37 |        38 |        40 |
|      Energy [J] STAT      | 80595.1138 |         0 | 80595.1138 | 4477.5063 |         0 |         0 |         0 |
|       Power [W] STAT      |   103.9944 |         0 |   103.9944 |    5.7775 |         0 |         0 |         0 |
|    Energy PP0 [J] STAT    |          0 |         0 |          0 |         0 |         0 |         0 |         0 |
|     Power PP0 [W] STAT    |          0 |         0 |          0 |         0 |         0 |         0 |         0 |
|    Energy DRAM [J] STAT   |  5557.9278 |         0 |  5557.9278 |  308.7738 |         0 |         0 |         0 |
|    Power DRAM [W] STAT    |     7.1716 |         0 |     7.1716 |    0.3984 |         0 |         0 |         0 |
|  Energy PLATFORM [J] STAT |          0 |         0 |          0 |         0 |         0 |         0 |         0 |
|  Power PLATFORM [W] STAT  |          0 |         0 |          0 |         0 |         0 |         0 |         0 |
+---------------------------+------------+-----------+------------+-----------+-----------+-----------+-----------+

