                   :-) GROMACS - gmx mdrun, 2025.2-spack (-:

Copyright 1991-2025 The GROMACS Authors.
GROMACS is free software; you can redistribute it and/or modify it
under the terms of the GNU Lesser General Public License
as published by the Free Software Foundation; either version 2.1
of the License, or (at your option) any later version.

                         Current GROMACS contributors:
       Mark Abraham           Andrey Alekseenko           Brian Andrews       
      Vladimir Basov              Paul Bauer                Hugh Bird         
      Eliane Briand               Ania Brown              Mahesh Doijade      
      Giacomo Fiorin          Stefan Fleischmann          Sergey Gorelov      
   Gilles Gouaillardet            Alan Gray              M. Eric Irrgang      
   Farzaneh Jalalypour         Petter Johansson          Carsten Kutzner      
    Grzegorz Łazarski         Justin A. Lemkul          Magnus Lundborg      
       Pascal Merz             Vedran Miletić            Dmitry Morozov      
     Lukas Müllender            Julien Nabet             Szilárd Páll      
 Andrea Pasquadibisceglie     Michele Pellegrino         Nicola Piasentin     
     Daniele Rapetti         Muhammad Umair Sadiq         Hubert Santuz       
      Roland Schulz             Michael Shirts           Tatiana Shugaeva     
     Alexey Shvetsov            Philip Turner            Alessandra Villa     
 Sebastian Wingbermühle  

                         Previous GROMACS contributors:
        Emile Apol             Rossen Apostolov           James Barnett       
  Herman J.C. Berendsen         Cathrine Bergh             Par Bjelkmar       
      Christian Blau          Viacheslav Bolnykh            Kevin Boyd        
    Aldert van Buuren          Carlo Camilloni           Rudi van Drunen      
      Anton Feenstra           Oliver Fleetwood            Vytas Gapsys       
       Gaurav Garg             Gerrit Groenhof            Bert de Groot       
      Anca Hamuraru           Vincent Hindriksen          Victor Holanda      
     Aleksei Iupinov              Joe Jordan            Christoph Junghans    
    Prashanth Kanduri        Dimitrios Karkoulis           Peter Kasson       
      Sebastian Kehl           Sebastian Keller             Jiri Kraus        
       Per Larsson              Viveca Lindahl            Erik Marklund       
    Pieter Meulenhoff           Teemu Murtola              Sander Pronk       
      Alfons Sijbers            Balint Soproni         David van der Spoel    
      Peter Tieleman            Carsten Uphoff             Jon Vincent        
     Teemu Virolainen         Christian Wennberg           Maarten Wolf       
      Artem Zhmurov       

                  Coordinated by the GROMACS project leaders:
                           Berk Hess and Erik Lindahl

GROMACS:      gmx mdrun, version 2025.2-spack
Executable:   /apps/SPACK/0.23.0/opt/linux-almalinux9-zen4/gcc-11.4.1/gromacs-2025.2-y4v7dqwvnpcybafuodisfw35wrrzwytk/bin/gmx
Data prefix:  /apps/SPACK/0.23.0/opt/linux-almalinux9-zen4/gcc-11.4.1/gromacs-2025.2-y4v7dqwvnpcybafuodisfw35wrrzwytk
Working dir:  /home/hpc/ihpc/ihpc161h/GROMACS-BAthesis/runs/gromacs_H100-cap/510
Process ID:   101165
Command line:
  gmx mdrun -nsteps 200000 -maxh 0.2 -ntomp 16 -bonded gpu -update gpu -pme gpu -nb gpu -ntmpi 1 -pin on -pinstride 1 -s /home/hpc/ihpc/ihpc161h/GROMACS-BAthesis/inputs/FL_md1_berendsen.tpr -deffnm FL_md1_berendsen_510_h12-12_perflog -g FL_md1_berendsen_510_h12-12_perflog.log -gpu_id 0

GROMACS version:     2025.2-spack
Precision:           mixed
Memory model:        64 bit
MPI library:         thread_mpi
OpenMP support:      enabled (GMX_OPENMP_MAX_THREADS = 128)
GPU support:         CUDA
NBNxM GPU setup:     super-cluster 2x2x2 / cluster 8 (cluster-pair splitting on)
SIMD instructions:   AVX_512
CPU FFT library:     Intel MKL version 2024.0.2 Build 20240823
GPU FFT library:     cuFFT
Multi-GPU FFT:       none
RDTSCP usage:        enabled
TNG support:         enabled
Hwloc support:       hwloc-2.11.1
Tracing support:     disabled
C compiler:          /apps/SPACK/0.23.0/lib/spack/env/gcc/gcc GNU 11.5.0
C compiler flags:    -fexcess-precision=fast -funroll-all-loops -march=skylake-avx512 -Wno-missing-field-initializers -O3 -DNDEBUG
C++ compiler:        /apps/SPACK/0.23.0/lib/spack/env/gcc/g++ GNU 11.5.0
C++ compiler flags:  -fexcess-precision=fast -funroll-all-loops -march=skylake-avx512 -Wno-missing-field-initializers -Wno-cast-function-type-strict SHELL:-fopenmp -O3 -DNDEBUG
BLAS library:        External - user-supplied
LAPACK library:      External - user-supplied
CUDA compiler:       /apps/SPACK/0.23.0/opt/linux-almalinux9-x86_64_v4/gcc-11.4.1/cuda-12.6.2-vbdp42yzhdfbmub242scq4oxzy2bno5g/bin/nvcc nvcc: NVIDIA (R) Cuda compiler driver;Copyright (c) 2005-2024 NVIDIA Corporation;Built on Thu_Sep_12_02:18:05_PDT_2024;Cuda compilation tools, release 12.6, V12.6.77;Build cuda_12.6.r12.6/compiler.34841621_0
CUDA compiler flags: -O3 -DNDEBUG
CUDA driver:         13.10
CUDA runtime:        12.60


Running on 1 node with total 32 cores, 32 processing units, 1 compatible GPU
Hardware detected on host h12-12:
  CPU info:
    Vendor: AMD
    Brand:  AMD EPYC 9554 64-Core Processor                
    Family: 25   Model: 17   Stepping: 1
    Features: aes amd apic avx avx2 avx512f avx512cd avx512bw avx512vl avx512bf16 avx512secondFMA clfsh cmov cx8 cx16 f16c fma htt lahf misalignsse mmx msr nonstop_tsc pcid pclmuldq pdpe1gb popcnt pse rdrnd rdtscp sha sse2 sse3 sse4a sse4.1 sse4.2 ssse3
  Hardware topology: Full, with devices
    Packages, cores, and logical processors:
    [indices refer to OS logical processors]
      Package  0:
      Package  1: [  64] [  65] [  66] [  67] [  68] [  69] [  70] [  71] [  72] [  73] [  74] [  75] [  76] [  77] [  78] [  79] [  80] [  81] [  82] [  83] [  84] [  85] [  86] [  87] [  88] [  89] [  90] [  91] [  92] [  93] [  94] [  95]
    CPU limit set by OS: -1   Recommended max number of threads: 32
    Numa nodes:
      Node  0 (100514807808 bytes mem):
      Node  1 (101464154112 bytes mem):
      Node  2 (101464158208 bytes mem):
      Node  3 (101464154112 bytes mem):
      Node  4 (101464158208 bytes mem):  64  65  66  67  68  69  70  71  72  73  74  75  76  77  78  79
      Node  5 (101416185856 bytes mem):  80  81  82  83  84  85  86  87  88  89  90  91  92  93  94  95
      Node  6 (101464158208 bytes mem):
      Node  7 (101412478976 bytes mem):
      Latency:
               0     1     2     3     4     5     6     7
         0  1.00  1.20  1.20  1.20  3.20  3.20  3.20  3.20
         1  1.20  1.00  1.20  1.20  3.20  3.20  3.20  3.20
         2  1.20  1.20  1.00  1.20  3.20  3.20  3.20  3.20
         3  1.20  1.20  1.20  1.00  3.20  3.20  3.20  3.20
         4  3.20  3.20  3.20  3.20  1.00  1.20  1.20  1.20
         5  3.20  3.20  3.20  3.20  1.20  1.00  1.20  1.20
         6  3.20  3.20  3.20  3.20  1.20  1.20  1.00  1.20
         7  3.20  3.20  3.20  3.20  1.20  1.20  1.20  1.00
    Caches:
      L1: 32768 bytes, linesize 64 bytes, assoc. 8, shared 1 ways
      L2: 1048576 bytes, linesize 64 bytes, assoc. 8, shared 1 ways
      L3: 33554432 bytes, linesize 64 bytes, assoc. 16, shared 8 ways
    PCI devices:
      0000:41:00.0  Id: 15b3:101f  Class: 0x0200  Numa: 0
      0000:41:00.1  Id: 15b3:101f  Class: 0x0200  Numa: 0
      0000:61:00.0  Id: 144d:a826  Class: 0x0108  Numa: 1
      0000:62:00.0  Id: 144d:a826  Class: 0x0108  Numa: 1
      0000:64:00.0  Id: 1a03:2000  Class: 0x0300  Numa: 1
      0000:23:00.0  Id: 15b3:1021  Class: 0x0207  Numa: 2
      0000:26:00.0  Id: 10de:2339  Class: 0x0302  Numa: 2
      0000:03:00.0  Id: 15b3:1021  Class: 0x0207  Numa: 3
      0000:06:00.0  Id: 10de:2339  Class: 0x0302  Numa: 3
      0000:07:00.0  Id: 8086:1533  Class: 0x0200  Numa: 3
      0000:c3:00.0  Id: 15b3:1021  Class: 0x0207  Numa: 4
      0000:c6:00.0  Id: 10de:2339  Class: 0x0302  Numa: 4
      0000:a3:00.0  Id: 15b3:1021  Class: 0x0207  Numa: 6
      0000:a6:00.0  Id: 10de:2339  Class: 0x0302  Numa: 6
  GPU info:
    Number of GPUs detected: 1
    #0: NVIDIA NVIDIA H100, compute cap.: 9.0, ECC: yes, stat: compatible


++++ PLEASE READ AND CITE THE FOLLOWING REFERENCE ++++
M. J. Abraham, T. Murtola, R. Schulz, S. Páll, J. C. Smith, B. Hess, E.
Lindahl
GROMACS: High performance molecular simulations through multi-level
parallelism from laptops to supercomputers
SoftwareX (2015)
DOI: 10.1016/j.softx.2015.06.001
-------- -------- --- Thank You --- -------- --------


++++ PLEASE READ AND CITE THE FOLLOWING REFERENCE ++++
S. Páll, M. J. Abraham, C. Kutzner, B. Hess, E. Lindahl
Tackling Exascale Software Challenges in Molecular Dynamics Simulations with
GROMACS
In S. Markidis & E. Laure (Eds.), Solving Software Challenges for Exascale (2015)
DOI: 10.1007/978-3-319-15976-8_1
-------- -------- --- Thank You --- -------- --------


++++ PLEASE READ AND CITE THE FOLLOWING REFERENCE ++++
S. Pronk, S. Páll, R. Schulz, P. Larsson, P. Bjelkmar, R. Apostolov, M. R.
Shirts, J. C. Smith, P. M. Kasson, D. van der Spoel, B. Hess, E. Lindahl
GROMACS 4.5: a high-throughput and highly parallel open source molecular
simulation toolkit
Bioinformatics (2013)
DOI: 10.1093/bioinformatics/btt055
-------- -------- --- Thank You --- -------- --------


++++ PLEASE READ AND CITE THE FOLLOWING REFERENCE ++++
B. Hess, C. Kutzner, D. van der Spoel, E. Lindahl
GROMACS 4: Algorithms for highly efficient, load-balanced, and scalable
molecular simulation
J. Chem. Theory Comput. (2008)
DOI: 10.1021/ct700301q
-------- -------- --- Thank You --- -------- --------


++++ PLEASE READ AND CITE THE FOLLOWING REFERENCE ++++
D. van der Spoel, E. Lindahl, B. Hess, G. Groenhof, A. E. Mark, H. J. C.
Berendsen
GROMACS: Fast, Flexible and Free
J. Comp. Chem. (2005)
DOI: 10.1002/jcc.20291
-------- -------- --- Thank You --- -------- --------


++++ PLEASE READ AND CITE THE FOLLOWING REFERENCE ++++
E. Lindahl, B. Hess, D. van der Spoel
GROMACS 3.0: A package for molecular simulation and trajectory analysis
J. Mol. Mod. (2001)
DOI: 10.1007/s008940100045
-------- -------- --- Thank You --- -------- --------


++++ PLEASE READ AND CITE THE FOLLOWING REFERENCE ++++
H. J. C. Berendsen, D. van der Spoel and R. van Drunen
GROMACS: A message-passing parallel molecular dynamics implementation
Comp. Phys. Comm. (1995)
DOI: 10.1016/0010-4655(95)00042-E
-------- -------- --- Thank You --- -------- --------

Input Parameters:
   integrator                     = md
   tinit                          = 0
   dt                             = 0.001
   nsteps                         = -1
   init-step                      = 0
   simulation-part                = 1
   mts                            = false
   mass-repartition-factor        = 1
   comm-mode                      = Linear
   nstcomm                        = 100
   bd-fric                        = 0
   ld-seed                        = -2055215106
   emtol                          = 10
   emstep                         = 0.01
   niter                          = 20
   fcstep                         = 0
   nstcgsteep                     = 1000
   nbfgscorr                      = 10
   rtpi                           = 0.05
   nstxout                        = 1000
   nstvout                        = 1000000
   nstfout                        = 0
   nstlog                         = 1000000
   nstcalcenergy                  = 3
   nstenergy                      = 3
   nstxout-compressed             = 0
   compressed-x-precision         = 1000
   cutoff-scheme                  = Verlet
   nstlist                        = 10
   pbc                            = xyz
   periodic-molecules             = false
   verlet-buffer-tolerance        = 0.005
   verlet-buffer-pressure-tolerance = -1
   rlist                          = 1.6
   coulombtype                    = PME
   coulomb-modifier               = Potential-shift
   rcoulomb-switch                = 0
   rcoulomb                       = 1.6
   epsilon-r                      = 1
   epsilon-rf                     = inf
   vdw-type                       = Cut-off
   vdw-modifier                   = Potential-shift
   rvdw-switch                    = 0
   rvdw                           = 1.6
   DispCorr                       = EnerPres
   table-extension                = 1
   fourierspacing                 = 0.16
   fourier-nx                     = 42
   fourier-ny                     = 42
   fourier-nz                     = 42
   pme-order                      = 4
   ewald-rtol                     = 1e-05
   ewald-rtol-lj                  = 0.001
   lj-pme-comb-rule               = Geometric
   ewald-geometry                 = 3d
   epsilon-surface                = 0
   ensemble-temperature-setting   = constant
   ensemble-temperature           = 423.15
   tcoupl                         = Berendsen
   nsttcouple                     = 10
   nh-chain-length                = 0
   print-nose-hoover-chain-variables = false
   pcoupl                         = No
   refcoord-scaling               = No
   posres-com (0x3):
   posres-comB (0x3):
   QMMM                           = false
qm-opts:
   ngQM                           = 0
   constraint-algorithm           = Lincs
   continuation                   = true
   Shake-SOR                      = false
   shake-tol                      = 0.0001
   lincs-order                    = 4
   lincs-iter                     = 1
   lincs-warnangle                = 30
   nwall                          = 0
   wall-type                      = 9-3
   wall-r-linpot                  = -1
   wall-atomtype[0]               = -1
   wall-atomtype[1]               = -1
   wall-density[0]                = 0
   wall-density[1]                = 0
   wall-ewald-zfac                = 3
   pull                           = false
   awh                            = false
   rotation                       = false
   interactiveMD                  = false
   disre                          = No
   disre-weighting                = Conservative
   disre-mixed                    = false
   dr-fc                          = 1000
   dr-tau                         = 0
   nstdisreout                    = 100
   orire-fc                       = 0
   orire-tau                      = 0
   nstorireout                    = 100
   free-energy                    = no
   cos-acceleration               = 0
   deform (3x3):
      deform[    0]={ 0.00000e+00,  0.00000e+00,  0.00000e+00}
      deform[    1]={ 0.00000e+00,  0.00000e+00,  0.00000e+00}
      deform[    2]={ 0.00000e+00,  0.00000e+00,  0.00000e+00}
   simulated-tempering            = false
   swapcoords                     = no
   userint1                       = 0
   userint2                       = 0
   userint3                       = 0
   userint4                       = 0
   userreal1                      = 0
   userreal2                      = 0
   userreal3                      = 0
   userreal4                      = 0
   applied-forces:
     electric-field:
       x:
         E0                       = 0
         omega                    = 0
         t0                       = 0
         sigma                    = 0
       y:
         E0                       = 0
         omega                    = 0
         t0                       = 0
         sigma                    = 0
       z:
         E0                       = 0
         omega                    = 0
         t0                       = 0
         sigma                    = 0
     density-guided-simulation:
       active                     = false
       group                      = protein
       similarity-measure         = inner-product
       atom-spreading-weight      = unity
       force-constant             = 1e+09
       gaussian-transform-spreading-width = 0.2
       gaussian-transform-spreading-range-in-multiples-of-width = 4
       reference-density-filename = reference.mrc
       nst                        = 1
       normalize-densities        = true
       adaptive-force-scaling     = false
       adaptive-force-scaling-time-constant = 4
grpopts:
   nrdf:       60741
   ref-t:      423.15
   tau-t:           1
annealing:          No
annealing-npoints:           0
   acc:	           0           0           0
   nfreeze:           N           N           N
   energygrp-flags[  0]: 0

The -nsteps functionality is deprecated, and may be removed in a future version. Consider using gmx convert-tpr -nsteps or changing the appropriate .mdp file field.

Overriding nsteps with value passed on the command line: 200000 steps, 200 ps
Changing nstlist from 10 to 100, rlist from 1.6 to 1.6


When checking whether update groups are usable:
  Domain decomposition is not active, so there is no need for update groups
  No constraints or virtual sites are in use, so it is best not to use update groups

Local state does not use filler particles

1 GPU selected for this run.
Mapping of GPU IDs to the 2 GPU tasks in the 1 rank on this node:
  PP:0,PME:0
PP tasks will do (non-perturbed) short-ranged and most bonded interactions on the GPU
PP task will update and constrain coordinates on the GPU
PME tasks will do all aspects on the GPU
Using 1 MPI thread
Using 16 OpenMP threads 

System total charge: -0.000
Will do PME sum in reciprocal space for electrostatic interactions.

++++ PLEASE READ AND CITE THE FOLLOWING REFERENCE ++++
U. Essmann, L. Perera, M. L. Berkowitz, T. Darden, H. Lee, L. G. Pedersen 
A smooth particle mesh Ewald method
J. Chem. Phys. (1995)
DOI: 10.1063/1.470117
-------- -------- --- Thank You --- -------- --------

Using a Gaussian width (1/beta) of 0.51226 nm for Ewald
Potential shift: LJ r^-12: -3.553e-03 r^-6: -5.960e-02, Ewald -6.250e-06
Initialized non-bonded Coulomb Ewald tables, spacing: 1.18e-03 size: 1357

Generated table with 1300 data points for 1-4 COUL.
Tabscale = 500 points/nm
Generated table with 1300 data points for 1-4 LJ6.
Tabscale = 500 points/nm
Generated table with 1300 data points for 1-4 LJ12.
Tabscale = 500 points/nm
Long Range LJ corr.: <C6> 4.8061e-04


Using GPU 8x4 nonbonded short-range kernels

NBNxM GPU setup: super-cluster 2x2x2

Using a 8x8 pair-list setup:
  updated every 100 steps, buffer 0.000 nm, rlist 1.600 nm
At tolerance 0.005 kJ/mol/ps per atom, equivalent classical 1x1 list would be:
  updated every 100 steps, buffer 0.257 nm, rlist 1.857 nm

The average pressure is off by at most 0.99 bar due to missing LJ interactions

Using Lorentz-Berthelot Lennard-Jones combination rule

Overriding thread affinity set outside gmx mdrun

Pinning threads with a user-specified logical cpu stride of 1

++++ PLEASE READ AND CITE THE FOLLOWING REFERENCE ++++
H. J. C. Berendsen, J. P. M. Postma, A. DiNola and J. R. Haak
Molecular dynamics with coupling to an external bath
J. Chem. Phys. (1984)
DOI: 10.1063/1.448118
-------- -------- --- Thank You --- -------- --------

There are: 20248 Atoms

Updating coordinates on the GPU.
Center of mass motion removal mode is Linear
We have the following groups for center of mass motion removal:
  0:  rest

Started mdrun on rank 0 Wed Apr  8 16:28:09 2026

           Step           Time
              0        0.00000

   Energies (kJ/mol)
           Bond          Angle Ryckaert-Bell.          LJ-14     Coulomb-14
    3.62974e+04    5.28202e+04    1.04577e+04    7.21300e+03   -4.58160e+03
        LJ (SR)  Disper. corr.   Coulomb (SR)   Coul. recip.      Potential
   -2.27874e+04   -6.83065e+02    1.56401e+04    1.05995e+02    9.44824e+04
    Kinetic En.   Total Energy  Conserved En.    Temperature Pres. DC (bar)
    1.07703e+05    2.02185e+05    2.02185e+05    4.26522e+02   -3.84818e+01
 Pressure (bar)
   -7.26675e+02

step 23700: timed with pme grid 42 42 42, coulomb cutoff 1.600: 65.3 M-cycles
step 23900: timed with pme grid 36 36 36, coulomb cutoff 1.849: 76.3 M-cycles
step 24100: timed with pme grid 40 40 40, coulomb cutoff 1.664: 72.6 M-cycles
step 24300: timed with pme grid 42 42 42, coulomb cutoff 1.600: 64.2 M-cycles
              optimal pme grid 42 42 42, coulomb cutoff 1.600
           Step           Time
         200000      200.00000

Writing checkpoint, step 200000 at Wed Apr  8 16:28:51 2026


   Energies (kJ/mol)
           Bond          Angle Ryckaert-Bell.          LJ-14     Coulomb-14
    3.46906e+04    5.20876e+04    1.02670e+04    7.09357e+03   -4.48764e+03
        LJ (SR)  Disper. corr.   Coulomb (SR)   Coul. recip.      Potential
   -2.27420e+04   -6.83065e+02    1.55544e+04    1.06226e+02    9.18866e+04
    Kinetic En.   Total Energy  Conserved En.    Temperature Pres. DC (bar)
    1.06514e+05    1.98400e+05    2.01899e+05    4.21813e+02   -3.84818e+01
 Pressure (bar)
    2.76587e+01


Energy conservation over simulation part #1 of length 200 ps, time 0 to 200 ps
  Conserved energy drift: -7.08e-05 kJ/mol/ps per atom


	<======  ###############  ==>
	<====  A V E R A G E S  ====>
	<==  ###############  ======>

	Statistics over 200001 steps using 66667 frames

   Energies (kJ/mol)
           Bond          Angle Ryckaert-Bell.          LJ-14     Coulomb-14
    3.46635e+04    5.17350e+04    1.03828e+04    7.10855e+03   -4.37094e+03
        LJ (SR)  Disper. corr.   Coulomb (SR)   Coul. recip.      Potential
   -2.28200e+04   -6.83065e+02    1.54457e+04    1.08145e+02    9.15696e+04
    Kinetic En.   Total Energy  Conserved En.    Temperature Pres. DC (bar)
    1.06868e+05    1.98438e+05    2.01962e+05    4.23216e+02   -3.84818e+01
 Pressure (bar)
    5.45593e+00

   Total Virial (kJ/mol)
    3.55577e+04   -8.52889e+00   -1.41881e+00
   -8.51337e+00    3.56061e+04   -3.39232e+00
   -1.40607e+00   -3.39387e+00    3.55591e+04

   Pressure (bar)
    6.79845e+00    1.61666e+00   -3.19093e-01
    1.61491e+00    1.94432e+00   -3.88696e-01
   -3.20528e-01   -3.88522e-01    7.62503e+00


	M E G A - F L O P S   A C C O U N T I N G

 NB=Group-cutoff nonbonded kernels    NxN=N-by-N cluster Verlet kernels
 RF=Reaction-Field  VdW=Van der Waals  QSTab=quadratic-spline table
 W3=SPC/TIP3p  W4=TIP4p (single or pairs)
 V&F=Potential and force  V=Potential only  F=Force only

 Computing:                               M-Number         M-Flops  % Flops
-----------------------------------------------------------------------------
 Pair Search distance check            5568.659600       50117.936     0.0
 NxN Ewald Elec. + LJ [F]           3863733.134336   255006386.866    55.2
 NxN Ewald Elec. + LJ [V&F]         1931916.159424   206715029.058    44.8
 Shift-X                                 40.516248         243.097     0.0
 Virial                                1352.893724       24352.087     0.0
 Stop-CM                                 40.516248         405.162     0.0
 Calc-Ekin                             4049.640496      109340.293     0.0
-----------------------------------------------------------------------------
 Total                                               461905874.501   100.0
-----------------------------------------------------------------------------


      R E A L   C Y C L E   A N D   T I M E   A C C O U N T I N G

On 1 MPI rank, each using 16 OpenMP threads

 Activity:              Num   Num      Call    Wall time         Giga-Cycles
                        Ranks Threads  Count      (s)         total sum    %
--------------------------------------------------------------------------------
 Neighbor search           1   16       2001       2.019        100.147   4.8
 Launch PP GPU ops.        1   16     398001       3.676        182.309   8.7
 Force                     1   16     200001       0.439         21.792   1.0
 PME GPU mesh              1   16     200001       9.502        471.285  22.4
 Wait Bonded GPU           1   16      66668       0.293         14.536   0.7
 Wait GPU NB local         1   16     200001       5.393        267.507  12.7
 Wait GPU state copy       1   16     276003      15.209        754.375  35.9
 NB X/F buffer ops.        1   16      66668       0.796         39.458   1.9
 Write traj.               1   16        201       0.355         17.600   0.8
 GPU constr. setup         1   16          1       0.000          0.002   0.0
 Kinetic energy            1   16     200001       2.274        112.776   5.4
 Rest                                              2.412        119.645   5.7
--------------------------------------------------------------------------------
 Total                                            42.368       2101.431 100.0
--------------------------------------------------------------------------------
 Breakdown of PME mesh activities
--------------------------------------------------------------------------------
 Wait PME GPU gather       1   16     200001       4.434        219.934  10.5
 Reduce GPU PME F          1   16     200001       0.385         19.107   0.9
 Launch PME GPU ops.       1   16    1600013       3.820        189.491   9.0
--------------------------------------------------------------------------------

               Core t (s)   Wall t (s)        (%)
       Time:      677.522       42.368     1599.2
                 (ns/day)    (hour/ns)
Performance:      407.861        0.059
Finished mdrun on rank 0 Wed Apr  8 16:28:52 2026

