Group: 1
+-----------------------+---------+----------------+----------------+----------------+----------------+----------------+----------------+----------------+----------------+----------------+----------------+----------------+----------------+----------------+----------------+----------------+----------------+----------------+----------------+
|         Event         | Counter |    f0880:0:0   |    f0880:1:1   |    f0880:2:2   |    f0880:3:3   |    f0880:4:4   |    f0880:5:5   |    f0880:6:6   |    f0880:7:7   |    f0880:8:8   |    f0880:9:9   |   f0880:10:10  |   f0880:11:11  |   f0880:12:12  |   f0880:13:13  |   f0880:14:14  |   f0880:15:15  |   f0880:16:16  |   f0880:17:17  |
+-----------------------+---------+----------------+----------------+----------------+----------------+----------------+----------------+----------------+----------------+----------------+----------------+----------------+----------------+----------------+----------------+----------------+----------------+----------------+----------------+
|   INSTR_RETIRED_ANY   |  FIXC0  |  3621863646818 |  3607766909744 |  3574781795452 |  3587912623757 |  3588900279396 |  3626514706410 |  3599905662404 |  3575874696086 |  3659266318480 |  3680143187772 |  3679110424233 |  3706528369604 |  3739835606882 |  3787610547356 |  3769362233198 |  3704332139782 |  3708536622279 |  3661366583437 |
| CPU_CLK_UNHALTED_CORE |  FIXC1  |  2191942165079 |  2190293566626 |  2193034735168 |  2193736336532 |  2193980793777 |  2194366738072 |  2194007076783 |  2193739321265 |  2194276280860 |  2194147297466 |  2194039621855 |  2193787945274 |  2193993934516 |  2193854848318 |  2193868466593 |  2194006224739 |  2194139747558 |  2194079300141 |
|  CPU_CLK_UNHALTED_REF |  FIXC2  |  2922603019680 |  2920399529376 |  2924051594304 |  2924988847488 |  2925315872352 |  2925829990944 |  2925348427680 |  2924991873408 |  2925709779552 |  2925536869248 |  2925391975008 |  2925055835136 |  2925332717952 |  2925147097056 |  2925164111328 |  2925347943456 |  2925526400544 |  2925446151840 |
|     TOPDOWN_SLOTS     |  FIXC3  | 10959710825395 | 10951467833130 | 10965173675840 | 10968681682660 | 10969903968885 | 10971833690360 | 10970035383915 | 10968696606325 | 10971381404300 | 10970736487330 | 10970198109275 | 10968939726370 | 10969969672580 | 10969274241590 | 10969342332965 | 10970031123695 | 10970698737790 | 10970396500705 |
|       TEMP_CORE       |   TMP0  |             40 |             42 |             40 |             39 |             38 |             39 |             40 |             43 |             40 |             39 |             39 |             39 |             41 |             40 |             40 |             36 |             41 |             39 |
|     PWR_PKG_ENERGY    |   PWR0  |    134488.3997 |              0 |              0 |              0 |              0 |              0 |              0 |              0 |              0 |              0 |              0 |              0 |              0 |              0 |              0 |              0 |              0 |              0 |
|     PWR_PP0_ENERGY    |   PWR1  |              0 |              0 |              0 |              0 |              0 |              0 |              0 |              0 |              0 |              0 |              0 |              0 |              0 |              0 |              0 |              0 |              0 |              0 |
|    PWR_DRAM_ENERGY    |   PWR3  |     10110.7311 |              0 |              0 |              0 |              0 |              0 |              0 |              0 |              0 |              0 |              0 |              0 |              0 |              0 |              0 |              0 |              0 |              0 |
|  PWR_PLATFORM_ENERGY  |   PWR4  |              0 |              0 |              0 |              0 |              0 |              0 |              0 |              0 |              0 |              0 |              0 |              0 |              0 |              0 |              0 |              0 |              0 |              0 |
|   UNCORE_CLOCKTICKS   | UBOXFIX |  1943277698987 |              0 |              0 |              0 |              0 |              0 |              0 |              0 |              0 |              0 |              0 |              0 |              0 |              0 |              0 |              0 |              0 |              0 |
+-----------------------+---------+----------------+----------------+----------------+----------------+----------------+----------------+----------------+----------------+----------------+----------------+----------------+----------------+----------------+----------------+----------------+----------------+----------------+----------------+

+----------------------------+---------+-----------------+----------------+----------------+--------------+
|            Event           | Counter |       Sum       |       Min      |       Max      |      Avg     |
+----------------------------+---------+-----------------+----------------+----------------+--------------+
|   INSTR_RETIRED_ANY STAT   |  FIXC0  |  65879612353090 |  3574781795452 |  3787610547356 | 3.659978e+12 |
| CPU_CLK_UNHALTED_CORE STAT |  FIXC1  |  39485294400622 |  2190293566626 |  2194366738072 | 2.193627e+12 |
|  CPU_CLK_UNHALTED_REF STAT |  FIXC2  |  52647188036352 |  2920399529376 |  2925829990944 | 2.924844e+12 |
|     TOPDOWN_SLOTS STAT     |  FIXC3  | 197426472003110 | 10951467833130 | 10971833690360 |      nil     |
|       TEMP_CORE STAT       |   TMP0  |             715 |             36 |             43 |      39.7222 |
|     PWR_PKG_ENERGY STAT    |   PWR0  |     134488.3997 |              0 |    134488.3997 |    7471.5778 |
|     PWR_PP0_ENERGY STAT    |   PWR1  |               0 |              0 |              0 |            0 |
|    PWR_DRAM_ENERGY STAT    |   PWR3  |      10110.7311 |              0 |     10110.7311 |     561.7073 |
|  PWR_PLATFORM_ENERGY STAT  |   PWR4  |               0 |              0 |              0 |            0 |
|   UNCORE_CLOCKTICKS STAT   | UBOXFIX |   1943277698987 |              0 |  1943277698987 | 1.079599e+11 |
+----------------------------+---------+-----------------+----------------+----------------+--------------+

+----------------------+-------------+-----------+-----------+-----------+-----------+-----------+-----------+-----------+-----------+-----------+-------------+-------------+-------------+-------------+-------------+-------------+-------------+-------------+
|        Metric        |  f0880:0:0  | f0880:1:1 | f0880:2:2 | f0880:3:3 | f0880:4:4 | f0880:5:5 | f0880:6:6 | f0880:7:7 | f0880:8:8 | f0880:9:9 | f0880:10:10 | f0880:11:11 | f0880:12:12 | f0880:13:13 | f0880:14:14 | f0880:15:15 | f0880:16:16 | f0880:17:17 |
+----------------------+-------------+-----------+-----------+-----------+-----------+-----------+-----------+-----------+-----------+-----------+-------------+-------------+-------------+-------------+-------------+-------------+-------------+-------------+
|  Runtime (RDTSC) [s] |   1230.6070 | 1230.5980 | 1230.6000 | 1230.5970 | 1230.5950 | 1230.6040 | 1230.5980 | 1230.6010 | 1230.5990 | 1230.6120 |   1230.5900 |   1230.5980 |   1230.6080 |   1230.5850 |   1230.6000 |   1230.5990 |   1230.5960 |   1230.5960 |
| Runtime unhalted [s] |    915.4709 |  914.7818 |  915.9251 |  916.2189 |  916.3235 |  916.4819 |  916.3332 |  916.2198 |  916.4463 |  916.3903 |    916.3492 |    916.2417 |    916.3260 |    916.2684 |    916.2758 |    916.3327 |    916.3857 |    916.3606 |
|      Clock [MHz]     |   1795.7415 | 1795.7459 | 1795.7505 | 1795.7480 | 1795.7425 | 1795.7482 | 1795.7466 | 1795.7493 | 1795.7436 | 1795.7483 |   1795.7417 |   1795.7467 |   1795.7487 |   1795.7479 |   1795.7452 |   1795.7463 |   1795.7515 |   1795.7510 |
|  Uncore Clock [MHz]  |   1579.1213 |         0 |         0 |         0 |         0 |         0 |         0 |         0 |         0 |         0 |           0 |           0 |           0 |           0 |           0 |           0 |           0 |           0 |
|          CPI         |      0.6052 |    0.6071 |    0.6135 |    0.6114 |    0.6113 |    0.6051 |    0.6095 |    0.6135 |    0.5996 |    0.5962 |      0.5964 |      0.5919 |      0.5867 |      0.5792 |      0.5820 |      0.5923 |      0.5916 |      0.5993 |
|    Temperature [C]   |          40 |        42 |        40 |        39 |        38 |        39 |        40 |        43 |        40 |        39 |          39 |          39 |          41 |          40 |          40 |          36 |          41 |          39 |
|      Energy [J]      | 134488.3997 |         0 |         0 |         0 |         0 |         0 |         0 |         0 |         0 |         0 |           0 |           0 |           0 |           0 |           0 |           0 |           0 |           0 |
|       Power [W]      |    109.2862 |         0 |         0 |         0 |         0 |         0 |         0 |         0 |         0 |         0 |           0 |           0 |           0 |           0 |           0 |           0 |           0 |           0 |
|    Energy PP0 [J]    |           0 |         0 |         0 |         0 |         0 |         0 |         0 |         0 |         0 |         0 |           0 |           0 |           0 |           0 |           0 |           0 |           0 |           0 |
|     Power PP0 [W]    |           0 |         0 |         0 |         0 |         0 |         0 |         0 |         0 |         0 |         0 |           0 |           0 |           0 |           0 |           0 |           0 |           0 |           0 |
|    Energy DRAM [J]   |  10110.7311 |         0 |         0 |         0 |         0 |         0 |         0 |         0 |         0 |         0 |           0 |           0 |           0 |           0 |           0 |           0 |           0 |           0 |
|    Power DRAM [W]    |      8.2161 |         0 |         0 |         0 |         0 |         0 |         0 |         0 |         0 |         0 |           0 |           0 |           0 |           0 |           0 |           0 |           0 |           0 |
|  Energy PLATFORM [J] |           0 |         0 |         0 |         0 |         0 |         0 |         0 |         0 |         0 |         0 |           0 |           0 |           0 |           0 |           0 |           0 |           0 |           0 |
|  Power PLATFORM [W]  |           0 |         0 |         0 |         0 |         0 |         0 |         0 |         0 |         0 |         0 |           0 |           0 |           0 |           0 |           0 |           0 |           0 |           0 |
+----------------------+-------------+-----------+-----------+-----------+-----------+-----------+-----------+-----------+-----------+-----------+-------------+-------------+-------------+-------------+-------------+-------------+-------------+-------------+

+---------------------------+-------------+-----------+-------------+-----------+-----------+-----------+-----------+
|           Metric          |     Sum     |    Min    |     Max     |    Avg    |  %ile 25  |  %ile 50  |  %ile 75  |
+---------------------------+-------------+-----------+-------------+-----------+-----------+-----------+-----------+
|  Runtime (RDTSC) [s] STAT |  22150.7830 | 1230.5850 |   1230.6120 | 1230.5991 | 1230.5960 | 1230.5980 | 1230.6010 |
| Runtime unhalted [s] STAT |  16491.1318 |  914.7818 |    916.4819 |  916.1740 |  916.2198 |  916.3235 |  916.3606 |
|      Clock [MHz] STAT     |  32323.4434 | 1795.7415 |   1795.7515 | 1795.7469 | 1795.7452 | 1795.7467 | 1795.7487 |
|  Uncore Clock [MHz] STAT  |   1579.1213 |         0 |   1579.1213 |   87.7290 |         0 |         0 |         0 |
|          CPI STAT         |     10.7918 |    0.5792 |      0.6135 |    0.5995 |    0.5919 |    0.5993 |    0.6095 |
|    Temperature [C] STAT   |         715 |        36 |          43 |   39.7222 |        39 |        40 |        40 |
|      Energy [J] STAT      | 134488.3997 |         0 | 134488.3997 | 7471.5778 |         0 |         0 |         0 |
|       Power [W] STAT      |    109.2862 |         0 |    109.2862 |    6.0715 |         0 |         0 |         0 |
|    Energy PP0 [J] STAT    |           0 |         0 |           0 |         0 |         0 |         0 |         0 |
|     Power PP0 [W] STAT    |           0 |         0 |           0 |         0 |         0 |         0 |         0 |
|    Energy DRAM [J] STAT   |  10110.7311 |         0 |  10110.7311 |  561.7073 |         0 |         0 |         0 |
|    Power DRAM [W] STAT    |      8.2161 |         0 |      8.2161 |    0.4565 |         0 |         0 |         0 |
|  Energy PLATFORM [J] STAT |           0 |         0 |           0 |         0 |         0 |         0 |         0 |
|  Power PLATFORM [W] STAT  |           0 |         0 |           0 |         0 |         0 |         0 |         0 |
+---------------------------+-------------+-----------+-------------+-----------+-----------+-----------+-----------+

