Group: 1
+-----------------------+---------+---------------+---------------+---------------+---------------+---------------+---------------+---------------+---------------+---------------+---------------+---------------+---------------+---------------+---------------+---------------+---------------+---------------+---------------+
|         Event         | Counter |   f0404:0:0   |   f0404:1:1   |   f0404:2:2   |   f0404:3:3   |   f0404:4:4   |   f0404:5:5   |   f0404:6:6   |   f0404:7:7   |   f0404:8:8   |   f0404:9:9   |  f0404:10:10  |  f0404:11:11  |  f0404:12:12  |  f0404:13:13  |  f0404:14:14  |  f0404:15:15  |  f0404:16:16  |  f0404:17:17  |
+-----------------------+---------+---------------+---------------+---------------+---------------+---------------+---------------+---------------+---------------+---------------+---------------+---------------+---------------+---------------+---------------+---------------+---------------+---------------+---------------+
|   INSTR_RETIRED_ANY   |  FIXC0  | 2842708257608 | 2845977166556 | 2826392532807 | 2747647606181 | 2687982782873 | 2664013782502 | 2652660531596 | 2645356507434 | 2655839796719 | 2655054404132 | 2554863442271 | 2555135685068 | 2582577726319 | 2644094321410 | 2701205506655 | 2715065663571 | 2729129466207 | 2636020512985 |
| CPU_CLK_UNHALTED_CORE |  FIXC1  | 1364740660570 | 1366894175281 | 1366939883750 | 1366401134538 | 1366988476075 | 1367068680292 | 1366976867479 | 1366974986251 | 1367064394388 | 1367048225724 | 1367045567979 | 1367035283344 | 1364097576735 | 1366818094026 | 1366928715879 | 1366951909443 | 1367121783259 | 1366985648092 |
|  CPU_CLK_UNHALTED_REF |  FIXC2  | 2519500493856 | 2523477559296 | 2523563891808 | 2522568929280 | 2523650460768 | 2523799804128 | 2523628894272 | 2523626217696 | 2523789347232 | 2523760041312 | 2523756042528 | 2523737061792 | 2518312844736 | 2523334215264 | 2523541211136 | 2523581628288 | 2523905083008 | 2523644958528 |
|     TOPDOWN_SLOTS     |  FIXC3  | 6823703302850 | 6834470876405 | 6834699418750 | 6832005672690 | 6834942380375 | 6835343401460 | 6834884337395 | 6834874931255 | 6835321971940 | 6835241128620 | 6835227839895 | 6835176416720 | 6820487883675 | 6834090470130 | 6834643579395 | 6834759547215 | 6835608916295 | 6834928240460 |
|       TEMP_CORE       |   TMP0  |            34 |            36 |            37 |            36 |            34 |            35 |            36 |            35 |            35 |            30 |            32 |            34 |            34 |            32 |            35 |            35 |            33 |            33 |
|     PWR_PKG_ENERGY    |   PWR0  |   105925.7305 |             0 |             0 |             0 |             0 |             0 |             0 |             0 |             0 |             0 |             0 |             0 |             0 |             0 |             0 |             0 |             0 |             0 |
|     PWR_PP0_ENERGY    |   PWR1  |             0 |             0 |             0 |             0 |             0 |             0 |             0 |             0 |             0 |             0 |             0 |             0 |             0 |             0 |             0 |             0 |             0 |             0 |
|    PWR_DRAM_ENERGY    |   PWR3  |     7421.8304 |             0 |             0 |             0 |             0 |             0 |             0 |             0 |             0 |             0 |             0 |             0 |             0 |             0 |             0 |             0 |             0 |             0 |
|  PWR_PLATFORM_ENERGY  |   PWR4  |             0 |             0 |             0 |             0 |             0 |             0 |             0 |             0 |             0 |             0 |             0 |             0 |             0 |             0 |             0 |             0 |             0 |             0 |
|   UNCORE_CLOCKTICKS   | UBOXFIX | 1644626063664 |             0 |             0 |             0 |             0 |             0 |             0 |             0 |             0 |             0 |             0 |             0 |             0 |             0 |             0 |             0 |             0 |             0 |
+-----------------------+---------+---------------+---------------+---------------+---------------+---------------+---------------+---------------+---------------+---------------+---------------+---------------+---------------+---------------+---------------+---------------+---------------+---------------+---------------+

+----------------------------+---------+-----------------+---------------+---------------+---------------+
|            Event           | Counter |       Sum       |      Min      |      Max      |      Avg      |
+----------------------------+---------+-----------------+---------------+---------------+---------------+
|   INSTR_RETIRED_ANY STAT   |  FIXC0  |  48341725692894 | 2554863442271 | 2845977166556 | 2685651427383 |
| CPU_CLK_UNHALTED_CORE STAT |  FIXC1  |  24600082063105 | 1364097576735 | 1367121783259 |  1.366671e+12 |
|  CPU_CLK_UNHALTED_REF STAT |  FIXC2  |  45415178684928 | 2518312844736 | 2523905083008 | 2523065482496 |
|     TOPDOWN_SLOTS STAT     |  FIXC3  | 123000410315525 | 6820487883675 | 6835608916295 |  6.833356e+12 |
|       TEMP_CORE STAT       |   TMP0  |             616 |            30 |            37 |       34.2222 |
|     PWR_PKG_ENERGY STAT    |   PWR0  |     105925.7305 |             0 |   105925.7305 |     5884.7628 |
|     PWR_PP0_ENERGY STAT    |   PWR1  |               0 |             0 |             0 |             0 |
|    PWR_DRAM_ENERGY STAT    |   PWR3  |       7421.8304 |             0 |     7421.8304 |      412.3239 |
|  PWR_PLATFORM_ENERGY STAT  |   PWR4  |               0 |             0 |             0 |             0 |
|   UNCORE_CLOCKTICKS STAT   | UBOXFIX |   1644626063664 |             0 | 1644626063664 |   91368114648 |
+----------------------------+---------+-----------------+---------------+---------------+---------------+

+----------------------+-------------+-----------+-----------+-----------+-----------+-----------+-----------+-----------+-----------+-----------+-------------+-------------+-------------+-------------+-------------+-------------+-------------+-------------+
|        Metric        |  f0404:0:0  | f0404:1:1 | f0404:2:2 | f0404:3:3 | f0404:4:4 | f0404:5:5 | f0404:6:6 | f0404:7:7 | f0404:8:8 | f0404:9:9 | f0404:10:10 | f0404:11:11 | f0404:12:12 | f0404:13:13 | f0404:14:14 | f0404:15:15 | f0404:16:16 | f0404:17:17 |
+----------------------+-------------+-----------+-----------+-----------+-----------+-----------+-----------+-----------+-----------+-----------+-------------+-------------+-------------+-------------+-------------+-------------+-------------+-------------+
|  Runtime (RDTSC) [s] |   1058.8120 | 1058.8070 | 1058.8140 | 1058.8100 | 1058.8100 | 1058.8090 | 1058.8370 | 1058.8030 | 1058.8000 | 1058.8080 |   1058.8050 |   1058.8770 |   1058.8110 |   1058.8120 |   1058.7820 |   1058.8100 |   1058.8170 |   1058.8170 |
| Runtime unhalted [s] |    569.9867 |  570.8866 |  570.9052 |  570.6803 |  570.9256 |  570.9601 |  570.9382 |  570.9194 |  570.9573 |  570.9505 |    570.9500 |    570.9821 |    569.7178 |    570.8594 |    570.9010 |    570.9106 |    570.9819 |    570.9247 |
|      Clock [MHz]     |   1296.9436 | 1296.9417 | 1296.9418 | 1296.9418 | 1296.9433 | 1296.9404 | 1296.9038 | 1296.9443 | 1296.9439 | 1296.9438 |   1296.9419 |   1296.8593 |   1296.9446 |   1296.9329 |   1296.9420 |   1296.9435 |   1296.9376 |   1296.9428 |
|  Uncore Clock [MHz]  |   1553.2749 |         0 |         0 |         0 |         0 |         0 |         0 |         0 |         0 |         0 |           0 |           0 |           0 |           0 |           0 |           0 |           0 |           0 |
|          CPI         |      0.4801 |    0.4803 |    0.4836 |    0.4973 |    0.5086 |    0.5132 |    0.5153 |    0.5167 |    0.5147 |    0.5149 |      0.5351 |      0.5350 |      0.5282 |      0.5169 |      0.5060 |      0.5035 |      0.5009 |      0.5186 |
|    Temperature [C]   |          34 |        36 |        37 |        36 |        34 |        35 |        36 |        35 |        35 |        30 |          32 |          34 |          34 |          32 |          35 |          35 |          33 |          33 |
|      Energy [J]      | 105925.7305 |         0 |         0 |         0 |         0 |         0 |         0 |         0 |         0 |         0 |           0 |           0 |           0 |           0 |           0 |           0 |           0 |           0 |
|       Power [W]      |    100.0421 |         0 |         0 |         0 |         0 |         0 |         0 |         0 |         0 |         0 |           0 |           0 |           0 |           0 |           0 |           0 |           0 |           0 |
|    Energy PP0 [J]    |           0 |         0 |         0 |         0 |         0 |         0 |         0 |         0 |         0 |         0 |           0 |           0 |           0 |           0 |           0 |           0 |           0 |           0 |
|     Power PP0 [W]    |           0 |         0 |         0 |         0 |         0 |         0 |         0 |         0 |         0 |         0 |           0 |           0 |           0 |           0 |           0 |           0 |           0 |           0 |
|    Energy DRAM [J]   |   7421.8304 |         0 |         0 |         0 |         0 |         0 |         0 |         0 |         0 |         0 |           0 |           0 |           0 |           0 |           0 |           0 |           0 |           0 |
|    Power DRAM [W]    |      7.0096 |         0 |         0 |         0 |         0 |         0 |         0 |         0 |         0 |         0 |           0 |           0 |           0 |           0 |           0 |           0 |           0 |           0 |
|  Energy PLATFORM [J] |           0 |         0 |         0 |         0 |         0 |         0 |         0 |         0 |         0 |         0 |           0 |           0 |           0 |           0 |           0 |           0 |           0 |           0 |
|  Power PLATFORM [W]  |           0 |         0 |         0 |         0 |         0 |         0 |         0 |         0 |         0 |         0 |           0 |           0 |           0 |           0 |           0 |           0 |           0 |           0 |
+----------------------+-------------+-----------+-----------+-----------+-----------+-----------+-----------+-----------+-----------+-----------+-------------+-------------+-------------+-------------+-------------+-------------+-------------+-------------+

+---------------------------+-------------+-----------+-------------+-----------+-----------+-----------+-----------+
|           Metric          |     Sum     |    Min    |     Max     |    Avg    |  %ile 25  |  %ile 50  |  %ile 75  |
+---------------------------+-------------+-----------+-------------+-----------+-----------+-----------+-----------+
|  Runtime (RDTSC) [s] STAT |  19058.6410 | 1058.7820 |   1058.8770 | 1058.8134 | 1058.8070 | 1058.8100 | 1058.8140 |
| Runtime unhalted [s] STAT |  10274.3374 |  569.7178 |    570.9821 |  570.7965 |  570.8866 |  570.9194 |  570.9505 |
|      Clock [MHz] STAT     |  23344.8330 | 1296.8593 |   1296.9446 | 1296.9352 | 1296.9404 | 1296.9419 | 1296.9436 |
|  Uncore Clock [MHz] STAT  |   1553.2749 |         0 |   1553.2749 |   86.2930 |         0 |         0 |         0 |
|          CPI STAT         |      9.1689 |    0.4801 |      0.5351 |    0.5094 |    0.5009 |    0.5132 |    0.5169 |
|    Temperature [C] STAT   |         616 |        30 |          37 |   34.2222 |        33 |        34 |        35 |
|      Energy [J] STAT      | 105925.7305 |         0 | 105925.7305 | 5884.7628 |         0 |         0 |         0 |
|       Power [W] STAT      |    100.0421 |         0 |    100.0421 |    5.5579 |         0 |         0 |         0 |
|    Energy PP0 [J] STAT    |           0 |         0 |           0 |         0 |         0 |         0 |         0 |
|     Power PP0 [W] STAT    |           0 |         0 |           0 |         0 |         0 |         0 |         0 |
|    Energy DRAM [J] STAT   |   7421.8304 |         0 |   7421.8304 |  412.3239 |         0 |         0 |         0 |
|    Power DRAM [W] STAT    |      7.0096 |         0 |      7.0096 |    0.3894 |         0 |         0 |         0 |
|  Energy PLATFORM [J] STAT |           0 |         0 |           0 |         0 |         0 |         0 |         0 |
|  Power PLATFORM [W] STAT  |           0 |         0 |           0 |         0 |         0 |         0 |         0 |
+---------------------------+-------------+-----------+-------------+-----------+-----------+-----------+-----------+

