Group: 1
+-----------------------+---------+----------------+----------------+----------------+----------------+----------------+----------------+----------------+----------------+----------------+----------------+----------------+----------------+----------------+----------------+----------------+----------------+----------------+----------------+
|         Event         | Counter |    f0880:0:0   |    f0880:1:1   |    f0880:2:2   |    f0880:3:3   |    f0880:4:4   |    f0880:5:5   |    f0880:6:6   |    f0880:7:7   |    f0880:8:8   |    f0880:9:9   |   f0880:10:10  |   f0880:11:11  |   f0880:12:12  |   f0880:13:13  |   f0880:14:14  |   f0880:15:15  |   f0880:16:16  |   f0880:17:17  |
+-----------------------+---------+----------------+----------------+----------------+----------------+----------------+----------------+----------------+----------------+----------------+----------------+----------------+----------------+----------------+----------------+----------------+----------------+----------------+----------------+
|   INSTR_RETIRED_ANY   |  FIXC0  |  3622998070251 |  3622565349354 |  3623146347339 |  3596513158847 |  3601406949215 |  3649215372267 |  3601558016800 |  3586389090548 |  3607257980210 |  3608324199177 |  3657167625528 |  3634748260544 |  3671055720100 |  3748440146762 |  3737297482352 |  3707482737038 |  3648311226653 |  3613092280249 |
| CPU_CLK_UNHALTED_CORE |  FIXC1  |  2036526973809 |  2035133626132 |  2040200544059 |  2039291822714 |  2039698432619 |  2040221632388 |  2039930820622 |  2039477471362 |  2040067315256 |  2039947261536 |  2040038933929 |  2039871890482 |  2040019582558 |  2039465588921 |  2040051203608 |  2039813462068 |  2039806100724 |  2039905836428 |
|  CPU_CLK_UNHALTED_REF |  FIXC2  |  4073048535552 |  4070262611520 |  4080403792416 |  4078576975488 |  4079388327936 |  4080439711104 |  4079852532864 |  4078946131968 |  4080123198912 |  4079884159200 |  4080071588256 |  4079732865696 |  4080037912512 |  4078922634048 |  4080101523072 |  4079625642528 |  4079600786304 |  4079801710272 |
|     TOPDOWN_SLOTS     |  FIXC3  | 10182634869045 | 10175668130660 | 10201002720295 | 10196459113570 | 10198492163095 | 10201108161940 | 10199654103110 | 10197387356810 | 10200336576280 | 10199736307680 | 10200194669645 | 10199359452410 | 10200097912790 | 10197327944605 | 10200256018040 | 10199067310340 | 10199030503620 | 10199529182140 |
|       TEMP_CORE       |   TMP0  |             37 |             39 |             37 |             38 |             36 |             35 |             36 |             41 |             37 |             37 |             36 |             36 |             38 |             38 |             38 |             35 |             39 |             36 |
|     PWR_PKG_ENERGY    |   PWR0  |    158466.3163 |              0 |              0 |              0 |              0 |              0 |              0 |              0 |              0 |              0 |              0 |              0 |              0 |              0 |              0 |              0 |              0 |              0 |
|     PWR_PP0_ENERGY    |   PWR1  |              0 |              0 |              0 |              0 |              0 |              0 |              0 |              0 |              0 |              0 |              0 |              0 |              0 |              0 |              0 |              0 |              0 |              0 |
|    PWR_DRAM_ENERGY    |   PWR3  |     12320.5290 |              0 |              0 |              0 |              0 |              0 |              0 |              0 |              0 |              0 |              0 |              0 |              0 |              0 |              0 |              0 |              0 |              0 |
|  PWR_PLATFORM_ENERGY  |   PWR4  |              0 |              0 |              0 |              0 |              0 |              0 |              0 |              0 |              0 |              0 |              0 |              0 |              0 |              0 |              0 |              0 |              0 |              0 |
|   UNCORE_CLOCKTICKS   | UBOXFIX |  2652654737657 |              0 |              0 |              0 |              0 |              0 |              0 |              0 |              0 |              0 |              0 |              0 |              0 |              0 |              0 |              0 |              0 |              0 |
+-----------------------+---------+----------------+----------------+----------------+----------------+----------------+----------------+----------------+----------------+----------------+----------------+----------------+----------------+----------------+----------------+----------------+----------------+----------------+----------------+

+----------------------------+---------+-----------------+----------------+----------------+---------------+
|            Event           | Counter |       Sum       |       Min      |       Max      |      Avg      |
+----------------------------+---------+-----------------+----------------+----------------+---------------+
|   INSTR_RETIRED_ANY STAT   |  FIXC0  |  65536970013234 |  3586389090548 |  3748440146762 | 3640942778513 |
| CPU_CLK_UNHALTED_CORE STAT |  FIXC1  |  36709468499215 |  2035133626132 |  2040221632388 |  2.039415e+12 |
|  CPU_CLK_UNHALTED_REF STAT |  FIXC2  |  73418820639648 |  4070262611520 |  4080439711104 |  4.078823e+12 |
|     TOPDOWN_SLOTS STAT     |  FIXC3  | 183547342496075 | 10175668130660 | 10201108161940 |      nil      |
|       TEMP_CORE STAT       |   TMP0  |             669 |             35 |             41 |       37.1667 |
|     PWR_PKG_ENERGY STAT    |   PWR0  |     158466.3163 |              0 |    158466.3163 |     8803.6842 |
|     PWR_PP0_ENERGY STAT    |   PWR1  |               0 |              0 |              0 |             0 |
|    PWR_DRAM_ENERGY STAT    |   PWR3  |      12320.5290 |              0 |     12320.5290 |      684.4738 |
|  PWR_PLATFORM_ENERGY STAT  |   PWR4  |               0 |              0 |              0 |             0 |
|   UNCORE_CLOCKTICKS STAT   | UBOXFIX |   2652654737657 |              0 |  2652654737657 |  1.473697e+11 |
+----------------------------+---------+-----------------+----------------+----------------+---------------+

+----------------------+-------------+-----------+-----------+-----------+-----------+-----------+-----------+-----------+-----------+-----------+-------------+-------------+-------------+-------------+-------------+-------------+-------------+-------------+
|        Metric        |  f0880:0:0  | f0880:1:1 | f0880:2:2 | f0880:3:3 | f0880:4:4 | f0880:5:5 | f0880:6:6 | f0880:7:7 | f0880:8:8 | f0880:9:9 | f0880:10:10 | f0880:11:11 | f0880:12:12 | f0880:13:13 | f0880:14:14 | f0880:15:15 | f0880:16:16 | f0880:17:17 |
+----------------------+-------------+-----------+-----------+-----------+-----------+-----------+-----------+-----------+-----------+-----------+-------------+-------------+-------------+-------------+-------------+-------------+-------------+-------------+
|  Runtime (RDTSC) [s] |   1716.7130 | 1716.7130 | 1716.7130 | 1716.7060 | 1716.7030 | 1716.7180 | 1716.7170 | 1716.6790 | 1716.7120 | 1717.0190 |   1716.7050 |   1716.7060 |   1716.7150 |   1716.7300 |   1716.7160 |   1716.7120 |   1716.7080 |   1716.7100 |
| Runtime unhalted [s] |    850.5652 |  849.9799 |  852.0953 |  851.7170 |  851.8859 |  852.1071 |  851.9829 |  851.7939 |  852.0425 |  852.1423 |    852.0300 |    851.9593 |    852.0200 |    851.8135 |    852.0336 |    851.9334 |    851.9323 |    851.9741 |
|      Clock [MHz]     |   1197.1626 | 1197.1672 | 1197.1661 | 1197.1671 | 1197.1689 | 1197.1637 | 1197.1691 | 1197.1686 | 1197.1662 | 1196.9553 |   1197.1656 |   1197.1682 |   1197.1669 |   1197.1341 |   1197.1662 |   1197.1676 |   1197.1678 |   1197.1672 |
|  Uncore Clock [MHz]  |   1545.1941 |         0 |         0 |         0 |         0 |         0 |         0 |         0 |         0 |         0 |           0 |           0 |           0 |           0 |           0 |           0 |           0 |           0 |
|          CPI         |      0.5621 |    0.5618 |    0.5631 |    0.5670 |    0.5664 |    0.5591 |    0.5664 |    0.5687 |    0.5655 |    0.5653 |      0.5578 |      0.5612 |      0.5557 |      0.5441 |      0.5459 |      0.5502 |      0.5591 |      0.5646 |
|    Temperature [C]   |          37 |        39 |        37 |        38 |        36 |        35 |        36 |        41 |        37 |        37 |          36 |          36 |          38 |          38 |          38 |          35 |          39 |          36 |
|      Energy [J]      | 158466.3163 |         0 |         0 |         0 |         0 |         0 |         0 |         0 |         0 |         0 |           0 |           0 |           0 |           0 |           0 |           0 |           0 |           0 |
|       Power [W]      |     92.3080 |         0 |         0 |         0 |         0 |         0 |         0 |         0 |         0 |         0 |           0 |           0 |           0 |           0 |           0 |           0 |           0 |           0 |
|    Energy PP0 [J]    |           0 |         0 |         0 |         0 |         0 |         0 |         0 |         0 |         0 |         0 |           0 |           0 |           0 |           0 |           0 |           0 |           0 |           0 |
|     Power PP0 [W]    |           0 |         0 |         0 |         0 |         0 |         0 |         0 |         0 |         0 |         0 |           0 |           0 |           0 |           0 |           0 |           0 |           0 |           0 |
|    Energy DRAM [J]   |  12320.5290 |         0 |         0 |         0 |         0 |         0 |         0 |         0 |         0 |         0 |           0 |           0 |           0 |           0 |           0 |           0 |           0 |           0 |
|    Power DRAM [W]    |      7.1768 |         0 |         0 |         0 |         0 |         0 |         0 |         0 |         0 |         0 |           0 |           0 |           0 |           0 |           0 |           0 |           0 |           0 |
|  Energy PLATFORM [J] |           0 |         0 |         0 |         0 |         0 |         0 |         0 |         0 |         0 |         0 |           0 |           0 |           0 |           0 |           0 |           0 |           0 |           0 |
|  Power PLATFORM [W]  |           0 |         0 |         0 |         0 |         0 |         0 |         0 |         0 |         0 |         0 |           0 |           0 |           0 |           0 |           0 |           0 |           0 |           0 |
+----------------------+-------------+-----------+-----------+-----------+-----------+-----------+-----------+-----------+-----------+-----------+-------------+-------------+-------------+-------------+-------------+-------------+-------------+-------------+

+---------------------------+-------------+-----------+-------------+-----------+-----------+-----------+-----------+
|           Metric          |     Sum     |    Min    |     Max     |    Avg    |  %ile 25  |  %ile 50  |  %ile 75  |
+---------------------------+-------------+-----------+-------------+-----------+-----------+-----------+-----------+
|  Runtime (RDTSC) [s] STAT |  30901.0950 | 1716.6790 |   1717.0190 | 1716.7275 | 1716.7060 | 1716.7120 | 1716.7160 |
| Runtime unhalted [s] STAT |  15332.0082 |  849.9799 |    852.1423 |  851.7782 |  851.8135 |  851.9593 |  852.0336 |
|      Clock [MHz] STAT     |  21548.7584 | 1196.9553 |   1197.1691 | 1197.1532 | 1197.1656 | 1197.1669 | 1197.1678 |
|  Uncore Clock [MHz] STAT  |   1545.1941 |         0 |   1545.1941 |   85.8441 |         0 |         0 |         0 |
|          CPI STAT         |     10.0840 |    0.5441 |      0.5687 |    0.5602 |    0.5578 |    0.5618 |    0.5655 |
|    Temperature [C] STAT   |         669 |        35 |          41 |   37.1667 |        36 |        37 |        38 |
|      Energy [J] STAT      | 158466.3163 |         0 | 158466.3163 | 8803.6842 |         0 |         0 |         0 |
|       Power [W] STAT      |     92.3080 |         0 |     92.3080 |    5.1282 |         0 |         0 |         0 |
|    Energy PP0 [J] STAT    |           0 |         0 |           0 |         0 |         0 |         0 |         0 |
|     Power PP0 [W] STAT    |           0 |         0 |           0 |         0 |         0 |         0 |         0 |
|    Energy DRAM [J] STAT   |  12320.5290 |         0 |  12320.5290 |  684.4738 |         0 |         0 |         0 |
|    Power DRAM [W] STAT    |      7.1768 |         0 |      7.1768 |    0.3987 |         0 |         0 |         0 |
|  Energy PLATFORM [J] STAT |           0 |         0 |           0 |         0 |         0 |         0 |         0 |
|  Power PLATFORM [W] STAT  |           0 |         0 |           0 |         0 |         0 |         0 |         0 |
+---------------------------+-------------+-----------+-------------+-----------+-----------+-----------+-----------+

