Group: 1
+-----------------------+---------+----------------+----------------+----------------+----------------+----------------+----------------+----------------+----------------+----------------+----------------+----------------+----------------+----------------+----------------+----------------+----------------+----------------+----------------+
|         Event         | Counter |    f0880:0:0   |    f0880:1:1   |    f0880:2:2   |    f0880:3:3   |    f0880:4:4   |    f0880:5:5   |    f0880:6:6   |    f0880:7:7   |    f0880:8:8   |    f0880:9:9   |   f0880:10:10  |   f0880:11:11  |   f0880:12:12  |   f0880:13:13  |   f0880:14:14  |   f0880:15:15  |   f0880:16:16  |   f0880:17:17  |
+-----------------------+---------+----------------+----------------+----------------+----------------+----------------+----------------+----------------+----------------+----------------+----------------+----------------+----------------+----------------+----------------+----------------+----------------+----------------+----------------+
|   INSTR_RETIRED_ANY   |  FIXC0  |  3612120587225 |  3589476592475 |  3574685469260 |  3578307594307 |  3581784982727 |  3596421896430 |  3593764209415 |  3600232669890 |  3621348333810 |  3590936683361 |  3649824836857 |  3693555168307 |  3676278509863 |  3672397492797 |  3726052730607 |  3685075934034 |  3630763441035 |  3592758954786 |
| CPU_CLK_UNHALTED_CORE |  FIXC1  |  2057258054654 |  2053440704875 |  2058013689589 |  2058080252479 |  2058250870086 |  2058229265573 |  2058298272303 |  2058527112711 |  2058668912663 |  2058374982978 |  2058676704198 |  2058710652862 |  2058224698863 |  2057248265994 |  2058527533719 |  2059079739743 |  2058657005895 |  2058206754889 |
|  CPU_CLK_UNHALTED_REF |  FIXC2  |  3797994691200 |  3790938570240 |  3799393286688 |  3799505872608 |  3799819860480 |  3799778882208 |  3799910398752 |  3800342618496 |  3800605246368 |  3800046228960 |  3800617756512 |  3800684767296 |  3799783655616 |  3797965853856 |  3800340238944 |  3801370410432 |  3800568153504 |  3799739164416 |
|     TOPDOWN_SLOTS     |  FIXC3  | 10286290273270 | 10267203524375 | 10290068447945 | 10290401262395 | 10291254350430 | 10291146327865 | 10291491361515 | 10292635563555 | 10293344563315 | 10291874914890 | 10293383520990 | 10293553264310 | 10291123494315 | 10286241329970 | 10292637668595 | 10295398698715 | 10293285029475 | 10291033774445 |
|       TEMP_CORE       |   TMP0  |             37 |             39 |             37 |             37 |             35 |             36 |             36 |             40 |             37 |             37 |             36 |             38 |             39 |             38 |             38 |             35 |             38 |             37 |
|     PWR_PKG_ENERGY    |   PWR0  |    153286.1300 |              0 |              0 |              0 |              0 |              0 |              0 |              0 |              0 |              0 |              0 |              0 |              0 |              0 |              0 |              0 |              0 |              0 |
|     PWR_PP0_ENERGY    |   PWR1  |              0 |              0 |              0 |              0 |              0 |              0 |              0 |              0 |              0 |              0 |              0 |              0 |              0 |              0 |              0 |              0 |              0 |              0 |
|    PWR_DRAM_ENERGY    |   PWR3  |     11769.2543 |              0 |              0 |              0 |              0 |              0 |              0 |              0 |              0 |              0 |              0 |              0 |              0 |              0 |              0 |              0 |              0 |              0 |
|  PWR_PLATFORM_ENERGY  |   PWR4  |              0 |              0 |              0 |              0 |              0 |              0 |              0 |              0 |              0 |              0 |              0 |              0 |              0 |              0 |              0 |              0 |              0 |              0 |
|   UNCORE_CLOCKTICKS   | UBOXFIX |  2484025300422 |              0 |              0 |              0 |              0 |              0 |              0 |              0 |              0 |              0 |              0 |              0 |              0 |              0 |              0 |              0 |              0 |              0 |
+-----------------------+---------+----------------+----------------+----------------+----------------+----------------+----------------+----------------+----------------+----------------+----------------+----------------+----------------+----------------+----------------+----------------+----------------+----------------+----------------+

+----------------------------+---------+-----------------+----------------+----------------+--------------+
|            Event           | Counter |       Sum       |       Min      |       Max      |      Avg     |
+----------------------------+---------+-----------------+----------------+----------------+--------------+
|   INSTR_RETIRED_ANY STAT   |  FIXC0  |  65265786087186 |  3574685469260 |  3726052730607 | 3.625877e+12 |
| CPU_CLK_UNHALTED_CORE STAT |  FIXC1  |  37044473474074 |  2053440704875 |  2059079739743 | 2.058026e+12 |
|  CPU_CLK_UNHALTED_REF STAT |  FIXC2  |  68389405656576 |  3790938570240 |  3801370410432 | 3.799411e+12 |
|     TOPDOWN_SLOTS STAT     |  FIXC3  | 185222367370370 | 10267203524375 | 10295398698715 |      nil     |
|       TEMP_CORE STAT       |   TMP0  |             670 |             35 |             40 |      37.2222 |
|     PWR_PKG_ENERGY STAT    |   PWR0  |     153286.1300 |              0 |    153286.1300 |    8515.8961 |
|     PWR_PP0_ENERGY STAT    |   PWR1  |               0 |              0 |              0 |            0 |
|    PWR_DRAM_ENERGY STAT    |   PWR3  |      11769.2543 |              0 |     11769.2543 |     653.8475 |
|  PWR_PLATFORM_ENERGY STAT  |   PWR4  |               0 |              0 |              0 |            0 |
|   UNCORE_CLOCKTICKS STAT   | UBOXFIX |   2484025300422 |              0 |  2484025300422 | 138001405579 |
+----------------------------+---------+-----------------+----------------+----------------+--------------+

+----------------------+-------------+-----------+-----------+-----------+-----------+-----------+-----------+-----------+-----------+-----------+-------------+-------------+-------------+-------------+-------------+-------------+-------------+-------------+
|        Metric        |  f0880:0:0  | f0880:1:1 | f0880:2:2 | f0880:3:3 | f0880:4:4 | f0880:5:5 | f0880:6:6 | f0880:7:7 | f0880:8:8 | f0880:9:9 | f0880:10:10 | f0880:11:11 | f0880:12:12 | f0880:13:13 | f0880:14:14 | f0880:15:15 | f0880:16:16 | f0880:17:17 |
+----------------------+-------------+-----------+-----------+-----------+-----------+-----------+-----------+-----------+-----------+-----------+-------------+-------------+-------------+-------------+-------------+-------------+-------------+-------------+
|  Runtime (RDTSC) [s] |   1598.7870 | 1598.7020 | 1598.6650 | 1598.6870 | 1598.6890 | 1598.6860 | 1598.6860 | 1598.6930 | 1598.6960 | 1598.7630 |   1598.6910 |   1598.6900 |   1598.6890 |   1598.6740 |   1598.6910 |   1598.7220 |   1598.6810 |   1598.6980 |
| Runtime unhalted [s] |    859.2747 |  857.6354 |  859.5334 |  859.5631 |  859.6352 |  859.6243 |  859.6534 |  859.7481 |  859.8084 |  859.7266 |    859.8105 |    859.8249 |    859.6224 |    859.2134 |    859.7482 |    859.9957 |    859.8029 |    859.6162 |
|      Clock [MHz]     |   1296.8542 | 1296.9250 | 1296.9388 | 1296.9395 | 1296.9387 | 1296.9418 | 1296.9399 | 1296.9380 | 1296.9360 | 1296.8799 |   1296.9384 |   1296.9367 |   1296.9373 |   1296.9443 |   1296.9391 |   1296.9100 |   1296.9420 |   1296.9392 |
|  Uncore Clock [MHz]  |   1553.6937 |         0 |         0 |         0 |         0 |         0 |         0 |         0 |         0 |         0 |           0 |           0 |           0 |           0 |           0 |           0 |           0 |           0 |
|          CPI         |      0.5695 |    0.5721 |    0.5757 |    0.5752 |    0.5746 |    0.5723 |    0.5727 |    0.5718 |    0.5685 |    0.5732 |      0.5640 |      0.5574 |      0.5599 |      0.5602 |      0.5525 |      0.5588 |      0.5670 |      0.5729 |
|    Temperature [C]   |          37 |        39 |        37 |        37 |        35 |        36 |        36 |        40 |        37 |        37 |          36 |          38 |          39 |          38 |          38 |          35 |          38 |          37 |
|      Energy [J]      | 153286.1300 |         0 |         0 |         0 |         0 |         0 |         0 |         0 |         0 |         0 |           0 |           0 |           0 |           0 |           0 |           0 |           0 |           0 |
|       Power [W]      |     95.8765 |         0 |         0 |         0 |         0 |         0 |         0 |         0 |         0 |         0 |           0 |           0 |           0 |           0 |           0 |           0 |           0 |           0 |
|    Energy PP0 [J]    |           0 |         0 |         0 |         0 |         0 |         0 |         0 |         0 |         0 |         0 |           0 |           0 |           0 |           0 |           0 |           0 |           0 |           0 |
|     Power PP0 [W]    |           0 |         0 |         0 |         0 |         0 |         0 |         0 |         0 |         0 |         0 |           0 |           0 |           0 |           0 |           0 |           0 |           0 |           0 |
|    Energy DRAM [J]   |  11769.2543 |         0 |         0 |         0 |         0 |         0 |         0 |         0 |         0 |         0 |           0 |           0 |           0 |           0 |           0 |           0 |           0 |           0 |
|    Power DRAM [W]    |      7.3614 |         0 |         0 |         0 |         0 |         0 |         0 |         0 |         0 |         0 |           0 |           0 |           0 |           0 |           0 |           0 |           0 |           0 |
|  Energy PLATFORM [J] |           0 |         0 |         0 |         0 |         0 |         0 |         0 |         0 |         0 |         0 |           0 |           0 |           0 |           0 |           0 |           0 |           0 |           0 |
|  Power PLATFORM [W]  |           0 |         0 |         0 |         0 |         0 |         0 |         0 |         0 |         0 |         0 |           0 |           0 |           0 |           0 |           0 |           0 |           0 |           0 |
+----------------------+-------------+-----------+-----------+-----------+-----------+-----------+-----------+-----------+-----------+-----------+-------------+-------------+-------------+-------------+-------------+-------------+-------------+-------------+

+---------------------------+-------------+-----------+-------------+-----------+-----------+-----------+-----------+
|           Metric          |     Sum     |    Min    |     Max     |    Avg    |  %ile 25  |  %ile 50  |  %ile 75  |
+---------------------------+-------------+-----------+-------------+-----------+-----------+-----------+-----------+
|  Runtime (RDTSC) [s] STAT |  28776.5900 | 1598.6650 |   1598.7870 | 1598.6994 | 1598.6860 | 1598.6900 | 1598.6980 |
| Runtime unhalted [s] STAT |  15471.8368 |  857.6354 |    859.9957 |  859.5465 |  859.5631 |  859.6352 |  859.8029 |
|      Clock [MHz] STAT     |  23344.7188 | 1296.8542 |   1296.9443 | 1296.9288 | 1296.9360 | 1296.9384 | 1296.9395 |
|  Uncore Clock [MHz] STAT  |   1553.6937 |         0 |   1553.6937 |   86.3163 |         0 |         0 |         0 |
|          CPI STAT         |     10.2183 |    0.5525 |      0.5757 |    0.5677 |    0.5602 |    0.5695 |    0.5729 |
|    Temperature [C] STAT   |         670 |        35 |          40 |   37.2222 |        36 |        37 |        38 |
|      Energy [J] STAT      | 153286.1300 |         0 | 153286.1300 | 8515.8961 |         0 |         0 |         0 |
|       Power [W] STAT      |     95.8765 |         0 |     95.8765 |    5.3265 |         0 |         0 |         0 |
|    Energy PP0 [J] STAT    |           0 |         0 |           0 |         0 |         0 |         0 |         0 |
|     Power PP0 [W] STAT    |           0 |         0 |           0 |         0 |         0 |         0 |         0 |
|    Energy DRAM [J] STAT   |  11769.2543 |         0 |  11769.2543 |  653.8475 |         0 |         0 |         0 |
|    Power DRAM [W] STAT    |      7.3614 |         0 |      7.3614 |    0.4090 |         0 |         0 |         0 |
|  Energy PLATFORM [J] STAT |           0 |         0 |           0 |         0 |         0 |         0 |         0 |
|  Power PLATFORM [W] STAT  |           0 |         0 |           0 |         0 |         0 |         0 |         0 |
+---------------------------+-------------+-----------+-------------+-----------+-----------+-----------+-----------+

