Group: 1
+-----------------------+---------+----------------+----------------+----------------+----------------+----------------+----------------+----------------+----------------+----------------+----------------+----------------+----------------+----------------+----------------+----------------+----------------+----------------+----------------+
|         Event         | Counter |    f0880:0:0   |    f0880:1:1   |    f0880:2:2   |    f0880:3:3   |    f0880:4:4   |    f0880:5:5   |    f0880:6:6   |    f0880:7:7   |    f0880:8:8   |    f0880:9:9   |   f0880:10:10  |   f0880:11:11  |   f0880:12:12  |   f0880:13:13  |   f0880:14:14  |   f0880:15:15  |   f0880:16:16  |   f0880:17:17  |
+-----------------------+---------+----------------+----------------+----------------+----------------+----------------+----------------+----------------+----------------+----------------+----------------+----------------+----------------+----------------+----------------+----------------+----------------+----------------+----------------+
|   INSTR_RETIRED_ANY   |  FIXC0  |  3593433951114 |  3629991751715 |  3576167519182 |  3577216654238 |  3579016602192 |  3611703965229 |  3587990449473 |  3607839321028 |  3642836153054 |  3615453840636 |  3604883010331 |  3669558671139 |  3674209956734 |  3701225493737 |  3736909241735 |  3694455945565 |  3650146567663 |  3652492578757 |
| CPU_CLK_UNHALTED_CORE |  FIXC1  |  2081347858130 |  2079187044836 |  2083040064344 |  2082290029117 |  2082805764672 |  2083012406204 |  2083073421912 |  2083380939500 |  2083479776953 |  2083080627237 |  2082923388129 |  2082820138586 |  2082945557645 |  2082884909995 |  2083330163668 |  2083712680169 |  2083261112328 |  2083556780024 |
|  CPU_CLK_UNHALTED_REF |  FIXC2  |  3568047276672 |  3564326734080 |  3570945458112 |  3569662316256 |  3570547198560 |  3570889742016 |  3571002599424 |  3571510804416 |  3571689262560 |  3571018392096 |  3570744896544 |  3570570139200 |  3570780896928 |  3570676191744 |  3571436195136 |  3572081871840 |  3571328227488 |  3571823868576 |
|     TOPDOWN_SLOTS     |  FIXC3  | 10406739290650 | 10395935224180 | 10415200321720 | 10411450145585 | 10414028823360 | 10415062031020 | 10415367109560 | 10416904697500 | 10417398884765 | 10415403136185 | 10414616940645 | 10414100692930 | 10414727788225 | 10414424549975 | 10416650818340 | 10418563400845 | 10416305561640 | 10417783900120 |
|       TEMP_CORE       |   TMP0  |             38 |             39 |             39 |             38 |             36 |             36 |             38 |             40 |             37 |             37 |             37 |             38 |             39 |             38 |             39 |             35 |             40 |             37 |
|     PWR_PKG_ENERGY    |   PWR0  |    148289.0598 |              0 |              0 |              0 |              0 |              0 |              0 |              0 |              0 |              0 |              0 |              0 |              0 |              0 |              0 |              0 |              0 |              0 |
|     PWR_PP0_ENERGY    |   PWR1  |              0 |              0 |              0 |              0 |              0 |              0 |              0 |              0 |              0 |              0 |              0 |              0 |              0 |              0 |              0 |              0 |              0 |              0 |
|    PWR_DRAM_ENERGY    |   PWR3  |     11357.4452 |              0 |              0 |              0 |              0 |              0 |              0 |              0 |              0 |              0 |              0 |              0 |              0 |              0 |              0 |              0 |              0 |              0 |
|  PWR_PLATFORM_ENERGY  |   PWR4  |              0 |              0 |              0 |              0 |              0 |              0 |              0 |              0 |              0 |              0 |              0 |              0 |              0 |              0 |              0 |              0 |              0 |              0 |
|   UNCORE_CLOCKTICKS   | UBOXFIX |  2344096290684 |              0 |              0 |              0 |              0 |              0 |              0 |              0 |              0 |              0 |              0 |              0 |              0 |              0 |              0 |              0 |              0 |              0 |
+-----------------------+---------+----------------+----------------+----------------+----------------+----------------+----------------+----------------+----------------+----------------+----------------+----------------+----------------+----------------+----------------+----------------+----------------+----------------+----------------+

+----------------------------+---------+-----------------+----------------+----------------+---------------+
|            Event           | Counter |       Sum       |       Min      |       Max      |      Avg      |
+----------------------------+---------+-----------------+----------------+----------------+---------------+
|   INSTR_RETIRED_ANY STAT   |  FIXC0  |  65405531673522 |  3576167519182 |  3736909241735 | 3633640648529 |
| CPU_CLK_UNHALTED_CORE STAT |  FIXC1  |  37490132663449 |  2079187044836 |  2083712680169 |  2.082785e+12 |
|  CPU_CLK_UNHALTED_REF STAT |  FIXC2  |  64269082071648 |  3564326734080 |  3572081871840 | 3570504559536 |
|     TOPDOWN_SLOTS STAT     |  FIXC3  | 187450663317245 | 10395935224180 | 10418563400845 |      nil      |
|       TEMP_CORE STAT       |   TMP0  |             681 |             35 |             40 |       37.8333 |
|     PWR_PKG_ENERGY STAT    |   PWR0  |     148289.0598 |              0 |    148289.0598 |     8238.2811 |
|     PWR_PP0_ENERGY STAT    |   PWR1  |               0 |              0 |              0 |             0 |
|    PWR_DRAM_ENERGY STAT    |   PWR3  |      11357.4452 |              0 |     11357.4452 |      630.9692 |
|  PWR_PLATFORM_ENERGY STAT  |   PWR4  |               0 |              0 |              0 |             0 |
|   UNCORE_CLOCKTICKS STAT   | UBOXFIX |   2344096290684 |              0 |  2344096290684 |  1.302276e+11 |
+----------------------------+---------+-----------------+----------------+----------------+---------------+

+----------------------+-------------+-----------+-----------+-----------+-----------+-----------+-----------+-----------+-----------+-----------+-------------+-------------+-------------+-------------+-------------+-------------+-------------+-------------+
|        Metric        |  f0880:0:0  | f0880:1:1 | f0880:2:2 | f0880:3:3 | f0880:4:4 | f0880:5:5 | f0880:6:6 | f0880:7:7 | f0880:8:8 | f0880:9:9 | f0880:10:10 | f0880:11:11 | f0880:12:12 | f0880:13:13 | f0880:14:14 | f0880:15:15 | f0880:16:16 | f0880:17:17 |
+----------------------+-------------+-----------+-----------+-----------+-----------+-----------+-----------+-----------+-----------+-----------+-------------+-------------+-------------+-------------+-------------+-------------+-------------+-------------+
|  Runtime (RDTSC) [s] |   1502.2820 | 1502.2930 | 1502.2940 | 1502.2830 | 1502.2860 | 1502.4050 | 1502.2980 | 1502.3760 | 1502.2890 | 1502.2830 |   1502.2850 |   1502.2800 |   1502.2860 |   1502.2780 |   1502.2870 |   1502.3630 |   1502.2890 |   1502.3410 |
| Runtime unhalted [s] |    869.2794 |  868.3782 |  869.9914 |  869.6740 |  869.8881 |  870.0423 |  870.0062 |  870.1843 |  870.1707 |  870.0034 |    869.9389 |    869.8938 |    869.9458 |    869.9215 |    870.1073 |    870.3084 |    870.0806 |    870.2343 |
|      Clock [MHz]     |   1396.6879 | 1396.6921 | 1396.6805 | 1396.6861 | 1396.6879 | 1396.5836 | 1396.6791 | 1396.6068 | 1396.6914 | 1396.6872 |   1396.6867 |   1396.6891 |   1396.6913 |   1396.6899 |   1396.6915 |   1396.6291 |   1396.6840 |   1396.6399 |
|  Uncore Clock [MHz]  |   1560.3570 |         0 |         0 |         0 |         0 |         0 |         0 |         0 |         0 |         0 |           0 |           0 |           0 |           0 |           0 |           0 |           0 |           0 |
|          CPI         |      0.5792 |    0.5728 |    0.5825 |    0.5821 |    0.5819 |    0.5767 |    0.5806 |    0.5775 |    0.5719 |    0.5762 |      0.5778 |      0.5676 |      0.5669 |      0.5628 |      0.5575 |      0.5640 |      0.5707 |      0.5704 |
|    Temperature [C]   |          38 |        39 |        39 |        38 |        36 |        36 |        38 |        40 |        37 |        37 |          37 |          38 |          39 |          38 |          39 |          35 |          40 |          37 |
|      Energy [J]      | 148289.0598 |         0 |         0 |         0 |         0 |         0 |         0 |         0 |         0 |         0 |           0 |           0 |           0 |           0 |           0 |           0 |           0 |           0 |
|       Power [W]      |     98.7092 |         0 |         0 |         0 |         0 |         0 |         0 |         0 |         0 |         0 |           0 |           0 |           0 |           0 |           0 |           0 |           0 |           0 |
|    Energy PP0 [J]    |           0 |         0 |         0 |         0 |         0 |         0 |         0 |         0 |         0 |         0 |           0 |           0 |           0 |           0 |           0 |           0 |           0 |           0 |
|     Power PP0 [W]    |           0 |         0 |         0 |         0 |         0 |         0 |         0 |         0 |         0 |         0 |           0 |           0 |           0 |           0 |           0 |           0 |           0 |           0 |
|    Energy DRAM [J]   |  11357.4452 |         0 |         0 |         0 |         0 |         0 |         0 |         0 |         0 |         0 |           0 |           0 |           0 |           0 |           0 |           0 |           0 |           0 |
|    Power DRAM [W]    |      7.5601 |         0 |         0 |         0 |         0 |         0 |         0 |         0 |         0 |         0 |           0 |           0 |           0 |           0 |           0 |           0 |           0 |           0 |
|  Energy PLATFORM [J] |           0 |         0 |         0 |         0 |         0 |         0 |         0 |         0 |         0 |         0 |           0 |           0 |           0 |           0 |           0 |           0 |           0 |           0 |
|  Power PLATFORM [W]  |           0 |         0 |         0 |         0 |         0 |         0 |         0 |         0 |         0 |         0 |           0 |           0 |           0 |           0 |           0 |           0 |           0 |           0 |
+----------------------+-------------+-----------+-----------+-----------+-----------+-----------+-----------+-----------+-----------+-----------+-------------+-------------+-------------+-------------+-------------+-------------+-------------+-------------+

+---------------------------+-------------+-----------+-------------+-----------+-----------+-----------+-----------+
|           Metric          |     Sum     |    Min    |     Max     |    Avg    |  %ile 25  |  %ile 50  |  %ile 75  |
+---------------------------+-------------+-----------+-------------+-----------+-----------+-----------+-----------+
|  Runtime (RDTSC) [s] STAT |  27041.4980 | 1502.2780 |   1502.4050 | 1502.3054 | 1502.2830 | 1502.2870 | 1502.2980 |
| Runtime unhalted [s] STAT |  15658.0486 |  868.3782 |    870.3084 |  869.8916 |  869.8938 |  869.9914 |  870.1073 |
|      Clock [MHz] STAT     |  25140.0841 | 1396.5836 |   1396.6921 | 1396.6713 | 1396.6791 | 1396.6867 | 1396.6899 |
|  Uncore Clock [MHz] STAT  |   1560.3570 |         0 |   1560.3570 |   86.6865 |         0 |         0 |         0 |
|          CPI STAT         |     10.3191 |    0.5575 |      0.5825 |    0.5733 |    0.5676 |    0.5728 |    0.5792 |
|    Temperature [C] STAT   |         681 |        35 |          40 |   37.8333 |        37 |        38 |        39 |
|      Energy [J] STAT      | 148289.0598 |         0 | 148289.0598 | 8238.2811 |         0 |         0 |         0 |
|       Power [W] STAT      |     98.7092 |         0 |     98.7092 |    5.4838 |         0 |         0 |         0 |
|    Energy PP0 [J] STAT    |           0 |         0 |           0 |         0 |         0 |         0 |         0 |
|     Power PP0 [W] STAT    |           0 |         0 |           0 |         0 |         0 |         0 |         0 |
|    Energy DRAM [J] STAT   |  11357.4452 |         0 |  11357.4452 |  630.9692 |         0 |         0 |         0 |
|    Power DRAM [W] STAT    |      7.5601 |         0 |      7.5601 |    0.4200 |         0 |         0 |         0 |
|  Energy PLATFORM [J] STAT |           0 |         0 |           0 |         0 |         0 |         0 |         0 |
|  Power PLATFORM [W] STAT  |           0 |         0 |           0 |         0 |         0 |         0 |         0 |
+---------------------------+-------------+-----------+-------------+-----------+-----------+-----------+-----------+

