Group: 1
+-----------------------+---------+----------------+----------------+----------------+----------------+----------------+----------------+----------------+----------------+----------------+----------------+----------------+----------------+----------------+----------------+----------------+----------------+----------------+----------------+
|         Event         | Counter |    f0880:0:0   |    f0880:1:1   |    f0880:2:2   |    f0880:3:3   |    f0880:4:4   |    f0880:5:5   |    f0880:6:6   |    f0880:7:7   |    f0880:8:8   |    f0880:9:9   |   f0880:10:10  |   f0880:11:11  |   f0880:12:12  |   f0880:13:13  |   f0880:14:14  |   f0880:15:15  |   f0880:16:16  |   f0880:17:17  |
+-----------------------+---------+----------------+----------------+----------------+----------------+----------------+----------------+----------------+----------------+----------------+----------------+----------------+----------------+----------------+----------------+----------------+----------------+----------------+----------------+
|   INSTR_RETIRED_ANY   |  FIXC0  |  3642275011917 |  3616869124258 |  3586620335128 |  3577691190390 |  3618256920126 |  3623445123300 |  3617131127357 |  3585833035407 |  3684615290116 |  3666136207358 |  3695354051383 |  3728017711124 |  3750960491063 |  3828294893243 |  3783148365674 |  3728760340865 |  3695919411451 |  3705146611211 |
| CPU_CLK_UNHALTED_CORE |  FIXC1  |  2367258776270 |  2363836865848 |  2368301575473 |  2367787638247 |  2368287785078 |  2368288009367 |  2368260897945 |  2367690958952 |  2368224675845 |  2368296547742 |  2368055230614 |  2367934370767 |  2367713369122 |  2367811242175 |  2367780318374 |  2368136925330 |  2368621410825 |  2369065379596 |
|  CPU_CLK_UNHALTED_REF |  FIXC2  |  2272572480864 |  2269282147968 |  2273567566464 |  2273072638368 |  2273553956064 |  2273552034528 |  2273526447744 |  2272979548896 |  2273492386272 |  2273561982912 |  2273331255360 |  2273215572864 |  2273002023264 |  2273095040736 |  2273069305632 |  2273408565984 |  2273875356672 |  2274302205984 |
|     TOPDOWN_SLOTS     |  FIXC3  | 11836293881350 | 11819184329240 | 11841507877365 | 11838938191235 | 11841438925390 | 11841440046835 | 11841304489725 | 11838454794760 | 11841123379225 | 11841482738710 | 11840276153070 | 11839671853835 | 11838566845610 | 11839056210875 | 11838901591870 | 11840684626650 | 11843107054125 | 11845326897980 |
|       TEMP_CORE       |   TMP0  |             47 |             50 |             48 |             47 |             46 |             47 |             47 |             51 |             48 |             48 |             46 |             48 |             50 |             49 |             48 |             45 |             48 |             45 |
|     PWR_PKG_ENERGY    |   PWR0  |    161237.5430 |              0 |              0 |              0 |              0 |              0 |              0 |              0 |              0 |              0 |              0 |              0 |              0 |              0 |              0 |              0 |              0 |              0 |
|     PWR_PP0_ENERGY    |   PWR1  |              0 |              0 |              0 |              0 |              0 |              0 |              0 |              0 |              0 |              0 |              0 |              0 |              0 |              0 |              0 |              0 |              0 |              0 |
|    PWR_DRAM_ENERGY    |   PWR3  |     10826.9754 |              0 |              0 |              0 |              0 |              0 |              0 |              0 |              0 |              0 |              0 |              0 |              0 |              0 |              0 |              0 |              0 |              0 |
|  PWR_PLATFORM_ENERGY  |   PWR4  |              0 |              0 |              0 |              0 |              0 |              0 |              0 |              0 |              0 |              0 |              0 |              0 |              0 |              0 |              0 |              0 |              0 |              0 |
|   UNCORE_CLOCKTICKS   | UBOXFIX |  2098053346433 |              0 |              0 |              0 |              0 |              0 |              0 |              0 |              0 |              0 |              0 |              0 |              0 |              0 |              0 |              0 |              0 |              0 |
+-----------------------+---------+----------------+----------------+----------------+----------------+----------------+----------------+----------------+----------------+----------------+----------------+----------------+----------------+----------------+----------------+----------------+----------------+----------------+----------------+

+----------------------------+---------+-----------------+----------------+----------------+--------------+
|            Event           | Counter |       Sum       |       Min      |       Max      |      Avg     |
+----------------------------+---------+-----------------+----------------+----------------+--------------+
|   INSTR_RETIRED_ANY STAT   |  FIXC0  |  66134475241371 |  3577691190390 |  3828294893243 | 3.674138e+12 |
| CPU_CLK_UNHALTED_CORE STAT |  FIXC1  |  42621351977570 |  2363836865848 |  2369065379596 | 2.367853e+12 |
|  CPU_CLK_UNHALTED_REF STAT |  FIXC2  |  40916460516576 |  2269282147968 |  2274302205984 | 2.273137e+12 |
|     TOPDOWN_SLOTS STAT     |  FIXC3  | 213106759887850 | 11819184329240 | 11845326897980 |      nil     |
|       TEMP_CORE STAT       |   TMP0  |             858 |             45 |             51 |      47.6667 |
|     PWR_PKG_ENERGY STAT    |   PWR0  |     161237.5430 |              0 |    161237.5430 |    8957.6413 |
|     PWR_PP0_ENERGY STAT    |   PWR1  |               0 |              0 |              0 |            0 |
|    PWR_DRAM_ENERGY STAT    |   PWR3  |      10826.9754 |              0 |     10826.9754 |     601.4986 |
|  PWR_PLATFORM_ENERGY STAT  |   PWR4  |               0 |              0 |              0 |            0 |
|   UNCORE_CLOCKTICKS STAT   | UBOXFIX |   2098053346433 |              0 |  2098053346433 | 1.165585e+11 |
+----------------------------+---------+-----------------+----------------+----------------+--------------+

+----------------------+-------------+-----------+-----------+-----------+-----------+-----------+-----------+-----------+-----------+-----------+-------------+-------------+-------------+-------------+-------------+-------------+-------------+-------------+
|        Metric        |  f0880:0:0  | f0880:1:1 | f0880:2:2 | f0880:3:3 | f0880:4:4 | f0880:5:5 | f0880:6:6 | f0880:7:7 | f0880:8:8 | f0880:9:9 | f0880:10:10 | f0880:11:11 | f0880:12:12 | f0880:13:13 | f0880:14:14 | f0880:15:15 | f0880:16:16 | f0880:17:17 |
+----------------------+-------------+-----------+-----------+-----------+-----------+-----------+-----------+-----------+-----------+-----------+-------------+-------------+-------------+-------------+-------------+-------------+-------------+-------------+
|  Runtime (RDTSC) [s] |    956.1068 |  956.1044 |  956.0937 |  956.1049 |  956.0997 |  956.1112 |  956.0964 |  956.0906 |  956.1011 |  956.1008 |    956.1097 |    956.1047 |    956.1104 |    956.1109 |    956.1096 |    956.1034 |    956.1017 |    956.1105 |
| Runtime unhalted [s] |    988.6900 |  987.2605 |  989.1266 |  988.9118 |  989.1201 |  989.1228 |  989.1092 |  988.8716 |  989.0949 |  989.1235 |    989.0307 |    988.9738 |    988.8907 |    988.9267 |    988.9145 |    989.0582 |    989.2591 |    989.4451 |
|      Clock [MHz]     |   2494.0984 | 2494.1050 | 2494.1022 | 2494.1043 | 2494.1045 | 2494.1004 | 2494.1057 | 2494.1041 | 2494.1028 | 2494.1056 |   2494.0846 |   2494.1002 |   2494.0786 |   2494.0920 |   2494.0859 |   2494.1024 |   2494.1042 |   2494.1021 |
|  Uncore Clock [MHz]  |   2194.3713 |         0 |         0 |         0 |         0 |         0 |         0 |         0 |         0 |         0 |           0 |           0 |           0 |           0 |           0 |           0 |           0 |           0 |
|          CPI         |      0.6499 |    0.6536 |    0.6603 |    0.6618 |    0.6545 |    0.6536 |    0.6547 |    0.6603 |    0.6427 |    0.6460 |      0.6408 |      0.6352 |      0.6312 |      0.6185 |      0.6259 |      0.6351 |      0.6409 |      0.6394 |
|    Temperature [C]   |          47 |        50 |        48 |        47 |        46 |        47 |        47 |        51 |        48 |        48 |          46 |          48 |          50 |          49 |          48 |          45 |          48 |          45 |
|      Energy [J]      | 161237.5430 |         0 |         0 |         0 |         0 |         0 |         0 |         0 |         0 |         0 |           0 |           0 |           0 |           0 |           0 |           0 |           0 |           0 |
|       Power [W]      |    168.6397 |         0 |         0 |         0 |         0 |         0 |         0 |         0 |         0 |         0 |           0 |           0 |           0 |           0 |           0 |           0 |           0 |           0 |
|    Energy PP0 [J]    |           0 |         0 |         0 |         0 |         0 |         0 |         0 |         0 |         0 |         0 |           0 |           0 |           0 |           0 |           0 |           0 |           0 |           0 |
|     Power PP0 [W]    |           0 |         0 |         0 |         0 |         0 |         0 |         0 |         0 |         0 |         0 |           0 |           0 |           0 |           0 |           0 |           0 |           0 |           0 |
|    Energy DRAM [J]   |  10826.9754 |         0 |         0 |         0 |         0 |         0 |         0 |         0 |         0 |         0 |           0 |           0 |           0 |           0 |           0 |           0 |           0 |           0 |
|    Power DRAM [W]    |     11.3240 |         0 |         0 |         0 |         0 |         0 |         0 |         0 |         0 |         0 |           0 |           0 |           0 |           0 |           0 |           0 |           0 |           0 |
|  Energy PLATFORM [J] |           0 |         0 |         0 |         0 |         0 |         0 |         0 |         0 |         0 |         0 |           0 |           0 |           0 |           0 |           0 |           0 |           0 |           0 |
|  Power PLATFORM [W]  |           0 |         0 |         0 |         0 |         0 |         0 |         0 |         0 |         0 |         0 |           0 |           0 |           0 |           0 |           0 |           0 |           0 |           0 |
+----------------------+-------------+-----------+-----------+-----------+-----------+-----------+-----------+-----------+-----------+-----------+-------------+-------------+-------------+-------------+-------------+-------------+-------------+-------------+

+---------------------------+-------------+-----------+-------------+-----------+-----------+-----------+-----------+
|           Metric          |     Sum     |    Min    |     Max     |    Avg    |  %ile 25  |  %ile 50  |  %ile 75  |
+---------------------------+-------------+-----------+-------------+-----------+-----------+-----------+-----------+
|  Runtime (RDTSC) [s] STAT |  17209.8705 |  956.0906 |    956.1112 |  956.1039 |  956.1008 |  956.1044 |  956.1097 |
| Runtime unhalted [s] STAT |  17800.9298 |  987.2605 |    989.4451 |  988.9405 |  988.9118 |  989.0307 |  989.1228 |
|      Clock [MHz] STAT     |  44893.7830 | 2494.0786 |   2494.1057 | 2494.0991 | 2494.0984 | 2494.1022 | 2494.1043 |
|  Uncore Clock [MHz] STAT  |   2194.3713 |         0 |   2194.3713 |  121.9095 |         0 |         0 |         0 |
|          CPI STAT         |     11.6044 |    0.6185 |      0.6618 |    0.6447 |    0.6352 |    0.6427 |    0.6545 |
|    Temperature [C] STAT   |         858 |        45 |          51 |   47.6667 |        47 |        48 |        48 |
|      Energy [J] STAT      | 161237.5430 |         0 | 161237.5430 | 8957.6413 |         0 |         0 |         0 |
|       Power [W] STAT      |    168.6397 |         0 |    168.6397 |    9.3689 |         0 |         0 |         0 |
|    Energy PP0 [J] STAT    |           0 |         0 |           0 |         0 |         0 |         0 |         0 |
|     Power PP0 [W] STAT    |           0 |         0 |           0 |         0 |         0 |         0 |         0 |
|    Energy DRAM [J] STAT   |  10826.9754 |         0 |  10826.9754 |  601.4986 |         0 |         0 |         0 |
|    Power DRAM [W] STAT    |     11.3240 |         0 |     11.3240 |    0.6291 |         0 |         0 |         0 |
|  Energy PLATFORM [J] STAT |           0 |         0 |           0 |         0 |         0 |         0 |         0 |
|  Power PLATFORM [W] STAT  |           0 |         0 |           0 |         0 |         0 |         0 |         0 |
+---------------------------+-------------+-----------+-------------+-----------+-----------+-----------+-----------+

