Group: 1
+-----------------------+---------+---------------+---------------+---------------+---------------+---------------+---------------+---------------+---------------+---------------+---------------+---------------+---------------+---------------+---------------+---------------+---------------+---------------+---------------+
|         Event         | Counter |   f0404:0:0   |   f0404:1:1   |   f0404:2:2   |   f0404:3:3   |   f0404:4:4   |   f0404:5:5   |   f0404:6:6   |   f0404:7:7   |   f0404:8:8   |   f0404:9:9   |  f0404:10:10  |  f0404:11:11  |  f0404:12:12  |  f0404:13:13  |  f0404:14:14  |  f0404:15:15  |  f0404:16:16  |  f0404:17:17  |
+-----------------------+---------+---------------+---------------+---------------+---------------+---------------+---------------+---------------+---------------+---------------+---------------+---------------+---------------+---------------+---------------+---------------+---------------+---------------+---------------+
|   INSTR_RETIRED_ANY   |  FIXC0  | 2850354498323 | 2853556346343 | 2825810792888 | 2755552196715 | 2684611534122 | 2662516412754 | 2648781042977 | 2650628997030 | 2659843458442 | 2650626471343 | 2553697188869 | 2559775569911 | 2582188617277 | 2642963110668 | 2705861800762 | 2713308019253 | 2731434925455 | 2638119472732 |
| CPU_CLK_UNHALTED_CORE |  FIXC1  | 1526771702439 | 1530401505324 | 1530423503524 | 1530342453059 | 1529962300027 | 1530096054992 | 1530080172496 | 1529420462963 | 1529902034526 | 1530314444721 | 1529855645997 | 1530285672051 | 1528326488863 | 1530584915056 | 1530308728602 | 1530623352949 | 1530549835336 | 1530222562996 |
|  CPU_CLK_UNHALTED_REF |  FIXC2  | 1357139830464 | 1360363451232 | 1360385880864 | 1360312679808 | 1359973176768 | 1360095623232 | 1360081894176 | 1359495372768 | 1359921765216 | 1360288115136 | 1359875780160 | 1360261152864 | 1358519393088 | 1360528286976 | 1360281888096 | 1360562962560 | 1360497318720 | 1360206823200 |
|     TOPDOWN_SLOTS     |  FIXC3  | 7633858512195 | 7652007526620 | 7652117517620 | 7651712265295 | 7649811500135 | 7650480274960 | 7650400862480 | 7647102314815 | 7649510172630 | 7651572223605 | 7649278229985 | 7651428360255 | 7641632444315 | 7652924575280 | 7651543643010 | 7653116764745 | 7652749176680 | 7651112814980 |
|       TEMP_CORE       |   TMP0  |            42 |            46 |            46 |            45 |            44 |            46 |            47 |            46 |            45 |            40 |            42 |            44 |            45 |            42 |            44 |            43 |            42 |            41 |
|     PWR_PKG_ENERGY    |   PWR0  |   105287.5817 |             0 |             0 |             0 |             0 |             0 |             0 |             0 |             0 |             0 |             0 |             0 |             0 |             0 |             0 |             0 |             0 |             0 |
|     PWR_PP0_ENERGY    |   PWR1  |             0 |             0 |             0 |             0 |             0 |             0 |             0 |             0 |             0 |             0 |             0 |             0 |             0 |             0 |             0 |             0 |             0 |             0 |
|    PWR_DRAM_ENERGY    |   PWR3  |     6067.0552 |             0 |             0 |             0 |             0 |             0 |             0 |             0 |             0 |             0 |             0 |             0 |             0 |             0 |             0 |             0 |             0 |             0 |
|  PWR_PLATFORM_ENERGY  |   PWR4  |             0 |             0 |             0 |             0 |             0 |             0 |             0 |             0 |             0 |             0 |             0 |             0 |             0 |             0 |             0 |             0 |             0 |             0 |
|   UNCORE_CLOCKTICKS   | UBOXFIX | 1252329232097 |             0 |             0 |             0 |             0 |             0 |             0 |             0 |             0 |             0 |             0 |             0 |             0 |             0 |             0 |             0 |             0 |             0 |
+-----------------------+---------+---------------+---------------+---------------+---------------+---------------+---------------+---------------+---------------+---------------+---------------+---------------+---------------+---------------+---------------+---------------+---------------+---------------+---------------+

+----------------------------+---------+-----------------+---------------+---------------+---------------+
|            Event           | Counter |       Sum       |      Min      |      Max      |      Avg      |
+----------------------------+---------+-----------------+---------------+---------------+---------------+
|   INSTR_RETIRED_ANY STAT   |  FIXC0  |  48369630455864 | 2553697188869 | 2853556346343 |  2.687202e+12 |
| CPU_CLK_UNHALTED_CORE STAT |  FIXC1  |  27538471835921 | 1526771702439 | 1530623352949 |  1.529915e+12 |
|  CPU_CLK_UNHALTED_REF STAT |  FIXC2  |  24478791395328 | 1357139830464 | 1360562962560 | 1359932855296 |
|     TOPDOWN_SLOTS STAT     |  FIXC3  | 137692359179605 | 7633858512195 | 7653116764745 |  7.649576e+12 |
|       TEMP_CORE STAT       |   TMP0  |             790 |            40 |            47 |       43.8889 |
|     PWR_PKG_ENERGY STAT    |   PWR0  |     105287.5817 |             0 |   105287.5817 |     5849.3101 |
|     PWR_PP0_ENERGY STAT    |   PWR1  |               0 |             0 |             0 |             0 |
|    PWR_DRAM_ENERGY STAT    |   PWR3  |       6067.0552 |             0 |     6067.0552 |      337.0586 |
|  PWR_PLATFORM_ENERGY STAT  |   PWR4  |               0 |             0 |             0 |             0 |
|   UNCORE_CLOCKTICKS STAT   | UBOXFIX |   1252329232097 |             0 | 1252329232097 |  6.957385e+10 |
+----------------------------+---------+-----------------+---------------+---------------+---------------+

+----------------------+-------------+-----------+-----------+-----------+-----------+-----------+-----------+-----------+-----------+-----------+-------------+-------------+-------------+-------------+-------------+-------------+-------------+-------------+
|        Metric        |  f0404:0:0  | f0404:1:1 | f0404:2:2 | f0404:3:3 | f0404:4:4 | f0404:5:5 | f0404:6:6 | f0404:7:7 | f0404:8:8 | f0404:9:9 | f0404:10:10 | f0404:11:11 | f0404:12:12 | f0404:13:13 | f0404:14:14 | f0404:15:15 | f0404:16:16 | f0404:17:17 |
+----------------------+-------------+-----------+-----------+-----------+-----------+-----------+-----------+-----------+-----------+-----------+-------------+-------------+-------------+-------------+-------------+-------------+-------------+-------------+
|  Runtime (RDTSC) [s] |    570.7981 |  570.7817 |  570.7819 |  570.7908 |  570.7862 |  570.7921 |  570.7812 |  570.7798 |  570.7827 |  570.7871 |    570.8026 |    570.7797 |    570.7999 |    570.7972 |    570.7822 |    570.7750 |    570.8020 |    570.8573 |
| Runtime unhalted [s] |    637.6694 |  639.1766 |  639.1851 |  639.1511 |  638.9979 |  639.0516 |  639.0414 |  638.7659 |  638.9693 |  639.1394 |    638.9573 |    639.1274 |    638.3196 |    639.2674 |    639.1364 |    639.2684 |    639.2506 |    639.1725 |
|      Clock [MHz]     |   2693.5686 | 2693.6114 | 2693.6088 | 2693.6117 | 2693.5912 | 2693.5935 | 2693.6074 | 2693.6078 | 2693.6013 | 2693.6111 |   2693.5799 |   2693.6134 |   2693.5701 |   2693.5480 |   2693.6156 |   2693.6105 |   2693.5567 |   2693.3091 |
|  Uncore Clock [MHz]  |   2193.9968 |         0 |         0 |         0 |         0 |         0 |         0 |         0 |         0 |         0 |           0 |           0 |           0 |           0 |           0 |           0 |           0 |           0 |
|          CPI         |      0.5356 |    0.5363 |    0.5416 |    0.5554 |    0.5699 |    0.5747 |    0.5777 |    0.5770 |    0.5752 |    0.5773 |      0.5991 |      0.5978 |      0.5919 |      0.5791 |      0.5656 |      0.5641 |      0.5603 |      0.5800 |
|    Temperature [C]   |          42 |        46 |        46 |        45 |        44 |        46 |        47 |        46 |        45 |        40 |          42 |          44 |          45 |          42 |          44 |          43 |          42 |          41 |
|      Energy [J]      | 105287.5817 |         0 |         0 |         0 |         0 |         0 |         0 |         0 |         0 |         0 |           0 |           0 |           0 |           0 |           0 |           0 |           0 |           0 |
|       Power [W]      |    184.4568 |         0 |         0 |         0 |         0 |         0 |         0 |         0 |         0 |         0 |           0 |           0 |           0 |           0 |           0 |           0 |           0 |           0 |
|    Energy PP0 [J]    |           0 |         0 |         0 |         0 |         0 |         0 |         0 |         0 |         0 |         0 |           0 |           0 |           0 |           0 |           0 |           0 |           0 |           0 |
|     Power PP0 [W]    |           0 |         0 |         0 |         0 |         0 |         0 |         0 |         0 |         0 |         0 |           0 |           0 |           0 |           0 |           0 |           0 |           0 |           0 |
|    Energy DRAM [J]   |   6067.0552 |         0 |         0 |         0 |         0 |         0 |         0 |         0 |         0 |         0 |           0 |           0 |           0 |           0 |           0 |           0 |           0 |           0 |
|    Power DRAM [W]    |     10.6291 |         0 |         0 |         0 |         0 |         0 |         0 |         0 |         0 |         0 |           0 |           0 |           0 |           0 |           0 |           0 |           0 |           0 |
|  Energy PLATFORM [J] |           0 |         0 |         0 |         0 |         0 |         0 |         0 |         0 |         0 |         0 |           0 |           0 |           0 |           0 |           0 |           0 |           0 |           0 |
|  Power PLATFORM [W]  |           0 |         0 |         0 |         0 |         0 |         0 |         0 |         0 |         0 |         0 |           0 |           0 |           0 |           0 |           0 |           0 |           0 |           0 |
+----------------------+-------------+-----------+-----------+-----------+-----------+-----------+-----------+-----------+-----------+-----------+-------------+-------------+-------------+-------------+-------------+-------------+-------------+-------------+

+---------------------------+-------------+-----------+-------------+-----------+-----------+-----------+-----------+
|           Metric          |     Sum     |    Min    |     Max     |    Avg    |  %ile 25  |  %ile 50  |  %ile 75  |
+---------------------------+-------------+-----------+-------------+-----------+-----------+-----------+-----------+
|  Runtime (RDTSC) [s] STAT |  10274.2575 |  570.7750 |    570.8573 |  570.7921 |  570.7817 |  570.7862 |  570.7981 |
| Runtime unhalted [s] STAT |  11501.6473 |  637.6694 |    639.2684 |  638.9804 |  638.9693 |  639.1274 |  639.1766 |
|      Clock [MHz] STAT     |  48484.4161 | 2693.3091 |   2693.6156 | 2693.5787 | 2693.5701 | 2693.6013 | 2693.6111 |
|  Uncore Clock [MHz] STAT  |   2193.9968 |         0 |   2193.9968 |  121.8887 |         0 |         0 |         0 |
|          CPI STAT         |     10.2586 |    0.5356 |      0.5991 |    0.5699 |    0.5603 |    0.5747 |    0.5791 |
|    Temperature [C] STAT   |         790 |        40 |          47 |   43.8889 |        42 |        44 |        46 |
|      Energy [J] STAT      | 105287.5817 |         0 | 105287.5817 | 5849.3101 |         0 |         0 |         0 |
|       Power [W] STAT      |    184.4568 |         0 |    184.4568 |   10.2476 |         0 |         0 |         0 |
|    Energy PP0 [J] STAT    |           0 |         0 |           0 |         0 |         0 |         0 |         0 |
|     Power PP0 [W] STAT    |           0 |         0 |           0 |         0 |         0 |         0 |         0 |
|    Energy DRAM [J] STAT   |   6067.0552 |         0 |   6067.0552 |  337.0586 |         0 |         0 |         0 |
|    Power DRAM [W] STAT    |     10.6291 |         0 |     10.6291 |    0.5905 |         0 |         0 |         0 |
|  Energy PLATFORM [J] STAT |           0 |         0 |           0 |         0 |         0 |         0 |         0 |
|  Power PLATFORM [W] STAT  |           0 |         0 |           0 |         0 |         0 |         0 |         0 |
+---------------------------+-------------+-----------+-------------+-----------+-----------+-----------+-----------+

