Group: 1
+-----------------------+---------+----------------+----------------+----------------+----------------+----------------+----------------+----------------+----------------+----------------+----------------+----------------+----------------+----------------+----------------+----------------+----------------+----------------+----------------+
|         Event         | Counter |    f0880:0:0   |    f0880:1:1   |    f0880:2:2   |    f0880:3:3   |    f0880:4:4   |    f0880:5:5   |    f0880:6:6   |    f0880:7:7   |    f0880:8:8   |    f0880:9:9   |   f0880:10:10  |   f0880:11:11  |   f0880:12:12  |   f0880:13:13  |   f0880:14:14  |   f0880:15:15  |   f0880:16:16  |   f0880:17:17  |
+-----------------------+---------+----------------+----------------+----------------+----------------+----------------+----------------+----------------+----------------+----------------+----------------+----------------+----------------+----------------+----------------+----------------+----------------+----------------+----------------+
|   INSTR_RETIRED_ANY   |  FIXC0  |  3662470340876 |  3793874868995 |  3809706729836 |  3779468536185 |  3717863351189 |  3732144539915 |  3704345284518 |  3698986715554 |  3781511861039 |  3814700736336 |  3775396892586 |  3871299027576 |  3882300493885 |  3923460122531 |  3922694870135 |  3859063348040 |  3859837701227 |  3851162437240 |
| CPU_CLK_UNHALTED_CORE |  FIXC1  |  2455948146328 |  2473541992835 |  2477222632016 |  2476858562675 |  2477026192081 |  2476999271753 |  2477043911475 |  2477006183644 |  2477200116928 |  2477397717397 |  2476679136588 |  2476473485193 |  2476398610003 |  2476578790856 |  2476626031911 |  2477881749648 |  2477215914474 |  2477704653200 |
|  CPU_CLK_UNHALTED_REF |  FIXC2  |  2183075040096 |  2198714243328 |  2201984125824 |  2201662603488 |  2201811326784 |  2201789554080 |  2201827308576 |  2201793769056 |  2201966794368 |  2202142180032 |  2201501212512 |  2201319737376 |  2201254557696 |  2201413897824 |  2201455528224 |  2202575367936 |  2201977416000 |  2202411825696 |
|     TOPDOWN_SLOTS     |  FIXC3  | 12279740731640 | 12367709964175 | 12386113160080 | 12384292813375 | 12385130960405 | 12384996358765 | 12385219557375 | 12385030918220 | 12386000584640 | 12386988586985 | 12383395682940 | 12382367425965 | 12381993050015 | 12382893954280 | 12383130159555 | 12389408748240 | 12386079572370 | 12388523266000 |
|       TEMP_CORE       |   TMP0  |             48 |             51 |             50 |             47 |             46 |             48 |             48 |             52 |             49 |             49 |             46 |             49 |             51 |             50 |             49 |             46 |             48 |             47 |
|     PWR_PKG_ENERGY    |   PWR0  |    165535.5180 |              0 |              0 |              0 |              0 |              0 |              0 |              0 |              0 |              0 |              0 |              0 |              0 |              0 |              0 |              0 |              0 |              0 |
|     PWR_PP0_ENERGY    |   PWR1  |              0 |              0 |              0 |              0 |              0 |              0 |              0 |              0 |              0 |              0 |              0 |              0 |              0 |              0 |              0 |              0 |              0 |              0 |
|    PWR_DRAM_ENERGY    |   PWR3  |     10595.3590 |              0 |              0 |              0 |              0 |              0 |              0 |              0 |              0 |              0 |              0 |              0 |              0 |              0 |              0 |              0 |              0 |              0 |
|  PWR_PLATFORM_ENERGY  |   PWR4  |              0 |              0 |              0 |              0 |              0 |              0 |              0 |              0 |              0 |              0 |              0 |              0 |              0 |              0 |              0 |              0 |              0 |              0 |
|   UNCORE_CLOCKTICKS   | UBOXFIX |  2032039324046 |              0 |              0 |              0 |              0 |              0 |              0 |              0 |              0 |              0 |              0 |              0 |              0 |              0 |              0 |              0 |              0 |              0 |
+-----------------------+---------+----------------+----------------+----------------+----------------+----------------+----------------+----------------+----------------+----------------+----------------+----------------+----------------+----------------+----------------+----------------+----------------+----------------+----------------+

+----------------------------+---------+-----------------+----------------+----------------+---------------+
|            Event           | Counter |       Sum       |       Min      |       Max      |      Avg      |
+----------------------------+---------+-----------------+----------------+----------------+---------------+
|   INSTR_RETIRED_ANY STAT   |  FIXC0  |  68440287857663 |  3662470340876 |  3923460122531 |  3.802238e+12 |
| CPU_CLK_UNHALTED_CORE STAT |  FIXC1  |  44561803099005 |  2455948146328 |  2477881749648 |  2.475656e+12 |
|  CPU_CLK_UNHALTED_REF STAT |  FIXC2  |  39610676488896 |  2183075040096 |  2202575367936 | 2200593138272 |
|     TOPDOWN_SLOTS STAT     |  FIXC3  | 222809015495025 | 12279740731640 | 12389408748240 |      nil      |
|       TEMP_CORE STAT       |   TMP0  |             874 |             46 |             52 |       48.5556 |
|     PWR_PKG_ENERGY STAT    |   PWR0  |     165535.5180 |              0 |    165535.5180 |     9196.4177 |
|     PWR_PP0_ENERGY STAT    |   PWR1  |               0 |              0 |              0 |             0 |
|    PWR_DRAM_ENERGY STAT    |   PWR3  |      10595.3590 |              0 |     10595.3590 |      588.6311 |
|  PWR_PLATFORM_ENERGY STAT  |   PWR4  |               0 |              0 |              0 |             0 |
|   UNCORE_CLOCKTICKS STAT   | UBOXFIX |   2032039324046 |              0 |  2032039324046 |  1.128911e+11 |
+----------------------------+---------+-----------------+----------------+----------------+---------------+

+----------------------+-------------+-----------+-----------+-----------+-----------+-----------+-----------+-----------+-----------+-----------+-------------+-------------+-------------+-------------+-------------+-------------+-------------+-------------+
|        Metric        |  f0880:0:0  | f0880:1:1 | f0880:2:2 | f0880:3:3 | f0880:4:4 | f0880:5:5 | f0880:6:6 | f0880:7:7 | f0880:8:8 | f0880:9:9 | f0880:10:10 | f0880:11:11 | f0880:12:12 | f0880:13:13 | f0880:14:14 | f0880:15:15 | f0880:16:16 | f0880:17:17 |
+----------------------+-------------+-----------+-----------+-----------+-----------+-----------+-----------+-----------+-----------+-----------+-------------+-------------+-------------+-------------+-------------+-------------+-------------+-------------+
|  Runtime (RDTSC) [s] |    926.0479 |  926.0544 |  926.0470 |  926.0471 |  926.0457 |  926.0547 |  926.0408 |  926.0518 |  926.0495 |  926.0582 |    926.0510 |    926.0481 |    926.0399 |    926.0473 |    926.0479 |    926.0659 |    926.0526 |    926.0515 |
| Runtime unhalted [s] |   1025.7331 | 1033.0813 | 1034.6196 | 1034.4671 | 1034.5358 | 1034.5405 | 1034.5435 | 1034.5268 | 1034.6087 | 1034.6898 |   1034.3893 |   1034.3041 |   1034.2740 |   1034.3486 |   1034.3708 |   1034.8957 |   1034.6162 |   1034.8200 |
|      Clock [MHz]     |   2693.6139 | 2693.6136 | 2693.6129 | 2693.6115 | 2693.6153 | 2693.5713 | 2693.6143 | 2693.6167 | 2693.6137 | 2693.6177 |   2693.6212 |   2693.6179 |   2693.6132 |   2693.6159 |   2693.6098 |   2693.6044 |   2693.6153 |   2693.6164 |
|  Uncore Clock [MHz]  |   2194.3134 |         0 |         0 |         0 |         0 |         0 |         0 |         0 |         0 |         0 |           0 |           0 |           0 |           0 |           0 |           0 |           0 |           0 |
|          CPI         |      0.6706 |    0.6520 |    0.6502 |    0.6553 |    0.6662 |    0.6637 |    0.6687 |    0.6696 |    0.6551 |    0.6494 |      0.6560 |      0.6397 |      0.6379 |      0.6312 |      0.6314 |      0.6421 |      0.6418 |      0.6434 |
|    Temperature [C]   |          48 |        51 |        50 |        47 |        46 |        48 |        48 |        52 |        49 |        49 |          46 |          49 |          51 |          50 |          49 |          46 |          48 |          47 |
|      Energy [J]      | 165535.5180 |         0 |         0 |         0 |         0 |         0 |         0 |         0 |         0 |         0 |           0 |           0 |           0 |           0 |           0 |           0 |           0 |           0 |
|       Power [W]      |    178.7548 |         0 |         0 |         0 |         0 |         0 |         0 |         0 |         0 |         0 |           0 |           0 |           0 |           0 |           0 |           0 |           0 |           0 |
|    Energy PP0 [J]    |           0 |         0 |         0 |         0 |         0 |         0 |         0 |         0 |         0 |         0 |           0 |           0 |           0 |           0 |           0 |           0 |           0 |           0 |
|     Power PP0 [W]    |           0 |         0 |         0 |         0 |         0 |         0 |         0 |         0 |         0 |         0 |           0 |           0 |           0 |           0 |           0 |           0 |           0 |           0 |
|    Energy DRAM [J]   |  10595.3590 |         0 |         0 |         0 |         0 |         0 |         0 |         0 |         0 |         0 |           0 |           0 |           0 |           0 |           0 |           0 |           0 |           0 |
|    Power DRAM [W]    |     11.4415 |         0 |         0 |         0 |         0 |         0 |         0 |         0 |         0 |         0 |           0 |           0 |           0 |           0 |           0 |           0 |           0 |           0 |
|  Energy PLATFORM [J] |           0 |         0 |         0 |         0 |         0 |         0 |         0 |         0 |         0 |         0 |           0 |           0 |           0 |           0 |           0 |           0 |           0 |           0 |
|  Power PLATFORM [W]  |           0 |         0 |         0 |         0 |         0 |         0 |         0 |         0 |         0 |         0 |           0 |           0 |           0 |           0 |           0 |           0 |           0 |           0 |
+----------------------+-------------+-----------+-----------+-----------+-----------+-----------+-----------+-----------+-----------+-----------+-------------+-------------+-------------+-------------+-------------+-------------+-------------+-------------+

+---------------------------+-------------+-----------+-------------+-----------+-----------+-----------+-----------+
|           Metric          |     Sum     |    Min    |     Max     |    Avg    |  %ile 25  |  %ile 50  |  %ile 75  |
+---------------------------+-------------+-----------+-------------+-----------+-----------+-----------+-----------+
|  Runtime (RDTSC) [s] STAT |  16668.9013 |  926.0399 |    926.0659 |  926.0501 |  926.0471 |  926.0481 |  926.0526 |
| Runtime unhalted [s] STAT |  18611.3649 | 1025.7331 |   1034.8957 | 1033.9647 | 1034.3486 | 1034.5268 | 1034.6162 |
|      Clock [MHz] STAT     |  48485.0150 | 2693.5713 |   2693.6212 | 2693.6119 | 2693.6129 | 2693.6139 | 2693.6164 |
|  Uncore Clock [MHz] STAT  |   2194.3134 |         0 |   2194.3134 |  121.9063 |         0 |         0 |         0 |
|          CPI STAT         |     11.7243 |    0.6312 |      0.6706 |    0.6513 |    0.6418 |    0.6502 |    0.6637 |
|    Temperature [C] STAT   |         874 |        46 |          52 |   48.5556 |        47 |        48 |        50 |
|      Energy [J] STAT      | 165535.5180 |         0 | 165535.5180 | 9196.4177 |         0 |         0 |         0 |
|       Power [W] STAT      |    178.7548 |         0 |    178.7548 |    9.9308 |         0 |         0 |         0 |
|    Energy PP0 [J] STAT    |           0 |         0 |           0 |         0 |         0 |         0 |         0 |
|     Power PP0 [W] STAT    |           0 |         0 |           0 |         0 |         0 |         0 |         0 |
|    Energy DRAM [J] STAT   |  10595.3590 |         0 |  10595.3590 |  588.6311 |         0 |         0 |         0 |
|    Power DRAM [W] STAT    |     11.4415 |         0 |     11.4415 |    0.6356 |         0 |         0 |         0 |
|  Energy PLATFORM [J] STAT |           0 |         0 |           0 |         0 |         0 |         0 |         0 |
|  Power PLATFORM [W] STAT  |           0 |         0 |           0 |         0 |         0 |         0 |         0 |
+---------------------------+-------------+-----------+-------------+-----------+-----------+-----------+-----------+

