Group: 1
+-----------------------+---------+---------------+---------------+---------------+---------------+---------------+---------------+---------------+---------------+---------------+---------------+---------------+---------------+---------------+---------------+---------------+---------------+---------------+---------------+
|         Event         | Counter |   f0404:0:0   |   f0404:1:1   |   f0404:2:2   |   f0404:3:3   |   f0404:4:4   |   f0404:5:5   |   f0404:6:6   |   f0404:7:7   |   f0404:8:8   |   f0404:9:9   |  f0404:10:10  |  f0404:11:11  |  f0404:12:12  |  f0404:13:13  |  f0404:14:14  |  f0404:15:15  |  f0404:16:16  |  f0404:17:17  |
+-----------------------+---------+---------------+---------------+---------------+---------------+---------------+---------------+---------------+---------------+---------------+---------------+---------------+---------------+---------------+---------------+---------------+---------------+---------------+---------------+
|   INSTR_RETIRED_ANY   |  FIXC0  | 2217392283558 | 2210892025917 | 2200785906356 | 2168940209574 | 2114581714082 | 2101982686570 | 2071898283676 | 2077445785352 | 2075366029231 | 2070179798624 | 2074228392897 | 2092940557238 | 2125682212758 | 2182066882460 | 2193104795156 | 2195042457751 | 2161491213786 | 2155724644496 |
| CPU_CLK_UNHALTED_CORE |  FIXC1  | 1098552777254 | 1101723378112 | 1101718667942 | 1101728959692 | 1101714728484 | 1101735004535 | 1101681131538 | 1101643697441 | 1101614446053 | 1101721151544 | 1101723733352 | 1101783237028 | 1099176954199 | 1101224280323 | 1101753760830 | 1101730876823 | 1101738811052 | 1101734737053 |
|  CPU_CLK_UNHALTED_REF |  FIXC2  | 2197101231264 | 2203442236512 | 2203432247616 | 2203453201632 | 2203424383680 | 2203464753120 | 2203356909024 | 2203283131968 | 2203223685696 | 2203438144032 | 2203446765792 | 2203561355616 | 2198349863424 | 2202443137824 | 2203503323904 | 2203457396640 | 2203473060672 | 2203464001248 |
|     TOPDOWN_SLOTS     |  FIXC3  | 5492763886270 | 5508616890560 | 5508593339710 | 5508644798460 | 5508573642420 | 5508675022675 | 5508405657690 | 5508218487205 | 5508072230265 | 5508605757720 | 5508618666760 | 5508916185140 | 5495884770995 | 5506121401615 | 5508768804150 | 5508654384115 | 5508694055260 | 5508673685265 |
|       TEMP_CORE       |   TMP0  |            34 |            36 |            36 |            35 |            34 |            34 |            36 |            35 |            34 |            31 |            32 |            33 |            34 |            31 |            34 |            34 |            32 |            33 |
|     PWR_PKG_ENERGY    |   PWR0  |    88570.0773 |             0 |             0 |             0 |             0 |             0 |             0 |             0 |             0 |             0 |             0 |             0 |             0 |             0 |             0 |             0 |             0 |             0 |
|     PWR_PP0_ENERGY    |   PWR1  |             0 |             0 |             0 |             0 |             0 |             0 |             0 |             0 |             0 |             0 |             0 |             0 |             0 |             0 |             0 |             0 |             0 |             0 |
|    PWR_DRAM_ENERGY    |   PWR3  |     6602.2510 |             0 |             0 |             0 |             0 |             0 |             0 |             0 |             0 |             0 |             0 |             0 |             0 |             0 |             0 |             0 |             0 |             0 |
|  PWR_PLATFORM_ENERGY  |   PWR4  |             0 |             0 |             0 |             0 |             0 |             0 |             0 |             0 |             0 |             0 |             0 |             0 |             0 |             0 |             0 |             0 |             0 |             0 |
|   UNCORE_CLOCKTICKS   | UBOXFIX | 1444228551370 |             0 |             0 |             0 |             0 |             0 |             0 |             0 |             0 |             0 |             0 |             0 |             0 |             0 |             0 |             0 |             0 |             0 |
+-----------------------+---------+---------------+---------------+---------------+---------------+---------------+---------------+---------------+---------------+---------------+---------------+---------------+---------------+---------------+---------------+---------------+---------------+---------------+---------------+

+----------------------------+---------+----------------+---------------+---------------+--------------+
|            Event           | Counter |       Sum      |      Min      |      Max      |      Avg     |
+----------------------------+---------+----------------+---------------+---------------+--------------+
|   INSTR_RETIRED_ANY STAT   |  FIXC0  | 38489745879482 | 2070179798624 | 2217392283558 | 2.138319e+12 |
| CPU_CLK_UNHALTED_CORE STAT |  FIXC1  | 19824700333255 | 1098552777254 | 1101783237028 | 1.101372e+12 |
|  CPU_CLK_UNHALTED_REF STAT |  FIXC2  | 39649318829664 | 2197101231264 | 2203561355616 | 2.202740e+12 |
|     TOPDOWN_SLOTS STAT     |  FIXC3  | 99123501666275 | 5492763886270 | 5508916185140 | 5.506861e+12 |
|       TEMP_CORE STAT       |   TMP0  |            608 |            31 |            36 |      33.7778 |
|     PWR_PKG_ENERGY STAT    |   PWR0  |     88570.0773 |             0 |    88570.0773 |    4920.5599 |
|     PWR_PP0_ENERGY STAT    |   PWR1  |              0 |             0 |             0 |            0 |
|    PWR_DRAM_ENERGY STAT    |   PWR3  |      6602.2510 |             0 |     6602.2510 |     366.7917 |
|  PWR_PLATFORM_ENERGY STAT  |   PWR4  |              0 |             0 |             0 |            0 |
|   UNCORE_CLOCKTICKS STAT   | UBOXFIX |  1444228551370 |             0 | 1444228551370 | 8.023492e+10 |
+----------------------------+---------+----------------+---------------+---------------+--------------+

+----------------------+------------+-----------+-----------+-----------+-----------+-----------+-----------+-----------+-----------+-----------+-------------+-------------+-------------+-------------+-------------+-------------+-------------+-------------+
|        Metric        |  f0404:0:0 | f0404:1:1 | f0404:2:2 | f0404:3:3 | f0404:4:4 | f0404:5:5 | f0404:6:6 | f0404:7:7 | f0404:8:8 | f0404:9:9 | f0404:10:10 | f0404:11:11 | f0404:12:12 | f0404:13:13 | f0404:14:14 | f0404:15:15 | f0404:16:16 | f0404:17:17 |
+----------------------+------------+-----------+-----------+-----------+-----------+-----------+-----------+-----------+-----------+-----------+-------------+-------------+-------------+-------------+-------------+-------------+-------------+-------------+
|  Runtime (RDTSC) [s] |   924.7630 |  924.7671 |  924.7780 |  924.7718 |  924.7650 |  924.7696 |  924.7667 |  924.7975 |  924.7521 |  924.7661 |    924.7722 |    924.7648 |    924.7642 |    924.7733 |    924.7695 |    924.7660 |    924.7648 |    924.7664 |
| Runtime unhalted [s] |   458.8137 |  460.1384 |  460.1350 |  460.1397 |  460.1339 |  460.1419 |  460.1197 |  460.1203 |  460.0915 |  460.1361 |    460.1376 |    460.1631 |    459.0737 |    459.9288 |    460.1499 |    460.1403 |    460.1436 |    460.1427 |
|      Clock [MHz]     |  1197.1688 | 1197.1677 | 1197.1717 | 1197.1704 | 1197.1703 | 1197.1716 | 1197.1709 | 1197.1281 | 1197.1717 | 1197.1711 |   1197.1682 |   1197.1687 |   1197.1704 |   1197.1712 |   1197.1705 |   1197.1709 |   1197.1710 |   1197.1693 |
|  Uncore Clock [MHz]  |  1561.7283 |         0 |         0 |         0 |         0 |         0 |         0 |         0 |         0 |         0 |           0 |           0 |           0 |           0 |           0 |           0 |           0 |           0 |
|          CPI         |     0.4954 |    0.4983 |    0.5006 |    0.5080 |    0.5210 |    0.5241 |    0.5317 |    0.5303 |    0.5308 |    0.5322 |      0.5311 |      0.5264 |      0.5171 |      0.5047 |      0.5024 |      0.5019 |      0.5097 |      0.5111 |
|    Temperature [C]   |         34 |        36 |        36 |        35 |        34 |        34 |        36 |        35 |        34 |        31 |          32 |          33 |          34 |          31 |          34 |          34 |          32 |          33 |
|      Energy [J]      | 88570.0773 |         0 |         0 |         0 |         0 |         0 |         0 |         0 |         0 |         0 |           0 |           0 |           0 |           0 |           0 |           0 |           0 |           0 |
|       Power [W]      |    95.7760 |         0 |         0 |         0 |         0 |         0 |         0 |         0 |         0 |         0 |           0 |           0 |           0 |           0 |           0 |           0 |           0 |           0 |
|    Energy PP0 [J]    |          0 |         0 |         0 |         0 |         0 |         0 |         0 |         0 |         0 |         0 |           0 |           0 |           0 |           0 |           0 |           0 |           0 |           0 |
|     Power PP0 [W]    |          0 |         0 |         0 |         0 |         0 |         0 |         0 |         0 |         0 |         0 |           0 |           0 |           0 |           0 |           0 |           0 |           0 |           0 |
|    Energy DRAM [J]   |  6602.2510 |         0 |         0 |         0 |         0 |         0 |         0 |         0 |         0 |         0 |           0 |           0 |           0 |           0 |           0 |           0 |           0 |           0 |
|    Power DRAM [W]    |     7.1394 |         0 |         0 |         0 |         0 |         0 |         0 |         0 |         0 |         0 |           0 |           0 |           0 |           0 |           0 |           0 |           0 |           0 |
|  Energy PLATFORM [J] |          0 |         0 |         0 |         0 |         0 |         0 |         0 |         0 |         0 |         0 |           0 |           0 |           0 |           0 |           0 |           0 |           0 |           0 |
|  Power PLATFORM [W]  |          0 |         0 |         0 |         0 |         0 |         0 |         0 |         0 |         0 |         0 |           0 |           0 |           0 |           0 |           0 |           0 |           0 |           0 |
+----------------------+------------+-----------+-----------+-----------+-----------+-----------+-----------+-----------+-----------+-----------+-------------+-------------+-------------+-------------+-------------+-------------+-------------+-------------+

+---------------------------+------------+-----------+------------+-----------+-----------+-----------+-----------+
|           Metric          |     Sum    |    Min    |     Max    |    Avg    |  %ile 25  |  %ile 50  |  %ile 75  |
+---------------------------+------------+-----------+------------+-----------+-----------+-----------+-----------+
|  Runtime (RDTSC) [s] STAT | 16645.8381 |  924.7521 |   924.7975 |  924.7688 |  924.7648 |  924.7664 |  924.7718 |
| Runtime unhalted [s] STAT |  8279.8499 |  458.8137 |   460.1631 |  459.9917 |  460.1197 |  460.1361 |  460.1419 |
|      Clock [MHz] STAT     | 21549.0225 | 1197.1281 |  1197.1717 | 1197.1679 | 1197.1688 | 1197.1704 | 1197.1711 |
|  Uncore Clock [MHz] STAT  |  1561.7283 |         0 |  1561.7283 |   86.7627 |         0 |         0 |         0 |
|          CPI STAT         |     9.2768 |    0.4954 |     0.5322 |    0.5154 |    0.5024 |    0.5111 |    0.5303 |
|    Temperature [C] STAT   |        608 |        31 |         36 |   33.7778 |        33 |        34 |        35 |
|      Energy [J] STAT      | 88570.0773 |         0 | 88570.0773 | 4920.5599 |         0 |         0 |         0 |
|       Power [W] STAT      |    95.7760 |         0 |    95.7760 |    5.3209 |         0 |         0 |         0 |
|    Energy PP0 [J] STAT    |          0 |         0 |          0 |         0 |         0 |         0 |         0 |
|     Power PP0 [W] STAT    |          0 |         0 |          0 |         0 |         0 |         0 |         0 |
|    Energy DRAM [J] STAT   |  6602.2510 |         0 |  6602.2510 |  366.7917 |         0 |         0 |         0 |
|    Power DRAM [W] STAT    |     7.1394 |         0 |     7.1394 |    0.3966 |         0 |         0 |         0 |
|  Energy PLATFORM [J] STAT |          0 |         0 |          0 |         0 |         0 |         0 |         0 |
|  Power PLATFORM [W] STAT  |          0 |         0 |          0 |         0 |         0 |         0 |         0 |
+---------------------------+------------+-----------+------------+-----------+-----------+-----------+-----------+

