Group: 1
+-----------------------+---------+---------------+---------------+---------------+---------------+---------------+---------------+---------------+---------------+---------------+---------------+---------------+---------------+---------------+---------------+---------------+---------------+---------------+---------------+
|         Event         | Counter |   f0880:0:0   |   f0880:1:1   |   f0880:2:2   |   f0880:3:3   |   f0880:4:4   |   f0880:5:5   |   f0880:6:6   |   f0880:7:7   |   f0880:8:8   |   f0880:9:9   |  f0880:10:10  |  f0880:11:11  |  f0880:12:12  |  f0880:13:13  |  f0880:14:14  |  f0880:15:15  |  f0880:16:16  |  f0880:17:17  |
+-----------------------+---------+---------------+---------------+---------------+---------------+---------------+---------------+---------------+---------------+---------------+---------------+---------------+---------------+---------------+---------------+---------------+---------------+---------------+---------------+
|   INSTR_RETIRED_ANY   |  FIXC0  | 2448621196156 | 2423881627898 | 2413877603011 | 2363005792314 | 2317074360293 | 2287431828776 | 2284270184603 | 2273016850100 | 2273999664703 | 2268914384663 | 2176594139441 | 2166769450043 | 2190086379840 | 2214087985455 | 2256267686629 | 2282701221281 | 2288717440092 | 2340167502383 |
| CPU_CLK_UNHALTED_CORE |  FIXC1  | 1343999741692 | 1342965830852 | 1344838849867 | 1344979072425 | 1344980576462 | 1344942602801 | 1344963328176 | 1344813001214 | 1344963875603 | 1345006639149 | 1345028693848 | 1345030259412 | 1344946461714 | 1344821459901 | 1344977609627 | 1345020060653 | 1345225126790 | 1344837140804 |
|  CPU_CLK_UNHALTED_REF |  FIXC2  | 1466187787776 | 1465060503360 | 1467102556704 | 1467256277088 | 1467257343264 | 1467216950400 | 1467237644352 | 1467075792288 | 1467237605472 | 1467286448928 | 1467310408800 | 1467312553920 | 1467221172768 | 1467081259872 | 1467255903552 | 1467299267616 | 1467522608640 | 1467100307232 |
|     TOPDOWN_SLOTS     |  FIXC3  | 6719998708460 | 6714829154260 | 6724194249335 | 6724895362125 | 6724902882310 | 6724713014005 | 6724816640880 | 6724065006070 | 6724819378015 | 6725033195745 | 6725143469240 | 6725151297060 | 6724732308570 | 6724107299505 | 6724888048135 | 6725100303265 | 6726125633950 | 6724185704020 |
|       TEMP_CORE       |   TMP0  |            42 |            44 |            42 |            41 |            41 |            41 |            42 |            46 |            41 |            41 |            40 |            42 |            44 |            43 |            43 |            39 |            43 |            40 |
|     PWR_PKG_ENERGY    |   PWR0  |    77180.4890 |             0 |             0 |             0 |             0 |             0 |             0 |             0 |             0 |             0 |             0 |             0 |             0 |             0 |             0 |             0 |             0 |             0 |
|     PWR_PP0_ENERGY    |   PWR1  |             0 |             0 |             0 |             0 |             0 |             0 |             0 |             0 |             0 |             0 |             0 |             0 |             0 |             0 |             0 |             0 |             0 |             0 |
|    PWR_DRAM_ENERGY    |   PWR3  |     4844.2776 |             0 |             0 |             0 |             0 |             0 |             0 |             0 |             0 |             0 |             0 |             0 |             0 |             0 |             0 |             0 |             0 |             0 |
|  PWR_PLATFORM_ENERGY  |   PWR4  |             0 |             0 |             0 |             0 |             0 |             0 |             0 |             0 |             0 |             0 |             0 |             0 |             0 |             0 |             0 |             0 |             0 |             0 |
|   UNCORE_CLOCKTICKS   | UBOXFIX |  979294551180 |             0 |             0 |             0 |             0 |             0 |             0 |             0 |             0 |             0 |             0 |             0 |             0 |             0 |             0 |             0 |             0 |             0 |
+-----------------------+---------+---------------+---------------+---------------+---------------+---------------+---------------+---------------+---------------+---------------+---------------+---------------+---------------+---------------+---------------+---------------+---------------+---------------+---------------+

+----------------------------+---------+-----------------+---------------+---------------+---------------+
|            Event           | Counter |       Sum       |      Min      |      Max      |      Avg      |
+----------------------------+---------+-----------------+---------------+---------------+---------------+
|   INSTR_RETIRED_ANY STAT   |  FIXC0  |  41269485297681 | 2166769450043 | 2448621196156 |  2.292749e+12 |
| CPU_CLK_UNHALTED_CORE STAT |  FIXC1  |  24206340330990 | 1342965830852 | 1345225126790 | 1344796685055 |
|  CPU_CLK_UNHALTED_REF STAT |  FIXC2  |  26407022392032 | 1465060503360 | 1467522608640 |  1.467057e+12 |
|     TOPDOWN_SLOTS STAT     |  FIXC3  | 121031701654950 | 6714829154260 | 6726125633950 | 6723983425275 |
|       TEMP_CORE STAT       |   TMP0  |             755 |            39 |            46 |       41.9444 |
|     PWR_PKG_ENERGY STAT    |   PWR0  |      77180.4890 |             0 |    77180.4890 |     4287.8049 |
|     PWR_PP0_ENERGY STAT    |   PWR1  |               0 |             0 |             0 |             0 |
|    PWR_DRAM_ENERGY STAT    |   PWR3  |       4844.2776 |             0 |     4844.2776 |      269.1265 |
|  PWR_PLATFORM_ENERGY STAT  |   PWR4  |               0 |             0 |             0 |             0 |
|   UNCORE_CLOCKTICKS STAT   | UBOXFIX |    979294551180 |             0 |  979294551180 |  5.440525e+10 |
+----------------------------+---------+-----------------+---------------+---------------+---------------+

+----------------------+------------+-----------+-----------+-----------+-----------+-----------+-----------+-----------+-----------+-----------+-------------+-------------+-------------+-------------+-------------+-------------+-------------+-------------+
|        Metric        |  f0880:0:0 | f0880:1:1 | f0880:2:2 | f0880:3:3 | f0880:4:4 | f0880:5:5 | f0880:6:6 | f0880:7:7 | f0880:8:8 | f0880:9:9 | f0880:10:10 | f0880:11:11 | f0880:12:12 | f0880:13:13 | f0880:14:14 | f0880:15:15 | f0880:16:16 | f0880:17:17 |
+----------------------+------------+-----------+-----------+-----------+-----------+-----------+-----------+-----------+-----------+-----------+-------------+-------------+-------------+-------------+-------------+-------------+-------------+-------------+
|  Runtime (RDTSC) [s] |   615.8736 |  615.8622 |  615.8189 |  615.8335 |  615.8703 |  615.9321 |  615.8980 |  615.8336 |  615.9065 |  615.9386 |    615.8253 |    615.8542 |    615.8552 |    615.8185 |    615.8914 |    615.8333 |    615.8240 |    615.8344 |
| Runtime unhalted [s] |   561.3575 |  560.8928 |  561.6751 |  561.7337 |  561.7434 |  561.7684 |  561.7519 |  561.6645 |  561.7282 |  561.7455 |    561.7542 |    561.7562 |    561.7372 |    561.6676 |    561.7841 |    561.7515 |    561.8366 |    561.6748 |
|      Clock [MHz]     |  2194.6702 | 2194.7979 | 2194.7996 | 2194.7981 | 2194.7636 | 2194.6026 | 2194.7036 | 2194.7965 | 2194.7980 | 2194.7968 |   2194.7991 |   2194.7930 |   2194.7308 |   2194.8039 |   2194.5973 |   2194.7981 |   2194.8008 |   2194.7984 |
|  Uncore Clock [MHz]  |  1590.0902 |         0 |         0 |         0 |         0 |         0 |         0 |         0 |         0 |         0 |           0 |           0 |           0 |           0 |           0 |           0 |           0 |           0 |
|          CPI         |     0.5489 |    0.5541 |    0.5571 |    0.5692 |    0.5805 |    0.5880 |    0.5888 |    0.5916 |    0.5915 |    0.5928 |      0.6180 |      0.6208 |      0.6141 |      0.6074 |      0.5961 |      0.5892 |      0.5878 |      0.5747 |
|    Temperature [C]   |         42 |        44 |        42 |        41 |        41 |        41 |        42 |        46 |        41 |        41 |          40 |          42 |          44 |          43 |          43 |          39 |          43 |          40 |
|      Energy [J]      | 77180.4890 |         0 |         0 |         0 |         0 |         0 |         0 |         0 |         0 |         0 |           0 |           0 |           0 |           0 |           0 |           0 |           0 |           0 |
|       Power [W]      |   125.3187 |         0 |         0 |         0 |         0 |         0 |         0 |         0 |         0 |         0 |           0 |           0 |           0 |           0 |           0 |           0 |           0 |           0 |
|    Energy PP0 [J]    |          0 |         0 |         0 |         0 |         0 |         0 |         0 |         0 |         0 |         0 |           0 |           0 |           0 |           0 |           0 |           0 |           0 |           0 |
|     Power PP0 [W]    |          0 |         0 |         0 |         0 |         0 |         0 |         0 |         0 |         0 |         0 |           0 |           0 |           0 |           0 |           0 |           0 |           0 |           0 |
|    Energy DRAM [J]   |  4844.2776 |         0 |         0 |         0 |         0 |         0 |         0 |         0 |         0 |         0 |           0 |           0 |           0 |           0 |           0 |           0 |           0 |           0 |
|    Power DRAM [W]    |     7.8657 |         0 |         0 |         0 |         0 |         0 |         0 |         0 |         0 |         0 |           0 |           0 |           0 |           0 |           0 |           0 |           0 |           0 |
|  Energy PLATFORM [J] |          0 |         0 |         0 |         0 |         0 |         0 |         0 |         0 |         0 |         0 |           0 |           0 |           0 |           0 |           0 |           0 |           0 |           0 |
|  Power PLATFORM [W]  |          0 |         0 |         0 |         0 |         0 |         0 |         0 |         0 |         0 |         0 |           0 |           0 |           0 |           0 |           0 |           0 |           0 |           0 |
+----------------------+------------+-----------+-----------+-----------+-----------+-----------+-----------+-----------+-----------+-----------+-------------+-------------+-------------+-------------+-------------+-------------+-------------+-------------+

+---------------------------+------------+-----------+------------+-----------+-----------+-----------+-----------+
|           Metric          |     Sum    |    Min    |     Max    |    Avg    |  %ile 25  |  %ile 50  |  %ile 75  |
+---------------------------+------------+-----------+------------+-----------+-----------+-----------+-----------+
|  Runtime (RDTSC) [s] STAT | 11085.5036 |  615.8185 |   615.9386 |  615.8613 |  615.8333 |  615.8542 |  615.8914 |
| Runtime unhalted [s] STAT | 10110.0232 |  560.8928 |   561.8366 |  561.6680 |  561.6748 |  561.7372 |  561.7542 |
|      Clock [MHz] STAT     | 39505.6483 | 2194.5973 |  2194.8039 | 2194.7582 | 2194.7308 | 2194.7968 | 2194.7984 |
|  Uncore Clock [MHz] STAT  |  1590.0902 |         0 |  1590.0902 |   88.3383 |         0 |         0 |         0 |
|          CPI STAT         |    10.5706 |    0.5489 |     0.6208 |    0.5873 |    0.5747 |    0.5888 |    0.5961 |
|    Temperature [C] STAT   |        755 |        39 |         46 |   41.9444 |        41 |        42 |        43 |
|      Energy [J] STAT      | 77180.4890 |         0 | 77180.4890 | 4287.8049 |         0 |         0 |         0 |
|       Power [W] STAT      |   125.3187 |         0 |   125.3187 |    6.9622 |         0 |         0 |         0 |
|    Energy PP0 [J] STAT    |          0 |         0 |          0 |         0 |         0 |         0 |         0 |
|     Power PP0 [W] STAT    |          0 |         0 |          0 |         0 |         0 |         0 |         0 |
|    Energy DRAM [J] STAT   |  4844.2776 |         0 |  4844.2776 |  269.1265 |         0 |         0 |         0 |
|    Power DRAM [W] STAT    |     7.8657 |         0 |     7.8657 |    0.4370 |         0 |         0 |         0 |
|  Energy PLATFORM [J] STAT |          0 |         0 |          0 |         0 |         0 |         0 |         0 |
|  Power PLATFORM [W] STAT  |          0 |         0 |          0 |         0 |         0 |         0 |         0 |
+---------------------------+------------+-----------+------------+-----------+-----------+-----------+-----------+

