Group: 1
+-----------------------+---------+---------------+---------------+---------------+---------------+---------------+---------------+---------------+---------------+---------------+---------------+---------------+---------------+---------------+---------------+---------------+---------------+---------------+---------------+
|         Event         | Counter |   f0404:0:0   |   f0404:1:1   |   f0404:2:2   |   f0404:3:3   |   f0404:4:4   |   f0404:5:5   |   f0404:6:6   |   f0404:7:7   |   f0404:8:8   |   f0404:9:9   |  f0404:10:10  |  f0404:11:11  |  f0404:12:12  |  f0404:13:13  |  f0404:14:14  |  f0404:15:15  |  f0404:16:16  |  f0404:17:17  |
+-----------------------+---------+---------------+---------------+---------------+---------------+---------------+---------------+---------------+---------------+---------------+---------------+---------------+---------------+---------------+---------------+---------------+---------------+---------------+---------------+
|   INSTR_RETIRED_ANY   |  FIXC0  | 2845925303861 | 2850835157316 | 2831882579349 | 2750047890332 | 2684099915153 | 2662630196626 | 2652749298382 | 2644747544344 | 2656395033185 | 2659098605299 | 2551090942268 | 2558088025312 | 2583922642119 | 2642972255414 | 2706315110366 | 2715983688667 | 2744843279598 | 2632848381332 |
| CPU_CLK_UNHALTED_CORE |  FIXC1  | 1508393862290 | 1528492480011 | 1528703587181 | 1528640355743 | 1528456422872 | 1528891502145 | 1528682018002 | 1528605626336 | 1528855890657 | 1528730196863 | 1528865862872 | 1528752329140 | 1526513188524 | 1528833763269 | 1528030447925 | 1528640607307 | 1528817475090 | 1528777485623 |
|  CPU_CLK_UNHALTED_REF |  FIXC2  | 1573985425248 | 1594960143264 | 1595177721408 | 1595112954624 | 1594921114656 | 1595374247040 | 1595154788736 | 1595076795744 | 1595337514368 | 1595207862432 | 1595348097888 | 1595230178304 | 1592895187488 | 1595315306688 | 1594477397568 | 1595111978976 | 1595299110720 | 1595256581280 |
|     TOPDOWN_SLOTS     |  FIXC3  | 7541969311450 | 7642462400055 | 7643517935905 | 7643201778715 | 7642282114360 | 7644457510725 | 7643410090010 | 7643028131680 | 7644279453285 | 7643650984315 | 7644329314360 | 7643761645700 | 7632565942620 | 7644168816345 | 7640152239625 | 7643203036535 | 7644087375450 | 7643887428115 |
|       TEMP_CORE       |   TMP0  |            37 |            40 |            40 |            39 |            38 |            40 |            41 |            41 |            40 |            35 |            37 |            39 |            39 |            36 |            38 |            38 |            37 |            36 |
|     PWR_PKG_ENERGY    |   PWR0  |    89523.2213 |             0 |             0 |             0 |             0 |             0 |             0 |             0 |             0 |             0 |             0 |             0 |             0 |             0 |             0 |             0 |             0 |             0 |
|     PWR_PP0_ENERGY    |   PWR1  |             0 |             0 |             0 |             0 |             0 |             0 |             0 |             0 |             0 |             0 |             0 |             0 |             0 |             0 |             0 |             0 |             0 |             0 |
|    PWR_DRAM_ENERGY    |   PWR3  |     5467.6783 |             0 |             0 |             0 |             0 |             0 |             0 |             0 |             0 |             0 |             0 |             0 |             0 |             0 |             0 |             0 |             0 |             0 |
|  PWR_PLATFORM_ENERGY  |   PWR4  |             0 |             0 |             0 |             0 |             0 |             0 |             0 |             0 |             0 |             0 |             0 |             0 |             0 |             0 |             0 |             0 |             0 |             0 |
|   UNCORE_CLOCKTICKS   | UBOXFIX | 1060414381114 |             0 |             0 |             0 |             0 |             0 |             0 |             0 |             0 |             0 |             0 |             0 |             0 |             0 |             0 |             0 |             0 |             0 |
+-----------------------+---------+---------------+---------------+---------------+---------------+---------------+---------------+---------------+---------------+---------------+---------------+---------------+---------------+---------------+---------------+---------------+---------------+---------------+---------------+

+----------------------------+---------+-----------------+---------------+---------------+--------------+
|            Event           | Counter |       Sum       |      Min      |      Max      |      Avg     |
+----------------------------+---------+-----------------+---------------+---------------+--------------+
|   INSTR_RETIRED_ANY STAT   |  FIXC0  |  48374475848923 | 2551090942268 | 2850835157316 | 2.687471e+12 |
| CPU_CLK_UNHALTED_CORE STAT |  FIXC1  |  27493683101850 | 1508393862290 | 1528891502145 | 1.527427e+12 |
|  CPU_CLK_UNHALTED_REF STAT |  FIXC2  |  28689242406432 | 1573985425248 | 1595374247040 | 1.593847e+12 |
|     TOPDOWN_SLOTS STAT     |  FIXC3  | 137468415509250 | 7541969311450 | 7644457510725 | 7.637134e+12 |
|       TEMP_CORE STAT       |   TMP0  |             691 |            35 |            41 |      38.3889 |
|     PWR_PKG_ENERGY STAT    |   PWR0  |      89523.2213 |             0 |    89523.2213 |    4973.5123 |
|     PWR_PP0_ENERGY STAT    |   PWR1  |               0 |             0 |             0 |            0 |
|    PWR_DRAM_ENERGY STAT    |   PWR3  |       5467.6783 |             0 |     5467.6783 |     303.7599 |
|  PWR_PLATFORM_ENERGY STAT  |   PWR4  |               0 |             0 |             0 |            0 |
|   UNCORE_CLOCKTICKS STAT   | UBOXFIX |   1060414381114 |             0 | 1060414381114 | 5.891191e+10 |
+----------------------------+---------+-----------------+---------------+---------------+--------------+

+----------------------+------------+-----------+-----------+-----------+-----------+-----------+-----------+-----------+-----------+-----------+-------------+-------------+-------------+-------------+-------------+-------------+-------------+-------------+
|        Metric        |  f0404:0:0 | f0404:1:1 | f0404:2:2 | f0404:3:3 | f0404:4:4 | f0404:5:5 | f0404:6:6 | f0404:7:7 | f0404:8:8 | f0404:9:9 | f0404:10:10 | f0404:11:11 | f0404:12:12 | f0404:13:13 | f0404:14:14 | f0404:15:15 | f0404:16:16 | f0404:17:17 |
+----------------------+------------+-----------+-----------+-----------+-----------+-----------+-----------+-----------+-----------+-----------+-------------+-------------+-------------+-------------+-------------+-------------+-------------+-------------+
|  Runtime (RDTSC) [s] |   669.2608 |  669.2515 |  669.2634 |  669.2573 |  669.2540 |  669.2576 |  669.2604 |  669.2880 |  669.2535 |  669.2545 |    669.2547 |    669.2595 |    669.2606 |    669.2564 |    669.2543 |    669.2493 |    669.2657 |    669.2538 |
| Runtime unhalted [s] |   629.9832 |  638.3780 |  638.4790 |  638.4406 |  638.3636 |  638.5440 |  638.4568 |  638.4535 |  638.5313 |  638.4771 |    638.5351 |    638.4871 |    637.5523 |    638.5210 |    638.1858 |    638.4403 |    638.5152 |    638.4967 |
|      Clock [MHz]     |  2294.5623 | 2294.5570 | 2294.5149 | 2294.5562 | 2294.5568 | 2294.5628 | 2294.5628 | 2294.4577 | 2294.5542 | 2294.5582 |   2294.5553 |   2294.5565 |   2294.5530 |   2294.5567 |   2294.5553 |   2294.5594 |   2294.5521 |   2294.5598 |
|  Uncore Clock [MHz]  |  1584.4561 |         0 |         0 |         0 |         0 |         0 |         0 |         0 |         0 |         0 |           0 |           0 |           0 |           0 |           0 |           0 |           0 |           0 |
|          CPI         |     0.5300 |    0.5362 |    0.5398 |    0.5559 |    0.5694 |    0.5742 |    0.5763 |    0.5780 |    0.5755 |    0.5749 |      0.5993 |      0.5976 |      0.5908 |      0.5785 |      0.5646 |      0.5628 |      0.5570 |      0.5807 |
|    Temperature [C]   |         37 |        40 |        40 |        39 |        38 |        40 |        41 |        41 |        40 |        35 |          37 |          39 |          39 |          36 |          38 |          38 |          37 |          36 |
|      Energy [J]      | 89523.2213 |         0 |         0 |         0 |         0 |         0 |         0 |         0 |         0 |         0 |           0 |           0 |           0 |           0 |           0 |           0 |           0 |           0 |
|       Power [W]      |   133.7643 |         0 |         0 |         0 |         0 |         0 |         0 |         0 |         0 |         0 |           0 |           0 |           0 |           0 |           0 |           0 |           0 |           0 |
|    Energy PP0 [J]    |          0 |         0 |         0 |         0 |         0 |         0 |         0 |         0 |         0 |         0 |           0 |           0 |           0 |           0 |           0 |           0 |           0 |           0 |
|     Power PP0 [W]    |          0 |         0 |         0 |         0 |         0 |         0 |         0 |         0 |         0 |         0 |           0 |           0 |           0 |           0 |           0 |           0 |           0 |           0 |
|    Energy DRAM [J]   |  5467.6783 |         0 |         0 |         0 |         0 |         0 |         0 |         0 |         0 |         0 |           0 |           0 |           0 |           0 |           0 |           0 |           0 |           0 |
|    Power DRAM [W]    |     8.1697 |         0 |         0 |         0 |         0 |         0 |         0 |         0 |         0 |         0 |           0 |           0 |           0 |           0 |           0 |           0 |           0 |           0 |
|  Energy PLATFORM [J] |          0 |         0 |         0 |         0 |         0 |         0 |         0 |         0 |         0 |         0 |           0 |           0 |           0 |           0 |           0 |           0 |           0 |           0 |
|  Power PLATFORM [W]  |          0 |         0 |         0 |         0 |         0 |         0 |         0 |         0 |         0 |         0 |           0 |           0 |           0 |           0 |           0 |           0 |           0 |           0 |
+----------------------+------------+-----------+-----------+-----------+-----------+-----------+-----------+-----------+-----------+-----------+-------------+-------------+-------------+-------------+-------------+-------------+-------------+-------------+

+---------------------------+------------+-----------+------------+-----------+-----------+-----------+-----------+
|           Metric          |     Sum    |    Min    |     Max    |    Avg    |  %ile 25  |  %ile 50  |  %ile 75  |
+---------------------------+------------+-----------+------------+-----------+-----------+-----------+-----------+
|  Runtime (RDTSC) [s] STAT | 12046.6553 |  669.2493 |   669.2880 |  669.2586 |  669.2540 |  669.2564 |  669.2606 |
| Runtime unhalted [s] STAT | 11482.8406 |  629.9832 |   638.5440 |  637.9356 |  638.3780 |  638.4568 |  638.5152 |
|      Clock [MHz] STAT     | 41301.8910 | 2294.4577 |  2294.5628 | 2294.5495 | 2294.5542 | 2294.5565 | 2294.5594 |
|  Uncore Clock [MHz] STAT  |  1584.4561 |         0 |  1584.4561 |   88.0253 |         0 |         0 |         0 |
|          CPI STAT         |    10.2415 |    0.5300 |     0.5993 |    0.5690 |    0.5570 |    0.5742 |    0.5785 |
|    Temperature [C] STAT   |        691 |        35 |         41 |   38.3889 |        37 |        38 |        40 |
|      Energy [J] STAT      | 89523.2213 |         0 | 89523.2213 | 4973.5123 |         0 |         0 |         0 |
|       Power [W] STAT      |   133.7643 |         0 |   133.7643 |    7.4313 |         0 |         0 |         0 |
|    Energy PP0 [J] STAT    |          0 |         0 |          0 |         0 |         0 |         0 |         0 |
|     Power PP0 [W] STAT    |          0 |         0 |          0 |         0 |         0 |         0 |         0 |
|    Energy DRAM [J] STAT   |  5467.6783 |         0 |  5467.6783 |  303.7599 |         0 |         0 |         0 |
|    Power DRAM [W] STAT    |     8.1697 |         0 |     8.1697 |    0.4539 |         0 |         0 |         0 |
|  Energy PLATFORM [J] STAT |          0 |         0 |          0 |         0 |         0 |         0 |         0 |
|  Power PLATFORM [W] STAT  |          0 |         0 |          0 |         0 |         0 |         0 |         0 |
+---------------------------+------------+-----------+------------+-----------+-----------+-----------+-----------+

