### This is /home/hpc/unrz/unrz104h/Projects/CPU-GPU-Energy-Study/FIRESTARTER-scripts/benchX-powercap.sh
#!/bin/bash

set -eu

if [ $# -ne 5 ]; then
    echo "Usage: ${0} [result-dir] [freq-start] [freq-end] [freq-reset] [freq-step]"
    exit 1
fi

# The reason POWERCAP_RESET differs from POWERCAP_END is because of H100 & H200.
# On our cluster they don't run on the default power limit of 700W, but 500W instead.
# So allow the caller to reset the powerlimit to a custom one after benching.
POWERCAP_START="${2}"
POWERCAP_END="${3}"
POWERCAP_RESET="${4}"
POWERCAP_STEP="${5}"

function reset_powercap() {
    echo "Resetting clocks..."
    sudo nvidia-smi --power-limit="${POWERCAP_RESET}"
    echo "Done!"
}

trap 'reset_powercap' 15

RESULT_DIR="$(readlink -f "${1}")"
rm -fr "${RESULT_DIR}"
mkdir -p "${RESULT_DIR}"

LOG_FILE="${RESULT_DIR}/firestarter-bench-`date +%Y%m%d`-`hostname -s`.$$.log"
echo "Saving bench log also to log file ..."
echo "Please be patient ..."
exec > >( tee "${LOG_FILE}" ) 2>&1

# save script for reference :)
echo "### This is ${0}"
cat "${0}"

echo "Start: `date`  / `date +%s`"

echo "########################################"

BINARY=/home/hpc/unrz/unrz104h/Projects/FIRESTARTER/sources/build/src/FIRESTARTER_CUDA

#cat /proc/cpuinfo

module load cuda/12.9.0

export CUDA_VISIBLE_DEVICES=0
nvidia-smi -i ${CUDA_VISIBLE_DEVICES}

for ((POWERCAP=POWERCAP_START; POWERCAP<=POWERCAP_END; POWERCAP+=POWERCAP_STEP)); do
    if (( POWERCAP > POWERCAP_END )); then
        POWERCAP=${POWERCAP_END}
    fi

    echo "SETTING GPU POWERCAP TO GRAPHICS=${POWERCAP}"
    sudo /usr/bin/nvidia-smi --power-limit="${POWERCAP}"

    SUB_RESULT_DIR="${RESULT_DIR}/${POWERCAP}"
    mkdir -p "${SUB_RESULT_DIR}"

    NVLOG_FILE="${SUB_RESULT_DIR}/${POWERCAP}_powerlog.csv"
    FSLOG_FILE="${SUB_RESULT_DIR}/${POWERCAP}_pid-$$.fsout"

    echo "Nvidia Log: ${NVLOG_FILE}"
    echo "FIRESTARTER Log: ${FSLOG_FILE}"

    nvidia-smi -i "${CUDA_VISIBLE_DEVICES}" --loop-ms=100 --query-gpu=timestamp,power.draw,utilization.gpu --format=csv > "${NVLOG_FILE}" & POWER_PID=$!
    "${BINARY}" -n 1 -l 1 -t 60 --period 1000000 > "${FSLOG_FILE}"
    kill "${POWER_PID}"

    echo "End: `date`  / `date +%s`"
done

reset_powercap
Start: Mon May  4 04:20:55 PM CEST 2026  / 1777904455
########################################
Mon May  4 16:20:55 2026       
+-----------------------------------------------------------------------------------------+
| NVIDIA-SMI 595.58.03              Driver Version: 595.58.03      CUDA Version: 13.2     |
+-----------------------------------------+------------------------+----------------------+
| GPU  Name                 Persistence-M | Bus-Id          Disp.A | Volatile Uncorr. ECC |
| Fan  Temp   Perf          Pwr:Usage/Cap |           Memory-Usage | GPU-Util  Compute M. |
|                                         |                        |               MIG M. |
|=========================================+========================+======================|
|   0  NVIDIA H100                    On  |   00000000:A6:00.0 Off |                    0 |
| N/A   35C    P0             67W /  500W |       0MiB /  95830MiB |      0%      Default |
|                                         |                        |             Disabled |
+-----------------------------------------+------------------------+----------------------+

+-----------------------------------------------------------------------------------------+
| Processes:                                                                              |
|  GPU   GI   CI              PID   Type   Process name                        GPU Memory |
|        ID   ID                                                               Usage      |
|=========================================================================================|
|  No running processes found                                                             |
+-----------------------------------------------------------------------------------------+
SETTING GPU POWERCAP TO GRAPHICS=200
Power limit for GPU 00000000:A6:00.0 was set to 200.00 W from 500.00 W.
All done.
Nvidia Log: /home/hpc/unrz/unrz104h/Projects/CPU-GPU-Energy-Study/FIRESTARTER-H100-powercap/200/200_powerlog.csv
FIRESTARTER Log: /home/hpc/unrz/unrz104h/Projects/CPU-GPU-Energy-Study/FIRESTARTER-H100-powercap/200/200_pid-330615.fsout
Warning: AMD Family 25, Model 17, Stepping 1 is not supported by this version of FIRESTARTER!
Check project website for updates.
Warning: Using function FUNC_SKL_XEONEP_AVX512_1T as fallback.
You can use the parameter --function to try other functions.
End: Mon May  4 04:21:58 PM CEST 2026  / 1777904518
SETTING GPU POWERCAP TO GRAPHICS=210
Power limit for GPU 00000000:A6:00.0 was set to 210.00 W from 200.00 W.
All done.
Nvidia Log: /home/hpc/unrz/unrz104h/Projects/CPU-GPU-Energy-Study/FIRESTARTER-H100-powercap/210/210_powerlog.csv
FIRESTARTER Log: /home/hpc/unrz/unrz104h/Projects/CPU-GPU-Energy-Study/FIRESTARTER-H100-powercap/210/210_pid-330615.fsout
Warning: AMD Family 25, Model 17, Stepping 1 is not supported by this version of FIRESTARTER!
Check project website for updates.
Warning: Using function FUNC_SKL_XEONEP_AVX512_1T as fallback.
You can use the parameter --function to try other functions.
End: Mon May  4 04:23:23 PM CEST 2026  / 1777904603
SETTING GPU POWERCAP TO GRAPHICS=220
Power limit for GPU 00000000:A6:00.0 was set to 220.00 W from 210.00 W.
All done.
Nvidia Log: /home/hpc/unrz/unrz104h/Projects/CPU-GPU-Energy-Study/FIRESTARTER-H100-powercap/220/220_powerlog.csv
FIRESTARTER Log: /home/hpc/unrz/unrz104h/Projects/CPU-GPU-Energy-Study/FIRESTARTER-H100-powercap/220/220_pid-330615.fsout
Warning: AMD Family 25, Model 17, Stepping 1 is not supported by this version of FIRESTARTER!
Check project website for updates.
Warning: Using function FUNC_SKL_XEONEP_AVX512_1T as fallback.
You can use the parameter --function to try other functions.
End: Mon May  4 04:24:45 PM CEST 2026  / 1777904685
SETTING GPU POWERCAP TO GRAPHICS=230
Power limit for GPU 00000000:A6:00.0 was set to 230.00 W from 220.00 W.
All done.
Nvidia Log: /home/hpc/unrz/unrz104h/Projects/CPU-GPU-Energy-Study/FIRESTARTER-H100-powercap/230/230_powerlog.csv
FIRESTARTER Log: /home/hpc/unrz/unrz104h/Projects/CPU-GPU-Energy-Study/FIRESTARTER-H100-powercap/230/230_pid-330615.fsout
Warning: AMD Family 25, Model 17, Stepping 1 is not supported by this version of FIRESTARTER!
Check project website for updates.
Warning: Using function FUNC_SKL_XEONEP_AVX512_1T as fallback.
You can use the parameter --function to try other functions.
End: Mon May  4 04:26:00 PM CEST 2026  / 1777904760
SETTING GPU POWERCAP TO GRAPHICS=240
Power limit for GPU 00000000:A6:00.0 was set to 240.00 W from 230.00 W.
All done.
Nvidia Log: /home/hpc/unrz/unrz104h/Projects/CPU-GPU-Energy-Study/FIRESTARTER-H100-powercap/240/240_powerlog.csv
FIRESTARTER Log: /home/hpc/unrz/unrz104h/Projects/CPU-GPU-Energy-Study/FIRESTARTER-H100-powercap/240/240_pid-330615.fsout
Warning: AMD Family 25, Model 17, Stepping 1 is not supported by this version of FIRESTARTER!
Check project website for updates.
Warning: Using function FUNC_SKL_XEONEP_AVX512_1T as fallback.
You can use the parameter --function to try other functions.
End: Mon May  4 04:27:12 PM CEST 2026  / 1777904832
SETTING GPU POWERCAP TO GRAPHICS=250
Power limit for GPU 00000000:A6:00.0 was set to 250.00 W from 240.00 W.
All done.
Nvidia Log: /home/hpc/unrz/unrz104h/Projects/CPU-GPU-Energy-Study/FIRESTARTER-H100-powercap/250/250_powerlog.csv
FIRESTARTER Log: /home/hpc/unrz/unrz104h/Projects/CPU-GPU-Energy-Study/FIRESTARTER-H100-powercap/250/250_pid-330615.fsout
Warning: AMD Family 25, Model 17, Stepping 1 is not supported by this version of FIRESTARTER!
Check project website for updates.
Warning: Using function FUNC_SKL_XEONEP_AVX512_1T as fallback.
You can use the parameter --function to try other functions.
End: Mon May  4 04:28:20 PM CEST 2026  / 1777904900
SETTING GPU POWERCAP TO GRAPHICS=260
Power limit for GPU 00000000:A6:00.0 was set to 260.00 W from 250.00 W.
All done.
Nvidia Log: /home/hpc/unrz/unrz104h/Projects/CPU-GPU-Energy-Study/FIRESTARTER-H100-powercap/260/260_powerlog.csv
FIRESTARTER Log: /home/hpc/unrz/unrz104h/Projects/CPU-GPU-Energy-Study/FIRESTARTER-H100-powercap/260/260_pid-330615.fsout
Warning: AMD Family 25, Model 17, Stepping 1 is not supported by this version of FIRESTARTER!
Check project website for updates.
Warning: Using function FUNC_SKL_XEONEP_AVX512_1T as fallback.
You can use the parameter --function to try other functions.
End: Mon May  4 04:29:25 PM CEST 2026  / 1777904965
SETTING GPU POWERCAP TO GRAPHICS=270
Power limit for GPU 00000000:A6:00.0 was set to 270.00 W from 260.00 W.
All done.
Nvidia Log: /home/hpc/unrz/unrz104h/Projects/CPU-GPU-Energy-Study/FIRESTARTER-H100-powercap/270/270_powerlog.csv
FIRESTARTER Log: /home/hpc/unrz/unrz104h/Projects/CPU-GPU-Energy-Study/FIRESTARTER-H100-powercap/270/270_pid-330615.fsout
Warning: AMD Family 25, Model 17, Stepping 1 is not supported by this version of FIRESTARTER!
Check project website for updates.
Warning: Using function FUNC_SKL_XEONEP_AVX512_1T as fallback.
You can use the parameter --function to try other functions.
End: Mon May  4 04:30:46 PM CEST 2026  / 1777905046
SETTING GPU POWERCAP TO GRAPHICS=280
Power limit for GPU 00000000:A6:00.0 was set to 280.00 W from 270.00 W.
All done.
Nvidia Log: /home/hpc/unrz/unrz104h/Projects/CPU-GPU-Energy-Study/FIRESTARTER-H100-powercap/280/280_powerlog.csv
FIRESTARTER Log: /home/hpc/unrz/unrz104h/Projects/CPU-GPU-Energy-Study/FIRESTARTER-H100-powercap/280/280_pid-330615.fsout
Warning: AMD Family 25, Model 17, Stepping 1 is not supported by this version of FIRESTARTER!
Check project website for updates.
Warning: Using function FUNC_SKL_XEONEP_AVX512_1T as fallback.
You can use the parameter --function to try other functions.
End: Mon May  4 04:31:58 PM CEST 2026  / 1777905118
SETTING GPU POWERCAP TO GRAPHICS=290
Power limit for GPU 00000000:A6:00.0 was set to 290.00 W from 280.00 W.
All done.
Nvidia Log: /home/hpc/unrz/unrz104h/Projects/CPU-GPU-Energy-Study/FIRESTARTER-H100-powercap/290/290_powerlog.csv
FIRESTARTER Log: /home/hpc/unrz/unrz104h/Projects/CPU-GPU-Energy-Study/FIRESTARTER-H100-powercap/290/290_pid-330615.fsout
Warning: AMD Family 25, Model 17, Stepping 1 is not supported by this version of FIRESTARTER!
Check project website for updates.
Warning: Using function FUNC_SKL_XEONEP_AVX512_1T as fallback.
You can use the parameter --function to try other functions.
End: Mon May  4 04:33:03 PM CEST 2026  / 1777905183
SETTING GPU POWERCAP TO GRAPHICS=300
Power limit for GPU 00000000:A6:00.0 was set to 300.00 W from 290.00 W.
All done.
Nvidia Log: /home/hpc/unrz/unrz104h/Projects/CPU-GPU-Energy-Study/FIRESTARTER-H100-powercap/300/300_powerlog.csv
FIRESTARTER Log: /home/hpc/unrz/unrz104h/Projects/CPU-GPU-Energy-Study/FIRESTARTER-H100-powercap/300/300_pid-330615.fsout
Warning: AMD Family 25, Model 17, Stepping 1 is not supported by this version of FIRESTARTER!
Check project website for updates.
Warning: Using function FUNC_SKL_XEONEP_AVX512_1T as fallback.
You can use the parameter --function to try other functions.
End: Mon May  4 04:34:08 PM CEST 2026  / 1777905248
SETTING GPU POWERCAP TO GRAPHICS=310
Power limit for GPU 00000000:A6:00.0 was set to 310.00 W from 300.00 W.
All done.
Nvidia Log: /home/hpc/unrz/unrz104h/Projects/CPU-GPU-Energy-Study/FIRESTARTER-H100-powercap/310/310_powerlog.csv
FIRESTARTER Log: /home/hpc/unrz/unrz104h/Projects/CPU-GPU-Energy-Study/FIRESTARTER-H100-powercap/310/310_pid-330615.fsout
Warning: AMD Family 25, Model 17, Stepping 1 is not supported by this version of FIRESTARTER!
Check project website for updates.
Warning: Using function FUNC_SKL_XEONEP_AVX512_1T as fallback.
You can use the parameter --function to try other functions.
End: Mon May  4 04:35:19 PM CEST 2026  / 1777905319
SETTING GPU POWERCAP TO GRAPHICS=320
Power limit for GPU 00000000:A6:00.0 was set to 320.00 W from 310.00 W.
All done.
Nvidia Log: /home/hpc/unrz/unrz104h/Projects/CPU-GPU-Energy-Study/FIRESTARTER-H100-powercap/320/320_powerlog.csv
FIRESTARTER Log: /home/hpc/unrz/unrz104h/Projects/CPU-GPU-Energy-Study/FIRESTARTER-H100-powercap/320/320_pid-330615.fsout
Warning: AMD Family 25, Model 17, Stepping 1 is not supported by this version of FIRESTARTER!
Check project website for updates.
Warning: Using function FUNC_SKL_XEONEP_AVX512_1T as fallback.
You can use the parameter --function to try other functions.
End: Mon May  4 04:36:28 PM CEST 2026  / 1777905388
SETTING GPU POWERCAP TO GRAPHICS=330
Power limit for GPU 00000000:A6:00.0 was set to 330.00 W from 320.00 W.
All done.
Nvidia Log: /home/hpc/unrz/unrz104h/Projects/CPU-GPU-Energy-Study/FIRESTARTER-H100-powercap/330/330_powerlog.csv
FIRESTARTER Log: /home/hpc/unrz/unrz104h/Projects/CPU-GPU-Energy-Study/FIRESTARTER-H100-powercap/330/330_pid-330615.fsout
Warning: AMD Family 25, Model 17, Stepping 1 is not supported by this version of FIRESTARTER!
Check project website for updates.
Warning: Using function FUNC_SKL_XEONEP_AVX512_1T as fallback.
You can use the parameter --function to try other functions.
End: Mon May  4 04:37:39 PM CEST 2026  / 1777905459
SETTING GPU POWERCAP TO GRAPHICS=340
Power limit for GPU 00000000:A6:00.0 was set to 340.00 W from 330.00 W.
All done.
Nvidia Log: /home/hpc/unrz/unrz104h/Projects/CPU-GPU-Energy-Study/FIRESTARTER-H100-powercap/340/340_powerlog.csv
FIRESTARTER Log: /home/hpc/unrz/unrz104h/Projects/CPU-GPU-Energy-Study/FIRESTARTER-H100-powercap/340/340_pid-330615.fsout
Warning: AMD Family 25, Model 17, Stepping 1 is not supported by this version of FIRESTARTER!
Check project website for updates.
Warning: Using function FUNC_SKL_XEONEP_AVX512_1T as fallback.
You can use the parameter --function to try other functions.
End: Mon May  4 04:38:51 PM CEST 2026  / 1777905531
SETTING GPU POWERCAP TO GRAPHICS=350
Power limit for GPU 00000000:A6:00.0 was set to 350.00 W from 340.00 W.
All done.
Nvidia Log: /home/hpc/unrz/unrz104h/Projects/CPU-GPU-Energy-Study/FIRESTARTER-H100-powercap/350/350_powerlog.csv
FIRESTARTER Log: /home/hpc/unrz/unrz104h/Projects/CPU-GPU-Energy-Study/FIRESTARTER-H100-powercap/350/350_pid-330615.fsout
Warning: AMD Family 25, Model 17, Stepping 1 is not supported by this version of FIRESTARTER!
Check project website for updates.
Warning: Using function FUNC_SKL_XEONEP_AVX512_1T as fallback.
You can use the parameter --function to try other functions.
End: Mon May  4 04:39:59 PM CEST 2026  / 1777905599
SETTING GPU POWERCAP TO GRAPHICS=360
Power limit for GPU 00000000:A6:00.0 was set to 360.00 W from 350.00 W.
All done.
Nvidia Log: /home/hpc/unrz/unrz104h/Projects/CPU-GPU-Energy-Study/FIRESTARTER-H100-powercap/360/360_powerlog.csv
FIRESTARTER Log: /home/hpc/unrz/unrz104h/Projects/CPU-GPU-Energy-Study/FIRESTARTER-H100-powercap/360/360_pid-330615.fsout
Warning: AMD Family 25, Model 17, Stepping 1 is not supported by this version of FIRESTARTER!
Check project website for updates.
Warning: Using function FUNC_SKL_XEONEP_AVX512_1T as fallback.
You can use the parameter --function to try other functions.
End: Mon May  4 04:41:06 PM CEST 2026  / 1777905666
SETTING GPU POWERCAP TO GRAPHICS=370
Power limit for GPU 00000000:A6:00.0 was set to 370.00 W from 360.00 W.
All done.
Nvidia Log: /home/hpc/unrz/unrz104h/Projects/CPU-GPU-Energy-Study/FIRESTARTER-H100-powercap/370/370_powerlog.csv
FIRESTARTER Log: /home/hpc/unrz/unrz104h/Projects/CPU-GPU-Energy-Study/FIRESTARTER-H100-powercap/370/370_pid-330615.fsout
Warning: AMD Family 25, Model 17, Stepping 1 is not supported by this version of FIRESTARTER!
Check project website for updates.
Warning: Using function FUNC_SKL_XEONEP_AVX512_1T as fallback.
You can use the parameter --function to try other functions.
End: Mon May  4 04:42:12 PM CEST 2026  / 1777905732
SETTING GPU POWERCAP TO GRAPHICS=380
Power limit for GPU 00000000:A6:00.0 was set to 380.00 W from 370.00 W.
All done.
Nvidia Log: /home/hpc/unrz/unrz104h/Projects/CPU-GPU-Energy-Study/FIRESTARTER-H100-powercap/380/380_powerlog.csv
FIRESTARTER Log: /home/hpc/unrz/unrz104h/Projects/CPU-GPU-Energy-Study/FIRESTARTER-H100-powercap/380/380_pid-330615.fsout
Warning: AMD Family 25, Model 17, Stepping 1 is not supported by this version of FIRESTARTER!
Check project website for updates.
Warning: Using function FUNC_SKL_XEONEP_AVX512_1T as fallback.
You can use the parameter --function to try other functions.
End: Mon May  4 04:43:16 PM CEST 2026  / 1777905796
SETTING GPU POWERCAP TO GRAPHICS=390
Power limit for GPU 00000000:A6:00.0 was set to 390.00 W from 380.00 W.
All done.
Nvidia Log: /home/hpc/unrz/unrz104h/Projects/CPU-GPU-Energy-Study/FIRESTARTER-H100-powercap/390/390_powerlog.csv
FIRESTARTER Log: /home/hpc/unrz/unrz104h/Projects/CPU-GPU-Energy-Study/FIRESTARTER-H100-powercap/390/390_pid-330615.fsout
Warning: AMD Family 25, Model 17, Stepping 1 is not supported by this version of FIRESTARTER!
Check project website for updates.
Warning: Using function FUNC_SKL_XEONEP_AVX512_1T as fallback.
You can use the parameter --function to try other functions.
End: Mon May  4 04:44:18 PM CEST 2026  / 1777905858
SETTING GPU POWERCAP TO GRAPHICS=400
Power limit for GPU 00000000:A6:00.0 was set to 400.00 W from 390.00 W.
All done.
Nvidia Log: /home/hpc/unrz/unrz104h/Projects/CPU-GPU-Energy-Study/FIRESTARTER-H100-powercap/400/400_powerlog.csv
FIRESTARTER Log: /home/hpc/unrz/unrz104h/Projects/CPU-GPU-Energy-Study/FIRESTARTER-H100-powercap/400/400_pid-330615.fsout
Warning: AMD Family 25, Model 17, Stepping 1 is not supported by this version of FIRESTARTER!
Check project website for updates.
Warning: Using function FUNC_SKL_XEONEP_AVX512_1T as fallback.
You can use the parameter --function to try other functions.
End: Mon May  4 04:45:34 PM CEST 2026  / 1777905934
SETTING GPU POWERCAP TO GRAPHICS=410
Power limit for GPU 00000000:A6:00.0 was set to 410.00 W from 400.00 W.
All done.
Nvidia Log: /home/hpc/unrz/unrz104h/Projects/CPU-GPU-Energy-Study/FIRESTARTER-H100-powercap/410/410_powerlog.csv
FIRESTARTER Log: /home/hpc/unrz/unrz104h/Projects/CPU-GPU-Energy-Study/FIRESTARTER-H100-powercap/410/410_pid-330615.fsout
Warning: AMD Family 25, Model 17, Stepping 1 is not supported by this version of FIRESTARTER!
Check project website for updates.
Warning: Using function FUNC_SKL_XEONEP_AVX512_1T as fallback.
You can use the parameter --function to try other functions.
End: Mon May  4 04:46:50 PM CEST 2026  / 1777906010
SETTING GPU POWERCAP TO GRAPHICS=420
Power limit for GPU 00000000:A6:00.0 was set to 420.00 W from 410.00 W.
All done.
Nvidia Log: /home/hpc/unrz/unrz104h/Projects/CPU-GPU-Energy-Study/FIRESTARTER-H100-powercap/420/420_powerlog.csv
FIRESTARTER Log: /home/hpc/unrz/unrz104h/Projects/CPU-GPU-Energy-Study/FIRESTARTER-H100-powercap/420/420_pid-330615.fsout
Warning: AMD Family 25, Model 17, Stepping 1 is not supported by this version of FIRESTARTER!
Check project website for updates.
Warning: Using function FUNC_SKL_XEONEP_AVX512_1T as fallback.
You can use the parameter --function to try other functions.
End: Mon May  4 04:48:02 PM CEST 2026  / 1777906082
SETTING GPU POWERCAP TO GRAPHICS=430
Power limit for GPU 00000000:A6:00.0 was set to 430.00 W from 420.00 W.
All done.
Nvidia Log: /home/hpc/unrz/unrz104h/Projects/CPU-GPU-Energy-Study/FIRESTARTER-H100-powercap/430/430_powerlog.csv
FIRESTARTER Log: /home/hpc/unrz/unrz104h/Projects/CPU-GPU-Energy-Study/FIRESTARTER-H100-powercap/430/430_pid-330615.fsout
Warning: AMD Family 25, Model 17, Stepping 1 is not supported by this version of FIRESTARTER!
Check project website for updates.
Warning: Using function FUNC_SKL_XEONEP_AVX512_1T as fallback.
You can use the parameter --function to try other functions.
End: Mon May  4 04:49:14 PM CEST 2026  / 1777906154
SETTING GPU POWERCAP TO GRAPHICS=440
Power limit for GPU 00000000:A6:00.0 was set to 440.00 W from 430.00 W.
All done.
Nvidia Log: /home/hpc/unrz/unrz104h/Projects/CPU-GPU-Energy-Study/FIRESTARTER-H100-powercap/440/440_powerlog.csv
FIRESTARTER Log: /home/hpc/unrz/unrz104h/Projects/CPU-GPU-Energy-Study/FIRESTARTER-H100-powercap/440/440_pid-330615.fsout
Warning: AMD Family 25, Model 17, Stepping 1 is not supported by this version of FIRESTARTER!
Check project website for updates.
Warning: Using function FUNC_SKL_XEONEP_AVX512_1T as fallback.
You can use the parameter --function to try other functions.
End: Mon May  4 04:50:25 PM CEST 2026  / 1777906225
SETTING GPU POWERCAP TO GRAPHICS=450
Power limit for GPU 00000000:A6:00.0 was set to 450.00 W from 440.00 W.
All done.
Nvidia Log: /home/hpc/unrz/unrz104h/Projects/CPU-GPU-Energy-Study/FIRESTARTER-H100-powercap/450/450_powerlog.csv
FIRESTARTER Log: /home/hpc/unrz/unrz104h/Projects/CPU-GPU-Energy-Study/FIRESTARTER-H100-powercap/450/450_pid-330615.fsout
Warning: AMD Family 25, Model 17, Stepping 1 is not supported by this version of FIRESTARTER!
Check project website for updates.
Warning: Using function FUNC_SKL_XEONEP_AVX512_1T as fallback.
You can use the parameter --function to try other functions.
End: Mon May  4 04:51:31 PM CEST 2026  / 1777906291
SETTING GPU POWERCAP TO GRAPHICS=460
Power limit for GPU 00000000:A6:00.0 was set to 460.00 W from 450.00 W.
All done.
Nvidia Log: /home/hpc/unrz/unrz104h/Projects/CPU-GPU-Energy-Study/FIRESTARTER-H100-powercap/460/460_powerlog.csv
FIRESTARTER Log: /home/hpc/unrz/unrz104h/Projects/CPU-GPU-Energy-Study/FIRESTARTER-H100-powercap/460/460_pid-330615.fsout
Warning: AMD Family 25, Model 17, Stepping 1 is not supported by this version of FIRESTARTER!
Check project website for updates.
Warning: Using function FUNC_SKL_XEONEP_AVX512_1T as fallback.
You can use the parameter --function to try other functions.
End: Mon May  4 04:52:37 PM CEST 2026  / 1777906357
SETTING GPU POWERCAP TO GRAPHICS=470
Power limit for GPU 00000000:A6:00.0 was set to 470.00 W from 460.00 W.
All done.
Nvidia Log: /home/hpc/unrz/unrz104h/Projects/CPU-GPU-Energy-Study/FIRESTARTER-H100-powercap/470/470_powerlog.csv
FIRESTARTER Log: /home/hpc/unrz/unrz104h/Projects/CPU-GPU-Energy-Study/FIRESTARTER-H100-powercap/470/470_pid-330615.fsout
Warning: AMD Family 25, Model 17, Stepping 1 is not supported by this version of FIRESTARTER!
Check project website for updates.
Warning: Using function FUNC_SKL_XEONEP_AVX512_1T as fallback.
You can use the parameter --function to try other functions.
End: Mon May  4 04:53:42 PM CEST 2026  / 1777906422
SETTING GPU POWERCAP TO GRAPHICS=480
Power limit for GPU 00000000:A6:00.0 was set to 480.00 W from 470.00 W.
All done.
Nvidia Log: /home/hpc/unrz/unrz104h/Projects/CPU-GPU-Energy-Study/FIRESTARTER-H100-powercap/480/480_powerlog.csv
FIRESTARTER Log: /home/hpc/unrz/unrz104h/Projects/CPU-GPU-Energy-Study/FIRESTARTER-H100-powercap/480/480_pid-330615.fsout
Warning: AMD Family 25, Model 17, Stepping 1 is not supported by this version of FIRESTARTER!
Check project website for updates.
Warning: Using function FUNC_SKL_XEONEP_AVX512_1T as fallback.
You can use the parameter --function to try other functions.
End: Mon May  4 04:54:49 PM CEST 2026  / 1777906489
SETTING GPU POWERCAP TO GRAPHICS=490
Power limit for GPU 00000000:A6:00.0 was set to 490.00 W from 480.00 W.
All done.
Nvidia Log: /home/hpc/unrz/unrz104h/Projects/CPU-GPU-Energy-Study/FIRESTARTER-H100-powercap/490/490_powerlog.csv
FIRESTARTER Log: /home/hpc/unrz/unrz104h/Projects/CPU-GPU-Energy-Study/FIRESTARTER-H100-powercap/490/490_pid-330615.fsout
Warning: AMD Family 25, Model 17, Stepping 1 is not supported by this version of FIRESTARTER!
Check project website for updates.
Warning: Using function FUNC_SKL_XEONEP_AVX512_1T as fallback.
You can use the parameter --function to try other functions.
End: Mon May  4 04:55:54 PM CEST 2026  / 1777906554
SETTING GPU POWERCAP TO GRAPHICS=500
Power limit for GPU 00000000:A6:00.0 was set to 500.00 W from 490.00 W.
All done.
Nvidia Log: /home/hpc/unrz/unrz104h/Projects/CPU-GPU-Energy-Study/FIRESTARTER-H100-powercap/500/500_powerlog.csv
FIRESTARTER Log: /home/hpc/unrz/unrz104h/Projects/CPU-GPU-Energy-Study/FIRESTARTER-H100-powercap/500/500_pid-330615.fsout
Warning: AMD Family 25, Model 17, Stepping 1 is not supported by this version of FIRESTARTER!
Check project website for updates.
Warning: Using function FUNC_SKL_XEONEP_AVX512_1T as fallback.
You can use the parameter --function to try other functions.
End: Mon May  4 04:56:59 PM CEST 2026  / 1777906619
SETTING GPU POWERCAP TO GRAPHICS=510
Power limit for GPU 00000000:A6:00.0 was set to 510.00 W from 500.00 W.
All done.
Nvidia Log: /home/hpc/unrz/unrz104h/Projects/CPU-GPU-Energy-Study/FIRESTARTER-H100-powercap/510/510_powerlog.csv
FIRESTARTER Log: /home/hpc/unrz/unrz104h/Projects/CPU-GPU-Energy-Study/FIRESTARTER-H100-powercap/510/510_pid-330615.fsout
Warning: AMD Family 25, Model 17, Stepping 1 is not supported by this version of FIRESTARTER!
Check project website for updates.
Warning: Using function FUNC_SKL_XEONEP_AVX512_1T as fallback.
You can use the parameter --function to try other functions.
End: Mon May  4 04:58:02 PM CEST 2026  / 1777906682
SETTING GPU POWERCAP TO GRAPHICS=520
Power limit for GPU 00000000:A6:00.0 was set to 520.00 W from 510.00 W.
All done.
Nvidia Log: /home/hpc/unrz/unrz104h/Projects/CPU-GPU-Energy-Study/FIRESTARTER-H100-powercap/520/520_powerlog.csv
FIRESTARTER Log: /home/hpc/unrz/unrz104h/Projects/CPU-GPU-Energy-Study/FIRESTARTER-H100-powercap/520/520_pid-330615.fsout
Warning: AMD Family 25, Model 17, Stepping 1 is not supported by this version of FIRESTARTER!
Check project website for updates.
Warning: Using function FUNC_SKL_XEONEP_AVX512_1T as fallback.
You can use the parameter --function to try other functions.
End: Mon May  4 04:59:05 PM CEST 2026  / 1777906745
SETTING GPU POWERCAP TO GRAPHICS=530
Power limit for GPU 00000000:A6:00.0 was set to 530.00 W from 520.00 W.
All done.
Nvidia Log: /home/hpc/unrz/unrz104h/Projects/CPU-GPU-Energy-Study/FIRESTARTER-H100-powercap/530/530_powerlog.csv
FIRESTARTER Log: /home/hpc/unrz/unrz104h/Projects/CPU-GPU-Energy-Study/FIRESTARTER-H100-powercap/530/530_pid-330615.fsout
Warning: AMD Family 25, Model 17, Stepping 1 is not supported by this version of FIRESTARTER!
Check project website for updates.
Warning: Using function FUNC_SKL_XEONEP_AVX512_1T as fallback.
You can use the parameter --function to try other functions.
End: Mon May  4 05:00:09 PM CEST 2026  / 1777906809
SETTING GPU POWERCAP TO GRAPHICS=540
Power limit for GPU 00000000:A6:00.0 was set to 540.00 W from 530.00 W.
All done.
Nvidia Log: /home/hpc/unrz/unrz104h/Projects/CPU-GPU-Energy-Study/FIRESTARTER-H100-powercap/540/540_powerlog.csv
FIRESTARTER Log: /home/hpc/unrz/unrz104h/Projects/CPU-GPU-Energy-Study/FIRESTARTER-H100-powercap/540/540_pid-330615.fsout
Warning: AMD Family 25, Model 17, Stepping 1 is not supported by this version of FIRESTARTER!
Check project website for updates.
Warning: Using function FUNC_SKL_XEONEP_AVX512_1T as fallback.
You can use the parameter --function to try other functions.
End: Mon May  4 05:01:23 PM CEST 2026  / 1777906883
SETTING GPU POWERCAP TO GRAPHICS=550
Power limit for GPU 00000000:A6:00.0 was set to 550.00 W from 540.00 W.
All done.
Nvidia Log: /home/hpc/unrz/unrz104h/Projects/CPU-GPU-Energy-Study/FIRESTARTER-H100-powercap/550/550_powerlog.csv
FIRESTARTER Log: /home/hpc/unrz/unrz104h/Projects/CPU-GPU-Energy-Study/FIRESTARTER-H100-powercap/550/550_pid-330615.fsout
Warning: AMD Family 25, Model 17, Stepping 1 is not supported by this version of FIRESTARTER!
Check project website for updates.
Warning: Using function FUNC_SKL_XEONEP_AVX512_1T as fallback.
You can use the parameter --function to try other functions.
End: Mon May  4 05:02:37 PM CEST 2026  / 1777906957
SETTING GPU POWERCAP TO GRAPHICS=560
Power limit for GPU 00000000:A6:00.0 was set to 560.00 W from 550.00 W.
All done.
Nvidia Log: /home/hpc/unrz/unrz104h/Projects/CPU-GPU-Energy-Study/FIRESTARTER-H100-powercap/560/560_powerlog.csv
FIRESTARTER Log: /home/hpc/unrz/unrz104h/Projects/CPU-GPU-Energy-Study/FIRESTARTER-H100-powercap/560/560_pid-330615.fsout
Warning: AMD Family 25, Model 17, Stepping 1 is not supported by this version of FIRESTARTER!
Check project website for updates.
Warning: Using function FUNC_SKL_XEONEP_AVX512_1T as fallback.
You can use the parameter --function to try other functions.
End: Mon May  4 05:03:41 PM CEST 2026  / 1777907021
SETTING GPU POWERCAP TO GRAPHICS=570
Power limit for GPU 00000000:A6:00.0 was set to 570.00 W from 560.00 W.
All done.
Nvidia Log: /home/hpc/unrz/unrz104h/Projects/CPU-GPU-Energy-Study/FIRESTARTER-H100-powercap/570/570_powerlog.csv
FIRESTARTER Log: /home/hpc/unrz/unrz104h/Projects/CPU-GPU-Energy-Study/FIRESTARTER-H100-powercap/570/570_pid-330615.fsout
Warning: AMD Family 25, Model 17, Stepping 1 is not supported by this version of FIRESTARTER!
Check project website for updates.
Warning: Using function FUNC_SKL_XEONEP_AVX512_1T as fallback.
You can use the parameter --function to try other functions.
End: Mon May  4 05:04:44 PM CEST 2026  / 1777907084
SETTING GPU POWERCAP TO GRAPHICS=580
Power limit for GPU 00000000:A6:00.0 was set to 580.00 W from 570.00 W.
All done.
Nvidia Log: /home/hpc/unrz/unrz104h/Projects/CPU-GPU-Energy-Study/FIRESTARTER-H100-powercap/580/580_powerlog.csv
FIRESTARTER Log: /home/hpc/unrz/unrz104h/Projects/CPU-GPU-Energy-Study/FIRESTARTER-H100-powercap/580/580_pid-330615.fsout
Warning: AMD Family 25, Model 17, Stepping 1 is not supported by this version of FIRESTARTER!
Check project website for updates.
Warning: Using function FUNC_SKL_XEONEP_AVX512_1T as fallback.
You can use the parameter --function to try other functions.
End: Mon May  4 05:05:47 PM CEST 2026  / 1777907147
SETTING GPU POWERCAP TO GRAPHICS=590
Power limit for GPU 00000000:A6:00.0 was set to 590.00 W from 580.00 W.
All done.
Nvidia Log: /home/hpc/unrz/unrz104h/Projects/CPU-GPU-Energy-Study/FIRESTARTER-H100-powercap/590/590_powerlog.csv
FIRESTARTER Log: /home/hpc/unrz/unrz104h/Projects/CPU-GPU-Energy-Study/FIRESTARTER-H100-powercap/590/590_pid-330615.fsout
Warning: AMD Family 25, Model 17, Stepping 1 is not supported by this version of FIRESTARTER!
Check project website for updates.
Warning: Using function FUNC_SKL_XEONEP_AVX512_1T as fallback.
You can use the parameter --function to try other functions.
End: Mon May  4 05:07:03 PM CEST 2026  / 1777907223
SETTING GPU POWERCAP TO GRAPHICS=600
Power limit for GPU 00000000:A6:00.0 was set to 600.00 W from 590.00 W.
All done.
Nvidia Log: /home/hpc/unrz/unrz104h/Projects/CPU-GPU-Energy-Study/FIRESTARTER-H100-powercap/600/600_powerlog.csv
FIRESTARTER Log: /home/hpc/unrz/unrz104h/Projects/CPU-GPU-Energy-Study/FIRESTARTER-H100-powercap/600/600_pid-330615.fsout
Warning: AMD Family 25, Model 17, Stepping 1 is not supported by this version of FIRESTARTER!
Check project website for updates.
Warning: Using function FUNC_SKL_XEONEP_AVX512_1T as fallback.
You can use the parameter --function to try other functions.
End: Mon May  4 05:08:13 PM CEST 2026  / 1777907293
SETTING GPU POWERCAP TO GRAPHICS=610
Power limit for GPU 00000000:A6:00.0 was set to 610.00 W from 600.00 W.
All done.
Nvidia Log: /home/hpc/unrz/unrz104h/Projects/CPU-GPU-Energy-Study/FIRESTARTER-H100-powercap/610/610_powerlog.csv
FIRESTARTER Log: /home/hpc/unrz/unrz104h/Projects/CPU-GPU-Energy-Study/FIRESTARTER-H100-powercap/610/610_pid-330615.fsout
Warning: AMD Family 25, Model 17, Stepping 1 is not supported by this version of FIRESTARTER!
Check project website for updates.
Warning: Using function FUNC_SKL_XEONEP_AVX512_1T as fallback.
You can use the parameter --function to try other functions.
End: Mon May  4 05:09:26 PM CEST 2026  / 1777907366
SETTING GPU POWERCAP TO GRAPHICS=620
Power limit for GPU 00000000:A6:00.0 was set to 620.00 W from 610.00 W.
All done.
Nvidia Log: /home/hpc/unrz/unrz104h/Projects/CPU-GPU-Energy-Study/FIRESTARTER-H100-powercap/620/620_powerlog.csv
FIRESTARTER Log: /home/hpc/unrz/unrz104h/Projects/CPU-GPU-Energy-Study/FIRESTARTER-H100-powercap/620/620_pid-330615.fsout
Warning: AMD Family 25, Model 17, Stepping 1 is not supported by this version of FIRESTARTER!
Check project website for updates.
Warning: Using function FUNC_SKL_XEONEP_AVX512_1T as fallback.
You can use the parameter --function to try other functions.
End: Mon May  4 05:10:37 PM CEST 2026  / 1777907437
SETTING GPU POWERCAP TO GRAPHICS=630
Power limit for GPU 00000000:A6:00.0 was set to 630.00 W from 620.00 W.
All done.
Nvidia Log: /home/hpc/unrz/unrz104h/Projects/CPU-GPU-Energy-Study/FIRESTARTER-H100-powercap/630/630_powerlog.csv
FIRESTARTER Log: /home/hpc/unrz/unrz104h/Projects/CPU-GPU-Energy-Study/FIRESTARTER-H100-powercap/630/630_pid-330615.fsout
Warning: AMD Family 25, Model 17, Stepping 1 is not supported by this version of FIRESTARTER!
Check project website for updates.
Warning: Using function FUNC_SKL_XEONEP_AVX512_1T as fallback.
You can use the parameter --function to try other functions.
End: Mon May  4 05:11:47 PM CEST 2026  / 1777907507
SETTING GPU POWERCAP TO GRAPHICS=640
Power limit for GPU 00000000:A6:00.0 was set to 640.00 W from 630.00 W.
All done.
Nvidia Log: /home/hpc/unrz/unrz104h/Projects/CPU-GPU-Energy-Study/FIRESTARTER-H100-powercap/640/640_powerlog.csv
FIRESTARTER Log: /home/hpc/unrz/unrz104h/Projects/CPU-GPU-Energy-Study/FIRESTARTER-H100-powercap/640/640_pid-330615.fsout
Warning: AMD Family 25, Model 17, Stepping 1 is not supported by this version of FIRESTARTER!
Check project website for updates.
Warning: Using function FUNC_SKL_XEONEP_AVX512_1T as fallback.
You can use the parameter --function to try other functions.
End: Mon May  4 05:12:59 PM CEST 2026  / 1777907579
SETTING GPU POWERCAP TO GRAPHICS=650
Power limit for GPU 00000000:A6:00.0 was set to 650.00 W from 640.00 W.
All done.
Nvidia Log: /home/hpc/unrz/unrz104h/Projects/CPU-GPU-Energy-Study/FIRESTARTER-H100-powercap/650/650_powerlog.csv
FIRESTARTER Log: /home/hpc/unrz/unrz104h/Projects/CPU-GPU-Energy-Study/FIRESTARTER-H100-powercap/650/650_pid-330615.fsout
Warning: AMD Family 25, Model 17, Stepping 1 is not supported by this version of FIRESTARTER!
Check project website for updates.
Warning: Using function FUNC_SKL_XEONEP_AVX512_1T as fallback.
You can use the parameter --function to try other functions.
End: Mon May  4 05:14:05 PM CEST 2026  / 1777907645
SETTING GPU POWERCAP TO GRAPHICS=660
Power limit for GPU 00000000:A6:00.0 was set to 660.00 W from 650.00 W.
All done.
Nvidia Log: /home/hpc/unrz/unrz104h/Projects/CPU-GPU-Energy-Study/FIRESTARTER-H100-powercap/660/660_powerlog.csv
FIRESTARTER Log: /home/hpc/unrz/unrz104h/Projects/CPU-GPU-Energy-Study/FIRESTARTER-H100-powercap/660/660_pid-330615.fsout
Warning: AMD Family 25, Model 17, Stepping 1 is not supported by this version of FIRESTARTER!
Check project website for updates.
Warning: Using function FUNC_SKL_XEONEP_AVX512_1T as fallback.
You can use the parameter --function to try other functions.
End: Mon May  4 05:15:14 PM CEST 2026  / 1777907714
SETTING GPU POWERCAP TO GRAPHICS=670
Power limit for GPU 00000000:A6:00.0 was set to 670.00 W from 660.00 W.
All done.
Nvidia Log: /home/hpc/unrz/unrz104h/Projects/CPU-GPU-Energy-Study/FIRESTARTER-H100-powercap/670/670_powerlog.csv
FIRESTARTER Log: /home/hpc/unrz/unrz104h/Projects/CPU-GPU-Energy-Study/FIRESTARTER-H100-powercap/670/670_pid-330615.fsout
Warning: AMD Family 25, Model 17, Stepping 1 is not supported by this version of FIRESTARTER!
Check project website for updates.
Warning: Using function FUNC_SKL_XEONEP_AVX512_1T as fallback.
You can use the parameter --function to try other functions.
End: Mon May  4 05:16:19 PM CEST 2026  / 1777907779
SETTING GPU POWERCAP TO GRAPHICS=680
Power limit for GPU 00000000:A6:00.0 was set to 680.00 W from 670.00 W.
All done.
Nvidia Log: /home/hpc/unrz/unrz104h/Projects/CPU-GPU-Energy-Study/FIRESTARTER-H100-powercap/680/680_powerlog.csv
FIRESTARTER Log: /home/hpc/unrz/unrz104h/Projects/CPU-GPU-Energy-Study/FIRESTARTER-H100-powercap/680/680_pid-330615.fsout
Warning: AMD Family 25, Model 17, Stepping 1 is not supported by this version of FIRESTARTER!
Check project website for updates.
Warning: Using function FUNC_SKL_XEONEP_AVX512_1T as fallback.
You can use the parameter --function to try other functions.
End: Mon May  4 05:17:28 PM CEST 2026  / 1777907848
SETTING GPU POWERCAP TO GRAPHICS=690
Power limit for GPU 00000000:A6:00.0 was set to 690.00 W from 680.00 W.
All done.
Nvidia Log: /home/hpc/unrz/unrz104h/Projects/CPU-GPU-Energy-Study/FIRESTARTER-H100-powercap/690/690_powerlog.csv
FIRESTARTER Log: /home/hpc/unrz/unrz104h/Projects/CPU-GPU-Energy-Study/FIRESTARTER-H100-powercap/690/690_pid-330615.fsout
Warning: AMD Family 25, Model 17, Stepping 1 is not supported by this version of FIRESTARTER!
Check project website for updates.
Warning: Using function FUNC_SKL_XEONEP_AVX512_1T as fallback.
You can use the parameter --function to try other functions.
End: Mon May  4 05:18:41 PM CEST 2026  / 1777907921
SETTING GPU POWERCAP TO GRAPHICS=700
Power limit for GPU 00000000:A6:00.0 was set to 700.00 W from 690.00 W.
All done.
Nvidia Log: /home/hpc/unrz/unrz104h/Projects/CPU-GPU-Energy-Study/FIRESTARTER-H100-powercap/700/700_powerlog.csv
FIRESTARTER Log: /home/hpc/unrz/unrz104h/Projects/CPU-GPU-Energy-Study/FIRESTARTER-H100-powercap/700/700_pid-330615.fsout
Warning: AMD Family 25, Model 17, Stepping 1 is not supported by this version of FIRESTARTER!
Check project website for updates.
Warning: Using function FUNC_SKL_XEONEP_AVX512_1T as fallback.
You can use the parameter --function to try other functions.
End: Mon May  4 05:19:55 PM CEST 2026  / 1777907995
Resetting clocks...
Power limit for GPU 00000000:A6:00.0 was set to 500.00 W from 700.00 W.
All done.
Done!
