Group: 1
+-----------------------+---------+----------------+----------------+----------------+----------------+----------------+----------------+----------------+----------------+----------------+----------------+----------------+----------------+----------------+----------------+----------------+----------------+----------------+----------------+
|         Event         | Counter |    f0880:0:0   |    f0880:1:1   |    f0880:2:2   |    f0880:3:3   |    f0880:4:4   |    f0880:5:5   |    f0880:6:6   |    f0880:7:7   |    f0880:8:8   |    f0880:9:9   |   f0880:10:10  |   f0880:11:11  |   f0880:12:12  |   f0880:13:13  |   f0880:14:14  |   f0880:15:15  |   f0880:16:16  |   f0880:17:17  |
+-----------------------+---------+----------------+----------------+----------------+----------------+----------------+----------------+----------------+----------------+----------------+----------------+----------------+----------------+----------------+----------------+----------------+----------------+----------------+----------------+
|   INSTR_RETIRED_ANY   |  FIXC0  |  3599495595613 |  3619335450238 |  3582214854021 |  3594333410746 |  3581941050357 |  3599575789633 |  3587852807121 |  3588471389652 |  3700069997924 |  3707543566645 |  3709407327311 |  3808656518636 |  3818056429341 |  3834463207309 |  3809990947569 |  3763544951508 |  3751406141801 |  3677327498940 |
| CPU_CLK_UNHALTED_CORE |  FIXC1  |  2306143677469 |  2303918154191 |  2307413623619 |  2308085266001 |  2307850561363 |  2307700351859 |  2307794047499 |  2307846538842 |  2307971696976 |  2308303522479 |  2307861784988 |  2308300855152 |  2308468580825 |  2307710548463 |  2307888138891 |  2308091124987 |  2308259054517 |  2307943329622 |
|  CPU_CLK_UNHALTED_REF |  FIXC2  |  2515805982432 |  2513377521888 |  2517190093056 |  2517921710784 |  2517667768800 |  2517502360992 |  2517604780512 |  2517664751136 |  2517799923648 |  2518163044512 |  2517683240448 |  2518161552576 |  2518345031616 |  2517514195680 |  2517709607616 |  2517932850912 |  2518114279584 |  2517770796384 |
|     TOPDOWN_SLOTS     |  FIXC3  | 11530718387345 | 11519590770955 | 11537068118095 | 11540426330005 | 11539252806815 | 11538501759295 | 11538970237495 | 11539232694210 | 11539858484880 | 11541517612395 | 11539308924940 | 11541504275760 | 11542342904125 | 11538552742315 | 11539440694455 | 11540455624935 | 11541295272585 | 11539716648110 |
|       TEMP_CORE       |   TMP0  |             43 |             44 |             41 |             41 |             40 |             41 |             41 |             45 |             41 |             41 |             40 |             42 |             44 |             43 |             42 |             39 |             43 |             40 |
|     PWR_PKG_ENERGY    |   PWR0  |    131272.3010 |              0 |              0 |              0 |              0 |              0 |              0 |              0 |              0 |              0 |              0 |              0 |              0 |              0 |              0 |              0 |              0 |              0 |
|     PWR_PP0_ENERGY    |   PWR1  |              0 |              0 |              0 |              0 |              0 |              0 |              0 |              0 |              0 |              0 |              0 |              0 |              0 |              0 |              0 |              0 |              0 |              0 |
|    PWR_DRAM_ENERGY    |   PWR3  |      9307.2311 |              0 |              0 |              0 |              0 |              0 |              0 |              0 |              0 |              0 |              0 |              0 |              0 |              0 |              0 |              0 |              0 |              0 |
|  PWR_PLATFORM_ENERGY  |   PWR4  |              0 |              0 |              0 |              0 |              0 |              0 |              0 |              0 |              0 |              0 |              0 |              0 |              0 |              0 |              0 |              0 |              0 |              0 |
|   UNCORE_CLOCKTICKS   | UBOXFIX |  1683620088569 |              0 |              0 |              0 |              0 |              0 |              0 |              0 |              0 |              0 |              0 |              0 |              0 |              0 |              0 |              0 |              0 |              0 |
+-----------------------+---------+----------------+----------------+----------------+----------------+----------------+----------------+----------------+----------------+----------------+----------------+----------------+----------------+----------------+----------------+----------------+----------------+----------------+----------------+

+----------------------------+---------+-----------------+----------------+----------------+--------------+
|            Event           | Counter |       Sum       |       Min      |       Max      |      Avg     |
+----------------------------+---------+-----------------+----------------+----------------+--------------+
|   INSTR_RETIRED_ANY STAT   |  FIXC0  |  66333686934365 |  3581941050357 |  3834463207309 | 3.685205e+12 |
| CPU_CLK_UNHALTED_CORE STAT |  FIXC1  |  41537550857743 |  2303918154191 |  2308468580825 | 2.307642e+12 |
|  CPU_CLK_UNHALTED_REF STAT |  FIXC2  |  45313929492576 |  2513377521888 |  2518345031616 | 2.517441e+12 |
|     TOPDOWN_SLOTS STAT     |  FIXC3  | 207687754288715 | 11519590770955 | 11542342904125 |      nil     |
|       TEMP_CORE STAT       |   TMP0  |             751 |             39 |             45 |      41.7222 |
|     PWR_PKG_ENERGY STAT    |   PWR0  |     131272.3010 |              0 |    131272.3010 |    7292.9056 |
|     PWR_PP0_ENERGY STAT    |   PWR1  |               0 |              0 |              0 |            0 |
|    PWR_DRAM_ENERGY STAT    |   PWR3  |       9307.2311 |              0 |      9307.2311 |     517.0684 |
|  PWR_PLATFORM_ENERGY STAT  |   PWR4  |               0 |              0 |              0 |            0 |
|   UNCORE_CLOCKTICKS STAT   | UBOXFIX |   1683620088569 |              0 |  1683620088569 | 9.353445e+10 |
+----------------------------+---------+-----------------+----------------+----------------+--------------+

+----------------------+-------------+-----------+-----------+-----------+-----------+-----------+-----------+-----------+-----------+-----------+-------------+-------------+-------------+-------------+-------------+-------------+-------------+-------------+
|        Metric        |  f0880:0:0  | f0880:1:1 | f0880:2:2 | f0880:3:3 | f0880:4:4 | f0880:5:5 | f0880:6:6 | f0880:7:7 | f0880:8:8 | f0880:9:9 | f0880:10:10 | f0880:11:11 | f0880:12:12 | f0880:13:13 | f0880:14:14 | f0880:15:15 | f0880:16:16 | f0880:17:17 |
+----------------------+-------------+-----------+-----------+-----------+-----------+-----------+-----------+-----------+-----------+-----------+-------------+-------------+-------------+-------------+-------------+-------------+-------------+-------------+
|  Runtime (RDTSC) [s] |   1059.3440 | 1059.2960 | 1059.2600 | 1059.3430 | 1059.3480 | 1059.3380 | 1059.3400 | 1059.4090 | 1059.3460 | 1059.4200 |   1059.3460 |   1059.4450 |   1059.4360 |   1059.3270 |   1059.4050 |   1059.4340 |   1059.2720 |   1059.3270 |
| Runtime unhalted [s] |    963.1652 |  962.2365 |  963.6973 |  963.9765 |  963.8814 |  963.8159 |  963.8557 |  963.9011 |  963.9305 |  964.0688 |    963.8848 |    964.0665 |    964.1383 |    963.8214 |    963.9595 |    963.9799 |    964.0510 |    963.9731 |
|      Clock [MHz]     |   2194.7991 | 2194.7978 | 2194.7964 | 2194.8004 | 2194.7920 | 2194.7994 | 2194.7979 | 2194.7421 | 2194.7953 | 2194.7950 |   2194.7919 |   2194.7963 |   2194.7920 |   2194.7960 |   2194.6490 |   2194.7941 |   2194.7934 |   2194.6697 |
|  Uncore Clock [MHz]  |   1589.3044 |         0 |         0 |         0 |         0 |         0 |         0 |         0 |         0 |         0 |           0 |           0 |           0 |           0 |           0 |           0 |           0 |           0 |
|          CPI         |      0.6407 |    0.6366 |    0.6441 |    0.6421 |    0.6443 |    0.6411 |    0.6432 |    0.6431 |    0.6238 |    0.6226 |      0.6222 |      0.6061 |      0.6046 |      0.6018 |      0.6057 |      0.6133 |      0.6153 |      0.6276 |
|    Temperature [C]   |          43 |        44 |        41 |        41 |        40 |        41 |        41 |        45 |        41 |        41 |          40 |          42 |          44 |          43 |          42 |          39 |          43 |          40 |
|      Energy [J]      | 131272.3010 |         0 |         0 |         0 |         0 |         0 |         0 |         0 |         0 |         0 |           0 |           0 |           0 |           0 |           0 |           0 |           0 |           0 |
|       Power [W]      |    123.9185 |         0 |         0 |         0 |         0 |         0 |         0 |         0 |         0 |         0 |           0 |           0 |           0 |           0 |           0 |           0 |           0 |           0 |
|    Energy PP0 [J]    |           0 |         0 |         0 |         0 |         0 |         0 |         0 |         0 |         0 |         0 |           0 |           0 |           0 |           0 |           0 |           0 |           0 |           0 |
|     Power PP0 [W]    |           0 |         0 |         0 |         0 |         0 |         0 |         0 |         0 |         0 |         0 |           0 |           0 |           0 |           0 |           0 |           0 |           0 |           0 |
|    Energy DRAM [J]   |   9307.2311 |         0 |         0 |         0 |         0 |         0 |         0 |         0 |         0 |         0 |           0 |           0 |           0 |           0 |           0 |           0 |           0 |           0 |
|    Power DRAM [W]    |      8.7858 |         0 |         0 |         0 |         0 |         0 |         0 |         0 |         0 |         0 |           0 |           0 |           0 |           0 |           0 |           0 |           0 |           0 |
|  Energy PLATFORM [J] |           0 |         0 |         0 |         0 |         0 |         0 |         0 |         0 |         0 |         0 |           0 |           0 |           0 |           0 |           0 |           0 |           0 |           0 |
|  Power PLATFORM [W]  |           0 |         0 |         0 |         0 |         0 |         0 |         0 |         0 |         0 |         0 |           0 |           0 |           0 |           0 |           0 |           0 |           0 |           0 |
+----------------------+-------------+-----------+-----------+-----------+-----------+-----------+-----------+-----------+-----------+-----------+-------------+-------------+-------------+-------------+-------------+-------------+-------------+-------------+

+---------------------------+-------------+-----------+-------------+-----------+-----------+-----------+-----------+
|           Metric          |     Sum     |    Min    |     Max     |    Avg    |  %ile 25  |  %ile 50  |  %ile 75  |
+---------------------------+-------------+-----------+-------------+-----------+-----------+-----------+-----------+
|  Runtime (RDTSC) [s] STAT |  19068.4360 | 1059.2600 |   1059.4450 | 1059.3576 | 1059.3270 | 1059.3440 | 1059.4090 |
| Runtime unhalted [s] STAT |  17348.4034 |  962.2365 |    964.1383 |  963.8002 |  963.8214 |  963.9011 |  963.9799 |
|      Clock [MHz] STAT     |  39505.9978 | 2194.6490 |   2194.8004 | 2194.7777 | 2194.7920 | 2194.7950 | 2194.7978 |
|  Uncore Clock [MHz] STAT  |   1589.3044 |         0 |   1589.3044 |   88.2947 |         0 |         0 |         0 |
|          CPI STAT         |     11.2782 |    0.6018 |      0.6443 |    0.6266 |    0.6133 |    0.6238 |    0.6421 |
|    Temperature [C] STAT   |         751 |        39 |          45 |   41.7222 |        41 |        41 |        43 |
|      Energy [J] STAT      | 131272.3010 |         0 | 131272.3010 | 7292.9056 |         0 |         0 |         0 |
|       Power [W] STAT      |    123.9185 |         0 |    123.9185 |    6.8844 |         0 |         0 |         0 |
|    Energy PP0 [J] STAT    |           0 |         0 |           0 |         0 |         0 |         0 |         0 |
|     Power PP0 [W] STAT    |           0 |         0 |           0 |         0 |         0 |         0 |         0 |
|    Energy DRAM [J] STAT   |   9307.2311 |         0 |   9307.2311 |  517.0684 |         0 |         0 |         0 |
|    Power DRAM [W] STAT    |      8.7858 |         0 |      8.7858 |    0.4881 |         0 |         0 |         0 |
|  Energy PLATFORM [J] STAT |           0 |         0 |           0 |         0 |         0 |         0 |         0 |
|  Power PLATFORM [W] STAT  |           0 |         0 |           0 |         0 |         0 |         0 |         0 |
+---------------------------+-------------+-----------+-------------+-----------+-----------+-----------+-----------+

