Group: 1
+-----------------------+---------+---------------+---------------+---------------+---------------+---------------+---------------+---------------+---------------+---------------+---------------+---------------+---------------+---------------+---------------+---------------+---------------+---------------+---------------+
|         Event         | Counter |   f0660:0:0   |   f0660:1:1   |   f0660:2:2   |   f0660:3:3   |   f0660:4:4   |   f0660:5:5   |   f0660:6:6   |   f0660:7:7   |   f0660:8:8   |   f0660:9:9   |  f0660:10:10  |  f0660:11:11  |  f0660:12:12  |  f0660:13:13  |  f0660:14:14  |  f0660:15:15  |  f0660:16:16  |  f0660:17:17  |
+-----------------------+---------+---------------+---------------+---------------+---------------+---------------+---------------+---------------+---------------+---------------+---------------+---------------+---------------+---------------+---------------+---------------+---------------+---------------+---------------+
|   INSTR_RETIRED_ANY   |  FIXC0  | 2323469739906 | 2257199858138 | 2253111718936 | 2247742697934 | 2233117913080 | 2244508368538 | 2136153255995 | 2124080376096 | 2193931781367 | 2249423692972 | 2222068193544 | 2427846834199 | 2482650678856 | 2305887395725 | 2287432817656 | 2381939189706 | 2298567106771 | 2103353213982 |
| CPU_CLK_UNHALTED_CORE |  FIXC1  | 1380374037525 | 1393250464538 | 1392869864286 | 1393064174999 | 1391621455579 | 1391227268799 | 1391229991327 | 1389986378012 | 1390703060312 | 1388919586116 | 1388720456644 | 1389759798089 | 1388657224340 | 1389261204205 | 1388672662290 | 1389311020035 | 1388793496568 | 1388624656918 |
|  CPU_CLK_UNHALTED_REF |  FIXC2  | 1274196036672 | 1286081621568 | 1285730574240 | 1285908499392 | 1284578041728 | 1284214120704 | 1284215049312 | 1283068562688 | 1283730282720 | 1282082518080 | 1281898675968 | 1282859873472 | 1281841537920 | 1282398612384 | 1281855751296 | 1282444664352 | 1281966336864 | 1281808260960 |
|     TOPDOWN_SLOTS     |  FIXC3  | 6901870187625 | 6966252322690 | 6964349321430 | 6965320874995 | 6958107277895 | 6956136343995 | 6956149956635 | 6949931890060 | 6953515301560 | 6944597930580 | 6943602283220 | 6948798990445 | 6943286121700 | 6946306021025 | 6943363311450 | 6946555100175 | 6943967482840 | 6943123284590 |
|       TEMP_CORE       |   TMP0  |            41 |            44 |            42 |            43 |            46 |            44 |            44 |            43 |            44 |            45 |            44 |            46 |            44 |            45 |            44 |            44 |            43 |            42 |
|     PWR_PKG_ENERGY    |   PWR0  |    89380.8575 |             0 |             0 |             0 |             0 |             0 |             0 |             0 |             0 |             0 |             0 |             0 |             0 |             0 |             0 |             0 |             0 |             0 |
|     PWR_PP0_ENERGY    |   PWR1  |             0 |             0 |             0 |             0 |             0 |             0 |             0 |             0 |             0 |             0 |             0 |             0 |             0 |             0 |             0 |             0 |             0 |             0 |
|    PWR_DRAM_ENERGY    |   PWR3  |     5664.0502 |             0 |             0 |             0 |             0 |             0 |             0 |             0 |             0 |             0 |             0 |             0 |             0 |             0 |             0 |             0 |             0 |             0 |
|  PWR_PLATFORM_ENERGY  |   PWR4  |             0 |             0 |             0 |             0 |             0 |             0 |             0 |             0 |             0 |             0 |             0 |             0 |             0 |             0 |             0 |             0 |             0 |             0 |
|   UNCORE_CLOCKTICKS   | UBOXFIX | 1186598841252 |             0 |             0 |             0 |             0 |             0 |             0 |             0 |             0 |             0 |             0 |             0 |             0 |             0 |             0 |             0 |             0 |             0 |
+-----------------------+---------+---------------+---------------+---------------+---------------+---------------+---------------+---------------+---------------+---------------+---------------+---------------+---------------+---------------+---------------+---------------+---------------+---------------+---------------+

+----------------------------+---------+-----------------+---------------+---------------+---------------+
|            Event           | Counter |       Sum       |      Min      |      Max      |      Avg      |
+----------------------------+---------+-----------------+---------------+---------------+---------------+
|   INSTR_RETIRED_ANY STAT   |  FIXC0  |  40772484833401 | 2103353213982 | 2482650678856 |  2.265138e+12 |
| CPU_CLK_UNHALTED_CORE STAT |  FIXC1  |  25015046800582 | 1380374037525 | 1393250464538 |  1.389725e+12 |
|  CPU_CLK_UNHALTED_REF STAT |  FIXC2  |  23090879020320 | 1274196036672 | 1286081621568 | 1282826612240 |
|     TOPDOWN_SLOTS STAT     |  FIXC3  | 125075234002910 | 6901870187625 | 6966252322690 |  6.948624e+12 |
|       TEMP_CORE STAT       |   TMP0  |             788 |            41 |            46 |       43.7778 |
|     PWR_PKG_ENERGY STAT    |   PWR0  |      89380.8575 |             0 |    89380.8575 |     4965.6032 |
|     PWR_PP0_ENERGY STAT    |   PWR1  |               0 |             0 |             0 |             0 |
|    PWR_DRAM_ENERGY STAT    |   PWR3  |       5664.0502 |             0 |     5664.0502 |      314.6695 |
|  PWR_PLATFORM_ENERGY STAT  |   PWR4  |               0 |             0 |             0 |             0 |
|   UNCORE_CLOCKTICKS STAT   | UBOXFIX |   1186598841252 |             0 | 1186598841252 |  6.592216e+10 |
+----------------------------+---------+-----------------+---------------+---------------+---------------+

+----------------------+------------+-----------+-----------+-----------+-----------+-----------+-----------+-----------+-----------+-----------+-------------+-------------+-------------+-------------+-------------+-------------+-------------+-------------+
|        Metric        |  f0660:0:0 | f0660:1:1 | f0660:2:2 | f0660:3:3 | f0660:4:4 | f0660:5:5 | f0660:6:6 | f0660:7:7 | f0660:8:8 | f0660:9:9 | f0660:10:10 | f0660:11:11 | f0660:12:12 | f0660:13:13 | f0660:14:14 | f0660:15:15 | f0660:16:16 | f0660:17:17 |
+----------------------+------------+-----------+-----------+-----------+-----------+-----------+-----------+-----------+-----------+-----------+-------------+-------------+-------------+-------------+-------------+-------------+-------------+-------------+
|  Runtime (RDTSC) [s] |   540.8585 |  540.8414 |  540.8419 |  540.8407 |  540.8481 |  540.8313 |  540.8388 |  540.8436 |  540.8493 |  540.8421 |    540.8470 |    540.8358 |    540.8457 |    540.8579 |    540.8404 |    540.8385 |    540.8416 |    540.8514 |
| Runtime unhalted [s] |   576.5216 |  581.8966 |  581.7383 |  581.8179 |  581.2183 |  581.0514 |  581.0529 |  580.5323 |  580.8351 |  580.0891 |    580.0121 |    580.4423 |    579.9798 |    580.2394 |    579.9836 |    580.2504 |    580.0432 |    579.9642 |
|      Clock [MHz]     |  2593.8315 | 2593.8452 | 2593.8415 | 2593.8513 | 2593.8357 | 2593.8461 | 2593.8473 | 2593.8500 | 2593.8339 | 2593.8420 |   2593.8145 |   2593.8282 |   2593.8382 |   2593.8065 |   2593.8503 |   2593.8501 |   2593.8112 |   2593.8538 |
|  Uncore Clock [MHz]  |  2193.9173 |         0 |         0 |         0 |         0 |         0 |         0 |         0 |         0 |         0 |           0 |           0 |           0 |           0 |           0 |           0 |           0 |           0 |
|          CPI         |     0.5941 |    0.6172 |    0.6182 |    0.6198 |    0.6232 |    0.6198 |    0.6513 |    0.6544 |    0.6339 |    0.6175 |      0.6250 |      0.5724 |      0.5593 |      0.6025 |      0.6071 |      0.5833 |      0.6042 |      0.6602 |
|    Temperature [C]   |         41 |        44 |        42 |        43 |        46 |        44 |        44 |        43 |        44 |        45 |          44 |          46 |          44 |          45 |          44 |          44 |          43 |          42 |
|      Energy [J]      | 89380.8575 |         0 |         0 |         0 |         0 |         0 |         0 |         0 |         0 |         0 |           0 |           0 |           0 |           0 |           0 |           0 |           0 |           0 |
|       Power [W]      |   165.2574 |         0 |         0 |         0 |         0 |         0 |         0 |         0 |         0 |         0 |           0 |           0 |           0 |           0 |           0 |           0 |           0 |           0 |
|    Energy PP0 [J]    |          0 |         0 |         0 |         0 |         0 |         0 |         0 |         0 |         0 |         0 |           0 |           0 |           0 |           0 |           0 |           0 |           0 |           0 |
|     Power PP0 [W]    |          0 |         0 |         0 |         0 |         0 |         0 |         0 |         0 |         0 |         0 |           0 |           0 |           0 |           0 |           0 |           0 |           0 |           0 |
|    Energy DRAM [J]   |  5664.0502 |         0 |         0 |         0 |         0 |         0 |         0 |         0 |         0 |         0 |           0 |           0 |           0 |           0 |           0 |           0 |           0 |           0 |
|    Power DRAM [W]    |    10.4723 |         0 |         0 |         0 |         0 |         0 |         0 |         0 |         0 |         0 |           0 |           0 |           0 |           0 |           0 |           0 |           0 |           0 |
|  Energy PLATFORM [J] |          0 |         0 |         0 |         0 |         0 |         0 |         0 |         0 |         0 |         0 |           0 |           0 |           0 |           0 |           0 |           0 |           0 |           0 |
|  Power PLATFORM [W]  |          0 |         0 |         0 |         0 |         0 |         0 |         0 |         0 |         0 |         0 |           0 |           0 |           0 |           0 |           0 |           0 |           0 |           0 |
+----------------------+------------+-----------+-----------+-----------+-----------+-----------+-----------+-----------+-----------+-----------+-------------+-------------+-------------+-------------+-------------+-------------+-------------+-------------+

+---------------------------+------------+-----------+------------+-----------+-----------+-----------+-----------+
|           Metric          |     Sum    |    Min    |     Max    |    Avg    |  %ile 25  |  %ile 50  |  %ile 75  |
+---------------------------+------------+-----------+------------+-----------+-----------+-----------+-----------+
|  Runtime (RDTSC) [s] STAT |  9735.1940 |  540.8313 |   540.8585 |  540.8441 |  540.8404 |  540.8419 |  540.8481 |
| Runtime unhalted [s] STAT | 10447.6685 |  576.5216 |   581.8966 |  580.4260 |  580.0121 |  580.2504 |  581.0529 |
|      Clock [MHz] STAT     | 46689.0773 | 2593.8065 |  2593.8538 | 2593.8376 | 2593.8315 | 2593.8415 | 2593.8500 |
|  Uncore Clock [MHz] STAT  |  2193.9173 |         0 |  2193.9173 |  121.8843 |         0 |         0 |         0 |
|          CPI STAT         |    11.0634 |    0.5593 |     0.6602 |    0.6146 |    0.6025 |    0.6175 |    0.6250 |
|    Temperature [C] STAT   |        788 |        41 |         46 |   43.7778 |        43 |        44 |        44 |
|      Energy [J] STAT      | 89380.8575 |         0 | 89380.8575 | 4965.6032 |         0 |         0 |         0 |
|       Power [W] STAT      |   165.2574 |         0 |   165.2574 |    9.1810 |         0 |         0 |         0 |
|    Energy PP0 [J] STAT    |          0 |         0 |          0 |         0 |         0 |         0 |         0 |
|     Power PP0 [W] STAT    |          0 |         0 |          0 |         0 |         0 |         0 |         0 |
|    Energy DRAM [J] STAT   |  5664.0502 |         0 |  5664.0502 |  314.6695 |         0 |         0 |         0 |
|    Power DRAM [W] STAT    |    10.4723 |         0 |    10.4723 |    0.5818 |         0 |         0 |         0 |
|  Energy PLATFORM [J] STAT |          0 |         0 |          0 |         0 |         0 |         0 |         0 |
|  Power PLATFORM [W] STAT  |          0 |         0 |          0 |         0 |         0 |         0 |         0 |
+---------------------------+------------+-----------+------------+-----------+-----------+-----------+-----------+

