Group: 1
+-----------------------+---------+---------------+---------------+---------------+---------------+---------------+---------------+---------------+---------------+---------------+---------------+---------------+---------------+---------------+---------------+---------------+---------------+---------------+---------------+
|         Event         | Counter |   f0404:0:0   |   f0404:1:1   |   f0404:2:2   |   f0404:3:3   |   f0404:4:4   |   f0404:5:5   |   f0404:6:6   |   f0404:7:7   |   f0404:8:8   |   f0404:9:9   |  f0404:10:10  |  f0404:11:11  |  f0404:12:12  |  f0404:13:13  |  f0404:14:14  |  f0404:15:15  |  f0404:16:16  |  f0404:17:17  |
+-----------------------+---------+---------------+---------------+---------------+---------------+---------------+---------------+---------------+---------------+---------------+---------------+---------------+---------------+---------------+---------------+---------------+---------------+---------------+---------------+
|   INSTR_RETIRED_ANY   |  FIXC0  | 2845957610162 | 2841817771972 | 2825210710396 | 2751029564044 | 2687729529563 | 2666013792435 | 2651952104445 | 2644837116462 | 2656107167848 | 2653337417649 | 2554326866164 | 2557750164895 | 2579437127055 | 2643281593057 | 2701517154896 | 2718260542844 | 2727141729358 | 2631343975256 |
| CPU_CLK_UNHALTED_CORE |  FIXC1  | 1378283567531 | 1382515718164 | 1382630102009 | 1382527504067 | 1382666436072 | 1382692082230 | 1382646976915 | 1382427937405 | 1382503946746 | 1382780068441 | 1382069314736 | 1382772907538 | 1379781100464 | 1382637295619 | 1382483199309 | 1382857918056 | 1382779079641 | 1382813890535 |
|  CPU_CLK_UNHALTED_REF |  FIXC2  | 2362787104512 | 2370042582816 | 2370239553216 | 2370062911488 | 2370297377088 | 2370340391808 | 2370264892032 | 2369886876288 | 2370020935680 | 2370490284000 | 2369271232896 | 2370480575712 | 2365354192032 | 2370251156064 | 2369981263296 | 2370627387744 | 2370493585728 | 2370553256928 |
|     TOPDOWN_SLOTS     |  FIXC3  | 6891417837655 | 6912578590820 | 6913150510045 | 6912637520335 | 6913332180360 | 6913460411150 | 6913234884575 | 6912139687025 | 6912519733730 | 6913900342205 | 6910346573680 | 6913864537690 | 6898905502320 | 6913186478095 | 6912415996545 | 6914289590280 | 6913895398205 | 6914069452675 |
|       TEMP_CORE       |   TMP0  |            34 |            36 |            36 |            36 |            36 |            35 |            36 |            37 |            36 |            31 |            33 |            34 |            35 |            33 |            34 |            34 |            33 |            34 |
|     PWR_PKG_ENERGY    |   PWR0  |   101820.0501 |             0 |             0 |             0 |             0 |             0 |             0 |             0 |             0 |             0 |             0 |             0 |             0 |             0 |             0 |             0 |             0 |             0 |
|     PWR_PP0_ENERGY    |   PWR1  |             0 |             0 |             0 |             0 |             0 |             0 |             0 |             0 |             0 |             0 |             0 |             0 |             0 |             0 |             0 |             0 |             0 |             0 |
|    PWR_DRAM_ENERGY    |   PWR3  |     7104.9330 |             0 |             0 |             0 |             0 |             0 |             0 |             0 |             0 |             0 |             0 |             0 |             0 |             0 |             0 |             0 |             0 |             0 |
|  PWR_PLATFORM_ENERGY  |   PWR4  |             0 |             0 |             0 |             0 |             0 |             0 |             0 |             0 |             0 |             0 |             0 |             0 |             0 |             0 |             0 |             0 |             0 |             0 |
|   UNCORE_CLOCKTICKS   | UBOXFIX | 1553349540451 |             0 |             0 |             0 |             0 |             0 |             0 |             0 |             0 |             0 |             0 |             0 |             0 |             0 |             0 |             0 |             0 |             0 |
+-----------------------+---------+---------------+---------------+---------------+---------------+---------------+---------------+---------------+---------------+---------------+---------------+---------------+---------------+---------------+---------------+---------------+---------------+---------------+---------------+

+----------------------------+---------+-----------------+---------------+---------------+---------------+
|            Event           | Counter |       Sum       |      Min      |      Max      |      Avg      |
+----------------------------+---------+-----------------+---------------+---------------+---------------+
|   INSTR_RETIRED_ANY STAT   |  FIXC0  |  48337051938501 | 2554326866164 | 2845957610162 |  2.685392e+12 |
| CPU_CLK_UNHALTED_CORE STAT |  FIXC1  |  24879869045478 | 1378283567531 | 1382857918056 | 1382214946971 |
|  CPU_CLK_UNHALTED_REF STAT |  FIXC2  |  42651445559328 | 2362787104512 | 2370627387744 | 2369524753296 |
|     TOPDOWN_SLOTS STAT     |  FIXC3  | 124399345227390 | 6891417837655 | 6914289590280 | 6911074734855 |
|       TEMP_CORE STAT       |   TMP0  |             623 |            31 |            37 |       34.6111 |
|     PWR_PKG_ENERGY STAT    |   PWR0  |     101820.0501 |             0 |   101820.0501 |     5656.6694 |
|     PWR_PP0_ENERGY STAT    |   PWR1  |               0 |             0 |             0 |             0 |
|    PWR_DRAM_ENERGY STAT    |   PWR3  |       7104.9330 |             0 |     7104.9330 |      394.7185 |
|  PWR_PLATFORM_ENERGY STAT  |   PWR4  |               0 |             0 |             0 |             0 |
|   UNCORE_CLOCKTICKS STAT   | UBOXFIX |   1553349540451 |             0 | 1553349540451 |  8.629720e+10 |
+----------------------------+---------+-----------------+---------------+---------------+---------------+

+----------------------+-------------+-----------+-----------+-----------+-----------+-----------+-----------+-----------+-----------+-----------+-------------+-------------+-------------+-------------+-------------+-------------+-------------+-------------+
|        Metric        |  f0404:0:0  | f0404:1:1 | f0404:2:2 | f0404:3:3 | f0404:4:4 | f0404:5:5 | f0404:6:6 | f0404:7:7 | f0404:8:8 | f0404:9:9 | f0404:10:10 | f0404:11:11 | f0404:12:12 | f0404:13:13 | f0404:14:14 | f0404:15:15 | f0404:16:16 | f0404:17:17 |
+----------------------+-------------+-----------+-----------+-----------+-----------+-----------+-----------+-----------+-----------+-----------+-------------+-------------+-------------+-------------+-------------+-------------+-------------+-------------+
|  Runtime (RDTSC) [s] |    994.4684 |  994.4578 |  994.4659 |  994.4459 |  994.4556 |  994.4359 |  994.4459 |  994.4487 |  994.4598 |  994.4415 |    994.4494 |    994.5305 |    994.4589 |    994.4487 |    994.4301 |    994.4743 |    994.4616 |    994.4576 |
| Runtime unhalted [s] |    575.6580 |  577.4108 |  577.4721 |  577.4160 |  577.4740 |  577.4874 |  577.4655 |  577.3745 |  577.4153 |  577.5203 |    577.2244 |    577.5682 |    576.2690 |    577.4619 |    577.3977 |    577.5619 |    577.5218 |    577.5370 |
|      Clock [MHz]     |   1396.6513 | 1396.6871 | 1396.6538 | 1396.6863 | 1396.6885 | 1396.6826 | 1396.6889 | 1396.6893 | 1396.6652 | 1396.6925 |   1396.6905 |   1396.5678 |   1396.6864 |   1396.6863 |   1396.6891 |   1396.6682 |   1396.6849 |   1396.6833 |
|  Uncore Clock [MHz]  |   1561.9898 |         0 |         0 |         0 |         0 |         0 |         0 |         0 |         0 |         0 |           0 |           0 |           0 |           0 |           0 |           0 |           0 |           0 |
|          CPI         |      0.4843 |    0.4865 |    0.4894 |    0.5025 |    0.5144 |    0.5186 |    0.5214 |    0.5227 |    0.5205 |    0.5211 |      0.5411 |      0.5406 |      0.5349 |      0.5231 |      0.5117 |      0.5087 |      0.5070 |      0.5255 |
|    Temperature [C]   |          34 |        36 |        36 |        36 |        36 |        35 |        36 |        37 |        36 |        31 |          33 |          34 |          35 |          33 |          34 |          34 |          33 |          34 |
|      Energy [J]      | 101820.0501 |         0 |         0 |         0 |         0 |         0 |         0 |         0 |         0 |         0 |           0 |           0 |           0 |           0 |           0 |           0 |           0 |           0 |
|       Power [W]      |    102.3864 |         0 |         0 |         0 |         0 |         0 |         0 |         0 |         0 |         0 |           0 |           0 |           0 |           0 |           0 |           0 |           0 |           0 |
|    Energy PP0 [J]    |           0 |         0 |         0 |         0 |         0 |         0 |         0 |         0 |         0 |         0 |           0 |           0 |           0 |           0 |           0 |           0 |           0 |           0 |
|     Power PP0 [W]    |           0 |         0 |         0 |         0 |         0 |         0 |         0 |         0 |         0 |         0 |           0 |           0 |           0 |           0 |           0 |           0 |           0 |           0 |
|    Energy DRAM [J]   |   7104.9330 |         0 |         0 |         0 |         0 |         0 |         0 |         0 |         0 |         0 |           0 |           0 |           0 |           0 |           0 |           0 |           0 |           0 |
|    Power DRAM [W]    |      7.1445 |         0 |         0 |         0 |         0 |         0 |         0 |         0 |         0 |         0 |           0 |           0 |           0 |           0 |           0 |           0 |           0 |           0 |
|  Energy PLATFORM [J] |           0 |         0 |         0 |         0 |         0 |         0 |         0 |         0 |         0 |         0 |           0 |           0 |           0 |           0 |           0 |           0 |           0 |           0 |
|  Power PLATFORM [W]  |           0 |         0 |         0 |         0 |         0 |         0 |         0 |         0 |         0 |         0 |           0 |           0 |           0 |           0 |           0 |           0 |           0 |           0 |
+----------------------+-------------+-----------+-----------+-----------+-----------+-----------+-----------+-----------+-----------+-----------+-------------+-------------+-------------+-------------+-------------+-------------+-------------+-------------+

+---------------------------+-------------+-----------+-------------+-----------+-----------+-----------+-----------+
|           Metric          |     Sum     |    Min    |     Max     |    Avg    |  %ile 25  |  %ile 50  |  %ile 75  |
+---------------------------+-------------+-----------+-------------+-----------+-----------+-----------+-----------+
|  Runtime (RDTSC) [s] STAT |  17900.2365 |  994.4301 |    994.5305 |  994.4576 |  994.4459 |  994.4556 |  994.4616 |
| Runtime unhalted [s] STAT |  10391.2358 |  575.6580 |    577.5682 |  577.2909 |  577.3977 |  577.4619 |  577.5203 |
|      Clock [MHz] STAT     |  25140.1420 | 1396.5678 |   1396.6925 | 1396.6746 | 1396.6682 | 1396.6863 | 1396.6889 |
|  Uncore Clock [MHz] STAT  |   1561.9898 |         0 |   1561.9898 |   86.7772 |         0 |         0 |         0 |
|          CPI STAT         |      9.2740 |    0.4843 |      0.5411 |    0.5152 |    0.5070 |    0.5186 |    0.5231 |
|    Temperature [C] STAT   |         623 |        31 |          37 |   34.6111 |        34 |        34 |        36 |
|      Energy [J] STAT      | 101820.0501 |         0 | 101820.0501 | 5656.6694 |         0 |         0 |         0 |
|       Power [W] STAT      |    102.3864 |         0 |    102.3864 |    5.6881 |         0 |         0 |         0 |
|    Energy PP0 [J] STAT    |           0 |         0 |           0 |         0 |         0 |         0 |         0 |
|     Power PP0 [W] STAT    |           0 |         0 |           0 |         0 |         0 |         0 |         0 |
|    Energy DRAM [J] STAT   |   7104.9330 |         0 |   7104.9330 |  394.7185 |         0 |         0 |         0 |
|    Power DRAM [W] STAT    |      7.1445 |         0 |      7.1445 |    0.3969 |         0 |         0 |         0 |
|  Energy PLATFORM [J] STAT |           0 |         0 |           0 |         0 |         0 |         0 |         0 |
|  Power PLATFORM [W] STAT  |           0 |         0 |           0 |         0 |         0 |         0 |         0 |
+---------------------------+-------------+-----------+-------------+-----------+-----------+-----------+-----------+

