### This is /home/hpc/unrz/unrz104h/Projects/CPU-GPU-Energy-Study/FIRESTARTER-scripts/benchX-powercap.sh
#!/bin/bash

set -eu

if [ $# -ne 5 ]; then
    echo "Usage: ${0} [result-dir] [freq-start] [freq-end] [freq-reset] [freq-step]"
    exit 1
fi

# The reason POWERCAP_RESET differs from POWERCAP_END is because of H100 & H200.
# On our cluster they don't run on the default power limit of 700W, but 500W instead.
# So allow the caller to reset the powerlimit to a custom one after benching.
POWERCAP_START="${2}"
POWERCAP_END="${3}"
POWERCAP_RESET="${4}"
POWERCAP_STEP="${5}"

function reset_powercap() {
    echo "Resetting clocks..."
    sudo nvidia-smi --power-limit="${POWERCAP_RESET}"
    echo "Done!"
}

trap 'reset_powercap' 15

RESULT_DIR="$(readlink -f "${1}")"
rm -fr "${RESULT_DIR}"
mkdir -p "${RESULT_DIR}"

LOG_FILE="${RESULT_DIR}/firestarter-bench-`date +%Y%m%d`-`hostname -s`.$$.log"
echo "Saving bench log also to log file ..."
echo "Please be patient ..."
exec > >( tee "${LOG_FILE}" ) 2>&1

# save script for reference :)
echo "### This is ${0}"
cat "${0}"

echo "Start: `date`  / `date +%s`"

echo "########################################"

BINARY=/home/hpc/unrz/unrz104h/Projects/FIRESTARTER/sources/build/src/FIRESTARTER_CUDA

#cat /proc/cpuinfo

module load cuda/12.9.0

export CUDA_VISIBLE_DEVICES=0
nvidia-smi -i ${CUDA_VISIBLE_DEVICES}

for ((POWERCAP=POWERCAP_START; POWERCAP<=POWERCAP_END; POWERCAP+=POWERCAP_STEP)); do
    if (( POWERCAP > POWERCAP_END )); then
        POWERCAP=${POWERCAP_END}
    fi

    echo "SETTING GPU POWERCAP TO GRAPHICS=${POWERCAP}"
    sudo /usr/bin/nvidia-smi --power-limit="${POWERCAP}"

    SUB_RESULT_DIR="${RESULT_DIR}/${POWERCAP}"
    mkdir -p "${SUB_RESULT_DIR}"

    NVLOG_FILE="${SUB_RESULT_DIR}/${POWERCAP}_powerlog.csv"
    FSLOG_FILE="${SUB_RESULT_DIR}/${POWERCAP}_pid-$$.fsout"

    echo "Nvidia Log: ${NVLOG_FILE}"
    echo "FIRESTARTER Log: ${FSLOG_FILE}"

    nvidia-smi -i "${CUDA_VISIBLE_DEVICES}" --loop-ms=100 --query-gpu=timestamp,power.draw,utilization.gpu --format=csv > "${NVLOG_FILE}" & POWER_PID=$!
    "${BINARY}" --report -n 1 -l 1 -t 60 --period 1000000 > "${FSLOG_FILE}"
    kill "${POWER_PID}"

    echo "End: `date`  / `date +%s`"
done

reset_powercap
Start: Thu May  7 15:53:36 CEST 2026  / 1778162016
########################################
Thu May  7 15:53:36 2026       
+-----------------------------------------------------------------------------------------+
| NVIDIA-SMI 595.71.05              Driver Version: 595.71.05      CUDA Version: 13.2     |
+-----------------------------------------+------------------------+----------------------+
| GPU  Name                 Persistence-M | Bus-Id          Disp.A | Volatile Uncorr. ECC |
| Fan  Temp   Perf          Pwr:Usage/Cap |           Memory-Usage | GPU-Util  Compute M. |
|                                         |                        |               MIG M. |
|=========================================+========================+======================|
|   0  NVIDIA A40                     On  |   00000000:E1:00.0 Off |                  Off |
|  0%   37C    P0             40W /  300W |       0MiB /  49140MiB |      0%      Default |
|                                         |                        |                  N/A |
+-----------------------------------------+------------------------+----------------------+

+-----------------------------------------------------------------------------------------+
| Processes:                                                                              |
|  GPU   GI   CI              PID   Type   Process name                        GPU Memory |
|        ID   ID                                                               Usage      |
|=========================================================================================|
|  No running processes found                                                             |
+-----------------------------------------------------------------------------------------+
SETTING GPU POWERCAP TO GRAPHICS=100
Power limit for GPU 00000000:E1:00.0 was set to 100.00 W from 300.00 W.
All done.
Nvidia Log: /home/hpc/unrz/unrz104h/Projects/CPU-GPU-Energy-Study/FIRESTARTER-A40-powercap/100/100_powerlog.csv
FIRESTARTER Log: /home/hpc/unrz/unrz104h/Projects/CPU-GPU-Energy-Study/FIRESTARTER-A40-powercap/100/100_pid-1108537.fsout
Warning: AMD Family 25, Model 1, Stepping 1 is not supported by this version of FIRESTARTER!
Check project website for updates.
Warning: Using function FUNC_HSW_COREI_FMA_1T as fallback.
You can use the parameter --function to try other functions.
End: Thu May  7 15:56:24 CEST 2026  / 1778162184
SETTING GPU POWERCAP TO GRAPHICS=110
Power limit for GPU 00000000:E1:00.0 was set to 110.00 W from 100.00 W.
All done.
Nvidia Log: /home/hpc/unrz/unrz104h/Projects/CPU-GPU-Energy-Study/FIRESTARTER-A40-powercap/110/110_powerlog.csv
FIRESTARTER Log: /home/hpc/unrz/unrz104h/Projects/CPU-GPU-Energy-Study/FIRESTARTER-A40-powercap/110/110_pid-1108537.fsout
Warning: AMD Family 25, Model 1, Stepping 1 is not supported by this version of FIRESTARTER!
Check project website for updates.
Warning: Using function FUNC_HSW_COREI_FMA_1T as fallback.
You can use the parameter --function to try other functions.
End: Thu May  7 15:59:08 CEST 2026  / 1778162348
SETTING GPU POWERCAP TO GRAPHICS=120
Power limit for GPU 00000000:E1:00.0 was set to 120.00 W from 110.00 W.
All done.
Nvidia Log: /home/hpc/unrz/unrz104h/Projects/CPU-GPU-Energy-Study/FIRESTARTER-A40-powercap/120/120_powerlog.csv
FIRESTARTER Log: /home/hpc/unrz/unrz104h/Projects/CPU-GPU-Energy-Study/FIRESTARTER-A40-powercap/120/120_pid-1108537.fsout
Warning: AMD Family 25, Model 1, Stepping 1 is not supported by this version of FIRESTARTER!
Check project website for updates.
Warning: Using function FUNC_HSW_COREI_FMA_1T as fallback.
You can use the parameter --function to try other functions.
End: Thu May  7 16:01:17 CEST 2026  / 1778162477
SETTING GPU POWERCAP TO GRAPHICS=130
Power limit for GPU 00000000:E1:00.0 was set to 130.00 W from 120.00 W.
All done.
Nvidia Log: /home/hpc/unrz/unrz104h/Projects/CPU-GPU-Energy-Study/FIRESTARTER-A40-powercap/130/130_powerlog.csv
FIRESTARTER Log: /home/hpc/unrz/unrz104h/Projects/CPU-GPU-Energy-Study/FIRESTARTER-A40-powercap/130/130_pid-1108537.fsout
Warning: AMD Family 25, Model 1, Stepping 1 is not supported by this version of FIRESTARTER!
Check project website for updates.
Warning: Using function FUNC_HSW_COREI_FMA_1T as fallback.
You can use the parameter --function to try other functions.
End: Thu May  7 16:03:00 CEST 2026  / 1778162580
SETTING GPU POWERCAP TO GRAPHICS=140
Power limit for GPU 00000000:E1:00.0 was set to 140.00 W from 130.00 W.
All done.
Nvidia Log: /home/hpc/unrz/unrz104h/Projects/CPU-GPU-Energy-Study/FIRESTARTER-A40-powercap/140/140_powerlog.csv
FIRESTARTER Log: /home/hpc/unrz/unrz104h/Projects/CPU-GPU-Energy-Study/FIRESTARTER-A40-powercap/140/140_pid-1108537.fsout
Warning: AMD Family 25, Model 1, Stepping 1 is not supported by this version of FIRESTARTER!
Check project website for updates.
Warning: Using function FUNC_HSW_COREI_FMA_1T as fallback.
You can use the parameter --function to try other functions.
End: Thu May  7 16:04:21 CEST 2026  / 1778162661
SETTING GPU POWERCAP TO GRAPHICS=150
Power limit for GPU 00000000:E1:00.0 was set to 150.00 W from 140.00 W.
All done.
Nvidia Log: /home/hpc/unrz/unrz104h/Projects/CPU-GPU-Energy-Study/FIRESTARTER-A40-powercap/150/150_powerlog.csv
FIRESTARTER Log: /home/hpc/unrz/unrz104h/Projects/CPU-GPU-Energy-Study/FIRESTARTER-A40-powercap/150/150_pid-1108537.fsout
Warning: AMD Family 25, Model 1, Stepping 1 is not supported by this version of FIRESTARTER!
Check project website for updates.
Warning: Using function FUNC_HSW_COREI_FMA_1T as fallback.
You can use the parameter --function to try other functions.
End: Thu May  7 16:05:33 CEST 2026  / 1778162733
SETTING GPU POWERCAP TO GRAPHICS=160
Power limit for GPU 00000000:E1:00.0 was set to 160.00 W from 150.00 W.
All done.
Nvidia Log: /home/hpc/unrz/unrz104h/Projects/CPU-GPU-Energy-Study/FIRESTARTER-A40-powercap/160/160_powerlog.csv
FIRESTARTER Log: /home/hpc/unrz/unrz104h/Projects/CPU-GPU-Energy-Study/FIRESTARTER-A40-powercap/160/160_pid-1108537.fsout
Warning: AMD Family 25, Model 1, Stepping 1 is not supported by this version of FIRESTARTER!
Check project website for updates.
Warning: Using function FUNC_HSW_COREI_FMA_1T as fallback.
You can use the parameter --function to try other functions.
End: Thu May  7 16:07:34 CEST 2026  / 1778162854
SETTING GPU POWERCAP TO GRAPHICS=170
Power limit for GPU 00000000:E1:00.0 was set to 170.00 W from 160.00 W.
All done.
Nvidia Log: /home/hpc/unrz/unrz104h/Projects/CPU-GPU-Energy-Study/FIRESTARTER-A40-powercap/170/170_powerlog.csv
FIRESTARTER Log: /home/hpc/unrz/unrz104h/Projects/CPU-GPU-Energy-Study/FIRESTARTER-A40-powercap/170/170_pid-1108537.fsout
Warning: AMD Family 25, Model 1, Stepping 1 is not supported by this version of FIRESTARTER!
Check project website for updates.
Warning: Using function FUNC_HSW_COREI_FMA_1T as fallback.
You can use the parameter --function to try other functions.
End: Thu May  7 16:09:22 CEST 2026  / 1778162962
SETTING GPU POWERCAP TO GRAPHICS=180
Power limit for GPU 00000000:E1:00.0 was set to 180.00 W from 170.00 W.
All done.
Nvidia Log: /home/hpc/unrz/unrz104h/Projects/CPU-GPU-Energy-Study/FIRESTARTER-A40-powercap/180/180_powerlog.csv
FIRESTARTER Log: /home/hpc/unrz/unrz104h/Projects/CPU-GPU-Energy-Study/FIRESTARTER-A40-powercap/180/180_pid-1108537.fsout
Warning: AMD Family 25, Model 1, Stepping 1 is not supported by this version of FIRESTARTER!
Check project website for updates.
Warning: Using function FUNC_HSW_COREI_FMA_1T as fallback.
You can use the parameter --function to try other functions.
End: Thu May  7 16:11:01 CEST 2026  / 1778163061
SETTING GPU POWERCAP TO GRAPHICS=190
Power limit for GPU 00000000:E1:00.0 was set to 190.00 W from 180.00 W.
All done.
Nvidia Log: /home/hpc/unrz/unrz104h/Projects/CPU-GPU-Energy-Study/FIRESTARTER-A40-powercap/190/190_powerlog.csv
FIRESTARTER Log: /home/hpc/unrz/unrz104h/Projects/CPU-GPU-Energy-Study/FIRESTARTER-A40-powercap/190/190_pid-1108537.fsout
Warning: AMD Family 25, Model 1, Stepping 1 is not supported by this version of FIRESTARTER!
Check project website for updates.
Warning: Using function FUNC_HSW_COREI_FMA_1T as fallback.
You can use the parameter --function to try other functions.
End: Thu May  7 16:12:30 CEST 2026  / 1778163150
SETTING GPU POWERCAP TO GRAPHICS=200
Power limit for GPU 00000000:E1:00.0 was set to 200.00 W from 190.00 W.
All done.
Nvidia Log: /home/hpc/unrz/unrz104h/Projects/CPU-GPU-Energy-Study/FIRESTARTER-A40-powercap/200/200_powerlog.csv
FIRESTARTER Log: /home/hpc/unrz/unrz104h/Projects/CPU-GPU-Energy-Study/FIRESTARTER-A40-powercap/200/200_pid-1108537.fsout
Warning: AMD Family 25, Model 1, Stepping 1 is not supported by this version of FIRESTARTER!
Check project website for updates.
Warning: Using function FUNC_HSW_COREI_FMA_1T as fallback.
You can use the parameter --function to try other functions.
End: Thu May  7 16:13:53 CEST 2026  / 1778163233
SETTING GPU POWERCAP TO GRAPHICS=210
Power limit for GPU 00000000:E1:00.0 was set to 210.00 W from 200.00 W.
All done.
Nvidia Log: /home/hpc/unrz/unrz104h/Projects/CPU-GPU-Energy-Study/FIRESTARTER-A40-powercap/210/210_powerlog.csv
FIRESTARTER Log: /home/hpc/unrz/unrz104h/Projects/CPU-GPU-Energy-Study/FIRESTARTER-A40-powercap/210/210_pid-1108537.fsout
Warning: AMD Family 25, Model 1, Stepping 1 is not supported by this version of FIRESTARTER!
Check project website for updates.
Warning: Using function FUNC_HSW_COREI_FMA_1T as fallback.
You can use the parameter --function to try other functions.
End: Thu May  7 16:15:10 CEST 2026  / 1778163310
SETTING GPU POWERCAP TO GRAPHICS=220
Power limit for GPU 00000000:E1:00.0 was set to 220.00 W from 210.00 W.
All done.
Nvidia Log: /home/hpc/unrz/unrz104h/Projects/CPU-GPU-Energy-Study/FIRESTARTER-A40-powercap/220/220_powerlog.csv
FIRESTARTER Log: /home/hpc/unrz/unrz104h/Projects/CPU-GPU-Energy-Study/FIRESTARTER-A40-powercap/220/220_pid-1108537.fsout
Warning: AMD Family 25, Model 1, Stepping 1 is not supported by this version of FIRESTARTER!
Check project website for updates.
Warning: Using function FUNC_HSW_COREI_FMA_1T as fallback.
You can use the parameter --function to try other functions.
End: Thu May  7 16:16:22 CEST 2026  / 1778163382
SETTING GPU POWERCAP TO GRAPHICS=230
Power limit for GPU 00000000:E1:00.0 was set to 230.00 W from 220.00 W.
All done.
Nvidia Log: /home/hpc/unrz/unrz104h/Projects/CPU-GPU-Energy-Study/FIRESTARTER-A40-powercap/230/230_powerlog.csv
FIRESTARTER Log: /home/hpc/unrz/unrz104h/Projects/CPU-GPU-Energy-Study/FIRESTARTER-A40-powercap/230/230_pid-1108537.fsout
Warning: AMD Family 25, Model 1, Stepping 1 is not supported by this version of FIRESTARTER!
Check project website for updates.
Warning: Using function FUNC_HSW_COREI_FMA_1T as fallback.
You can use the parameter --function to try other functions.
End: Thu May  7 16:17:28 CEST 2026  / 1778163448
SETTING GPU POWERCAP TO GRAPHICS=240
Power limit for GPU 00000000:E1:00.0 was set to 240.00 W from 230.00 W.
All done.
Nvidia Log: /home/hpc/unrz/unrz104h/Projects/CPU-GPU-Energy-Study/FIRESTARTER-A40-powercap/240/240_powerlog.csv
FIRESTARTER Log: /home/hpc/unrz/unrz104h/Projects/CPU-GPU-Energy-Study/FIRESTARTER-A40-powercap/240/240_pid-1108537.fsout
Warning: AMD Family 25, Model 1, Stepping 1 is not supported by this version of FIRESTARTER!
Check project website for updates.
Warning: Using function FUNC_HSW_COREI_FMA_1T as fallback.
You can use the parameter --function to try other functions.
End: Thu May  7 16:19:00 CEST 2026  / 1778163540
SETTING GPU POWERCAP TO GRAPHICS=250
Power limit for GPU 00000000:E1:00.0 was set to 250.00 W from 240.00 W.
All done.
Nvidia Log: /home/hpc/unrz/unrz104h/Projects/CPU-GPU-Energy-Study/FIRESTARTER-A40-powercap/250/250_powerlog.csv
FIRESTARTER Log: /home/hpc/unrz/unrz104h/Projects/CPU-GPU-Energy-Study/FIRESTARTER-A40-powercap/250/250_pid-1108537.fsout
Warning: AMD Family 25, Model 1, Stepping 1 is not supported by this version of FIRESTARTER!
Check project website for updates.
Warning: Using function FUNC_HSW_COREI_FMA_1T as fallback.
You can use the parameter --function to try other functions.
End: Thu May  7 16:20:26 CEST 2026  / 1778163626
SETTING GPU POWERCAP TO GRAPHICS=260
Power limit for GPU 00000000:E1:00.0 was set to 260.00 W from 250.00 W.
All done.
Nvidia Log: /home/hpc/unrz/unrz104h/Projects/CPU-GPU-Energy-Study/FIRESTARTER-A40-powercap/260/260_powerlog.csv
FIRESTARTER Log: /home/hpc/unrz/unrz104h/Projects/CPU-GPU-Energy-Study/FIRESTARTER-A40-powercap/260/260_pid-1108537.fsout
Warning: AMD Family 25, Model 1, Stepping 1 is not supported by this version of FIRESTARTER!
Check project website for updates.
Warning: Using function FUNC_HSW_COREI_FMA_1T as fallback.
You can use the parameter --function to try other functions.
End: Thu May  7 16:21:50 CEST 2026  / 1778163710
SETTING GPU POWERCAP TO GRAPHICS=270
Power limit for GPU 00000000:E1:00.0 was set to 270.00 W from 260.00 W.
All done.
Nvidia Log: /home/hpc/unrz/unrz104h/Projects/CPU-GPU-Energy-Study/FIRESTARTER-A40-powercap/270/270_powerlog.csv
FIRESTARTER Log: /home/hpc/unrz/unrz104h/Projects/CPU-GPU-Energy-Study/FIRESTARTER-A40-powercap/270/270_pid-1108537.fsout
Warning: AMD Family 25, Model 1, Stepping 1 is not supported by this version of FIRESTARTER!
Check project website for updates.
Warning: Using function FUNC_HSW_COREI_FMA_1T as fallback.
You can use the parameter --function to try other functions.
End: Thu May  7 16:23:13 CEST 2026  / 1778163793
SETTING GPU POWERCAP TO GRAPHICS=280
Power limit for GPU 00000000:E1:00.0 was set to 280.00 W from 270.00 W.
All done.
Nvidia Log: /home/hpc/unrz/unrz104h/Projects/CPU-GPU-Energy-Study/FIRESTARTER-A40-powercap/280/280_powerlog.csv
FIRESTARTER Log: /home/hpc/unrz/unrz104h/Projects/CPU-GPU-Energy-Study/FIRESTARTER-A40-powercap/280/280_pid-1108537.fsout
Warning: AMD Family 25, Model 1, Stepping 1 is not supported by this version of FIRESTARTER!
Check project website for updates.
Warning: Using function FUNC_HSW_COREI_FMA_1T as fallback.
You can use the parameter --function to try other functions.
End: Thu May  7 16:24:34 CEST 2026  / 1778163874
SETTING GPU POWERCAP TO GRAPHICS=290
Power limit for GPU 00000000:E1:00.0 was set to 290.00 W from 280.00 W.
All done.
Nvidia Log: /home/hpc/unrz/unrz104h/Projects/CPU-GPU-Energy-Study/FIRESTARTER-A40-powercap/290/290_powerlog.csv
FIRESTARTER Log: /home/hpc/unrz/unrz104h/Projects/CPU-GPU-Energy-Study/FIRESTARTER-A40-powercap/290/290_pid-1108537.fsout
Warning: AMD Family 25, Model 1, Stepping 1 is not supported by this version of FIRESTARTER!
Check project website for updates.
Warning: Using function FUNC_HSW_COREI_FMA_1T as fallback.
You can use the parameter --function to try other functions.
End: Thu May  7 16:25:54 CEST 2026  / 1778163954
SETTING GPU POWERCAP TO GRAPHICS=300
Power limit for GPU 00000000:E1:00.0 was set to 300.00 W from 290.00 W.
All done.
Nvidia Log: /home/hpc/unrz/unrz104h/Projects/CPU-GPU-Energy-Study/FIRESTARTER-A40-powercap/300/300_powerlog.csv
FIRESTARTER Log: /home/hpc/unrz/unrz104h/Projects/CPU-GPU-Energy-Study/FIRESTARTER-A40-powercap/300/300_pid-1108537.fsout
Warning: AMD Family 25, Model 1, Stepping 1 is not supported by this version of FIRESTARTER!
Check project website for updates.
Warning: Using function FUNC_HSW_COREI_FMA_1T as fallback.
You can use the parameter --function to try other functions.
End: Thu May  7 16:27:12 CEST 2026  / 1778164032
Resetting clocks...
Power limit for GPU 00000000:E1:00.0 was set to 300.00 W from 300.00 W.
All done.
Done!
