Group: 1
+-----------------------+---------+---------------+---------------+---------------+---------------+---------------+---------------+---------------+---------------+---------------+---------------+---------------+---------------+---------------+---------------+---------------+---------------+---------------+---------------+
|         Event         | Counter |   f0404:0:0   |   f0404:1:1   |   f0404:2:2   |   f0404:3:3   |   f0404:4:4   |   f0404:5:5   |   f0404:6:6   |   f0404:7:7   |   f0404:8:8   |   f0404:9:9   |  f0404:10:10  |  f0404:11:11  |  f0404:12:12  |  f0404:13:13  |  f0404:14:14  |  f0404:15:15  |  f0404:16:16  |  f0404:17:17  |
+-----------------------+---------+---------------+---------------+---------------+---------------+---------------+---------------+---------------+---------------+---------------+---------------+---------------+---------------+---------------+---------------+---------------+---------------+---------------+---------------+
|   INSTR_RETIRED_ANY   |  FIXC0  | 2844660083508 | 2846594047187 | 2826750003870 | 2749578934069 | 2687681867346 | 2665084134202 | 2654984780422 | 2645454035343 | 2657597334692 | 2653651420801 | 2554131270011 | 2557169863387 | 2582782696200 | 2647254302945 | 2701325740718 | 2714492355008 | 2730148280237 | 2638061725970 |
| CPU_CLK_UNHALTED_CORE |  FIXC1  | 1360515142968 | 1367294528741 | 1367256147284 | 1367343879944 | 1367388417268 | 1367461819548 | 1367299024969 | 1367145873039 | 1367334311664 | 1367352094115 | 1367286571411 | 1367496548222 | 1364286194979 | 1367239828131 | 1366786811926 | 1367264398548 | 1367317970087 | 1367248845738 |
|  CPU_CLK_UNHALTED_REF |  FIXC2  | 2721024150048 | 2734583754624 | 2734507442688 | 2734685211072 | 2734769514912 | 2734917299520 | 2734591997952 | 2734283799456 | 2734662295296 | 2734696926432 | 2734567461024 | 2734987378368 | 2728565069856 | 2734476677664 | 2733567035328 | 2734523507232 | 2734627652256 | 2734490241984 |
|     TOPDOWN_SLOTS     |  FIXC3  | 6802575714840 | 6836472643705 | 6836280736420 | 6836719399720 | 6836942086340 | 6837309097740 | 6836495124845 | 6835729365195 | 6836671558320 | 6836760470575 | 6836432857055 | 6837482741110 | 6821430974895 | 6836199140655 | 6833934059630 | 6836321992740 | 6836589850435 | 6836244228690 |
|       TEMP_CORE       |   TMP0  |            32 |            35 |            36 |            34 |            34 |            34 |            36 |            35 |            35 |            30 |            33 |            34 |            33 |            31 |            33 |            34 |            33 |            33 |
|     PWR_PKG_ENERGY    |   PWR0  |   108846.1171 |             0 |             0 |             0 |             0 |             0 |             0 |             0 |             0 |             0 |             0 |             0 |             0 |             0 |             0 |             0 |             0 |             0 |
|     PWR_PP0_ENERGY    |   PWR1  |             0 |             0 |             0 |             0 |             0 |             0 |             0 |             0 |             0 |             0 |             0 |             0 |             0 |             0 |             0 |             0 |             0 |             0 |
|    PWR_DRAM_ENERGY    |   PWR3  |     7826.5390 |             0 |             0 |             0 |             0 |             0 |             0 |             0 |             0 |             0 |             0 |             0 |             0 |             0 |             0 |             0 |             0 |             0 |
|  PWR_PLATFORM_ENERGY  |   PWR4  |             0 |             0 |             0 |             0 |             0 |             0 |             0 |             0 |             0 |             0 |             0 |             0 |             0 |             0 |             0 |             0 |             0 |             0 |
|   UNCORE_CLOCKTICKS   | UBOXFIX | 1766033670667 |             0 |             0 |             0 |             0 |             0 |             0 |             0 |             0 |             0 |             0 |             0 |             0 |             0 |             0 |             0 |             0 |             0 |
+-----------------------+---------+---------------+---------------+---------------+---------------+---------------+---------------+---------------+---------------+---------------+---------------+---------------+---------------+---------------+---------------+---------------+---------------+---------------+---------------+

+----------------------------+---------+-----------------+---------------+---------------+--------------+
|            Event           | Counter |       Sum       |      Min      |      Max      |      Avg     |
+----------------------------+---------+-----------------+---------------+---------------+--------------+
|   INSTR_RETIRED_ANY STAT   |  FIXC0  |  48357402875916 | 2554131270011 | 2846594047187 | 2.686522e+12 |
| CPU_CLK_UNHALTED_CORE STAT |  FIXC1  |  24601318408582 | 1360515142968 | 1367496548222 | 1.366740e+12 |
|  CPU_CLK_UNHALTED_REF STAT |  FIXC2  |  49202527415712 | 2721024150048 | 2734987378368 | 2.733474e+12 |
|     TOPDOWN_SLOTS STAT     |  FIXC3  | 123006592042910 | 6802575714840 | 6837482741110 | 6.833700e+12 |
|       TEMP_CORE STAT       |   TMP0  |             605 |            30 |            36 |      33.6111 |
|     PWR_PKG_ENERGY STAT    |   PWR0  |     108846.1171 |             0 |   108846.1171 |    6047.0065 |
|     PWR_PP0_ENERGY STAT    |   PWR1  |               0 |             0 |             0 |            0 |
|    PWR_DRAM_ENERGY STAT    |   PWR3  |       7826.5390 |             0 |     7826.5390 |     434.8077 |
|  PWR_PLATFORM_ENERGY STAT  |   PWR4  |               0 |             0 |             0 |            0 |
|   UNCORE_CLOCKTICKS STAT   | UBOXFIX |   1766033670667 |             0 | 1766033670667 | 9.811298e+10 |
+----------------------------+---------+-----------------+---------------+---------------+--------------+

+----------------------+-------------+-----------+-----------+-----------+-----------+-----------+-----------+-----------+-----------+-----------+-------------+-------------+-------------+-------------+-------------+-------------+-------------+-------------+
|        Metric        |  f0404:0:0  | f0404:1:1 | f0404:2:2 | f0404:3:3 | f0404:4:4 | f0404:5:5 | f0404:6:6 | f0404:7:7 | f0404:8:8 | f0404:9:9 | f0404:10:10 | f0404:11:11 | f0404:12:12 | f0404:13:13 | f0404:14:14 | f0404:15:15 | f0404:16:16 | f0404:17:17 |
+----------------------+-------------+-----------+-----------+-----------+-----------+-----------+-----------+-----------+-----------+-----------+-------------+-------------+-------------+-------------+-------------+-------------+-------------+-------------+
|  Runtime (RDTSC) [s] |   1147.5770 | 1147.5860 | 1147.5720 | 1147.5920 | 1147.5910 | 1147.5520 | 1147.5800 | 1147.5860 | 1147.5920 | 1147.5780 |   1147.5770 |   1147.6990 |   1147.5860 |   1147.5930 |   1147.5400 |   1147.6940 |   1147.8130 |   1147.5870 |
| Runtime unhalted [s] |    568.2223 |  571.0553 |  571.0389 |  571.0773 |  571.0952 |  571.1241 |  571.0567 |  570.9955 |  571.0708 |  571.0772 |    571.0504 |    571.1979 |    569.7970 |    571.0318 |    570.8432 |    571.0925 |    571.1833 |    571.0376 |
|      Clock [MHz]     |   1197.1708 | 1197.1670 | 1197.1677 | 1197.1630 | 1197.1665 | 1197.1698 | 1197.1684 | 1197.1635 | 1197.1697 | 1197.1724 |   1197.1705 |   1197.0452 |   1197.1719 |   1197.1673 |   1197.1678 |   1197.0627 |   1196.9205 |   1197.1651 |
|  Uncore Clock [MHz]  |   1538.9239 |         0 |         0 |         0 |         0 |         0 |         0 |         0 |         0 |         0 |           0 |           0 |           0 |           0 |           0 |           0 |           0 |           0 |
|          CPI         |      0.4783 |    0.4803 |    0.4837 |    0.4973 |    0.5088 |    0.5131 |    0.5150 |    0.5168 |    0.5145 |    0.5153 |      0.5353 |      0.5348 |      0.5282 |      0.5165 |      0.5060 |      0.5037 |      0.5008 |      0.5183 |
|    Temperature [C]   |          32 |        35 |        36 |        34 |        34 |        34 |        36 |        35 |        35 |        30 |          33 |          34 |          33 |          31 |          33 |          34 |          33 |          33 |
|      Energy [J]      | 108846.1171 |         0 |         0 |         0 |         0 |         0 |         0 |         0 |         0 |         0 |           0 |           0 |           0 |           0 |           0 |           0 |           0 |           0 |
|       Power [W]      |     94.8486 |         0 |         0 |         0 |         0 |         0 |         0 |         0 |         0 |         0 |           0 |           0 |           0 |           0 |           0 |           0 |           0 |           0 |
|    Energy PP0 [J]    |           0 |         0 |         0 |         0 |         0 |         0 |         0 |         0 |         0 |         0 |           0 |           0 |           0 |           0 |           0 |           0 |           0 |           0 |
|     Power PP0 [W]    |           0 |         0 |         0 |         0 |         0 |         0 |         0 |         0 |         0 |         0 |           0 |           0 |           0 |           0 |           0 |           0 |           0 |           0 |
|    Energy DRAM [J]   |   7826.5390 |         0 |         0 |         0 |         0 |         0 |         0 |         0 |         0 |         0 |           0 |           0 |           0 |           0 |           0 |           0 |           0 |           0 |
|    Power DRAM [W]    |      6.8201 |         0 |         0 |         0 |         0 |         0 |         0 |         0 |         0 |         0 |           0 |           0 |           0 |           0 |           0 |           0 |           0 |           0 |
|  Energy PLATFORM [J] |           0 |         0 |         0 |         0 |         0 |         0 |         0 |         0 |         0 |         0 |           0 |           0 |           0 |           0 |           0 |           0 |           0 |           0 |
|  Power PLATFORM [W]  |           0 |         0 |         0 |         0 |         0 |         0 |         0 |         0 |         0 |         0 |           0 |           0 |           0 |           0 |           0 |           0 |           0 |           0 |
+----------------------+-------------+-----------+-----------+-----------+-----------+-----------+-----------+-----------+-----------+-----------+-------------+-------------+-------------+-------------+-------------+-------------+-------------+-------------+

+---------------------------+-------------+-----------+-------------+-----------+-----------+-----------+-----------+
|           Metric          |     Sum     |    Min    |     Max     |    Avg    |  %ile 25  |  %ile 50  |  %ile 75  |
+---------------------------+-------------+-----------+-------------+-----------+-----------+-----------+-----------+
|  Runtime (RDTSC) [s] STAT |  20656.8950 | 1147.5400 |   1147.8130 | 1147.6053 | 1147.5770 | 1147.5860 | 1147.5920 |
| Runtime unhalted [s] STAT |  10275.0470 |  568.2223 |    571.1979 |  570.8359 |  571.0318 |  571.0553 |  571.0925 |
|      Clock [MHz] STAT     |  21548.5498 | 1196.9205 |   1197.1724 | 1197.1417 | 1197.1635 | 1197.1673 | 1197.1698 |
|  Uncore Clock [MHz] STAT  |   1538.9239 |         0 |   1538.9239 |   85.4958 |         0 |         0 |         0 |
|          CPI STAT         |      9.1667 |    0.4783 |      0.5353 |    0.5093 |    0.5008 |    0.5131 |    0.5168 |
|    Temperature [C] STAT   |         605 |        30 |          36 |   33.6111 |        33 |        34 |        35 |
|      Energy [J] STAT      | 108846.1171 |         0 | 108846.1171 | 6047.0065 |         0 |         0 |         0 |
|       Power [W] STAT      |     94.8486 |         0 |     94.8486 |    5.2694 |         0 |         0 |         0 |
|    Energy PP0 [J] STAT    |           0 |         0 |           0 |         0 |         0 |         0 |         0 |
|     Power PP0 [W] STAT    |           0 |         0 |           0 |         0 |         0 |         0 |         0 |
|    Energy DRAM [J] STAT   |   7826.5390 |         0 |   7826.5390 |  434.8077 |         0 |         0 |         0 |
|    Power DRAM [W] STAT    |      6.8201 |         0 |      6.8201 |    0.3789 |         0 |         0 |         0 |
|  Energy PLATFORM [J] STAT |           0 |         0 |           0 |         0 |         0 |         0 |         0 |
|  Power PLATFORM [W] STAT  |           0 |         0 |           0 |         0 |         0 |         0 |         0 |
+---------------------------+-------------+-----------+-------------+-----------+-----------+-----------+-----------+

