Group: 1
+-----------------------+---------+----------------+----------------+----------------+----------------+----------------+----------------+----------------+----------------+----------------+----------------+----------------+----------------+----------------+----------------+----------------+----------------+----------------+----------------+
|         Event         | Counter |    f0880:0:0   |    f0880:1:1   |    f0880:2:2   |    f0880:3:3   |    f0880:4:4   |    f0880:5:5   |    f0880:6:6   |    f0880:7:7   |    f0880:8:8   |    f0880:9:9   |   f0880:10:10  |   f0880:11:11  |   f0880:12:12  |   f0880:13:13  |   f0880:14:14  |   f0880:15:15  |   f0880:16:16  |   f0880:17:17  |
+-----------------------+---------+----------------+----------------+----------------+----------------+----------------+----------------+----------------+----------------+----------------+----------------+----------------+----------------+----------------+----------------+----------------+----------------+----------------+----------------+
|   INSTR_RETIRED_ANY   |  FIXC0  |  3644127766117 |  3608002498856 |  3581029291345 |  3628113269537 |  3608299544585 |  3594029437608 |  3611269590285 |  3578532785227 |  3670826343367 |  3659755259854 |  3671141858893 |  3728583729659 |  3747538857236 |  3837929038349 |  3776229291662 |  3734647612138 |  3668762446891 |  3682484094534 |
| CPU_CLK_UNHALTED_CORE |  FIXC1  |  2336397117761 |  2333493487971 |  2336919346817 |  2337086349126 |  2336829083436 |  2336739419048 |  2336499016672 |  2336605297406 |  2337141183023 |  2336901618336 |  2337074787203 |  2336591638197 |  2336622461913 |  2336557008676 |  2336780978316 |  2336953606766 |  2337538952165 |  2337302427580 |
|  CPU_CLK_UNHALTED_REF |  FIXC2  |  2336393466912 |  2333484550368 |  2336911392384 |  2337079510272 |  2336819496384 |  2336730814368 |  2336489814336 |  2336595424512 |  2337133093248 |  2336889536544 |  2337066035616 |  2336583347424 |  2336609543040 |  2336547347616 |  2336771295840 |  2336946931680 |  2337526779264 |  2337293063232 |
|     TOPDOWN_SLOTS     |  FIXC3  | 11681985588805 | 11667467439855 | 11684596734085 | 11685431745630 | 11684145417180 | 11683697095240 | 11682495083360 | 11683026487030 | 11685705915115 | 11684508091680 | 11685373936015 | 11682958190985 | 11683112309565 | 11682785043380 | 11683904891580 | 11684768033830 | 11687694760825 | 11686512137900 |
|       TEMP_CORE       |   TMP0  |             46 |             49 |             48 |             45 |             44 |             46 |             47 |             50 |             47 |             46 |             44 |             47 |             49 |             48 |             47 |             44 |             48 |             45 |
|     PWR_PKG_ENERGY    |   PWR0  |    161025.0055 |              0 |              0 |              0 |              0 |              0 |              0 |              0 |              0 |              0 |              0 |              0 |              0 |              0 |              0 |              0 |              0 |              0 |
|     PWR_PP0_ENERGY    |   PWR1  |              0 |              0 |              0 |              0 |              0 |              0 |              0 |              0 |              0 |              0 |              0 |              0 |              0 |              0 |              0 |              0 |              0 |              0 |
|    PWR_DRAM_ENERGY    |   PWR3  |     11005.3131 |              0 |              0 |              0 |              0 |              0 |              0 |              0 |              0 |              0 |              0 |              0 |              0 |              0 |              0 |              0 |              0 |              0 |
|  PWR_PLATFORM_ENERGY  |   PWR4  |              0 |              0 |              0 |              0 |              0 |              0 |              0 |              0 |              0 |              0 |              0 |              0 |              0 |              0 |              0 |              0 |              0 |              0 |
|   UNCORE_CLOCKTICKS   | UBOXFIX |  2154317680367 |              0 |              0 |              0 |              0 |              0 |              0 |              0 |              0 |              0 |              0 |              0 |              0 |              0 |              0 |              0 |              0 |              0 |
+-----------------------+---------+----------------+----------------+----------------+----------------+----------------+----------------+----------------+----------------+----------------+----------------+----------------+----------------+----------------+----------------+----------------+----------------+----------------+----------------+

+----------------------------+---------+-----------------+----------------+----------------+--------------+
|            Event           | Counter |       Sum       |       Min      |       Max      |      Avg     |
+----------------------------+---------+-----------------+----------------+----------------+--------------+
|   INSTR_RETIRED_ANY STAT   |  FIXC0  |  66031302716143 |  3578532785227 |  3837929038349 | 3.668406e+12 |
| CPU_CLK_UNHALTED_CORE STAT |  FIXC1  |  42060033780412 |  2333493487971 |  2337538952165 | 2.336669e+12 |
|  CPU_CLK_UNHALTED_REF STAT |  FIXC2  |  42059871443040 |  2333484550368 |  2337526779264 | 2.336660e+12 |
|     TOPDOWN_SLOTS STAT     |  FIXC3  | 210300168902060 | 11667467439855 | 11687694760825 |      nil     |
|       TEMP_CORE STAT       |   TMP0  |             840 |             44 |             50 |      46.6667 |
|     PWR_PKG_ENERGY STAT    |   PWR0  |     161025.0055 |              0 |    161025.0055 |    8945.8336 |
|     PWR_PP0_ENERGY STAT    |   PWR1  |               0 |              0 |              0 |            0 |
|    PWR_DRAM_ENERGY STAT    |   PWR3  |      11005.3131 |              0 |     11005.3131 |     611.4063 |
|  PWR_PLATFORM_ENERGY STAT  |   PWR4  |               0 |              0 |              0 |            0 |
|   UNCORE_CLOCKTICKS STAT   | UBOXFIX |   2154317680367 |              0 |  2154317680367 | 1.196843e+11 |
+----------------------------+---------+-----------------+----------------+----------------+--------------+

+----------------------+-------------+-----------+-----------+-----------+-----------+-----------+-----------+-----------+-----------+-----------+-------------+-------------+-------------+-------------+-------------+-------------+-------------+-------------+
|        Metric        |  f0880:0:0  | f0880:1:1 | f0880:2:2 | f0880:3:3 | f0880:4:4 | f0880:5:5 | f0880:6:6 | f0880:7:7 | f0880:8:8 | f0880:9:9 | f0880:10:10 | f0880:11:11 | f0880:12:12 | f0880:13:13 | f0880:14:14 | f0880:15:15 | f0880:16:16 | f0880:17:17 |
+----------------------+-------------+-----------+-----------+-----------+-----------+-----------+-----------+-----------+-----------+-----------+-------------+-------------+-------------+-------------+-------------+-------------+-------------+-------------+
|  Runtime (RDTSC) [s] |    982.9274 |  982.9158 |  982.9099 |  982.9243 |  983.0344 |  982.9108 |  982.9218 |  982.9219 |  982.9086 |  982.9229 |    983.0985 |    982.9292 |    982.9186 |    982.9196 |    982.9210 |    982.9210 |    982.9167 |    982.9487 |
| Runtime unhalted [s] |    975.8062 |  974.5888 |  976.0243 |  976.0888 |  976.1223 |  975.9467 |  975.8573 |  975.8930 |  976.1130 |  976.0118 |    976.2810 |    975.8877 |    975.9005 |    975.8685 |    975.9636 |    976.0383 |    976.2779 |    976.2088 |
|      Clock [MHz]     |   2394.3287 | 2394.3456 | 2394.3331 | 2394.3450 | 2394.0019 | 2394.3397 | 2394.3135 | 2394.3355 | 2394.3430 | 2394.3498 |   2393.8635 |   2394.3327 |   2394.3376 |   2394.3459 |   2394.3419 |   2394.3326 |   2394.3501 |   2394.2744 |
|  Uncore Clock [MHz]  |   2191.7363 |         0 |         0 |         0 |         0 |         0 |         0 |         0 |         0 |         0 |           0 |           0 |           0 |           0 |           0 |           0 |           0 |           0 |
|          CPI         |      0.6411 |    0.6468 |    0.6526 |    0.6442 |    0.6476 |    0.6502 |    0.6470 |    0.6530 |    0.6367 |    0.6385 |      0.6366 |      0.6267 |      0.6235 |      0.6088 |      0.6188 |      0.6257 |      0.6371 |      0.6347 |
|    Temperature [C]   |          46 |        49 |        48 |        45 |        44 |        46 |        47 |        50 |        47 |        46 |          44 |          47 |          49 |          48 |          47 |          44 |          48 |          45 |
|      Energy [J]      | 161025.0055 |         0 |         0 |         0 |         0 |         0 |         0 |         0 |         0 |         0 |           0 |           0 |           0 |           0 |           0 |           0 |           0 |           0 |
|       Power [W]      |    163.8219 |         0 |         0 |         0 |         0 |         0 |         0 |         0 |         0 |         0 |           0 |           0 |           0 |           0 |           0 |           0 |           0 |           0 |
|    Energy PP0 [J]    |           0 |         0 |         0 |         0 |         0 |         0 |         0 |         0 |         0 |         0 |           0 |           0 |           0 |           0 |           0 |           0 |           0 |           0 |
|     Power PP0 [W]    |           0 |         0 |         0 |         0 |         0 |         0 |         0 |         0 |         0 |         0 |           0 |           0 |           0 |           0 |           0 |           0 |           0 |           0 |
|    Energy DRAM [J]   |  11005.3131 |         0 |         0 |         0 |         0 |         0 |         0 |         0 |         0 |         0 |           0 |           0 |           0 |           0 |           0 |           0 |           0 |           0 |
|    Power DRAM [W]    |     11.1965 |         0 |         0 |         0 |         0 |         0 |         0 |         0 |         0 |         0 |           0 |           0 |           0 |           0 |           0 |           0 |           0 |           0 |
|  Energy PLATFORM [J] |           0 |         0 |         0 |         0 |         0 |         0 |         0 |         0 |         0 |         0 |           0 |           0 |           0 |           0 |           0 |           0 |           0 |           0 |
|  Power PLATFORM [W]  |           0 |         0 |         0 |         0 |         0 |         0 |         0 |         0 |         0 |         0 |           0 |           0 |           0 |           0 |           0 |           0 |           0 |           0 |
+----------------------+-------------+-----------+-----------+-----------+-----------+-----------+-----------+-----------+-----------+-----------+-------------+-------------+-------------+-------------+-------------+-------------+-------------+-------------+

+---------------------------+-------------+-----------+-------------+-----------+-----------+-----------+-----------+
|           Metric          |     Sum     |    Min    |     Max     |    Avg    |  %ile 25  |  %ile 50  |  %ile 75  |
+---------------------------+-------------+-----------+-------------+-----------+-----------+-----------+-----------+
|  Runtime (RDTSC) [s] STAT |  17692.8711 |  982.9086 |    983.0985 |  982.9373 |  982.9167 |  982.9210 |  982.9274 |
| Runtime unhalted [s] STAT |  17566.8785 |  974.5888 |    976.2810 |  975.9377 |  975.8877 |  975.9636 |  976.1130 |
|      Clock [MHz] STAT     |  43097.2145 | 2393.8635 |   2394.3501 | 2394.2897 | 2394.3287 | 2394.3355 | 2394.3450 |
|  Uncore Clock [MHz] STAT  |   2191.7363 |         0 |   2191.7363 |  121.7631 |         0 |         0 |         0 |
|          CPI STAT         |     11.4696 |    0.6088 |      0.6530 |    0.6372 |    0.6267 |    0.6371 |    0.6470 |
|    Temperature [C] STAT   |         840 |        44 |          50 |   46.6667 |        45 |        47 |        48 |
|      Energy [J] STAT      | 161025.0055 |         0 | 161025.0055 | 8945.8336 |         0 |         0 |         0 |
|       Power [W] STAT      |    163.8219 |         0 |    163.8219 |    9.1012 |         0 |         0 |         0 |
|    Energy PP0 [J] STAT    |           0 |         0 |           0 |         0 |         0 |         0 |         0 |
|     Power PP0 [W] STAT    |           0 |         0 |           0 |         0 |         0 |         0 |         0 |
|    Energy DRAM [J] STAT   |  11005.3131 |         0 |  11005.3131 |  611.4063 |         0 |         0 |         0 |
|    Power DRAM [W] STAT    |     11.1965 |         0 |     11.1965 |    0.6220 |         0 |         0 |         0 |
|  Energy PLATFORM [J] STAT |           0 |         0 |           0 |         0 |         0 |         0 |         0 |
|  Power PLATFORM [W] STAT  |           0 |         0 |           0 |         0 |         0 |         0 |         0 |
+---------------------------+-------------+-----------+-------------+-----------+-----------+-----------+-----------+

