Group: 1
+-----------------------+---------+----------------+----------------+----------------+----------------+----------------+----------------+----------------+----------------+----------------+----------------+----------------+----------------+----------------+----------------+----------------+----------------+----------------+----------------+
|         Event         | Counter |    f0880:0:0   |    f0880:1:1   |    f0880:2:2   |    f0880:3:3   |    f0880:4:4   |    f0880:5:5   |    f0880:6:6   |    f0880:7:7   |    f0880:8:8   |    f0880:9:9   |   f0880:10:10  |   f0880:11:11  |   f0880:12:12  |   f0880:13:13  |   f0880:14:14  |   f0880:15:15  |   f0880:16:16  |   f0880:17:17  |
+-----------------------+---------+----------------+----------------+----------------+----------------+----------------+----------------+----------------+----------------+----------------+----------------+----------------+----------------+----------------+----------------+----------------+----------------+----------------+----------------+
|   INSTR_RETIRED_ANY   |  FIXC0  |  3604465610330 |  3619834938610 |  3583658155653 |  3616078098644 |  3570983063942 |  3640378757699 |  3599258483605 |  3589171331865 |  3691040860912 |  3680389677773 |  3695784003549 |  3739195847884 |  3815624154486 |  3837198311886 |  3846209849664 |  3740648210412 |  3709416437755 |  3675463326712 |
| CPU_CLK_UNHALTED_CORE |  FIXC1  |  2331739951207 |  2329860852391 |  2333141034727 |  2333460297850 |  2333274584496 |  2333699062285 |  2333343189558 |  2332833448249 |  2333539524619 |  2333388380821 |  2333139226074 |  2332417837392 |  2332966072731 |  2332983835376 |  2333678807343 |  2333320437640 |  2333451822577 |  2333446543856 |
|  CPU_CLK_UNHALTED_REF |  FIXC2  |  2433125640768 |  2431162479936 |  2434597803840 |  2434917866976 |  2434734441888 |  2435165943360 |  2434808359776 |  2434273703520 |  2435013385248 |  2434855544064 |  2434591094880 |  2433835828800 |  2434410845184 |  2434432368288 |  2435140440480 |  2434784156256 |  2434923858336 |  2434916501184 |
|     TOPDOWN_SLOTS     |  FIXC3  | 11658699756035 | 11649304261955 | 11665705173635 | 11667301489250 | 11666372922480 | 11668495311425 | 11666715947790 | 11664167241245 | 11667697623095 | 11666941904105 | 11665696130370 | 11662089186960 | 11664830363655 | 11664919176880 | 11668394036715 | 11666602188200 | 11667259112885 | 11667232719280 |
|       TEMP_CORE       |   TMP0  |             43 |             44 |             43 |             42 |             40 |             41 |             42 |             46 |             42 |             41 |             40 |             43 |             45 |             43 |             43 |             40 |             43 |             40 |
|     PWR_PKG_ENERGY    |   PWR0  |    131498.6616 |              0 |              0 |              0 |              0 |              0 |              0 |              0 |              0 |              0 |              0 |              0 |              0 |              0 |              0 |              0 |              0 |              0 |
|     PWR_PP0_ENERGY    |   PWR1  |              0 |              0 |              0 |              0 |              0 |              0 |              0 |              0 |              0 |              0 |              0 |              0 |              0 |              0 |              0 |              0 |              0 |              0 |
|    PWR_DRAM_ENERGY    |   PWR3  |      9158.0293 |              0 |              0 |              0 |              0 |              0 |              0 |              0 |              0 |              0 |              0 |              0 |              0 |              0 |              0 |              0 |              0 |              0 |
|  PWR_PLATFORM_ENERGY  |   PWR4  |              0 |              0 |              0 |              0 |              0 |              0 |              0 |              0 |              0 |              0 |              0 |              0 |              0 |              0 |              0 |              0 |              0 |              0 |
|   UNCORE_CLOCKTICKS   | UBOXFIX |  1628798646060 |              0 |              0 |              0 |              0 |              0 |              0 |              0 |              0 |              0 |              0 |              0 |              0 |              0 |              0 |              0 |              0 |              0 |
+-----------------------+---------+----------------+----------------+----------------+----------------+----------------+----------------+----------------+----------------+----------------+----------------+----------------+----------------+----------------+----------------+----------------+----------------+----------------+----------------+

+----------------------------+---------+-----------------+----------------+----------------+--------------+
|            Event           | Counter |       Sum       |       Min      |       Max      |      Avg     |
+----------------------------+---------+-----------------+----------------+----------------+--------------+
|   INSTR_RETIRED_ANY STAT   |  FIXC0  |  66254799121381 |  3570983063942 |  3846209849664 | 3.680822e+12 |
| CPU_CLK_UNHALTED_CORE STAT |  FIXC1  |  41993684909192 |  2329860852391 |  2333699062285 | 2.332982e+12 |
|  CPU_CLK_UNHALTED_REF STAT |  FIXC2  |  43819690262784 |  2431162479936 |  2435165943360 | 2.434427e+12 |
|     TOPDOWN_SLOTS STAT     |  FIXC3  | 209968424545960 | 11649304261955 | 11668495311425 |      nil     |
|       TEMP_CORE STAT       |   TMP0  |             761 |             40 |             46 |      42.2778 |
|     PWR_PKG_ENERGY STAT    |   PWR0  |     131498.6616 |              0 |    131498.6616 |    7305.4812 |
|     PWR_PP0_ENERGY STAT    |   PWR1  |               0 |              0 |              0 |            0 |
|    PWR_DRAM_ENERGY STAT    |   PWR3  |       9158.0293 |              0 |      9158.0293 |     508.7794 |
|  PWR_PLATFORM_ENERGY STAT  |   PWR4  |               0 |              0 |              0 |            0 |
|   UNCORE_CLOCKTICKS STAT   | UBOXFIX |   1628798646060 |              0 |  1628798646060 |  90488813670 |
+----------------------------+---------+-----------------+----------------+----------------+--------------+

+----------------------+-------------+-----------+-----------+-----------+-----------+-----------+-----------+-----------+-----------+-----------+-------------+-------------+-------------+-------------+-------------+-------------+-------------+-------------+
|        Metric        |  f0880:0:0  | f0880:1:1 | f0880:2:2 | f0880:3:3 | f0880:4:4 | f0880:5:5 | f0880:6:6 | f0880:7:7 | f0880:8:8 | f0880:9:9 | f0880:10:10 | f0880:11:11 | f0880:12:12 | f0880:13:13 | f0880:14:14 | f0880:15:15 | f0880:16:16 | f0880:17:17 |
+----------------------+-------------+-----------+-----------+-----------+-----------+-----------+-----------+-----------+-----------+-----------+-------------+-------------+-------------+-------------+-------------+-------------+-------------+-------------+
|  Runtime (RDTSC) [s] |   1024.6320 | 1024.4110 | 1024.4040 | 1024.4130 | 1024.4110 | 1024.4130 | 1024.4810 | 1024.4020 | 1024.4110 | 1024.4010 |   1024.4050 |   1024.4150 |   1024.4060 |   1024.4360 |   1024.4010 |   1024.4050 |   1024.4020 |   1024.4050 |
| Runtime unhalted [s] |    974.0709 |  973.0734 |  974.4465 |  974.5761 |  974.5009 |  974.6754 |  974.5986 |  974.3157 |  974.6113 |  974.5449 |    974.4428 |    974.1397 |    974.3699 |    974.4114 |    974.6649 |    974.5168 |    974.5716 |    974.5716 |
|      Clock [MHz]     |   2294.0618 | 2294.5652 | 2294.5460 | 2294.5671 | 2294.5516 | 2294.5690 | 2294.3870 | 2294.5543 | 2294.5501 | 2294.5578 |   2294.5574 |   2294.5641 |   2294.5583 |   2294.4753 |   2294.5780 |   2294.5576 |   2294.5554 |   2294.5520 |
|  Uncore Clock [MHz]  |   1589.6426 |         0 |         0 |         0 |         0 |         0 |         0 |         0 |         0 |         0 |           0 |           0 |           0 |           0 |           0 |           0 |           0 |           0 |
|          CPI         |      0.6469 |    0.6436 |    0.6511 |    0.6453 |    0.6534 |    0.6411 |    0.6483 |    0.6500 |    0.6322 |    0.6340 |      0.6313 |      0.6238 |      0.6114 |      0.6080 |      0.6067 |      0.6238 |      0.6291 |      0.6349 |
|    Temperature [C]   |          43 |        44 |        43 |        42 |        40 |        41 |        42 |        46 |        42 |        41 |          40 |          43 |          45 |          43 |          43 |          40 |          43 |          40 |
|      Energy [J]      | 131498.6616 |         0 |         0 |         0 |         0 |         0 |         0 |         0 |         0 |         0 |           0 |           0 |           0 |           0 |           0 |           0 |           0 |           0 |
|       Power [W]      |    128.3375 |         0 |         0 |         0 |         0 |         0 |         0 |         0 |         0 |         0 |           0 |           0 |           0 |           0 |           0 |           0 |           0 |           0 |
|    Energy PP0 [J]    |           0 |         0 |         0 |         0 |         0 |         0 |         0 |         0 |         0 |         0 |           0 |           0 |           0 |           0 |           0 |           0 |           0 |           0 |
|     Power PP0 [W]    |           0 |         0 |         0 |         0 |         0 |         0 |         0 |         0 |         0 |         0 |           0 |           0 |           0 |           0 |           0 |           0 |           0 |           0 |
|    Energy DRAM [J]   |   9158.0293 |         0 |         0 |         0 |         0 |         0 |         0 |         0 |         0 |         0 |           0 |           0 |           0 |           0 |           0 |           0 |           0 |           0 |
|    Power DRAM [W]    |      8.9379 |         0 |         0 |         0 |         0 |         0 |         0 |         0 |         0 |         0 |           0 |           0 |           0 |           0 |           0 |           0 |           0 |           0 |
|  Energy PLATFORM [J] |           0 |         0 |         0 |         0 |         0 |         0 |         0 |         0 |         0 |         0 |           0 |           0 |           0 |           0 |           0 |           0 |           0 |           0 |
|  Power PLATFORM [W]  |           0 |         0 |         0 |         0 |         0 |         0 |         0 |         0 |         0 |         0 |           0 |           0 |           0 |           0 |           0 |           0 |           0 |           0 |
+----------------------+-------------+-----------+-----------+-----------+-----------+-----------+-----------+-----------+-----------+-----------+-------------+-------------+-------------+-------------+-------------+-------------+-------------+-------------+

+---------------------------+-------------+-----------+-------------+-----------+-----------+-----------+-----------+
|           Metric          |     Sum     |    Min    |     Max     |    Avg    |  %ile 25  |  %ile 50  |  %ile 75  |
+---------------------------+-------------+-----------+-------------+-----------+-----------+-----------+-----------+
|  Runtime (RDTSC) [s] STAT |  18439.6540 | 1024.4010 |   1024.6320 | 1024.4252 | 1024.4040 | 1024.4060 | 1024.4130 |
| Runtime unhalted [s] STAT |  17539.1024 |  973.0734 |    974.6754 |  974.3946 |  974.3699 |  974.5009 |  974.5761 |
|      Clock [MHz] STAT     |  41301.3080 | 2294.0618 |   2294.5780 | 2294.5171 | 2294.5501 | 2294.5554 | 2294.5641 |
|  Uncore Clock [MHz] STAT  |   1589.6426 |         0 |   1589.6426 |   88.3135 |         0 |         0 |         0 |
|          CPI STAT         |     11.4149 |    0.6067 |      0.6534 |    0.6342 |    0.6238 |    0.6340 |    0.6469 |
|    Temperature [C] STAT   |         761 |        40 |          46 |   42.2778 |        41 |        42 |        43 |
|      Energy [J] STAT      | 131498.6616 |         0 | 131498.6616 | 7305.4812 |         0 |         0 |         0 |
|       Power [W] STAT      |    128.3375 |         0 |    128.3375 |    7.1299 |         0 |         0 |         0 |
|    Energy PP0 [J] STAT    |           0 |         0 |           0 |         0 |         0 |         0 |         0 |
|     Power PP0 [W] STAT    |           0 |         0 |           0 |         0 |         0 |         0 |         0 |
|    Energy DRAM [J] STAT   |   9158.0293 |         0 |   9158.0293 |  508.7794 |         0 |         0 |         0 |
|    Power DRAM [W] STAT    |      8.9379 |         0 |      8.9379 |    0.4966 |         0 |         0 |         0 |
|  Energy PLATFORM [J] STAT |           0 |         0 |           0 |         0 |         0 |         0 |         0 |
|  Power PLATFORM [W] STAT  |           0 |         0 |           0 |         0 |         0 |         0 |         0 |
+---------------------------+-------------+-----------+-------------+-----------+-----------+-----------+-----------+

