Group: 1
+-----------------------+---------+---------------+---------------+---------------+---------------+---------------+---------------+---------------+---------------+---------------+---------------+---------------+---------------+---------------+---------------+---------------+---------------+---------------+---------------+
|         Event         | Counter |   f0660:0:0   |   f0660:1:1   |   f0660:2:2   |   f0660:3:3   |   f0660:4:4   |   f0660:5:5   |   f0660:6:6   |   f0660:7:7   |   f0660:8:8   |   f0660:9:9   |  f0660:10:10  |  f0660:11:11  |  f0660:12:12  |  f0660:13:13  |  f0660:14:14  |  f0660:15:15  |  f0660:16:16  |  f0660:17:17  |
+-----------------------+---------+---------------+---------------+---------------+---------------+---------------+---------------+---------------+---------------+---------------+---------------+---------------+---------------+---------------+---------------+---------------+---------------+---------------+---------------+
|   INSTR_RETIRED_ANY   |  FIXC0  | 2322030260190 | 2252622567532 | 2253003441616 | 2234959512603 | 2238491840510 | 2228958905828 | 2125313126907 | 2135064126238 | 2183909861973 | 2239558232909 | 2225501585238 | 2404707616941 | 2445949902276 | 2294653484015 | 2277606507086 | 2351916488470 | 2289110730107 | 2101972713106 |
| CPU_CLK_UNHALTED_CORE |  FIXC1  | 1318164669264 | 1326913940945 | 1326800915433 | 1325438773856 | 1325166853938 | 1324937921874 | 1323581924694 | 1324122230945 | 1321998280059 | 1321974171778 | 1322986889544 | 1321823263085 | 1322622180120 | 1321411983935 | 1322318236907 | 1321760064862 | 1322079852064 | 1322496049776 |
|  CPU_CLK_UNHALTED_REF |  FIXC2  | 1581795211968 | 1592292356256 | 1592156298912 | 1590522333600 | 1590198093216 | 1589920086624 | 1588293871200 | 1588941431904 | 1586392950624 | 1586364008736 | 1587578960640 | 1586183307072 | 1587139655520 | 1585689482688 | 1586777855808 | 1586106972768 | 1586490802368 | 1586988920352 |
|     TOPDOWN_SLOTS     |  FIXC3  | 6590823346320 | 6634569704725 | 6634004577165 | 6627193869280 | 6625834269690 | 6624689609370 | 6617909623470 | 6620611154725 | 6609991400295 | 6609870858890 | 6614934447720 | 6609116315425 | 6613110900600 | 6607059919675 | 6611591184535 | 6608800324310 | 6610399260320 | 6612480248880 |
|       TEMP_CORE       |   TMP0  |            36 |            38 |            36 |            37 |            39 |            38 |            37 |            38 |            37 |            39 |            38 |            40 |            37 |            39 |            38 |            37 |            38 |            38 |
|     PWR_PKG_ENERGY    |   PWR0  |    72667.8909 |             0 |             0 |             0 |             0 |             0 |             0 |             0 |             0 |             0 |             0 |             0 |             0 |             0 |             0 |             0 |             0 |             0 |
|     PWR_PP0_ENERGY    |   PWR1  |             0 |             0 |             0 |             0 |             0 |             0 |             0 |             0 |             0 |             0 |             0 |             0 |             0 |             0 |             0 |             0 |             0 |             0 |
|    PWR_DRAM_ENERGY    |   PWR3  |     4970.0111 |             0 |             0 |             0 |             0 |             0 |             0 |             0 |             0 |             0 |             0 |             0 |             0 |             0 |             0 |             0 |             0 |             0 |
|  PWR_PLATFORM_ENERGY  |   PWR4  |             0 |             0 |             0 |             0 |             0 |             0 |             0 |             0 |             0 |             0 |             0 |             0 |             0 |             0 |             0 |             0 |             0 |             0 |
|   UNCORE_CLOCKTICKS   | UBOXFIX | 1047602238676 |             0 |             0 |             0 |             0 |             0 |             0 |             0 |             0 |             0 |             0 |             0 |             0 |             0 |             0 |             0 |             0 |             0 |
+-----------------------+---------+---------------+---------------+---------------+---------------+---------------+---------------+---------------+---------------+---------------+---------------+---------------+---------------+---------------+---------------+---------------+---------------+---------------+---------------+

+----------------------------+---------+-----------------+---------------+---------------+---------------+
|            Event           | Counter |       Sum       |      Min      |      Max      |      Avg      |
+----------------------------+---------+-----------------+---------------+---------------+---------------+
|   INSTR_RETIRED_ANY STAT   |  FIXC0  |  40605330903545 | 2101972713106 | 2445949902276 |  2.255852e+12 |
| CPU_CLK_UNHALTED_CORE STAT |  FIXC1  |  23816598203079 | 1318164669264 | 1326913940945 |  1.323144e+12 |
|  CPU_CLK_UNHALTED_REF STAT |  FIXC2  |  28579832600256 | 1581795211968 | 1592292356256 | 1587768477792 |
|     TOPDOWN_SLOTS STAT     |  FIXC3  | 119082991015395 | 6590823346320 | 6634569704725 |  6.615722e+12 |
|       TEMP_CORE STAT       |   TMP0  |             680 |            36 |            40 |       37.7778 |
|     PWR_PKG_ENERGY STAT    |   PWR0  |      72667.8909 |             0 |    72667.8909 |     4037.1051 |
|     PWR_PP0_ENERGY STAT    |   PWR1  |               0 |             0 |             0 |             0 |
|    PWR_DRAM_ENERGY STAT    |   PWR3  |       4970.0111 |             0 |     4970.0111 |      276.1117 |
|  PWR_PLATFORM_ENERGY STAT  |   PWR4  |               0 |             0 |             0 |             0 |
|   UNCORE_CLOCKTICKS STAT   | UBOXFIX |   1047602238676 |             0 | 1047602238676 |  5.820012e+10 |
+----------------------------+---------+-----------------+---------------+---------------+---------------+

+----------------------+------------+-----------+-----------+-----------+-----------+-----------+-----------+-----------+-----------+-----------+-------------+-------------+-------------+-------------+-------------+-------------+-------------+-------------+
|        Metric        |  f0660:0:0 | f0660:1:1 | f0660:2:2 | f0660:3:3 | f0660:4:4 | f0660:5:5 | f0660:6:6 | f0660:7:7 | f0660:8:8 | f0660:9:9 | f0660:10:10 | f0660:11:11 | f0660:12:12 | f0660:13:13 | f0660:14:14 | f0660:15:15 | f0660:16:16 | f0660:17:17 |
+----------------------+------------+-----------+-----------+-----------+-----------+-----------+-----------+-----------+-----------+-----------+-------------+-------------+-------------+-------------+-------------+-------------+-------------+-------------+
|  Runtime (RDTSC) [s] |   669.6755 |  669.6650 |  669.6617 |  669.6657 |  669.6969 |  669.6535 |  669.6704 |  669.6555 |  669.7425 |  669.6659 |    669.6781 |    669.6680 |    669.6412 |    669.6689 |    669.6543 |    669.7335 |    669.6635 |    669.6669 |
| Runtime unhalted [s] |   550.5419 |  554.1908 |  554.1441 |  553.5811 |  553.4881 |  553.3650 |  552.7992 |  553.0243 |  552.2079 |  552.1351 |    552.5607 |    552.0645 |    552.3977 |    551.8978 |    552.2716 |    552.0984 |    552.1719 |    552.3465 |
|      Clock [MHz]     |  1995.2564 | 1995.2780 | 1995.2767 | 1995.2545 | 1995.1777 | 1995.2811 | 1995.2777 | 1995.2808 | 1995.0253 | 1995.2519 |   1995.2427 |   1995.2788 |   1995.2836 |   1995.2609 |   1995.2768 |   1995.0615 |   1995.2784 |   1995.2773 |
|  Uncore Clock [MHz]  |  1564.3431 |         0 |         0 |         0 |         0 |         0 |         0 |         0 |         0 |         0 |           0 |           0 |           0 |           0 |           0 |           0 |           0 |           0 |
|          CPI         |     0.5677 |    0.5891 |    0.5889 |    0.5930 |    0.5920 |    0.5944 |    0.6228 |    0.6202 |    0.6053 |    0.5903 |      0.5945 |      0.5497 |      0.5407 |      0.5759 |      0.5806 |      0.5620 |      0.5776 |      0.6292 |
|    Temperature [C]   |         36 |        38 |        36 |        37 |        39 |        38 |        37 |        38 |        37 |        39 |          38 |          40 |          37 |          39 |          38 |          37 |          38 |          38 |
|      Energy [J]      | 72667.8909 |         0 |         0 |         0 |         0 |         0 |         0 |         0 |         0 |         0 |           0 |           0 |           0 |           0 |           0 |           0 |           0 |           0 |
|       Power [W]      |   108.5121 |         0 |         0 |         0 |         0 |         0 |         0 |         0 |         0 |         0 |           0 |           0 |           0 |           0 |           0 |           0 |           0 |           0 |
|    Energy PP0 [J]    |          0 |         0 |         0 |         0 |         0 |         0 |         0 |         0 |         0 |         0 |           0 |           0 |           0 |           0 |           0 |           0 |           0 |           0 |
|     Power PP0 [W]    |          0 |         0 |         0 |         0 |         0 |         0 |         0 |         0 |         0 |         0 |           0 |           0 |           0 |           0 |           0 |           0 |           0 |           0 |
|    Energy DRAM [J]   |  4970.0111 |         0 |         0 |         0 |         0 |         0 |         0 |         0 |         0 |         0 |           0 |           0 |           0 |           0 |           0 |           0 |           0 |           0 |
|    Power DRAM [W]    |     7.4215 |         0 |         0 |         0 |         0 |         0 |         0 |         0 |         0 |         0 |           0 |           0 |           0 |           0 |           0 |           0 |           0 |           0 |
|  Energy PLATFORM [J] |          0 |         0 |         0 |         0 |         0 |         0 |         0 |         0 |         0 |         0 |           0 |           0 |           0 |           0 |           0 |           0 |           0 |           0 |
|  Power PLATFORM [W]  |          0 |         0 |         0 |         0 |         0 |         0 |         0 |         0 |         0 |         0 |           0 |           0 |           0 |           0 |           0 |           0 |           0 |           0 |
+----------------------+------------+-----------+-----------+-----------+-----------+-----------+-----------+-----------+-----------+-----------+-------------+-------------+-------------+-------------+-------------+-------------+-------------+-------------+

+---------------------------+------------+-----------+------------+-----------+-----------+-----------+-----------+
|           Metric          |     Sum    |    Min    |     Max    |    Avg    |  %ile 25  |  %ile 50  |  %ile 75  |
+---------------------------+------------+-----------+------------+-----------+-----------+-----------+-----------+
|  Runtime (RDTSC) [s] STAT | 12054.1270 |  669.6412 |   669.7425 |  669.6737 |  669.6617 |  669.6659 |  669.6755 |
| Runtime unhalted [s] STAT |  9947.2866 |  550.5419 |   554.1908 |  552.6270 |  552.1351 |  552.3465 |  553.3650 |
|      Clock [MHz] STAT     | 35914.3201 | 1995.0253 |  1995.2836 | 1995.2400 | 1995.2519 | 1995.2767 | 1995.2784 |
|  Uncore Clock [MHz] STAT  |  1564.3431 |         0 |  1564.3431 |   86.9079 |         0 |         0 |         0 |
|          CPI STAT         |    10.5739 |    0.5407 |     0.6292 |    0.5874 |    0.5759 |    0.5891 |    0.5945 |
|    Temperature [C] STAT   |        680 |        36 |         40 |   37.7778 |        37 |        38 |        38 |
|      Energy [J] STAT      | 72667.8909 |         0 | 72667.8909 | 4037.1051 |         0 |         0 |         0 |
|       Power [W] STAT      |   108.5121 |         0 |   108.5121 |    6.0285 |         0 |         0 |         0 |
|    Energy PP0 [J] STAT    |          0 |         0 |          0 |         0 |         0 |         0 |         0 |
|     Power PP0 [W] STAT    |          0 |         0 |          0 |         0 |         0 |         0 |         0 |
|    Energy DRAM [J] STAT   |  4970.0111 |         0 |  4970.0111 |  276.1117 |         0 |         0 |         0 |
|    Power DRAM [W] STAT    |     7.4215 |         0 |     7.4215 |    0.4123 |         0 |         0 |         0 |
|  Energy PLATFORM [J] STAT |          0 |         0 |          0 |         0 |         0 |         0 |         0 |
|  Power PLATFORM [W] STAT  |          0 |         0 |          0 |         0 |         0 |         0 |         0 |
+---------------------------+------------+-----------+------------+-----------+-----------+-----------+-----------+

