Group: 1
+-----------------------+---------+---------------+---------------+---------------+---------------+---------------+---------------+---------------+---------------+---------------+---------------+---------------+---------------+---------------+---------------+---------------+---------------+---------------+---------------+
|         Event         | Counter |   f0880:0:0   |   f0880:1:1   |   f0880:2:2   |   f0880:3:3   |   f0880:4:4   |   f0880:5:5   |   f0880:6:6   |   f0880:7:7   |   f0880:8:8   |   f0880:9:9   |  f0880:10:10  |  f0880:11:11  |  f0880:12:12  |  f0880:13:13  |  f0880:14:14  |  f0880:15:15  |  f0880:16:16  |  f0880:17:17  |
+-----------------------+---------+---------------+---------------+---------------+---------------+---------------+---------------+---------------+---------------+---------------+---------------+---------------+---------------+---------------+---------------+---------------+---------------+---------------+---------------+
|   INSTR_RETIRED_ANY   |  FIXC0  | 2447521581252 | 2420097954850 | 2415824465181 | 2364155738356 | 2311460104501 | 2287356190378 | 2282047513721 | 2278509607749 | 2280828216487 | 2269122687901 | 2163422490162 | 2179645733908 | 2178445462386 | 2214498715643 | 2260561643947 | 2279729516619 | 2289083862698 | 2327529960066 |
| CPU_CLK_UNHALTED_CORE |  FIXC1  | 1345534377892 | 1344758665720 | 1347009446301 | 1346861396787 | 1346694216968 | 1346545155140 | 1346681497535 | 1346870089170 | 1347147601486 | 1346672100512 | 1347100331680 | 1346679381353 | 1346777834832 | 1346748125244 | 1346840545623 | 1347182289622 | 1347156851749 | 1347288455458 |
|  CPU_CLK_UNHALTED_REF |  FIXC2  | 1467863767296 | 1467014309952 | 1469471628096 | 1469309812896 | 1469123989824 | 1468964802336 | 1469111046144 | 1469318877024 | 1469619458880 | 1469102712768 | 1469570482848 | 1469107342752 | 1469217410592 | 1469184180864 | 1469284999008 | 1469658807360 | 1469632900416 | 1469773857312 |
|     TOPDOWN_SLOTS     |  FIXC3  | 6727671889460 | 6723793328600 | 6735047231505 | 6734306983935 | 6733471084840 | 6732725775700 | 6733407487675 | 6734350445850 | 6735738007430 | 6733360502560 | 6735501658400 | 6733396906765 | 6733889174160 | 6733740626220 | 6734202728115 | 6735911448110 | 6735784258745 | 6736442277290 |
|       TEMP_CORE       |   TMP0  |            41 |            43 |            42 |            41 |            41 |            42 |            41 |            45 |            41 |            41 |            40 |            42 |            43 |            43 |            42 |            40 |            43 |            40 |
|     PWR_PKG_ENERGY    |   PWR0  |    77319.1444 |             0 |             0 |             0 |             0 |             0 |             0 |             0 |             0 |             0 |             0 |             0 |             0 |             0 |             0 |             0 |             0 |             0 |
|     PWR_PP0_ENERGY    |   PWR1  |             0 |             0 |             0 |             0 |             0 |             0 |             0 |             0 |             0 |             0 |             0 |             0 |             0 |             0 |             0 |             0 |             0 |             0 |
|    PWR_DRAM_ENERGY    |   PWR3  |     4853.4296 |             0 |             0 |             0 |             0 |             0 |             0 |             0 |             0 |             0 |             0 |             0 |             0 |             0 |             0 |             0 |             0 |             0 |
|  PWR_PLATFORM_ENERGY  |   PWR4  |             0 |             0 |             0 |             0 |             0 |             0 |             0 |             0 |             0 |             0 |             0 |             0 |             0 |             0 |             0 |             0 |             0 |             0 |
|   UNCORE_CLOCKTICKS   | UBOXFIX |  980643940589 |             0 |             0 |             0 |             0 |             0 |             0 |             0 |             0 |             0 |             0 |             0 |             0 |             0 |             0 |             0 |             0 |             0 |
+-----------------------+---------+---------------+---------------+---------------+---------------+---------------+---------------+---------------+---------------+---------------+---------------+---------------+---------------+---------------+---------------+---------------+---------------+---------------+---------------+

+----------------------------+---------+-----------------+---------------+---------------+--------------+
|            Event           | Counter |       Sum       |      Min      |      Max      |      Avg     |
+----------------------------+---------+-----------------+---------------+---------------+--------------+
|   INSTR_RETIRED_ANY STAT   |  FIXC0  |  41249841445805 | 2163422490162 | 2447521581252 | 2.291658e+12 |
| CPU_CLK_UNHALTED_CORE STAT |  FIXC1  |  24240548363072 | 1344758665720 | 1347288455458 | 1.346697e+12 |
|  CPU_CLK_UNHALTED_REF STAT |  FIXC2  |  26444330386368 | 1467014309952 | 1469773857312 | 1.469129e+12 |
|     TOPDOWN_SLOTS STAT     |  FIXC3  | 121202741815360 | 6723793328600 | 6736442277290 | 6.733486e+12 |
|       TEMP_CORE STAT       |   TMP0  |             751 |            40 |            45 |      41.7222 |
|     PWR_PKG_ENERGY STAT    |   PWR0  |      77319.1444 |             0 |    77319.1444 |    4295.5080 |
|     PWR_PP0_ENERGY STAT    |   PWR1  |               0 |             0 |             0 |            0 |
|    PWR_DRAM_ENERGY STAT    |   PWR3  |       4853.4296 |             0 |     4853.4296 |     269.6350 |
|  PWR_PLATFORM_ENERGY STAT  |   PWR4  |               0 |             0 |             0 |            0 |
|   UNCORE_CLOCKTICKS STAT   | UBOXFIX |    980643940589 |             0 |  980643940589 | 5.448022e+10 |
+----------------------------+---------+-----------------+---------------+---------------+--------------+

+----------------------+------------+-----------+-----------+-----------+-----------+-----------+-----------+-----------+-----------+-----------+-------------+-------------+-------------+-------------+-------------+-------------+-------------+-------------+
|        Metric        |  f0880:0:0 | f0880:1:1 | f0880:2:2 | f0880:3:3 | f0880:4:4 | f0880:5:5 | f0880:6:6 | f0880:7:7 | f0880:8:8 | f0880:9:9 | f0880:10:10 | f0880:11:11 | f0880:12:12 | f0880:13:13 | f0880:14:14 | f0880:15:15 | f0880:16:16 | f0880:17:17 |
+----------------------+------------+-----------+-----------+-----------+-----------+-----------+-----------+-----------+-----------+-----------+-------------+-------------+-------------+-------------+-------------+-------------+-------------+-------------+
|  Runtime (RDTSC) [s] |   616.6932 |  616.6874 |  616.6755 |  616.6876 |  616.6922 |  616.6833 |  616.6838 |  616.6802 |  616.6874 |  616.6830 |    616.6847 |    616.6879 |    616.6831 |    616.6912 |    616.6852 |    616.6930 |    616.8567 |    616.6879 |
| Runtime unhalted [s] |   561.9650 |  561.6419 |  562.5812 |  562.5199 |  562.4497 |  562.3876 |  562.4447 |  562.5232 |  562.6400 |  562.4436 |    562.6197 |    562.4437 |    562.4837 |    562.4737 |    562.5119 |    562.6544 |    562.7923 |    562.6999 |
|      Clock [MHz]     |  2194.7982 | 2194.7994 | 2194.7995 | 2194.7981 | 2194.8044 | 2194.7990 | 2194.8019 | 2194.7997 | 2194.7996 | 2194.7879 |   2194.7980 |   2194.8044 |   2194.8049 |   2194.7968 |   2194.7981 |   2194.7978 |   2194.2157 |   2194.7942 |
|  Uncore Clock [MHz]  |  1590.1650 |         0 |         0 |         0 |         0 |         0 |         0 |         0 |         0 |         0 |           0 |           0 |           0 |           0 |           0 |           0 |           0 |           0 |
|          CPI         |     0.5498 |    0.5557 |    0.5576 |    0.5697 |    0.5826 |    0.5887 |    0.5901 |    0.5911 |    0.5906 |    0.5935 |      0.6227 |      0.6178 |      0.6182 |      0.6082 |      0.5958 |      0.5909 |      0.5885 |      0.5788 |
|    Temperature [C]   |         41 |        43 |        42 |        41 |        41 |        42 |        41 |        45 |        41 |        41 |          40 |          42 |          43 |          43 |          42 |          40 |          43 |          40 |
|      Energy [J]      | 77319.1444 |         0 |         0 |         0 |         0 |         0 |         0 |         0 |         0 |         0 |           0 |           0 |           0 |           0 |           0 |           0 |           0 |           0 |
|       Power [W]      |   125.3770 |         0 |         0 |         0 |         0 |         0 |         0 |         0 |         0 |         0 |           0 |           0 |           0 |           0 |           0 |           0 |           0 |           0 |
|    Energy PP0 [J]    |          0 |         0 |         0 |         0 |         0 |         0 |         0 |         0 |         0 |         0 |           0 |           0 |           0 |           0 |           0 |           0 |           0 |           0 |
|     Power PP0 [W]    |          0 |         0 |         0 |         0 |         0 |         0 |         0 |         0 |         0 |         0 |           0 |           0 |           0 |           0 |           0 |           0 |           0 |           0 |
|    Energy DRAM [J]   |  4853.4296 |         0 |         0 |         0 |         0 |         0 |         0 |         0 |         0 |         0 |           0 |           0 |           0 |           0 |           0 |           0 |           0 |           0 |
|    Power DRAM [W]    |     7.8701 |         0 |         0 |         0 |         0 |         0 |         0 |         0 |         0 |         0 |           0 |           0 |           0 |           0 |           0 |           0 |           0 |           0 |
|  Energy PLATFORM [J] |          0 |         0 |         0 |         0 |         0 |         0 |         0 |         0 |         0 |         0 |           0 |           0 |           0 |           0 |           0 |           0 |           0 |           0 |
|  Power PLATFORM [W]  |          0 |         0 |         0 |         0 |         0 |         0 |         0 |         0 |         0 |         0 |           0 |           0 |           0 |           0 |           0 |           0 |           0 |           0 |
+----------------------+------------+-----------+-----------+-----------+-----------+-----------+-----------+-----------+-----------+-----------+-------------+-------------+-------------+-------------+-------------+-------------+-------------+-------------+

+---------------------------+------------+-----------+------------+-----------+-----------+-----------+-----------+
|           Metric          |     Sum    |    Min    |     Max    |    Avg    |  %ile 25  |  %ile 50  |  %ile 75  |
+---------------------------+------------+-----------+------------+-----------+-----------+-----------+-----------+
|  Runtime (RDTSC) [s] STAT | 11100.5233 |  616.6755 |   616.8567 |  616.6957 |  616.6833 |  616.6874 |  616.6912 |
| Runtime unhalted [s] STAT | 10124.2761 |  561.6419 |   562.7923 |  562.4598 |  562.4437 |  562.4837 |  562.6197 |
|      Clock [MHz] STAT     | 39505.7976 | 2194.2157 |  2194.8049 | 2194.7665 | 2194.7978 | 2194.7982 | 2194.7997 |
|  Uncore Clock [MHz] STAT  |  1590.1650 |         0 |  1590.1650 |   88.3425 |         0 |         0 |         0 |
|          CPI STAT         |    10.5903 |    0.5498 |     0.6227 |    0.5883 |    0.5788 |    0.5901 |    0.5958 |
|    Temperature [C] STAT   |        751 |        40 |         45 |   41.7222 |        41 |        41 |        43 |
|      Energy [J] STAT      | 77319.1444 |         0 | 77319.1444 | 4295.5080 |         0 |         0 |         0 |
|       Power [W] STAT      |   125.3770 |         0 |   125.3770 |    6.9654 |         0 |         0 |         0 |
|    Energy PP0 [J] STAT    |          0 |         0 |          0 |         0 |         0 |         0 |         0 |
|     Power PP0 [W] STAT    |          0 |         0 |          0 |         0 |         0 |         0 |         0 |
|    Energy DRAM [J] STAT   |  4853.4296 |         0 |  4853.4296 |  269.6350 |         0 |         0 |         0 |
|    Power DRAM [W] STAT    |     7.8701 |         0 |     7.8701 |    0.4372 |         0 |         0 |         0 |
|  Energy PLATFORM [J] STAT |          0 |         0 |          0 |         0 |         0 |         0 |         0 |
|  Power PLATFORM [W] STAT  |          0 |         0 |          0 |         0 |         0 |         0 |         0 |
+---------------------------+------------+-----------+------------+-----------+-----------+-----------+-----------+

