                   :-) GROMACS - gmx mdrun, 2025.2-spack (-:

Executable:   /apps/SPACK/0.23.0/opt/linux-almalinux9-zen4/gcc-11.4.1/gromacs-2025.2-y4v7dqwvnpcybafuodisfw35wrrzwytk/bin/gmx
Data prefix:  /apps/SPACK/0.23.0/opt/linux-almalinux9-zen4/gcc-11.4.1/gromacs-2025.2-y4v7dqwvnpcybafuodisfw35wrrzwytk
Working dir:  /home/hpc/ihpc/ihpc161h/GROMACS-BAthesis/runs/gromacs_H100_freq/1593-1320
Command line:
  gmx mdrun -nsteps 200000 -maxh 0.2 -ntomp 16 -bonded gpu -update gpu -pme gpu -nb gpu -ntmpi 1 -pin on -pinstride 1 -s /home/hpc/ihpc/ihpc161h/GROMACS-BAthesis/inputs/rnanvt.tpr -deffnm rnanvt_1593-1320_h12-12_perflog -g rnanvt_1593-1320_h12-12_perflog.log -gpu_id 0

Reading file /home/hpc/ihpc/ihpc161h/GROMACS-BAthesis/inputs/rnanvt.tpr, VERSION 2019.3 (single precision)
Note: file tpx version 116, software tpx version 137
Overriding nsteps with value passed on the command line: 200000 steps, 400 ps
Changing nstlist from 20 to 100, rlist from 1.224 to 1.347


1 GPU selected for this run.
Mapping of GPU IDs to the 2 GPU tasks in the 1 rank on this node:
  PP:0,PME:0
PP tasks will do (non-perturbed) short-ranged and most bonded interactions on the GPU
PP task will update and constrain coordinates on the GPU
PME tasks will do all aspects on the GPU
Using 1 MPI thread
Using 16 OpenMP threads 

starting mdrun 'Protein in water'
200000 steps,    400.0 ps.

Writing final coordinates.

               Core t (s)   Wall t (s)        (%)
       Time:      661.737       41.369     1599.6
                 (ns/day)    (hour/ns)
Performance:      835.421        0.029

GROMACS reminds you: "A scientific truth does not triumph by convincing its opponents and making them see the light, but rather because its opponents eventually die and a new generation grows up that is familiar with it." (Max Planck)

