Group: 1
+-----------------------+---------+----------------+----------------+----------------+----------------+----------------+----------------+----------------+----------------+----------------+----------------+----------------+----------------+----------------+----------------+----------------+----------------+----------------+----------------+
|         Event         | Counter |    f0880:0:0   |    f0880:1:1   |    f0880:2:2   |    f0880:3:3   |    f0880:4:4   |    f0880:5:5   |    f0880:6:6   |    f0880:7:7   |    f0880:8:8   |    f0880:9:9   |   f0880:10:10  |   f0880:11:11  |   f0880:12:12  |   f0880:13:13  |   f0880:14:14  |   f0880:15:15  |   f0880:16:16  |   f0880:17:17  |
+-----------------------+---------+----------------+----------------+----------------+----------------+----------------+----------------+----------------+----------------+----------------+----------------+----------------+----------------+----------------+----------------+----------------+----------------+----------------+----------------+
|   INSTR_RETIRED_ANY   |  FIXC0  |  3596129696920 |  3611599289569 |  3614063615539 |  3586147677944 |  3582314030937 |  3597573565259 |  3584052019590 |  3601069238951 |  3699141479274 |  3659505444850 |  3656571676829 |  3695816450849 |  3727336131046 |  3763002062570 |  3771210782817 |  3703837853228 |  3680150049123 |  3649940628986 |
| CPU_CLK_UNHALTED_CORE |  FIXC1  |  2136537917492 |  2134334850481 |  2138747602513 |  2137505605919 |  2138301687092 |  2138103285976 |  2138306851528 |  2138541148913 |  2139158418649 |  2138495225163 |  2138624012730 |  2138258578754 |  2138072932270 |  2138094259468 |  2138716610726 |  2138674932873 |  2138652461468 |  2138278532240 |
|  CPU_CLK_UNHALTED_REF |  FIXC2  |  3204825638976 |  3201510619296 |  3208126625856 |  3206275808928 |  3207473473728 |  3207176717952 |  3207481124832 |  3207817824768 |  3208740871872 |  3207763188096 |  3207958458720 |  3207408724128 |  3207129404928 |  3207155342400 |  3208082231136 |  3208025022624 |  3207994180320 |  3207440400672 |
|     TOPDOWN_SLOTS     |  FIXC3  | 10682689587460 | 10671674252405 | 10693738012565 | 10687528029595 | 10691508435460 | 10690516429880 | 10691534257640 | 10692705744565 | 10695792093245 | 10692476125815 | 10693120063650 | 10691292893770 | 10690364661350 | 10690471297340 | 10693583053630 | 10693374664365 | 10693262307340 | 10691392661200 |
|       TEMP_CORE       |   TMP0  |             39 |             41 |             39 |             38 |             37 |             38 |             38 |             41 |             39 |             37 |             37 |             38 |             40 |             39 |             40 |             36 |             40 |             38 |
|     PWR_PKG_ENERGY    |   PWR0  |    139778.0717 |              0 |              0 |              0 |              0 |              0 |              0 |              0 |              0 |              0 |              0 |              0 |              0 |              0 |              0 |              0 |              0 |              0 |
|     PWR_PP0_ENERGY    |   PWR1  |              0 |              0 |              0 |              0 |              0 |              0 |              0 |              0 |              0 |              0 |              0 |              0 |              0 |              0 |              0 |              0 |              0 |              0 |
|    PWR_DRAM_ENERGY    |   PWR3  |     10633.5911 |              0 |              0 |              0 |              0 |              0 |              0 |              0 |              0 |              0 |              0 |              0 |              0 |              0 |              0 |              0 |              0 |              0 |
|  PWR_PLATFORM_ENERGY  |   PWR4  |              0 |              0 |              0 |              0 |              0 |              0 |              0 |              0 |              0 |              0 |              0 |              0 |              0 |              0 |              0 |              0 |              0 |              0 |
|   UNCORE_CLOCKTICKS   | UBOXFIX |  2119497309686 |              0 |              0 |              0 |              0 |              0 |              0 |              0 |              0 |              0 |              0 |              0 |              0 |              0 |              0 |              0 |              0 |              0 |
+-----------------------+---------+----------------+----------------+----------------+----------------+----------------+----------------+----------------+----------------+----------------+----------------+----------------+----------------+----------------+----------------+----------------+----------------+----------------+----------------+

+----------------------------+---------+-----------------+----------------+----------------+---------------+
|            Event           | Counter |       Sum       |       Min      |       Max      |      Avg      |
+----------------------------+---------+-----------------+----------------+----------------+---------------+
|   INSTR_RETIRED_ANY STAT   |  FIXC0  |  65779461694281 |  3582314030937 |  3771210782817 |  3.654415e+12 |
| CPU_CLK_UNHALTED_CORE STAT |  FIXC1  |  38485404914255 |  2134334850481 |  2139158418649 |  2.138078e+12 |
|  CPU_CLK_UNHALTED_REF STAT |  FIXC2  |  57728385659232 |  3201510619296 |  3208740871872 | 3207132536624 |
|     TOPDOWN_SLOTS STAT     |  FIXC3  | 192427024571275 | 10671674252405 | 10695792093245 |      nil      |
|       TEMP_CORE STAT       |   TMP0  |             695 |             36 |             41 |       38.6111 |
|     PWR_PKG_ENERGY STAT    |   PWR0  |     139778.0717 |              0 |    139778.0717 |     7765.4484 |
|     PWR_PP0_ENERGY STAT    |   PWR1  |               0 |              0 |              0 |             0 |
|    PWR_DRAM_ENERGY STAT    |   PWR3  |      10633.5911 |              0 |     10633.5911 |      590.7551 |
|  PWR_PLATFORM_ENERGY STAT  |   PWR4  |               0 |              0 |              0 |             0 |
|   UNCORE_CLOCKTICKS STAT   | UBOXFIX |   2119497309686 |              0 |  2119497309686 |  1.177499e+11 |
+----------------------------+---------+-----------------+----------------+----------------+---------------+

+----------------------+-------------+-----------+-----------+-----------+-----------+-----------+-----------+-----------+-----------+-----------+-------------+-------------+-------------+-------------+-------------+-------------+-------------+-------------+
|        Metric        |  f0880:0:0  | f0880:1:1 | f0880:2:2 | f0880:3:3 | f0880:4:4 | f0880:5:5 | f0880:6:6 | f0880:7:7 | f0880:8:8 | f0880:9:9 | f0880:10:10 | f0880:11:11 | f0880:12:12 | f0880:13:13 | f0880:14:14 | f0880:15:15 | f0880:16:16 | f0880:17:17 |
+----------------------+-------------+-----------+-----------+-----------+-----------+-----------+-----------+-----------+-----------+-----------+-------------+-------------+-------------+-------------+-------------+-------------+-------------+-------------+
|  Runtime (RDTSC) [s] |   1349.2650 | 1349.2600 | 1349.2800 | 1349.2750 | 1349.3020 | 1349.2680 | 1349.2470 | 1349.2660 | 1349.2770 | 1349.2580 |   1349.4090 |   1349.2830 |   1349.2480 |   1349.2530 |   1349.2920 |   1349.2630 |   1349.2610 |   1349.2470 |
| Runtime unhalted [s] |    892.3298 |  891.4080 |  893.2696 |  892.7440 |  893.0941 |  892.9966 |  893.0692 |  893.1678 |  893.4232 |  893.1458 |    893.3097 |    893.0633 |    892.9717 |    892.9815 |    893.2604 |    893.2243 |    893.2140 |    893.0565 |
|      Clock [MHz]     |   1596.2150 | 1596.2232 | 1596.1916 | 1596.1978 | 1596.1645 | 1596.1903 | 1596.2129 | 1596.2190 | 1596.2246 | 1596.2170 |   1596.0191 |   1596.1875 |   1596.2131 |   1596.2145 |   1596.1839 |   1596.2145 |   1596.2149 |   1596.2136 |
|  Uncore Clock [MHz]  |   1570.8532 |         0 |         0 |         0 |         0 |         0 |         0 |         0 |         0 |         0 |           0 |           0 |           0 |           0 |           0 |           0 |           0 |           0 |
|          CPI         |      0.5941 |    0.5910 |    0.5918 |    0.5960 |    0.5969 |    0.5943 |    0.5966 |    0.5939 |    0.5783 |    0.5844 |      0.5849 |      0.5786 |      0.5736 |      0.5682 |      0.5671 |      0.5774 |      0.5811 |      0.5858 |
|    Temperature [C]   |          39 |        41 |        39 |        38 |        37 |        38 |        38 |        41 |        39 |        37 |          37 |          38 |          40 |          39 |          40 |          36 |          40 |          38 |
|      Energy [J]      | 139778.0717 |         0 |         0 |         0 |         0 |         0 |         0 |         0 |         0 |         0 |           0 |           0 |           0 |           0 |           0 |           0 |           0 |           0 |
|       Power [W]      |    103.5957 |         0 |         0 |         0 |         0 |         0 |         0 |         0 |         0 |         0 |           0 |           0 |           0 |           0 |           0 |           0 |           0 |           0 |
|    Energy PP0 [J]    |           0 |         0 |         0 |         0 |         0 |         0 |         0 |         0 |         0 |         0 |           0 |           0 |           0 |           0 |           0 |           0 |           0 |           0 |
|     Power PP0 [W]    |           0 |         0 |         0 |         0 |         0 |         0 |         0 |         0 |         0 |         0 |           0 |           0 |           0 |           0 |           0 |           0 |           0 |           0 |
|    Energy DRAM [J]   |  10633.5911 |         0 |         0 |         0 |         0 |         0 |         0 |         0 |         0 |         0 |           0 |           0 |           0 |           0 |           0 |           0 |           0 |           0 |
|    Power DRAM [W]    |      7.8810 |         0 |         0 |         0 |         0 |         0 |         0 |         0 |         0 |         0 |           0 |           0 |           0 |           0 |           0 |           0 |           0 |           0 |
|  Energy PLATFORM [J] |           0 |         0 |         0 |         0 |         0 |         0 |         0 |         0 |         0 |         0 |           0 |           0 |           0 |           0 |           0 |           0 |           0 |           0 |
|  Power PLATFORM [W]  |           0 |         0 |         0 |         0 |         0 |         0 |         0 |         0 |         0 |         0 |           0 |           0 |           0 |           0 |           0 |           0 |           0 |           0 |
+----------------------+-------------+-----------+-----------+-----------+-----------+-----------+-----------+-----------+-----------+-----------+-------------+-------------+-------------+-------------+-------------+-------------+-------------+-------------+

+---------------------------+-------------+-----------+-------------+-----------+-----------+-----------+-----------+
|           Metric          |     Sum     |    Min    |     Max     |    Avg    |  %ile 25  |  %ile 50  |  %ile 75  |
+---------------------------+-------------+-----------+-------------+-----------+-----------+-----------+-----------+
|  Runtime (RDTSC) [s] STAT |  24286.9540 | 1349.2470 |   1349.4090 | 1349.2752 | 1349.2580 | 1349.2650 | 1349.2800 |
| Runtime unhalted [s] STAT |  16073.7295 |  891.4080 |    893.4232 |  892.9850 |  892.9815 |  893.0692 |  893.2243 |
|      Clock [MHz] STAT     |  28731.5170 | 1596.0191 |   1596.2246 | 1596.1954 | 1596.1903 | 1596.2131 | 1596.2150 |
|  Uncore Clock [MHz] STAT  |   1570.8532 |         0 |   1570.8532 |   87.2696 |         0 |         0 |         0 |
|          CPI STAT         |     10.5340 |    0.5671 |      0.5969 |    0.5852 |    0.5783 |    0.5849 |    0.5941 |
|    Temperature [C] STAT   |         695 |        36 |          41 |   38.6111 |        38 |        38 |        40 |
|      Energy [J] STAT      | 139778.0717 |         0 | 139778.0717 | 7765.4484 |         0 |         0 |         0 |
|       Power [W] STAT      |    103.5957 |         0 |    103.5957 |    5.7553 |         0 |         0 |         0 |
|    Energy PP0 [J] STAT    |           0 |         0 |           0 |         0 |         0 |         0 |         0 |
|     Power PP0 [W] STAT    |           0 |         0 |           0 |         0 |         0 |         0 |         0 |
|    Energy DRAM [J] STAT   |  10633.5911 |         0 |  10633.5911 |  590.7551 |         0 |         0 |         0 |
|    Power DRAM [W] STAT    |      7.8810 |         0 |      7.8810 |    0.4378 |         0 |         0 |         0 |
|  Energy PLATFORM [J] STAT |           0 |         0 |           0 |         0 |         0 |         0 |         0 |
|  Power PLATFORM [W] STAT  |           0 |         0 |           0 |         0 |         0 |         0 |         0 |
+---------------------------+-------------+-----------+-------------+-----------+-----------+-----------+-----------+

