Group: 1
+-----------------------+---------+---------------+---------------+---------------+---------------+---------------+---------------+---------------+---------------+---------------+---------------+---------------+---------------+---------------+---------------+---------------+---------------+---------------+---------------+
|         Event         | Counter |   f0660:0:0   |   f0660:1:1   |   f0660:2:2   |   f0660:3:3   |   f0660:4:4   |   f0660:5:5   |   f0660:6:6   |   f0660:7:7   |   f0660:8:8   |   f0660:9:9   |  f0660:10:10  |  f0660:11:11  |  f0660:12:12  |  f0660:13:13  |  f0660:14:14  |  f0660:15:15  |  f0660:16:16  |  f0660:17:17  |
+-----------------------+---------+---------------+---------------+---------------+---------------+---------------+---------------+---------------+---------------+---------------+---------------+---------------+---------------+---------------+---------------+---------------+---------------+---------------+---------------+
|   INSTR_RETIRED_ANY   |  FIXC0  | 2332775405247 | 2241850211115 | 2251645843589 | 2241502410736 | 2218712415779 | 2224335485131 | 2125914197557 | 2114874371368 | 2179994280791 | 2232301297584 | 2227412269086 | 2427201637726 | 2449565362614 | 2279989974575 | 2288428097601 | 2348172194970 | 2273960036225 | 2096057346777 |
| CPU_CLK_UNHALTED_CORE |  FIXC1  | 1409794052791 | 1416473914690 | 1417162890036 | 1415860530785 | 1416134693447 | 1414143858702 | 1414703413574 | 1413717030375 | 1413059360727 | 1413679507737 | 1412351439446 | 1413181173684 | 1412183848123 | 1412190660087 | 1412723473085 | 1412358355125 | 1412980281986 | 1412690302365 |
|  CPU_CLK_UNHALTED_REF |  FIXC2  | 1208403814176 | 1214125330272 | 1214719612992 | 1213602463680 | 1213838796000 | 1212132890112 | 1212609233472 | 1211765833152 | 1211202255840 | 1211735071104 | 1210597196544 | 1211308902336 | 1210450841952 | 1210456118304 | 1210915445472 | 1210599202464 | 1211130023424 | 1210879068864 |
|     TOPDOWN_SLOTS     |  FIXC3  | 7048970263955 | 7082369573450 | 7085814450180 | 7079302653925 | 7080673467235 | 7070719293510 | 7073517067870 | 7068585151875 | 7065296803635 | 7068397538685 | 7061757197230 | 7065905868420 | 7060919240615 | 7060953300435 | 7063617365425 | 7061791775625 | 7064901409930 | 7063451511825 |
|       TEMP_CORE       |   TMP0  |            43 |            46 |            43 |            44 |            46 |            46 |            46 |            46 |            46 |            46 |            45 |            47 |            44 |            46 |            45 |            45 |            45 |            43 |
|     PWR_PKG_ENERGY    |   PWR0  |    90062.3227 |             0 |             0 |             0 |             0 |             0 |             0 |             0 |             0 |             0 |             0 |             0 |             0 |             0 |             0 |             0 |             0 |             0 |
|     PWR_PP0_ENERGY    |   PWR1  |             0 |             0 |             0 |             0 |             0 |             0 |             0 |             0 |             0 |             0 |             0 |             0 |             0 |             0 |             0 |             0 |             0 |             0 |
|    PWR_DRAM_ENERGY    |   PWR3  |     5460.1567 |             0 |             0 |             0 |             0 |             0 |             0 |             0 |             0 |             0 |             0 |             0 |             0 |             0 |             0 |             0 |             0 |             0 |
|  PWR_PLATFORM_ENERGY  |   PWR4  |             0 |             0 |             0 |             0 |             0 |             0 |             0 |             0 |             0 |             0 |             0 |             0 |             0 |             0 |             0 |             0 |             0 |             0 |
|   UNCORE_CLOCKTICKS   | UBOXFIX | 1120678573099 |             0 |             0 |             0 |             0 |             0 |             0 |             0 |             0 |             0 |             0 |             0 |             0 |             0 |             0 |             0 |             0 |             0 |
+-----------------------+---------+---------------+---------------+---------------+---------------+---------------+---------------+---------------+---------------+---------------+---------------+---------------+---------------+---------------+---------------+---------------+---------------+---------------+---------------+

+----------------------------+---------+-----------------+---------------+---------------+--------------+
|            Event           | Counter |       Sum       |      Min      |      Max      |      Avg     |
+----------------------------+---------+-----------------+---------------+---------------+--------------+
|   INSTR_RETIRED_ANY STAT   |  FIXC0  |  40554692838471 | 2096057346777 | 2449565362614 | 2.253038e+12 |
| CPU_CLK_UNHALTED_CORE STAT |  FIXC1  |  25445388786765 | 1409794052791 | 1417162890036 | 1.413633e+12 |
|  CPU_CLK_UNHALTED_REF STAT |  FIXC2  |  21810472100160 | 1208403814176 | 1214719612992 | 1.211693e+12 |
|     TOPDOWN_SLOTS STAT     |  FIXC3  | 127226943933825 | 7048970263955 | 7085814450180 | 7.068164e+12 |
|       TEMP_CORE STAT       |   TMP0  |             812 |            43 |            47 |      45.1111 |
|     PWR_PKG_ENERGY STAT    |   PWR0  |      90062.3227 |             0 |    90062.3227 |    5003.4624 |
|     PWR_PP0_ENERGY STAT    |   PWR1  |               0 |             0 |             0 |            0 |
|    PWR_DRAM_ENERGY STAT    |   PWR3  |       5460.1567 |             0 |     5460.1567 |     303.3420 |
|  PWR_PLATFORM_ENERGY STAT  |   PWR4  |               0 |             0 |             0 |            0 |
|   UNCORE_CLOCKTICKS STAT   | UBOXFIX |   1120678573099 |             0 | 1120678573099 | 6.225992e+10 |
+----------------------------+---------+-----------------+---------------+---------------+--------------+

+----------------------+------------+-----------+-----------+-----------+-----------+-----------+-----------+-----------+-----------+-----------+-------------+-------------+-------------+-------------+-------------+-------------+-------------+-------------+
|        Metric        |  f0660:0:0 | f0660:1:1 | f0660:2:2 | f0660:3:3 | f0660:4:4 | f0660:5:5 | f0660:6:6 | f0660:7:7 | f0660:8:8 | f0660:9:9 | f0660:10:10 | f0660:11:11 | f0660:12:12 | f0660:13:13 | f0660:14:14 | f0660:15:15 | f0660:16:16 | f0660:17:17 |
+----------------------+------------+-----------+-----------+-----------+-----------+-----------+-----------+-----------+-----------+-----------+-------------+-------------+-------------+-------------+-------------+-------------+-------------+-------------+
|  Runtime (RDTSC) [s] |   510.8212 |  510.8117 |  510.8297 |  510.8207 |  510.8219 |  510.8198 |  510.8954 |  510.8181 |  510.8210 |  510.8288 |    510.8216 |    510.8241 |    510.8268 |    510.8330 |    510.8303 |    510.8191 |    510.8191 |    510.8345 |
| Runtime unhalted [s] |   588.8049 |  591.5957 |  591.8830 |  591.3396 |  591.4544 |  590.6223 |  590.9373 |  590.4437 |  590.1696 |  590.4284 |    589.8739 |    590.2211 |    589.8042 |    589.8065 |    590.0297 |    589.8764 |    590.1406 |    590.0155 |
|      Clock [MHz]     |  2793.3662 | 2793.3713 | 2793.3644 | 2793.3641 | 2793.3594 | 2793.3611 | 2792.9847 | 2793.3656 | 2793.3628 | 2793.3605 |   2793.3587 |   2793.3543 |   2793.3635 |   2793.3675 |   2793.3583 |   2793.3695 |   2793.3539 |   2793.3782 |
|  Uncore Clock [MHz]  |  2193.8764 |         0 |         0 |         0 |         0 |         0 |         0 |         0 |         0 |         0 |           0 |           0 |           0 |           0 |           0 |           0 |           0 |           0 |
|          CPI         |     0.6043 |    0.6318 |    0.6294 |    0.6317 |    0.6383 |    0.6358 |    0.6655 |    0.6685 |    0.6482 |    0.6333 |      0.6341 |      0.5822 |      0.5765 |      0.6194 |      0.6173 |      0.6015 |      0.6214 |      0.6740 |
|    Temperature [C]   |         43 |        46 |        43 |        44 |        46 |        46 |        46 |        46 |        46 |        46 |          45 |          47 |          44 |          46 |          45 |          45 |          45 |          43 |
|      Energy [J]      | 90062.3227 |         0 |         0 |         0 |         0 |         0 |         0 |         0 |         0 |         0 |           0 |           0 |           0 |           0 |           0 |           0 |           0 |           0 |
|       Power [W]      |   176.3089 |         0 |         0 |         0 |         0 |         0 |         0 |         0 |         0 |         0 |           0 |           0 |           0 |           0 |           0 |           0 |           0 |           0 |
|    Energy PP0 [J]    |          0 |         0 |         0 |         0 |         0 |         0 |         0 |         0 |         0 |         0 |           0 |           0 |           0 |           0 |           0 |           0 |           0 |           0 |
|     Power PP0 [W]    |          0 |         0 |         0 |         0 |         0 |         0 |         0 |         0 |         0 |         0 |           0 |           0 |           0 |           0 |           0 |           0 |           0 |           0 |
|    Energy DRAM [J]   |  5460.1567 |         0 |         0 |         0 |         0 |         0 |         0 |         0 |         0 |         0 |           0 |           0 |           0 |           0 |           0 |           0 |           0 |           0 |
|    Power DRAM [W]    |    10.6890 |         0 |         0 |         0 |         0 |         0 |         0 |         0 |         0 |         0 |           0 |           0 |           0 |           0 |           0 |           0 |           0 |           0 |
|  Energy PLATFORM [J] |          0 |         0 |         0 |         0 |         0 |         0 |         0 |         0 |         0 |         0 |           0 |           0 |           0 |           0 |           0 |           0 |           0 |           0 |
|  Power PLATFORM [W]  |          0 |         0 |         0 |         0 |         0 |         0 |         0 |         0 |         0 |         0 |           0 |           0 |           0 |           0 |           0 |           0 |           0 |           0 |
+----------------------+------------+-----------+-----------+-----------+-----------+-----------+-----------+-----------+-----------+-----------+-------------+-------------+-------------+-------------+-------------+-------------+-------------+-------------+

+---------------------------+------------+-----------+------------+-----------+-----------+-----------+-----------+
|           Metric          |     Sum    |    Min    |     Max    |    Avg    |  %ile 25  |  %ile 50  |  %ile 75  |
+---------------------------+------------+-----------+------------+-----------+-----------+-----------+-----------+
|  Runtime (RDTSC) [s] STAT |  9194.8968 |  510.8117 |   510.8954 |  510.8276 |  510.8198 |  510.8216 |  510.8297 |
| Runtime unhalted [s] STAT | 10627.4468 |  588.8049 |   591.8830 |  590.4137 |  589.8764 |  590.1696 |  590.9373 |
|      Clock [MHz] STAT     | 50280.1640 | 2792.9847 |  2793.3782 | 2793.3424 | 2793.3587 | 2793.3628 | 2793.3662 |
|  Uncore Clock [MHz] STAT  |  2193.8764 |         0 |  2193.8764 |  121.8820 |         0 |         0 |         0 |
|          CPI STAT         |    11.3132 |    0.5765 |     0.6740 |    0.6285 |    0.6173 |    0.6317 |    0.6383 |
|    Temperature [C] STAT   |        812 |        43 |         47 |   45.1111 |        44 |        45 |        46 |
|      Energy [J] STAT      | 90062.3227 |         0 | 90062.3227 | 5003.4624 |         0 |         0 |         0 |
|       Power [W] STAT      |   176.3089 |         0 |   176.3089 |    9.7949 |         0 |         0 |         0 |
|    Energy PP0 [J] STAT    |          0 |         0 |          0 |         0 |         0 |         0 |         0 |
|     Power PP0 [W] STAT    |          0 |         0 |          0 |         0 |         0 |         0 |         0 |
|    Energy DRAM [J] STAT   |  5460.1567 |         0 |  5460.1567 |  303.3420 |         0 |         0 |         0 |
|    Power DRAM [W] STAT    |    10.6890 |         0 |    10.6890 |    0.5938 |         0 |         0 |         0 |
|  Energy PLATFORM [J] STAT |          0 |         0 |          0 |         0 |         0 |         0 |         0 |
|  Power PLATFORM [W] STAT  |          0 |         0 |          0 |         0 |         0 |         0 |         0 |
+---------------------------+------------+-----------+------------+-----------+-----------+-----------+-----------+

