Group: 1
+-----------------------+---------+---------------+---------------+---------------+---------------+---------------+---------------+---------------+---------------+---------------+---------------+---------------+---------------+---------------+---------------+---------------+---------------+---------------+---------------+
|         Event         | Counter |   f0880:0:0   |   f0880:1:1   |   f0880:2:2   |   f0880:3:3   |   f0880:4:4   |   f0880:5:5   |   f0880:6:6   |   f0880:7:7   |   f0880:8:8   |   f0880:9:9   |  f0880:10:10  |  f0880:11:11  |  f0880:12:12  |  f0880:13:13  |  f0880:14:14  |  f0880:15:15  |  f0880:16:16  |  f0880:17:17  |
+-----------------------+---------+---------------+---------------+---------------+---------------+---------------+---------------+---------------+---------------+---------------+---------------+---------------+---------------+---------------+---------------+---------------+---------------+---------------+---------------+
|   INSTR_RETIRED_ANY   |  FIXC0  | 2436134260808 | 2416654121873 | 2407363601361 | 2367894957036 | 2311752801294 | 2283487046164 | 2277308547761 | 2275005894035 | 2275057563633 | 2271977002814 | 2162765683809 | 2166441560598 | 2176222594652 | 2202356336831 | 2247681058134 | 2265008369268 | 2285818388838 | 2323771908468 |
| CPU_CLK_UNHALTED_CORE |  FIXC1  | 1218734219252 | 1219365614377 | 1221809875490 | 1221770414698 | 1221724129186 | 1221783249679 | 1221755684383 | 1221656963902 | 1221851339364 | 1221744802056 | 1221846942181 | 1221384744699 | 1221744593217 | 1221654692533 | 1221825426819 | 1221927935367 | 1221903686427 | 1221812833150 |
|  CPU_CLK_UNHALTED_REF |  FIXC2  | 1949971272960 | 1950980279040 | 1954891156416 | 1954829977728 | 1954754014752 | 1954848293568 | 1954805089824 | 1954646069760 | 1954957588896 | 1954786698048 | 1954950632736 | 1954211435328 | 1954785372576 | 1954642975776 | 1954915741632 | 1955077813248 | 1955039924544 | 1954893333504 |
|     TOPDOWN_SLOTS     |  FIXC3  | 6093671096260 | 6096828071885 | 6109049377450 | 6108852073490 | 6108620645930 | 6108916248395 | 6108778421915 | 6108284819510 | 6109256696820 | 6108724010280 | 6109234710905 | 6106923723495 | 6108722966085 | 6108273462665 | 6109127134095 | 6109639676835 | 6109518432135 | 6109064165750 |
|       TEMP_CORE       |   TMP0  |            38 |            40 |            39 |            38 |            37 |            37 |            38 |            41 |            37 |            38 |            37 |            38 |            40 |            38 |            39 |            36 |            40 |            38 |
|     PWR_PKG_ENERGY    |   PWR0  |    82935.9426 |             0 |             0 |             0 |             0 |             0 |             0 |             0 |             0 |             0 |             0 |             0 |             0 |             0 |             0 |             0 |             0 |             0 |
|     PWR_PP0_ENERGY    |   PWR1  |             0 |             0 |             0 |             0 |             0 |             0 |             0 |             0 |             0 |             0 |             0 |             0 |             0 |             0 |             0 |             0 |             0 |             0 |
|    PWR_DRAM_ENERGY    |   PWR3  |     5754.9573 |             0 |             0 |             0 |             0 |             0 |             0 |             0 |             0 |             0 |             0 |             0 |             0 |             0 |             0 |             0 |             0 |             0 |
|  PWR_PLATFORM_ENERGY  |   PWR4  |             0 |             0 |             0 |             0 |             0 |             0 |             0 |             0 |             0 |             0 |             0 |             0 |             0 |             0 |             0 |             0 |             0 |             0 |
|   UNCORE_CLOCKTICKS   | UBOXFIX | 1297312992712 |             0 |             0 |             0 |             0 |             0 |             0 |             0 |             0 |             0 |             0 |             0 |             0 |             0 |             0 |             0 |             0 |             0 |
+-----------------------+---------+---------------+---------------+---------------+---------------+---------------+---------------+---------------+---------------+---------------+---------------+---------------+---------------+---------------+---------------+---------------+---------------+---------------+---------------+

+----------------------------+---------+-----------------+---------------+---------------+---------------+
|            Event           | Counter |       Sum       |      Min      |      Max      |      Avg      |
+----------------------------+---------+-----------------+---------------+---------------+---------------+
|   INSTR_RETIRED_ANY STAT   |  FIXC0  |  41152701697377 | 2162765683809 | 2436134260808 |  2.286261e+12 |
| CPU_CLK_UNHALTED_CORE STAT |  FIXC1  |  21986297146780 | 1218734219252 | 1221927935367 |  1.221461e+12 |
|  CPU_CLK_UNHALTED_REF STAT |  FIXC2  |  35177987670336 | 1949971272960 | 1955077813248 | 1954332648352 |
|     TOPDOWN_SLOTS STAT     |  FIXC3  | 109931485733900 | 6093671096260 | 6109639676835 |  6.107305e+12 |
|       TEMP_CORE STAT       |   TMP0  |             689 |            36 |            41 |       38.2778 |
|     PWR_PKG_ENERGY STAT    |   PWR0  |      82935.9426 |             0 |    82935.9426 |     4607.5524 |
|     PWR_PP0_ENERGY STAT    |   PWR1  |               0 |             0 |             0 |             0 |
|    PWR_DRAM_ENERGY STAT    |   PWR3  |       5754.9573 |             0 |     5754.9573 |      319.7199 |
|  PWR_PLATFORM_ENERGY STAT  |   PWR4  |               0 |             0 |             0 |             0 |
|   UNCORE_CLOCKTICKS STAT   | UBOXFIX |   1297312992712 |             0 | 1297312992712 |  7.207294e+10 |
+----------------------------+---------+-----------------+---------------+---------------+---------------+

+----------------------+------------+-----------+-----------+-----------+-----------+-----------+-----------+-----------+-----------+-----------+-------------+-------------+-------------+-------------+-------------+-------------+-------------+-------------+
|        Metric        |  f0880:0:0 | f0880:1:1 | f0880:2:2 | f0880:3:3 | f0880:4:4 | f0880:5:5 | f0880:6:6 | f0880:7:7 | f0880:8:8 | f0880:9:9 | f0880:10:10 | f0880:11:11 | f0880:12:12 | f0880:13:13 | f0880:14:14 | f0880:15:15 | f0880:16:16 | f0880:17:17 |
+----------------------+------------+-----------+-----------+-----------+-----------+-----------+-----------+-----------+-----------+-----------+-------------+-------------+-------------+-------------+-------------+-------------+-------------+-------------+
|  Runtime (RDTSC) [s] |   820.2852 |  820.2857 |  820.2739 |  820.2879 |  820.2825 |  820.2740 |  820.2968 |  820.2916 |  820.2794 |  820.2770 |    820.2816 |    820.2833 |    820.2802 |    820.2547 |    820.2802 |    820.2768 |    820.2765 |    820.2765 |
| Runtime unhalted [s] |   509.0072 |  509.2737 |  510.2916 |  510.2761 |  510.2564 |  510.2815 |  510.2799 |  510.2283 |  510.3092 |  510.2646 |    510.3073 |    510.1152 |    510.2648 |    510.2268 |    510.2985 |    510.3420 |    510.3317 |    510.2931 |
|      Clock [MHz]     |  1496.4626 | 1496.4554 | 1496.4638 | 1496.4596 | 1496.4620 | 1496.4610 | 1496.4315 | 1496.4625 | 1496.4631 | 1496.4638 |   1496.4633 |   1496.4601 |   1496.4637 |   1496.4639 |   1496.4629 |   1496.4626 |   1496.4624 |   1496.4650 |
|  Uncore Clock [MHz]  |  1581.5389 |         0 |         0 |         0 |         0 |         0 |         0 |         0 |         0 |         0 |           0 |           0 |           0 |           0 |           0 |           0 |           0 |           0 |
|          CPI         |     0.5003 |    0.5046 |    0.5075 |    0.5160 |    0.5285 |    0.5351 |    0.5365 |    0.5370 |    0.5371 |    0.5377 |      0.5649 |      0.5638 |      0.5614 |      0.5547 |      0.5436 |      0.5395 |      0.5346 |      0.5258 |
|    Temperature [C]   |         38 |        40 |        39 |        38 |        37 |        37 |        38 |        41 |        37 |        38 |          37 |          38 |          40 |          38 |          39 |          36 |          40 |          38 |
|      Energy [J]      | 82935.9426 |         0 |         0 |         0 |         0 |         0 |         0 |         0 |         0 |         0 |           0 |           0 |           0 |           0 |           0 |           0 |           0 |           0 |
|       Power [W]      |   101.1062 |         0 |         0 |         0 |         0 |         0 |         0 |         0 |         0 |         0 |           0 |           0 |           0 |           0 |           0 |           0 |           0 |           0 |
|    Energy PP0 [J]    |          0 |         0 |         0 |         0 |         0 |         0 |         0 |         0 |         0 |         0 |           0 |           0 |           0 |           0 |           0 |           0 |           0 |           0 |
|     Power PP0 [W]    |          0 |         0 |         0 |         0 |         0 |         0 |         0 |         0 |         0 |         0 |           0 |           0 |           0 |           0 |           0 |           0 |           0 |           0 |
|    Energy DRAM [J]   |  5754.9573 |         0 |         0 |         0 |         0 |         0 |         0 |         0 |         0 |         0 |           0 |           0 |           0 |           0 |           0 |           0 |           0 |           0 |
|    Power DRAM [W]    |     7.0158 |         0 |         0 |         0 |         0 |         0 |         0 |         0 |         0 |         0 |           0 |           0 |           0 |           0 |           0 |           0 |           0 |           0 |
|  Energy PLATFORM [J] |          0 |         0 |         0 |         0 |         0 |         0 |         0 |         0 |         0 |         0 |           0 |           0 |           0 |           0 |           0 |           0 |           0 |           0 |
|  Power PLATFORM [W]  |          0 |         0 |         0 |         0 |         0 |         0 |         0 |         0 |         0 |         0 |           0 |           0 |           0 |           0 |           0 |           0 |           0 |           0 |
+----------------------+------------+-----------+-----------+-----------+-----------+-----------+-----------+-----------+-----------+-----------+-------------+-------------+-------------+-------------+-------------+-------------+-------------+-------------+

+---------------------------+------------+-----------+------------+-----------+-----------+-----------+-----------+
|           Metric          |     Sum    |    Min    |     Max    |    Avg    |  %ile 25  |  %ile 50  |  %ile 75  |
+---------------------------+------------+-----------+------------+-----------+-----------+-----------+-----------+
|  Runtime (RDTSC) [s] STAT | 14765.0438 |  820.2547 |   820.2968 |  820.2802 |  820.2765 |  820.2802 |  820.2852 |
| Runtime unhalted [s] STAT |  9182.6479 |  509.0072 |   510.3420 |  510.1471 |  510.2283 |  510.2761 |  510.2985 |
|      Clock [MHz] STAT     | 26936.2892 | 1496.4315 |  1496.4650 | 1496.4605 | 1496.4610 | 1496.4626 | 1496.4637 |
|  Uncore Clock [MHz] STAT  |  1581.5389 |         0 |  1581.5389 |   87.8633 |         0 |         0 |         0 |
|          CPI STAT         |     9.6286 |    0.5003 |     0.5649 |    0.5349 |    0.5258 |    0.5365 |    0.5436 |
|    Temperature [C] STAT   |        689 |        36 |         41 |   38.2778 |        37 |        38 |        39 |
|      Energy [J] STAT      | 82935.9426 |         0 | 82935.9426 | 4607.5524 |         0 |         0 |         0 |
|       Power [W] STAT      |   101.1062 |         0 |   101.1062 |    5.6170 |         0 |         0 |         0 |
|    Energy PP0 [J] STAT    |          0 |         0 |          0 |         0 |         0 |         0 |         0 |
|     Power PP0 [W] STAT    |          0 |         0 |          0 |         0 |         0 |         0 |         0 |
|    Energy DRAM [J] STAT   |  5754.9573 |         0 |  5754.9573 |  319.7199 |         0 |         0 |         0 |
|    Power DRAM [W] STAT    |     7.0158 |         0 |     7.0158 |    0.3898 |         0 |         0 |         0 |
|  Energy PLATFORM [J] STAT |          0 |         0 |          0 |         0 |         0 |         0 |         0 |
|  Power PLATFORM [W] STAT  |          0 |         0 |          0 |         0 |         0 |         0 |         0 |
+---------------------------+------------+-----------+------------+-----------+-----------+-----------+-----------+

