Group: 1
+-----------------------+---------+----------------+----------------+----------------+----------------+----------------+----------------+----------------+----------------+----------------+----------------+----------------+----------------+----------------+----------------+----------------+----------------+----------------+----------------+
|         Event         | Counter |    f0880:0:0   |    f0880:1:1   |    f0880:2:2   |    f0880:3:3   |    f0880:4:4   |    f0880:5:5   |    f0880:6:6   |    f0880:7:7   |    f0880:8:8   |    f0880:9:9   |   f0880:10:10  |   f0880:11:11  |   f0880:12:12  |   f0880:13:13  |   f0880:14:14  |   f0880:15:15  |   f0880:16:16  |   f0880:17:17  |
+-----------------------+---------+----------------+----------------+----------------+----------------+----------------+----------------+----------------+----------------+----------------+----------------+----------------+----------------+----------------+----------------+----------------+----------------+----------------+----------------+
|   INSTR_RETIRED_ANY   |  FIXC0  |  3602002522208 |  3589810263064 |  3575970443730 |  3584600699381 |  3615117449999 |  3636891056971 |  3588755676519 |  3578183975140 |  3713733534161 |  3682437771811 |  3687103787597 |  3735173295570 |  3779981506919 |  3771390555829 |  3775772109691 |  3707008743166 |  3717181643086 |  3664494777986 |
| CPU_CLK_UNHALTED_CORE |  FIXC1  |  2246798578032 |  2244086235438 |  2248085847015 |  2247724721213 |  2248268007091 |  2248393396799 |  2248189417597 |  2247869118435 |  2249017346885 |  2247414251099 |  2247945370541 |  2248053315475 |  2248429785064 |  2248062034514 |  2247964020671 |  2248201139592 |  2248216218713 |  2248001547179 |
|  CPU_CLK_UNHALTED_REF |  FIXC2  |  2696150352096 |  2692889547360 |  2697691642752 |  2697254835552 |  2697916849632 |  2698059898368 |  2697816447648 |  2697429027744 |  2698811012832 |  2696881070400 |  2697520842816 |  2697654916992 |  2698107581856 |  2697663237408 |  2697543862272 |  2697833409504 |  2697848425152 |  2697588609408 |
|     TOPDOWN_SLOTS     |  FIXC3  | 11233992890160 | 11220431177190 | 11240429235075 | 11238623606065 | 11241340035455 | 11241966983995 | 11240947087985 | 11239345592175 | 11245086734425 | 11237071255495 | 11239726852705 | 11240266577375 | 11242148925320 | 11240310172570 | 11239820103355 | 11241005697960 | 11241081093565 | 11240007735895 |
|       TEMP_CORE       |   TMP0  |             41 |             42 |             42 |             40 |             39 |             39 |             40 |             42 |             40 |             39 |             39 |             41 |             41 |             40 |             42 |             38 |             42 |             40 |
|     PWR_PKG_ENERGY    |   PWR0  |    131922.9139 |              0 |              0 |              0 |              0 |              0 |              0 |              0 |              0 |              0 |              0 |              0 |              0 |              0 |              0 |              0 |              0 |              0 |
|     PWR_PP0_ENERGY    |   PWR1  |              0 |              0 |              0 |              0 |              0 |              0 |              0 |              0 |              0 |              0 |              0 |              0 |              0 |              0 |              0 |              0 |              0 |              0 |
|    PWR_DRAM_ENERGY    |   PWR3  |      9672.3679 |              0 |              0 |              0 |              0 |              0 |              0 |              0 |              0 |              0 |              0 |              0 |              0 |              0 |              0 |              0 |              0 |              0 |
|  PWR_PLATFORM_ENERGY  |   PWR4  |              0 |              0 |              0 |              0 |              0 |              0 |              0 |              0 |              0 |              0 |              0 |              0 |              0 |              0 |              0 |              0 |              0 |              0 |
|   UNCORE_CLOCKTICKS   | UBOXFIX |  1801346026109 |              0 |              0 |              0 |              0 |              0 |              0 |              0 |              0 |              0 |              0 |              0 |              0 |              0 |              0 |              0 |              0 |              0 |
+-----------------------+---------+----------------+----------------+----------------+----------------+----------------+----------------+----------------+----------------+----------------+----------------+----------------+----------------+----------------+----------------+----------------+----------------+----------------+----------------+

+----------------------------+---------+-----------------+----------------+----------------+--------------+
|            Event           | Counter |       Sum       |       Min      |       Max      |      Avg     |
+----------------------------+---------+-----------------+----------------+----------------+--------------+
|   INSTR_RETIRED_ANY STAT   |  FIXC0  |  66005609812828 |  3575970443730 |  3779981506919 | 3.666978e+12 |
| CPU_CLK_UNHALTED_CORE STAT |  FIXC1  |  40460720351353 |  2244086235438 |  2249017346885 | 2.247818e+12 |
|  CPU_CLK_UNHALTED_REF STAT |  FIXC2  |  48552661569792 |  2692889547360 |  2698811012832 | 2.697370e+12 |
|     TOPDOWN_SLOTS STAT     |  FIXC3  | 202303601756765 | 11220431177190 | 11245086734425 |      nil     |
|       TEMP_CORE STAT       |   TMP0  |             727 |             38 |             42 |      40.3889 |
|     PWR_PKG_ENERGY STAT    |   PWR0  |     131922.9139 |              0 |    131922.9139 |    7329.0508 |
|     PWR_PP0_ENERGY STAT    |   PWR1  |               0 |              0 |              0 |            0 |
|    PWR_DRAM_ENERGY STAT    |   PWR3  |       9672.3679 |              0 |      9672.3679 |     537.3538 |
|  PWR_PLATFORM_ENERGY STAT  |   PWR4  |               0 |              0 |              0 |            0 |
|   UNCORE_CLOCKTICKS STAT   | UBOXFIX |   1801346026109 |              0 |  1801346026109 | 1.000748e+11 |
+----------------------------+---------+-----------------+----------------+----------------+--------------+

+----------------------+-------------+-----------+-----------+-----------+-----------+-----------+-----------+-----------+-----------+-----------+-------------+-------------+-------------+-------------+-------------+-------------+-------------+-------------+
|        Metric        |  f0880:0:0  | f0880:1:1 | f0880:2:2 | f0880:3:3 | f0880:4:4 | f0880:5:5 | f0880:6:6 | f0880:7:7 | f0880:8:8 | f0880:9:9 | f0880:10:10 | f0880:11:11 | f0880:12:12 | f0880:13:13 | f0880:14:14 | f0880:15:15 | f0880:16:16 | f0880:17:17 |
+----------------------+-------------+-----------+-----------+-----------+-----------+-----------+-----------+-----------+-----------+-----------+-------------+-------------+-------------+-------------+-------------+-------------+-------------+-------------+
|  Runtime (RDTSC) [s] |   1135.1000 | 1134.9080 | 1134.9110 | 1134.9120 | 1134.9230 | 1134.9020 | 1134.9020 | 1134.9130 | 1134.9220 | 1135.1110 |   1134.9020 |   1134.9780 |   1134.9240 |   1134.8930 |   1134.9050 |   1134.9020 |   1134.8970 |   1134.8980 |
| Runtime unhalted [s] |    938.5394 |  937.2477 |  938.9181 |  938.7674 |  938.9943 |  939.0473 |  938.9638 |  938.8274 |  939.3079 |  938.8059 |    938.8599 |    938.9563 |    939.0630 |    938.9083 |    938.8662 |    938.9667 |    938.9732 |    938.8841 |
|      Clock [MHz]     |   1994.9483 | 1995.2905 | 1995.2889 | 1995.2910 | 1995.2837 | 1995.2879 | 1995.2832 | 1995.2911 | 1995.2860 | 1994.9346 |   1995.2894 |   1995.1770 |   1995.2839 |   1995.2885 |   1995.2922 |   1995.2852 |   1995.2873 |   1995.2876 |
|  Uncore Clock [MHz]  |   1586.9492 |         0 |         0 |         0 |         0 |         0 |         0 |         0 |         0 |         0 |           0 |           0 |           0 |           0 |           0 |           0 |           0 |           0 |
|          CPI         |      0.6238 |    0.6251 |    0.6287 |    0.6271 |    0.6219 |    0.6182 |    0.6265 |    0.6282 |    0.6056 |    0.6103 |      0.6097 |      0.6019 |      0.5948 |      0.5961 |      0.5954 |      0.6065 |      0.6048 |      0.6135 |
|    Temperature [C]   |          41 |        42 |        42 |        40 |        39 |        39 |        40 |        42 |        40 |        39 |          39 |          41 |          41 |          40 |          42 |          38 |          42 |          40 |
|      Energy [J]      | 131922.9139 |         0 |         0 |         0 |         0 |         0 |         0 |         0 |         0 |         0 |           0 |           0 |           0 |           0 |           0 |           0 |           0 |           0 |
|       Power [W]      |    116.2214 |         0 |         0 |         0 |         0 |         0 |         0 |         0 |         0 |         0 |           0 |           0 |           0 |           0 |           0 |           0 |           0 |           0 |
|    Energy PP0 [J]    |           0 |         0 |         0 |         0 |         0 |         0 |         0 |         0 |         0 |         0 |           0 |           0 |           0 |           0 |           0 |           0 |           0 |           0 |
|     Power PP0 [W]    |           0 |         0 |         0 |         0 |         0 |         0 |         0 |         0 |         0 |         0 |           0 |           0 |           0 |           0 |           0 |           0 |           0 |           0 |
|    Energy DRAM [J]   |   9672.3679 |         0 |         0 |         0 |         0 |         0 |         0 |         0 |         0 |         0 |           0 |           0 |           0 |           0 |           0 |           0 |           0 |           0 |
|    Power DRAM [W]    |      8.5212 |         0 |         0 |         0 |         0 |         0 |         0 |         0 |         0 |         0 |           0 |           0 |           0 |           0 |           0 |           0 |           0 |           0 |
|  Energy PLATFORM [J] |           0 |         0 |         0 |         0 |         0 |         0 |         0 |         0 |         0 |         0 |           0 |           0 |           0 |           0 |           0 |           0 |           0 |           0 |
|  Power PLATFORM [W]  |           0 |         0 |         0 |         0 |         0 |         0 |         0 |         0 |         0 |         0 |           0 |           0 |           0 |           0 |           0 |           0 |           0 |           0 |
+----------------------+-------------+-----------+-----------+-----------+-----------+-----------+-----------+-----------+-----------+-----------+-------------+-------------+-------------+-------------+-------------+-------------+-------------+-------------+

+---------------------------+-------------+-----------+-------------+-----------+-----------+-----------+-----------+
|           Metric          |     Sum     |    Min    |     Max     |    Avg    |  %ile 25  |  %ile 50  |  %ile 75  |
+---------------------------+-------------+-----------+-------------+-----------+-----------+-----------+-----------+
|  Runtime (RDTSC) [s] STAT |  20428.8030 | 1134.8930 |   1135.1110 | 1134.9335 | 1134.9020 | 1134.9080 | 1134.9230 |
| Runtime unhalted [s] STAT |  16898.8969 |  937.2477 |    939.3079 |  938.8276 |  938.8274 |  938.9083 |  938.9732 |
|      Clock [MHz] STAT     |  35914.3763 | 1994.9346 |   1995.2922 | 1995.2431 | 1995.2837 | 1995.2873 | 1995.2894 |
|  Uncore Clock [MHz] STAT  |   1586.9492 |         0 |   1586.9492 |   88.1638 |         0 |         0 |         0 |
|          CPI STAT         |     11.0381 |    0.5948 |      0.6287 |    0.6132 |    0.6048 |    0.6103 |    0.6251 |
|    Temperature [C] STAT   |         727 |        38 |          42 |   40.3889 |        39 |        40 |        42 |
|      Energy [J] STAT      | 131922.9139 |         0 | 131922.9139 | 7329.0508 |         0 |         0 |         0 |
|       Power [W] STAT      |    116.2214 |         0 |    116.2214 |    6.4567 |         0 |         0 |         0 |
|    Energy PP0 [J] STAT    |           0 |         0 |           0 |         0 |         0 |         0 |         0 |
|     Power PP0 [W] STAT    |           0 |         0 |           0 |         0 |         0 |         0 |         0 |
|    Energy DRAM [J] STAT   |   9672.3679 |         0 |   9672.3679 |  537.3538 |         0 |         0 |         0 |
|    Power DRAM [W] STAT    |      8.5212 |         0 |      8.5212 |    0.4734 |         0 |         0 |         0 |
|  Energy PLATFORM [J] STAT |           0 |         0 |           0 |         0 |         0 |         0 |         0 |
|  Power PLATFORM [W] STAT  |           0 |         0 |           0 |         0 |         0 |         0 |         0 |
+---------------------------+-------------+-----------+-------------+-----------+-----------+-----------+-----------+

