                   :-) GROMACS - gmx mdrun, 2025.2-spack (-:

Executable:   /apps/SPACK/0.23.0/opt/linux-almalinux9-zen4/gcc-11.4.1/gromacs-2025.2-y4v7dqwvnpcybafuodisfw35wrrzwytk/bin/gmx
Data prefix:  /apps/SPACK/0.23.0/opt/linux-almalinux9-zen4/gcc-11.4.1/gromacs-2025.2-y4v7dqwvnpcybafuodisfw35wrrzwytk
Working dir:  /home/hpc/ihpc/ihpc161h/GROMACS-BAthesis/runs/gromacs_H100-cap/630
Command line:
  gmx mdrun -nsteps 200000 -maxh 0.2 -ntomp 16 -bonded gpu -update gpu -pme gpu -nb gpu -ntmpi 1 -pin on -pinstride 1 -s /home/hpc/ihpc/ihpc161h/GROMACS-BAthesis/inputs/stmv_pme_nvt.tpr -deffnm stmv_pme_nvt_630_h12-12_perflog -g stmv_pme_nvt_630_h12-12_perflog.log -gpu_id 0

Reading file /home/hpc/ihpc/ihpc161h/GROMACS-BAthesis/inputs/stmv_pme_nvt.tpr, VERSION 2019.5 (single precision)
Note: file tpx version 116, software tpx version 137
Overriding nsteps with value passed on the command line: 200000 steps, 400 ps
Changing nstlist from 10 to 100, rlist from 1.2 to 1.339


1 GPU selected for this run.
Mapping of GPU IDs to the 2 GPU tasks in the 1 rank on this node:
  PP:0,PME:0
PP tasks will do (non-perturbed) short-ranged and most bonded interactions on the GPU
PP task will update and constrain coordinates on the GPU
PME tasks will do all aspects on the GPU
Using 1 MPI thread
Using 16 OpenMP threads 


Overriding thread affinity set outside gmx mdrun
starting mdrun 'ConvertedSystem'
200000 steps,    400.0 ps.

Step 171300: Run time exceeded 0.198 hours, will terminate the run within 100 steps

               Core t (s)   Wall t (s)        (%)
       Time:    11415.258      713.459     1600.0
                 (ns/day)    (hour/ns)
Performance:       41.513        0.578

GROMACS reminds you: "Yeah, a Wuzz, Or a Jerk" (F. Black)

