Group: 1
+-----------------------+---------+---------------+---------------+---------------+---------------+---------------+---------------+---------------+---------------+---------------+---------------+---------------+---------------+---------------+---------------+---------------+---------------+---------------+---------------+
|         Event         | Counter |   f0404:0:0   |   f0404:1:1   |   f0404:2:2   |   f0404:3:3   |   f0404:4:4   |   f0404:5:5   |   f0404:6:6   |   f0404:7:7   |   f0404:8:8   |   f0404:9:9   |  f0404:10:10  |  f0404:11:11  |  f0404:12:12  |  f0404:13:13  |  f0404:14:14  |  f0404:15:15  |  f0404:16:16  |  f0404:17:17  |
+-----------------------+---------+---------------+---------------+---------------+---------------+---------------+---------------+---------------+---------------+---------------+---------------+---------------+---------------+---------------+---------------+---------------+---------------+---------------+---------------+
|   INSTR_RETIRED_ANY   |  FIXC0  | 2214580037015 | 2208267236674 | 2198805104764 | 2164191264334 | 2111884197236 | 2101185757428 | 2070064522051 | 2075695865503 | 2071161694513 | 2072453534655 | 2071676189594 | 2089525536975 | 2124363679461 | 2180200338227 | 2191876627734 | 2191941343772 | 2158665025264 | 2153889737941 |
| CPU_CLK_UNHALTED_CORE |  FIXC1  | 1124087185534 | 1125115706937 | 1125664552688 | 1125602469346 | 1125617291517 | 1125619543987 | 1125508754668 | 1125467377101 | 1125570678180 | 1125643519722 | 1125525875297 | 1125515461760 | 1123419945866 | 1125535914512 | 1125568660221 | 1125531311335 | 1125596568932 | 1125599287247 |
|  CPU_CLK_UNHALTED_REF |  FIXC2  | 1798534169856 | 1800179147040 | 1801056952992 | 1800958604448 | 1800982503360 | 1800985749888 | 1800809608704 | 1800743600640 | 1800905850432 | 1801023063744 | 1800835496448 | 1800818198880 | 1797465537792 | 1800853641984 | 1800905284224 | 1800843283008 | 1800949211712 | 1800953185248 |
|     TOPDOWN_SLOTS     |  FIXC3  | 5620435927670 | 5625578534685 | 5628322763440 | 5628012346730 | 5628086457585 | 5628097719935 | 5627543773340 | 5627336885505 | 5627853390900 | 5628217598610 | 5627629376485 | 5627577308800 | 5617099729330 | 5627679572560 | 5627843301105 | 5627656556675 | 5627982844660 | 5627996436235 |
|       TEMP_CORE       |   TMP0  |            34 |            36 |            37 |            36 |            35 |            35 |            36 |            37 |            35 |            32 |            34 |            34 |            36 |            33 |            35 |            34 |            33 |            34 |
|     PWR_PKG_ENERGY    |   PWR0  |    79595.0104 |             0 |             0 |             0 |             0 |             0 |             0 |             0 |             0 |             0 |             0 |             0 |             0 |             0 |             0 |             0 |             0 |             0 |
|     PWR_PP0_ENERGY    |   PWR1  |             0 |             0 |             0 |             0 |             0 |             0 |             0 |             0 |             0 |             0 |             0 |             0 |             0 |             0 |             0 |             0 |             0 |             0 |
|    PWR_DRAM_ENERGY    |   PWR3  |     5801.3351 |             0 |             0 |             0 |             0 |             0 |             0 |             0 |             0 |             0 |             0 |             0 |             0 |             0 |             0 |             0 |             0 |             0 |
|  PWR_PLATFORM_ENERGY  |   PWR4  |             0 |             0 |             0 |             0 |             0 |             0 |             0 |             0 |             0 |             0 |             0 |             0 |             0 |             0 |             0 |             0 |             0 |             0 |
|   UNCORE_CLOCKTICKS   | UBOXFIX | 1201408134529 |             0 |             0 |             0 |             0 |             0 |             0 |             0 |             0 |             0 |             0 |             0 |             0 |             0 |             0 |             0 |             0 |             0 |
+-----------------------+---------+---------------+---------------+---------------+---------------+---------------+---------------+---------------+---------------+---------------+---------------+---------------+---------------+---------------+---------------+---------------+---------------+---------------+---------------+

+----------------------------+---------+-----------------+---------------+---------------+--------------+
|            Event           | Counter |       Sum       |      Min      |      Max      |      Avg     |
+----------------------------+---------+-----------------+---------------+---------------+--------------+
|   INSTR_RETIRED_ANY STAT   |  FIXC0  |  38450427693141 | 2070064522051 | 2214580037015 | 2.136135e+12 |
| CPU_CLK_UNHALTED_CORE STAT |  FIXC1  |  20256190104850 | 1123419945866 | 1125664552688 | 1.125344e+12 |
|  CPU_CLK_UNHALTED_REF STAT |  FIXC2  |  32409803090400 | 1797465537792 | 1801056952992 | 1.800545e+12 |
|     TOPDOWN_SLOTS STAT     |  FIXC3  | 101280950524250 | 5617099729330 | 5628322763440 | 5.626719e+12 |
|       TEMP_CORE STAT       |   TMP0  |             626 |            32 |            37 |      34.7778 |
|     PWR_PKG_ENERGY STAT    |   PWR0  |      79595.0104 |             0 |    79595.0104 |    4421.9450 |
|     PWR_PP0_ENERGY STAT    |   PWR1  |               0 |             0 |             0 |            0 |
|    PWR_DRAM_ENERGY STAT    |   PWR3  |       5801.3351 |             0 |     5801.3351 |     322.2964 |
|  PWR_PLATFORM_ENERGY STAT  |   PWR4  |               0 |             0 |             0 |            0 |
|   UNCORE_CLOCKTICKS STAT   | UBOXFIX |   1201408134529 |             0 | 1201408134529 | 6.674490e+10 |
+----------------------------+---------+-----------------+---------------+---------------+--------------+

+----------------------+------------+-----------+-----------+-----------+-----------+-----------+-----------+-----------+-----------+-----------+-------------+-------------+-------------+-------------+-------------+-------------+-------------+-------------+
|        Metric        |  f0404:0:0 | f0404:1:1 | f0404:2:2 | f0404:3:3 | f0404:4:4 | f0404:5:5 | f0404:6:6 | f0404:7:7 | f0404:8:8 | f0404:9:9 | f0404:10:10 | f0404:11:11 | f0404:12:12 | f0404:13:13 | f0404:14:14 | f0404:15:15 | f0404:16:16 | f0404:17:17 |
+----------------------+------------+-----------+-----------+-----------+-----------+-----------+-----------+-----------+-----------+-----------+-------------+-------------+-------------+-------------+-------------+-------------+-------------+-------------+
|  Runtime (RDTSC) [s] |   755.7696 |  755.7707 |  755.8246 |  755.7725 |  755.7862 |  755.8663 |  755.7804 |  755.7744 |  755.7260 |  755.8138 |    755.7734 |    755.7676 |    755.7751 |    755.7614 |    755.7498 |    755.7688 |    755.7881 |    755.7768 |
| Runtime unhalted [s] |   469.4769 |  469.9068 |  470.1659 |  470.1106 |  470.1156 |  470.1823 |  470.0714 |  470.0539 |  470.0967 |  470.1581 |    470.0778 |    470.0749 |    469.1985 |    470.0823 |    470.0956 |    470.0800 |    470.1091 |    470.1090 |
|      Clock [MHz]     |  1496.4667 | 1496.4663 | 1496.3715 | 1496.4642 | 1496.4676 | 1496.2589 | 1496.4635 | 1496.4641 | 1496.4677 | 1496.3683 |   1496.4670 |   1496.4630 |   1496.4666 |   1496.4644 |   1496.4662 |   1496.4681 |   1496.4609 |   1496.4651 |
|  Uncore Clock [MHz]  |  1589.6487 |         0 |         0 |         0 |         0 |         0 |         0 |         0 |         0 |         0 |           0 |           0 |           0 |           0 |           0 |           0 |           0 |           0 |
|          CPI         |     0.5076 |    0.5095 |    0.5119 |    0.5201 |    0.5330 |    0.5357 |    0.5437 |    0.5422 |    0.5434 |    0.5431 |      0.5433 |      0.5386 |      0.5288 |      0.5163 |      0.5135 |      0.5135 |      0.5214 |      0.5226 |
|    Temperature [C]   |         34 |        36 |        37 |        36 |        35 |        35 |        36 |        37 |        35 |        32 |          34 |          34 |          36 |          33 |          35 |          34 |          33 |          34 |
|      Energy [J]      | 79595.0104 |         0 |         0 |         0 |         0 |         0 |         0 |         0 |         0 |         0 |           0 |           0 |           0 |           0 |           0 |           0 |           0 |           0 |
|       Power [W]      |   105.3165 |         0 |         0 |         0 |         0 |         0 |         0 |         0 |         0 |         0 |           0 |           0 |           0 |           0 |           0 |           0 |           0 |           0 |
|    Energy PP0 [J]    |          0 |         0 |         0 |         0 |         0 |         0 |         0 |         0 |         0 |         0 |           0 |           0 |           0 |           0 |           0 |           0 |           0 |           0 |
|     Power PP0 [W]    |          0 |         0 |         0 |         0 |         0 |         0 |         0 |         0 |         0 |         0 |           0 |           0 |           0 |           0 |           0 |           0 |           0 |           0 |
|    Energy DRAM [J]   |  5801.3351 |         0 |         0 |         0 |         0 |         0 |         0 |         0 |         0 |         0 |           0 |           0 |           0 |           0 |           0 |           0 |           0 |           0 |
|    Power DRAM [W]    |     7.6761 |         0 |         0 |         0 |         0 |         0 |         0 |         0 |         0 |         0 |           0 |           0 |           0 |           0 |           0 |           0 |           0 |           0 |
|  Energy PLATFORM [J] |          0 |         0 |         0 |         0 |         0 |         0 |         0 |         0 |         0 |         0 |           0 |           0 |           0 |           0 |           0 |           0 |           0 |           0 |
|  Power PLATFORM [W]  |          0 |         0 |         0 |         0 |         0 |         0 |         0 |         0 |         0 |         0 |           0 |           0 |           0 |           0 |           0 |           0 |           0 |           0 |
+----------------------+------------+-----------+-----------+-----------+-----------+-----------+-----------+-----------+-----------+-----------+-------------+-------------+-------------+-------------+-------------+-------------+-------------+-------------+

+---------------------------+------------+-----------+------------+-----------+-----------+-----------+-----------+
|           Metric          |     Sum    |    Min    |     Max    |    Avg    |  %ile 25  |  %ile 50  |  %ile 75  |
+---------------------------+------------+-----------+------------+-----------+-----------+-----------+-----------+
|  Runtime (RDTSC) [s] STAT | 13604.0455 |  755.7260 |   755.8663 |  755.7803 |  755.7688 |  755.7734 |  755.7862 |
| Runtime unhalted [s] STAT |  8460.1654 |  469.1985 |   470.1823 |  470.0092 |  470.0714 |  470.0823 |  470.1106 |
|      Clock [MHz] STAT     | 26935.9801 | 1496.2589 |  1496.4681 | 1496.4433 | 1496.4630 | 1496.4644 | 1496.4667 |
|  Uncore Clock [MHz] STAT  |  1589.6487 |         0 |  1589.6487 |   88.3138 |         0 |         0 |         0 |
|          CPI STAT         |     9.4882 |    0.5076 |     0.5437 |    0.5271 |    0.5135 |    0.5226 |    0.5422 |
|    Temperature [C] STAT   |        626 |        32 |         37 |   34.7778 |        34 |        35 |        36 |
|      Energy [J] STAT      | 79595.0104 |         0 | 79595.0104 | 4421.9450 |         0 |         0 |         0 |
|       Power [W] STAT      |   105.3165 |         0 |   105.3165 |    5.8509 |         0 |         0 |         0 |
|    Energy PP0 [J] STAT    |          0 |         0 |          0 |         0 |         0 |         0 |         0 |
|     Power PP0 [W] STAT    |          0 |         0 |          0 |         0 |         0 |         0 |         0 |
|    Energy DRAM [J] STAT   |  5801.3351 |         0 |  5801.3351 |  322.2964 |         0 |         0 |         0 |
|    Power DRAM [W] STAT    |     7.6761 |         0 |     7.6761 |    0.4264 |         0 |         0 |         0 |
|  Energy PLATFORM [J] STAT |          0 |         0 |          0 |         0 |         0 |         0 |         0 |
|  Power PLATFORM [W] STAT  |          0 |         0 |          0 |         0 |         0 |         0 |         0 |
+---------------------------+------------+-----------+------------+-----------+-----------+-----------+-----------+

