
          -------------------------------------------------------
          Amber 20 PMEMD                              2020
          -------------------------------------------------------

| PMEMD implementation of SANDER, Release 18

|  Compiled date/time: Fri Dec 17 14:50:05 2021
| Run on 02/15/2022 at 12:33:32

|   Executable path: /apps/amber/Amber20/20p12-at21p11-ompi-intel/bin/pmemd.MPI
| Working directory: /home/titan/unrz/unrz007h/benchmark_fritz/AMBER/3-20p12-at21p11-ompi-intel/n004/42391
|          Hostname: f0179.nhr.fau.de

  [-O]verwriting output

File Assignments:
|   MDIN: ../jac.mdin                                                           
|  MDOUT: jac.output                                                            
| INPCRD: ../jac.inpcrd                                                         
|   PARM: ../jac.prmtop                                                         
| RESTRT: restrt                                                                
|   REFC: refc                                                                  
|  MDVEL: mdvel                                                                 
|   MDEN: mden                                                                  
|  MDCRD: mdcrd                                                                 
| MDINFO: mdinfo                                                                
|LOGFILE: logfile                                                               
|  MDFRC: mdfrc                                                                 

 
 Here is the input file:
 
 this is the "jac production nve" simulation from the Amber web site           
 &cntrl                                                                        
   ntx=7, irest=1,                                                             
   ntc=2, ntf=2, tol=0.000001,                                                 
   nstlim=50000,                                                               
   ntpr=1000, ntwx=1000,                                                       
   ntwr=10000,                                                                 
   dt=0.002, vlimit=10.0,                                                      
   cut=8.,                                                                     
   ntt=0, ioutfm=1,                                                            
 /                                                                             
 &ewald                                                                        
  dsum_tol=0.000001,                                                           
 /                                                                             
                                                                               


Note: ig = -1. Setting random seed to   197943 based on wallclock time in
      microseconds and disabling the synchronization of random numbers 
      between tasks to improve performance.
| irandom = 1, using AMBER's internal random number generator (default).
 
 
| Conditional Compilation Defines Used:
| MPI
| FFTW_FFT
| BINTRAJ
| MKL
| EMIL
 
| Largest sphere to fit in unit cell has radius =    31.115

|  INFO: Old style PARM file read


| Note: 1-4 EEL scale factors were NOT found in the topology file.
|       Using default value of 1.2.

| Note: 1-4 VDW scale factors were NOT found in the topology file.
|       Using default value of 2.0.
| Duplicated    0 dihedrals

| Duplicated    0 dihedrals

--------------------------------------------------------------------------------
   1.  RESOURCE   USE: 
--------------------------------------------------------------------------------

 getting new box info from bottom of inpcrd
 NATOM  =   23558 NTYPES =      16 NBONH =   22290 MBONA  =    1302
 NTHETH =    2789 MTHETA =    1772 NPHIH =    5026 MPHIA  =    3140
 NHPARM =       0 NPARM  =       0 NNB   =   41859 NRES   =    7182
 NBONA  =    1302 NTHETA =    1772 NPHIA =    3140 NUMBND =      45
 NUMANG =      91 NPTRA  =      33 NATYP =      31 NPHB   =       1
 IFBOX  =       1 NMXRS  =      25 IFCAP =       0 NEXTRA =       0
 NCOPY  =       0

| Coordinate Index Table dimensions:    12   12   12
| Direct force subcell size =     5.1858    5.1858    5.1858

     BOX TYPE: RECTILINEAR

--------------------------------------------------------------------------------
   2.  CONTROL  DATA  FOR  THE  RUN
--------------------------------------------------------------------------------

                                                                                

General flags:
     imin    =       0, nmropt  =       0

Nature and format of input:
     ntx     =       7, irest   =       1, ntrx    =       1

Nature and format of output:
     ntxo    =       2, ntpr    =    1000, ntrx    =       1, ntwr    =   10000
     iwrap   =       0, ntwx    =    1000, ntwv    =       0, ntwe    =       0
     ioutfm  =       1, ntwprt  =       0, idecomp =       0, rbornstat=      0

Potential function:
     ntf     =       2, ntb     =       1, igb     =       0, nsnb    =      25
     ipol    =       0, gbsa    =       0, iesp    =       0
     dielc   =   1.00000, cut     =   8.00000, intdiel =   1.00000

Frozen or restrained atoms:
     ibelly  =       0, ntr     =       0

Molecular dynamics:
     nstlim  =     50000, nscm    =      1000, nrespa  =         1
     t       =   0.00000, dt      =   0.00200, vlimit  =  10.00000

SHAKE:
     ntc     =       2, jfastw  =       0
     tol     =   0.00000

| Intermolecular bonds treatment:
|     no_intermolecular_bonds =       1

| Energy averages sample interval:
|     ene_avg_sampling =    1000

Ewald parameters:
     verbose =       0, ew_type =       0, nbflag  =       1, use_pme =       1
     vdwmeth =       1, eedmeth =       1, netfrc  =       1
     Box X =   62.230   Box Y =   62.230   Box Z =   62.230
     Alpha =   90.000   Beta  =   90.000   Gamma =   90.000
     NFFT1 =   64       NFFT2 =   64       NFFT3 =   64
     Cutoff=    8.000   Tol   =0.100E-05
     Ewald Coefficient =  0.39467
     Interpolation order =    4

| PMEMD ewald parallel performance parameters:
|     block_fft =    1
|     fft_blk_y_divisor =    4
|     excl_recip =    1
|     excl_master =    1
|     atm_redist_freq =   32

--------------------------------------------------------------------------------
   3.  ATOMIC COORDINATES AND VELOCITIES
--------------------------------------------------------------------------------

                                                                                
 begin time read from input coords =     6.000 ps

 
 Number of triangulated 3-point waters found:     7023

     Sum of charges from parm topology file = -11.00000006
     Assuming uniform neutralizing plasma

| Dynamic Memory, Types Used:
| Reals             1006748
| Integers           979133

| Nonbonded Pairs Initial Allocation:       49732

| Running AMBER/MPI version on  216 MPI task

 
--------------------------------------------------------------------------------
   4.  RESULTS
--------------------------------------------------------------------------------

 ---------------------------------------------------
 APPROXIMATING switch and d/dx switch using CUBIC SPLINE INTERPOLATION
 using   5000.0 points per unit in tabled values
 TESTING RELATIVE ERROR over r ranging from 0.0 to cutoff
| CHECK switch(x): max rel err =   0.3316E-14   at   2.351880
| CHECK d/dx switch(x): max rel err =   0.8789E-11   at   2.875760
 ---------------------------------------------------
|---------------------------------------------------
| APPROXIMATING direct energy using CUBIC SPLINE INTERPOLATION
|  with   50.0 points per unit in tabled values
| Relative Error Limit not exceeded for r .gt.   2.52
| APPROXIMATING direct force using CUBIC SPLINE INTERPOLATION
|  with   50.0 points per unit in tabled values
| Relative Error Limit not exceeded for r .gt.   2.92
|---------------------------------------------------
check COM velocity, temp:        0.003907     0.02(Removed)

 NSTEP =     1000   TIME(PS) =       8.000  TEMP(K) =   297.25  PRESS =     0.0
 Etot   =    -58137.3976  EKtot   =     14289.1671  EPtot      =    -72426.5647
 BOND   =       442.9063  ANGLE   =      1158.8373  DIHED      =       976.7996
 1-4 NB =       561.2566  1-4 EEL =      6604.4324  VDWAALS    =      8283.4046
 EELEC  =    -90454.2016  EHBOND  =         0.0000  RESTRAINT  =         0.0000
 Ewald error estimate:   0.2334E-04
 ------------------------------------------------------------------------------

check COM velocity, temp:        0.000000     0.00(Removed)

 NSTEP =     2000   TIME(PS) =      10.000  TEMP(K) =   293.23  PRESS =     0.0
 Etot   =    -58136.3826  EKtot   =     14095.7112  EPtot      =    -72232.0938
 BOND   =       478.8423  ANGLE   =      1184.9294  DIHED      =       970.8744
 1-4 NB =       548.0210  1-4 EEL =      6570.1854  VDWAALS    =      8062.5885
 EELEC  =    -90047.5349  EHBOND  =         0.0000  RESTRAINT  =         0.0000
 Ewald error estimate:   0.3163E-05
 ------------------------------------------------------------------------------

check COM velocity, temp:        0.000000     0.00(Removed)

 NSTEP =     3000   TIME(PS) =      12.000  TEMP(K) =   296.45  PRESS =     0.0
 Etot   =    -58140.4433  EKtot   =     14250.8044  EPtot      =    -72391.2477
 BOND   =       476.2508  ANGLE   =      1187.8341  DIHED      =      1003.4855
 1-4 NB =       551.4565  1-4 EEL =      6603.4255  VDWAALS    =      8335.3073
 EELEC  =    -90549.0074  EHBOND  =         0.0000  RESTRAINT  =         0.0000
 Ewald error estimate:   0.3105E-04
 ------------------------------------------------------------------------------

check COM velocity, temp:        0.000000     0.00(Removed)

 NSTEP =     4000   TIME(PS) =      14.000  TEMP(K) =   297.70  PRESS =     0.0
 Etot   =    -58141.4315  EKtot   =     14310.6076  EPtot      =    -72452.0391
 BOND   =       468.1576  ANGLE   =      1246.0448  DIHED      =       968.7392
 1-4 NB =       541.7479  1-4 EEL =      6553.8940  VDWAALS    =      8314.4405
 EELEC  =    -90545.0631  EHBOND  =         0.0000  RESTRAINT  =         0.0000
 Ewald error estimate:   0.5263E-04
 ------------------------------------------------------------------------------

check COM velocity, temp:        0.000000     0.00(Removed)

 NSTEP =     5000   TIME(PS) =      16.000  TEMP(K) =   296.08  PRESS =     0.0
 Etot   =    -58139.9598  EKtot   =     14232.7288  EPtot      =    -72372.6885
 BOND   =       455.9310  ANGLE   =      1287.1596  DIHED      =       994.7303
 1-4 NB =       560.7264  1-4 EEL =      6585.3378  VDWAALS    =      8223.1801
 EELEC  =    -90479.7538  EHBOND  =         0.0000  RESTRAINT  =         0.0000
 Ewald error estimate:   0.1182E-04
 ------------------------------------------------------------------------------

check COM velocity, temp:        0.000000     0.00(Removed)

 NSTEP =     6000   TIME(PS) =      18.000  TEMP(K) =   296.80  PRESS =     0.0
 Etot   =    -58143.3014  EKtot   =     14267.6396  EPtot      =    -72410.9410
 BOND   =       461.5534  ANGLE   =      1216.1873  DIHED      =      1010.9354
 1-4 NB =       555.6882  1-4 EEL =      6600.1328  VDWAALS    =      8401.0344
 EELEC  =    -90656.4724  EHBOND  =         0.0000  RESTRAINT  =         0.0000
 Ewald error estimate:   0.1283E-04
 ------------------------------------------------------------------------------

check COM velocity, temp:        0.000000     0.00(Removed)

 NSTEP =     7000   TIME(PS) =      20.000  TEMP(K) =   294.99  PRESS =     0.0
 Etot   =    -58139.8358  EKtot   =     14180.3855  EPtot      =    -72320.2213
 BOND   =       472.8831  ANGLE   =      1242.3592  DIHED      =      1008.0436
 1-4 NB =       547.2143  1-4 EEL =      6568.2761  VDWAALS    =      8306.3172
 EELEC  =    -90465.3149  EHBOND  =         0.0000  RESTRAINT  =         0.0000
 Ewald error estimate:   0.1002E-04
 ------------------------------------------------------------------------------

check COM velocity, temp:        0.000000     0.00(Removed)

 NSTEP =     8000   TIME(PS) =      22.000  TEMP(K) =   297.41  PRESS =     0.0
 Etot   =    -58139.5050  EKtot   =     14296.6279  EPtot      =    -72436.1329
 BOND   =       499.8877  ANGLE   =      1250.9196  DIHED      =      1023.2237
 1-4 NB =       547.4242  1-4 EEL =      6578.7097  VDWAALS    =      8499.4941
 EELEC  =    -90835.7919  EHBOND  =         0.0000  RESTRAINT  =         0.0000
 Ewald error estimate:   0.2534E-04
 ------------------------------------------------------------------------------

check COM velocity, temp:        0.000000     0.00(Removed)

 NSTEP =     9000   TIME(PS) =      24.000  TEMP(K) =   297.57  PRESS =     0.0
 Etot   =    -58140.1705  EKtot   =     14304.3519  EPtot      =    -72444.5225
 BOND   =       449.7894  ANGLE   =      1264.9913  DIHED      =       996.2829
 1-4 NB =       556.1465  1-4 EEL =      6606.8966  VDWAALS    =      8395.2010
 EELEC  =    -90713.8303  EHBOND  =         0.0000  RESTRAINT  =         0.0000
 Ewald error estimate:   0.8638E-05
 ------------------------------------------------------------------------------

check COM velocity, temp:        0.000000     0.00(Removed)

 NSTEP =    10000   TIME(PS) =      26.000  TEMP(K) =   294.74  PRESS =     0.0
 Etot   =    -58141.4234  EKtot   =     14168.6852  EPtot      =    -72310.1087
 BOND   =       477.6422  ANGLE   =      1264.6863  DIHED      =       978.9018
 1-4 NB =       547.2010  1-4 EEL =      6594.1730  VDWAALS    =      8312.4436
 EELEC  =    -90485.1565  EHBOND  =         0.0000  RESTRAINT  =         0.0000
 Ewald error estimate:   0.3103E-04
 ------------------------------------------------------------------------------

check COM velocity, temp:        0.000000     0.00(Removed)

 NSTEP =    11000   TIME(PS) =      28.000  TEMP(K) =   295.84  PRESS =     0.0
 Etot   =    -58139.9209  EKtot   =     14221.5778  EPtot      =    -72361.4987
 BOND   =       455.9389  ANGLE   =      1252.2376  DIHED      =       990.3558
 1-4 NB =       564.1018  1-4 EEL =      6601.6540  VDWAALS    =      8389.7024
 EELEC  =    -90615.4891  EHBOND  =         0.0000  RESTRAINT  =         0.0000
 Ewald error estimate:   0.2698E-04
 ------------------------------------------------------------------------------

check COM velocity, temp:        0.000000     0.00(Removed)

 NSTEP =    12000   TIME(PS) =      30.000  TEMP(K) =   297.96  PRESS =     0.0
 Etot   =    -58139.5003  EKtot   =     14323.3840  EPtot      =    -72462.8843
 BOND   =       470.1488  ANGLE   =      1268.6163  DIHED      =       994.4372
 1-4 NB =       553.1155  1-4 EEL =      6602.6279  VDWAALS    =      8311.2189
 EELEC  =    -90663.0488  EHBOND  =         0.0000  RESTRAINT  =         0.0000
 Ewald error estimate:   0.4765E-04
 ------------------------------------------------------------------------------

check COM velocity, temp:        0.000000     0.00(Removed)

 NSTEP =    13000   TIME(PS) =      32.000  TEMP(K) =   299.03  PRESS =     0.0
 Etot   =    -58140.9379  EKtot   =     14374.9272  EPtot      =    -72515.8651
 BOND   =       506.5144  ANGLE   =      1277.3631  DIHED      =       978.0896
 1-4 NB =       547.9686  1-4 EEL =      6549.0159  VDWAALS    =      8361.3855
 EELEC  =    -90736.2021  EHBOND  =         0.0000  RESTRAINT  =         0.0000
 Ewald error estimate:   0.2336E-04
 ------------------------------------------------------------------------------

check COM velocity, temp:        0.000000     0.00(Removed)

 NSTEP =    14000   TIME(PS) =      34.000  TEMP(K) =   298.97  PRESS =     0.0
 Etot   =    -58141.0046  EKtot   =     14371.9313  EPtot      =    -72512.9358
 BOND   =       449.3304  ANGLE   =      1281.4021  DIHED      =       990.8502
 1-4 NB =       556.1798  1-4 EEL =      6591.1346  VDWAALS    =      8530.3037
 EELEC  =    -90912.1366  EHBOND  =         0.0000  RESTRAINT  =         0.0000
 Ewald error estimate:   0.4787E-04
 ------------------------------------------------------------------------------

check COM velocity, temp:        0.000000     0.00(Removed)

 NSTEP =    15000   TIME(PS) =      36.000  TEMP(K) =   294.09  PRESS =     0.0
 Etot   =    -58141.8046  EKtot   =     14137.0452  EPtot      =    -72278.8498
 BOND   =       501.3992  ANGLE   =      1308.3120  DIHED      =       988.2714
 1-4 NB =       539.4525  1-4 EEL =      6582.7331  VDWAALS    =      8403.8014
 EELEC  =    -90602.8195  EHBOND  =         0.0000  RESTRAINT  =         0.0000
 Ewald error estimate:   0.2842E-04
 ------------------------------------------------------------------------------

check COM velocity, temp:        0.000000     0.00(Removed)

 NSTEP =    16000   TIME(PS) =      38.000  TEMP(K) =   297.03  PRESS =     0.0
 Etot   =    -58141.9641  EKtot   =     14278.7324  EPtot      =    -72420.6965
 BOND   =       479.8071  ANGLE   =      1280.2955  DIHED      =       964.1296
 1-4 NB =       561.9925  1-4 EEL =      6628.9834  VDWAALS    =      8455.1767
 EELEC  =    -90791.0813  EHBOND  =         0.0000  RESTRAINT  =         0.0000
 Ewald error estimate:   0.3866E-04
 ------------------------------------------------------------------------------

check COM velocity, temp:        0.000000     0.00(Removed)

 NSTEP =    17000   TIME(PS) =      40.000  TEMP(K) =   297.40  PRESS =     0.0
 Etot   =    -58142.7429  EKtot   =     14296.3889  EPtot      =    -72439.1318
 BOND   =       483.2859  ANGLE   =      1291.5797  DIHED      =       979.9219
 1-4 NB =       546.3626  1-4 EEL =      6587.2820  VDWAALS    =      8369.5911
 EELEC  =    -90697.1550  EHBOND  =         0.0000  RESTRAINT  =         0.0000
 Ewald error estimate:   0.2897E-04
 ------------------------------------------------------------------------------

check COM velocity, temp:        0.000000     0.00(Removed)

 NSTEP =    18000   TIME(PS) =      42.000  TEMP(K) =   297.02  PRESS =     0.0
 Etot   =    -58141.3221  EKtot   =     14278.0130  EPtot      =    -72419.3351
 BOND   =       476.3513  ANGLE   =      1294.5372  DIHED      =       965.2993
 1-4 NB =       546.5202  1-4 EEL =      6548.5619  VDWAALS    =      8395.9318
 EELEC  =    -90646.5369  EHBOND  =         0.0000  RESTRAINT  =         0.0000
 Ewald error estimate:   0.3741E-04
 ------------------------------------------------------------------------------

check COM velocity, temp:        0.000000     0.00(Removed)

 NSTEP =    19000   TIME(PS) =      44.000  TEMP(K) =   299.92  PRESS =     0.0
 Etot   =    -58144.1385  EKtot   =     14417.4580  EPtot      =    -72561.5965
 BOND   =       483.5033  ANGLE   =      1294.6961  DIHED      =       985.7863
 1-4 NB =       552.0729  1-4 EEL =      6616.8267  VDWAALS    =      8377.9766
 EELEC  =    -90872.4585  EHBOND  =         0.0000  RESTRAINT  =         0.0000
 Ewald error estimate:   0.1960E-04
 ------------------------------------------------------------------------------

check COM velocity, temp:        0.000000     0.00(Removed)

 NSTEP =    20000   TIME(PS) =      46.000  TEMP(K) =   299.65  PRESS =     0.0
 Etot   =    -58142.1360  EKtot   =     14404.6217  EPtot      =    -72546.7577
 BOND   =       447.4168  ANGLE   =      1309.2981  DIHED      =       981.1294
 1-4 NB =       569.3606  1-4 EEL =      6601.1928  VDWAALS    =      8511.6942
 EELEC  =    -90966.8496  EHBOND  =         0.0000  RESTRAINT  =         0.0000
 Ewald error estimate:   0.3304E-04
 ------------------------------------------------------------------------------

check COM velocity, temp:        0.000000     0.00(Removed)

 NSTEP =    21000   TIME(PS) =      48.000  TEMP(K) =   297.00  PRESS =     0.0
 Etot   =    -58144.6403  EKtot   =     14277.0293  EPtot      =    -72421.6696
 BOND   =       448.0238  ANGLE   =      1279.2568  DIHED      =       992.9546
 1-4 NB =       558.0754  1-4 EEL =      6608.3203  VDWAALS    =      8427.3910
 EELEC  =    -90735.6916  EHBOND  =         0.0000  RESTRAINT  =         0.0000
 Ewald error estimate:   0.4833E-04
 ------------------------------------------------------------------------------

check COM velocity, temp:        0.000000     0.00(Removed)

 NSTEP =    22000   TIME(PS) =      50.000  TEMP(K) =   297.03  PRESS =     0.0
 Etot   =    -58139.7862  EKtot   =     14278.6439  EPtot      =    -72418.4302
 BOND   =       448.7683  ANGLE   =      1280.4487  DIHED      =       983.2884
 1-4 NB =       542.2443  1-4 EEL =      6632.0781  VDWAALS    =      8466.6357
 EELEC  =    -90771.8936  EHBOND  =         0.0000  RESTRAINT  =         0.0000
 Ewald error estimate:   0.3149E-04
 ------------------------------------------------------------------------------

check COM velocity, temp:        0.000000     0.00(Removed)

 NSTEP =    23000   TIME(PS) =      52.000  TEMP(K) =   296.07  PRESS =     0.0
 Etot   =    -58140.4419  EKtot   =     14232.2249  EPtot      =    -72372.6668
 BOND   =       466.8762  ANGLE   =      1249.7207  DIHED      =       970.6201
 1-4 NB =       548.7221  1-4 EEL =      6627.4097  VDWAALS    =      8026.8649
 EELEC  =    -90262.8806  EHBOND  =         0.0000  RESTRAINT  =         0.0000
 Ewald error estimate:   0.6766E-04
 ------------------------------------------------------------------------------

check COM velocity, temp:        0.000000     0.00(Removed)

 NSTEP =    24000   TIME(PS) =      54.000  TEMP(K) =   299.55  PRESS =     0.0
 Etot   =    -58143.5681  EKtot   =     14399.6252  EPtot      =    -72543.1933
 BOND   =       490.1391  ANGLE   =      1172.8671  DIHED      =       998.8033
 1-4 NB =       543.0859  1-4 EEL =      6603.3702  VDWAALS    =      8591.1077
 EELEC  =    -90942.5666  EHBOND  =         0.0000  RESTRAINT  =         0.0000
 Ewald error estimate:   0.2298E-04
 ------------------------------------------------------------------------------

check COM velocity, temp:        0.000000     0.00(Removed)

 NSTEP =    25000   TIME(PS) =      56.000  TEMP(K) =   297.18  PRESS =     0.0
 Etot   =    -58140.4771  EKtot   =     14285.8452  EPtot      =    -72426.3223
 BOND   =       477.2878  ANGLE   =      1249.1354  DIHED      =       990.7791
 1-4 NB =       543.8862  1-4 EEL =      6570.1439  VDWAALS    =      8553.8689
 EELEC  =    -90811.4236  EHBOND  =         0.0000  RESTRAINT  =         0.0000
 Ewald error estimate:   0.5669E-04
 ------------------------------------------------------------------------------

check COM velocity, temp:        0.000000     0.00(Removed)

 NSTEP =    26000   TIME(PS) =      58.000  TEMP(K) =   297.87  PRESS =     0.0
 Etot   =    -58141.1158  EKtot   =     14319.0113  EPtot      =    -72460.1270
 BOND   =       457.1449  ANGLE   =      1259.6886  DIHED      =       974.0426
 1-4 NB =       545.1900  1-4 EEL =      6645.2786  VDWAALS    =      8246.0050
 EELEC  =    -90587.4766  EHBOND  =         0.0000  RESTRAINT  =         0.0000
 Ewald error estimate:   0.1824E-04
 ------------------------------------------------------------------------------

check COM velocity, temp:        0.000000     0.00(Removed)

 NSTEP =    27000   TIME(PS) =      60.000  TEMP(K) =   296.42  PRESS =     0.0
 Etot   =    -58142.4790  EKtot   =     14249.2410  EPtot      =    -72391.7200
 BOND   =       473.1493  ANGLE   =      1240.8752  DIHED      =       987.4270
 1-4 NB =       543.4631  1-4 EEL =      6642.4116  VDWAALS    =      8246.0478
 EELEC  =    -90525.0940  EHBOND  =         0.0000  RESTRAINT  =         0.0000
 Ewald error estimate:   0.2069E-04
 ------------------------------------------------------------------------------

check COM velocity, temp:        0.000000     0.00(Removed)

 NSTEP =    28000   TIME(PS) =      62.000  TEMP(K) =   297.94  PRESS =     0.0
 Etot   =    -58139.9901  EKtot   =     14322.4609  EPtot      =    -72462.4510
 BOND   =       471.7898  ANGLE   =      1284.2105  DIHED      =       991.2978
 1-4 NB =       552.6898  1-4 EEL =      6608.0502  VDWAALS    =      8468.1699
 EELEC  =    -90838.6590  EHBOND  =         0.0000  RESTRAINT  =         0.0000
 Ewald error estimate:   0.8449E-05
 ------------------------------------------------------------------------------

check COM velocity, temp:        0.000000     0.00(Removed)

 NSTEP =    29000   TIME(PS) =      64.000  TEMP(K) =   296.38  PRESS =     0.0
 Etot   =    -58138.7810  EKtot   =     14247.3378  EPtot      =    -72386.1188
 BOND   =       445.5231  ANGLE   =      1282.4514  DIHED      =       982.8420
 1-4 NB =       547.3094  1-4 EEL =      6603.3446  VDWAALS    =      8428.0177
 EELEC  =    -90675.6071  EHBOND  =         0.0000  RESTRAINT  =         0.0000
 Ewald error estimate:   0.2776E-04
 ------------------------------------------------------------------------------

check COM velocity, temp:        0.000000     0.00(Removed)

 NSTEP =    30000   TIME(PS) =      66.000  TEMP(K) =   296.02  PRESS =     0.0
 Etot   =    -58141.8195  EKtot   =     14229.9131  EPtot      =    -72371.7326
 BOND   =       476.0068  ANGLE   =      1236.4977  DIHED      =       988.6610
 1-4 NB =       553.9496  1-4 EEL =      6662.1900  VDWAALS    =      8177.4209
 EELEC  =    -90466.4586  EHBOND  =         0.0000  RESTRAINT  =         0.0000
 Ewald error estimate:   0.3837E-04
 ------------------------------------------------------------------------------

check COM velocity, temp:        0.000000     0.00(Removed)

 NSTEP =    31000   TIME(PS) =      68.000  TEMP(K) =   295.85  PRESS =     0.0
 Etot   =    -58140.0320  EKtot   =     14221.7003  EPtot      =    -72361.7323
 BOND   =       486.0056  ANGLE   =      1249.6277  DIHED      =       989.7094
 1-4 NB =       556.1833  1-4 EEL =      6628.0515  VDWAALS    =      8278.3311
 EELEC  =    -90549.6409  EHBOND  =         0.0000  RESTRAINT  =         0.0000
 Ewald error estimate:   0.4868E-04
 ------------------------------------------------------------------------------

check COM velocity, temp:        0.000000     0.00(Removed)

 NSTEP =    32000   TIME(PS) =      70.000  TEMP(K) =   295.95  PRESS =     0.0
 Etot   =    -58137.7175  EKtot   =     14226.7983  EPtot      =    -72364.5157
 BOND   =       489.8036  ANGLE   =      1261.2705  DIHED      =       990.0226
 1-4 NB =       554.0954  1-4 EEL =      6593.5962  VDWAALS    =      8421.2973
 EELEC  =    -90674.6013  EHBOND  =         0.0000  RESTRAINT  =         0.0000
 Ewald error estimate:   0.6488E-05
 ------------------------------------------------------------------------------

check COM velocity, temp:        0.000000     0.00(Removed)

 NSTEP =    33000   TIME(PS) =      72.000  TEMP(K) =   297.96  PRESS =     0.0
 Etot   =    -58141.2440  EKtot   =     14323.2782  EPtot      =    -72464.5223
 BOND   =       468.8257  ANGLE   =      1273.3876  DIHED      =       961.8560
 1-4 NB =       537.1942  1-4 EEL =      6612.2223  VDWAALS    =      8304.5143
 EELEC  =    -90622.5224  EHBOND  =         0.0000  RESTRAINT  =         0.0000
 Ewald error estimate:   0.2648E-04
 ------------------------------------------------------------------------------

check COM velocity, temp:        0.000000     0.00(Removed)

 NSTEP =    34000   TIME(PS) =      74.000  TEMP(K) =   295.17  PRESS =     0.0
 Etot   =    -58139.0231  EKtot   =     14189.4001  EPtot      =    -72328.4232
 BOND   =       468.5795  ANGLE   =      1232.2575  DIHED      =      1008.8086
 1-4 NB =       549.0853  1-4 EEL =      6637.1536  VDWAALS    =      8188.8446
 EELEC  =    -90413.1522  EHBOND  =         0.0000  RESTRAINT  =         0.0000
 Ewald error estimate:   0.2287E-04
 ------------------------------------------------------------------------------

check COM velocity, temp:        0.000000     0.00(Removed)

 NSTEP =    35000   TIME(PS) =      76.000  TEMP(K) =   295.13  PRESS =     0.0
 Etot   =    -58138.7734  EKtot   =     14187.3608  EPtot      =    -72326.1342
 BOND   =       464.5484  ANGLE   =      1268.0001  DIHED      =      1001.7453
 1-4 NB =       539.3224  1-4 EEL =      6571.0611  VDWAALS    =      8263.7366
 EELEC  =    -90434.5480  EHBOND  =         0.0000  RESTRAINT  =         0.0000
 Ewald error estimate:   0.3646E-04
 ------------------------------------------------------------------------------

check COM velocity, temp:        0.000000     0.00(Removed)

 NSTEP =    36000   TIME(PS) =      78.000  TEMP(K) =   295.82  PRESS =     0.0
 Etot   =    -58144.8991  EKtot   =     14220.4367  EPtot      =    -72365.3358
 BOND   =       436.6002  ANGLE   =      1228.7293  DIHED      =       984.8328
 1-4 NB =       558.2829  1-4 EEL =      6609.7685  VDWAALS    =      8148.0724
 EELEC  =    -90331.6219  EHBOND  =         0.0000  RESTRAINT  =         0.0000
 Ewald error estimate:   0.5828E-04
 ------------------------------------------------------------------------------

check COM velocity, temp:        0.000000     0.00(Removed)

 NSTEP =    37000   TIME(PS) =      80.000  TEMP(K) =   299.68  PRESS =     0.0
 Etot   =    -58141.4854  EKtot   =     14405.8556  EPtot      =    -72547.3410
 BOND   =       484.9156  ANGLE   =      1252.3220  DIHED      =       994.5486
 1-4 NB =       552.6417  1-4 EEL =      6583.2154  VDWAALS    =      8607.5620
 EELEC  =    -91022.5462  EHBOND  =         0.0000  RESTRAINT  =         0.0000
 Ewald error estimate:   0.4441E-04
 ------------------------------------------------------------------------------

check COM velocity, temp:        0.000000     0.00(Removed)

 NSTEP =    38000   TIME(PS) =      82.000  TEMP(K) =   295.47  PRESS =     0.0
 Etot   =    -58138.8484  EKtot   =     14203.4268  EPtot      =    -72342.2752
 BOND   =       454.2931  ANGLE   =      1288.7948  DIHED      =       975.6022
 1-4 NB =       553.4318  1-4 EEL =      6621.5307  VDWAALS    =      8525.3200
 EELEC  =    -90761.2478  EHBOND  =         0.0000  RESTRAINT  =         0.0000
 Ewald error estimate:   0.6217E-05
 ------------------------------------------------------------------------------

check COM velocity, temp:        0.000000     0.00(Removed)

 NSTEP =    39000   TIME(PS) =      84.000  TEMP(K) =   298.19  PRESS =     0.0
 Etot   =    -58141.8888  EKtot   =     14334.3375  EPtot      =    -72476.2263
 BOND   =       439.3642  ANGLE   =      1251.5474  DIHED      =       965.5407
 1-4 NB =       551.3317  1-4 EEL =      6628.6351  VDWAALS    =      8397.4492
 EELEC  =    -90710.0947  EHBOND  =         0.0000  RESTRAINT  =         0.0000
 Ewald error estimate:   0.1849E-05
 ------------------------------------------------------------------------------

check COM velocity, temp:        0.000000     0.00(Removed)

 NSTEP =    40000   TIME(PS) =      86.000  TEMP(K) =   296.37  PRESS =     0.0
 Etot   =    -58141.9325  EKtot   =     14247.0521  EPtot      =    -72388.9846
 BOND   =       442.1237  ANGLE   =      1293.5089  DIHED      =       990.5317
 1-4 NB =       549.8322  1-4 EEL =      6654.4459  VDWAALS    =      8203.7463
 EELEC  =    -90523.1733  EHBOND  =         0.0000  RESTRAINT  =         0.0000
 Ewald error estimate:   0.3101E-04
 ------------------------------------------------------------------------------

check COM velocity, temp:        0.000000     0.00(Removed)

 NSTEP =    41000   TIME(PS) =      88.000  TEMP(K) =   296.91  PRESS =     0.0
 Etot   =    -58142.0263  EKtot   =     14272.9901  EPtot      =    -72415.0164
 BOND   =       443.0470  ANGLE   =      1244.5797  DIHED      =       993.1343
 1-4 NB =       559.3735  1-4 EEL =      6639.6290  VDWAALS    =      8320.8772
 EELEC  =    -90615.6570  EHBOND  =         0.0000  RESTRAINT  =         0.0000
 Ewald error estimate:   0.1548E-04
 ------------------------------------------------------------------------------

check COM velocity, temp:        0.000000     0.00(Removed)

 NSTEP =    42000   TIME(PS) =      90.000  TEMP(K) =   296.73  PRESS =     0.0
 Etot   =    -58141.2517  EKtot   =     14264.0222  EPtot      =    -72405.2738
 BOND   =       478.0010  ANGLE   =      1280.3124  DIHED      =       981.1599
 1-4 NB =       552.0909  1-4 EEL =      6612.9875  VDWAALS    =      8503.1804
 EELEC  =    -90813.0060  EHBOND  =         0.0000  RESTRAINT  =         0.0000
 Ewald error estimate:   0.2641E-04
 ------------------------------------------------------------------------------

check COM velocity, temp:        0.000000     0.00(Removed)

 NSTEP =    43000   TIME(PS) =      92.000  TEMP(K) =   298.49  PRESS =     0.0
 Etot   =    -58142.3618  EKtot   =     14348.7233  EPtot      =    -72491.0851
 BOND   =       464.8876  ANGLE   =      1230.3893  DIHED      =      1007.4430
 1-4 NB =       549.3477  1-4 EEL =      6605.3200  VDWAALS    =      8483.6737
 EELEC  =    -90832.1463  EHBOND  =         0.0000  RESTRAINT  =         0.0000
 Ewald error estimate:   0.2054E-04
 ------------------------------------------------------------------------------

check COM velocity, temp:        0.000000     0.00(Removed)

 NSTEP =    44000   TIME(PS) =      94.000  TEMP(K) =   298.58  PRESS =     0.0
 Etot   =    -58138.2813  EKtot   =     14353.2001  EPtot      =    -72491.4814
 BOND   =       487.3466  ANGLE   =      1290.8934  DIHED      =       960.5722
 1-4 NB =       546.9734  1-4 EEL =      6629.0834  VDWAALS    =      8288.3026
 EELEC  =    -90694.6529  EHBOND  =         0.0000  RESTRAINT  =         0.0000
 Ewald error estimate:   0.3205E-04
 ------------------------------------------------------------------------------

check COM velocity, temp:        0.000000     0.00(Removed)

 NSTEP =    45000   TIME(PS) =      96.000  TEMP(K) =   295.72  PRESS =     0.0
 Etot   =    -58139.0000  EKtot   =     14215.3872  EPtot      =    -72354.3872
 BOND   =       489.7162  ANGLE   =      1257.4152  DIHED      =       981.4250
 1-4 NB =       541.9411  1-4 EEL =      6615.9091  VDWAALS    =      8289.7361
 EELEC  =    -90530.5298  EHBOND  =         0.0000  RESTRAINT  =         0.0000
 Ewald error estimate:   0.4295E-04
 ------------------------------------------------------------------------------

check COM velocity, temp:        0.000000     0.00(Removed)

 NSTEP =    46000   TIME(PS) =      98.000  TEMP(K) =   297.15  PRESS =     0.0
 Etot   =    -58140.7898  EKtot   =     14284.4259  EPtot      =    -72425.2157
 BOND   =       495.8579  ANGLE   =      1289.6359  DIHED      =       986.1803
 1-4 NB =       541.8478  1-4 EEL =      6578.4538  VDWAALS    =      8283.1031
 EELEC  =    -90600.2944  EHBOND  =         0.0000  RESTRAINT  =         0.0000
 Ewald error estimate:   0.2779E-04
 ------------------------------------------------------------------------------

check COM velocity, temp:        0.000000     0.00(Removed)

 NSTEP =    47000   TIME(PS) =     100.000  TEMP(K) =   296.25  PRESS =     0.0
 Etot   =    -58140.1956  EKtot   =     14241.0235  EPtot      =    -72381.2191
 BOND   =       524.9222  ANGLE   =      1266.6581  DIHED      =      1014.3106
 1-4 NB =       550.5157  1-4 EEL =      6570.3812  VDWAALS    =      8186.0753
 EELEC  =    -90494.0822  EHBOND  =         0.0000  RESTRAINT  =         0.0000
 Ewald error estimate:   0.2479E-04
 ------------------------------------------------------------------------------

check COM velocity, temp:        0.000000     0.00(Removed)

 NSTEP =    48000   TIME(PS) =     102.000  TEMP(K) =   293.93  PRESS =     0.0
 Etot   =    -58139.9305  EKtot   =     14129.6719  EPtot      =    -72269.6024
 BOND   =       471.2258  ANGLE   =      1280.5760  DIHED      =      1000.5554
 1-4 NB =       535.0257  1-4 EEL =      6605.7574  VDWAALS    =      8170.0239
 EELEC  =    -90332.7668  EHBOND  =         0.0000  RESTRAINT  =         0.0000
 Ewald error estimate:   0.4129E-05
 ------------------------------------------------------------------------------

check COM velocity, temp:        0.000000     0.00(Removed)

 NSTEP =    49000   TIME(PS) =     104.000  TEMP(K) =   298.46  PRESS =     0.0
 Etot   =    -58140.6161  EKtot   =     14347.4054  EPtot      =    -72488.0216
 BOND   =       472.3589  ANGLE   =      1266.2639  DIHED      =       989.5796
 1-4 NB =       532.9361  1-4 EEL =      6602.5449  VDWAALS    =      8361.3210
 EELEC  =    -90713.0260  EHBOND  =         0.0000  RESTRAINT  =         0.0000
 Ewald error estimate:   0.3492E-04
 ------------------------------------------------------------------------------

check COM velocity, temp:        0.000000     0.00(Removed)

 NSTEP =    50000   TIME(PS) =     106.000  TEMP(K) =   295.44  PRESS =     0.0
 Etot   =    -58141.7424  EKtot   =     14202.3598  EPtot      =    -72344.1022
 BOND   =       482.4856  ANGLE   =      1274.0083  DIHED      =       980.3299
 1-4 NB =       560.2820  1-4 EEL =      6613.6860  VDWAALS    =      8470.8212
 EELEC  =    -90725.7151  EHBOND  =         0.0000  RESTRAINT  =         0.0000
 Ewald error estimate:   0.1873E-04
 ------------------------------------------------------------------------------


      A V E R A G E S   O V E R      50 S T E P S


 NSTEP =    50000   TIME(PS) =     106.000  TEMP(K) =   296.88  PRESS =     0.0
 Etot   =    -58140.8092  EKtot   =     14271.2195  EPtot      =    -72412.0288
 BOND   =       470.7431  ANGLE   =      1259.5523  DIHED      =       987.3778
 1-4 NB =       550.0872  1-4 EEL =      6603.8301  VDWAALS    =      8351.3542
 EELEC  =    -90634.9736  EHBOND  =         0.0000  RESTRAINT  =         0.0000
 Ewald error estimate:   0.2826E-04
 ------------------------------------------------------------------------------


      R M S  F L U C T U A T I O N S


 NSTEP =    50000   TIME(PS) =     106.000  TEMP(K) =     1.51  PRESS =     0.0
 Etot   =         1.7497  EKtot   =        72.5782  EPtot      =        73.2337
 BOND   =        18.9559  ANGLE   =        32.4621  DIHED      =        13.8771
 1-4 NB =         7.6211  1-4 EEL =        25.9948  VDWAALS    =       129.9508
 EELEC  =       187.9113  EHBOND  =         0.0000  RESTRAINT  =         0.0000
|E(PBS) =         2.7614
 Ewald error estimate:   0.1520E-04
 ------------------------------------------------------------------------------

--------------------------------------------------------------------------------
   5.  TIMINGS
--------------------------------------------------------------------------------

|  NonSetup CPU Time in Major Routines, Average for All Tasks:
|
|     Routine           Sec        %
|     ------------------------------
|     DataDistrib      32.67   44.88
|     Nonbond          32.69   44.90
|     Bond              0.23    0.32
|     Angle             0.28    0.38
|     Dihedral          0.47    0.64
|     Shake             0.84    1.15
|     RunMD             5.02    6.90
|     Other             0.61    0.83
|     ------------------------------
|     Total            72.80

|  PME Nonbond Pairlist CPU Time, Average for All Tasks:
|
|     Routine              Sec        %
|     ---------------------------------
|     Set Up Cit           3.03    4.16
|     Build List           2.46    3.38
|     ---------------------------------
|     Total                5.49    7.54

|  PME Direct Force CPU Time, Average for All Tasks:
|
|     Routine              Sec        %
|     ---------------------------------
|     NonBonded Calc      10.15   13.94
|     Exclude Masked       0.85    1.17
|     Other                5.14    7.07
|     ---------------------------------
|     Total               16.14   22.17

|  PME Reciprocal Force CPU Time, Average for All Tasks:
|
|     Routine              Sec        %
|     ---------------------------------
|     1D bspline           1.43    1.96
|     Grid Charges         0.58    0.79
|     Scalar Sum           0.17    0.23
|     Gradient Sum         0.72    0.99
|     FFT                  6.53    8.97
|     ---------------------------------
|     Total                9.42   12.93

|  PME Load Balancing CPU Time, Average for All Tasks:
|
|     Routine                 Sec        %
|     ------------------------------------
|     Atom Reassign           0.24    0.33
|     Image Reassign          0.10    0.14
|     FFT Reassign            0.00    0.00
|     ------------------------------------
|     Total                   0.35    0.48

|  Final Performance Info:
|     -----------------------------------------------------
|     Average timings for last    8000 steps:
|     Elapsed(s) =      11.72 Per Step(ms) =       1.47
|         ns/day =     117.92   seconds/ns =     732.71
|
|     Average timings for all steps:
|     Elapsed(s) =      73.05 Per Step(ms) =       1.46
|         ns/day =     118.28   seconds/ns =     730.46
|     -----------------------------------------------------

|  Master Setup CPU time:            0.70 seconds
|  Master NonSetup CPU time:        72.77 seconds
|  Master Total CPU time:           73.47 seconds     0.02 hours

|  Master Setup wall time:           1    seconds
|  Master NonSetup wall time:       73    seconds
|  Master Total wall time:          74    seconds     0.02 hours
