Group: 1
+-----------------------+---------+---------------+---------------+---------------+---------------+---------------+---------------+---------------+---------------+---------------+---------------+---------------+---------------+---------------+---------------+---------------+---------------+---------------+---------------+
|         Event         | Counter |   f0404:0:0   |   f0404:1:1   |   f0404:2:2   |   f0404:3:3   |   f0404:4:4   |   f0404:5:5   |   f0404:6:6   |   f0404:7:7   |   f0404:8:8   |   f0404:9:9   |  f0404:10:10  |  f0404:11:11  |  f0404:12:12  |  f0404:13:13  |  f0404:14:14  |  f0404:15:15  |  f0404:16:16  |  f0404:17:17  |
+-----------------------+---------+---------------+---------------+---------------+---------------+---------------+---------------+---------------+---------------+---------------+---------------+---------------+---------------+---------------+---------------+---------------+---------------+---------------+---------------+
|   INSTR_RETIRED_ANY   |  FIXC0  | 2219470671038 | 2210833857836 | 2207643953921 | 2171754480581 | 2113372719914 | 2099923692745 | 2073147395274 | 2077267781143 | 2071387907387 | 2071386222263 | 2076657737179 | 2093917925601 | 2134848004629 | 2188067636613 | 2203387193168 | 2197337612647 | 2156182927613 | 2163614482072 |
| CPU_CLK_UNHALTED_CORE |  FIXC1  | 1242982270030 | 1245204109329 | 1245515371163 | 1245346935933 | 1245191183441 | 1245269411586 | 1245196493383 | 1245214779986 | 1245395825888 | 1245376265594 | 1245458497497 | 1245298281049 | 1243576266643 | 1245429463250 | 1245403359703 | 1245590861511 | 1245303073118 | 1245660682984 |
|  CPU_CLK_UNHALTED_REF |  FIXC2  | 1242981630048 | 1245202140672 | 1245515074080 | 1245343850016 | 1245189588192 | 1245267573024 | 1245194706624 | 1245211179456 | 1245392662464 | 1245374230656 | 1245458667552 | 1245297105696 | 1243573450656 | 1245427099392 | 1245400231488 | 1245589437216 | 1245300380448 | 1245658969632 |
|     TOPDOWN_SLOTS     |  FIXC3  | 6214911350150 | 6226020546645 | 6227576855815 | 6226734679665 | 6225955917205 | 6226347057930 | 6225982466915 | 6226073899930 | 6226979129440 | 6226881327970 | 6227292487485 | 6226491405245 | 6217881333215 | 6227147316250 | 6227016798515 | 6227954307555 | 6226515365590 | 6228303414920 |
|       TEMP_CORE       |   TMP0  |            40 |            43 |            44 |            42 |            41 |            43 |            44 |            43 |            43 |            39 |            40 |            42 |            42 |            40 |            41 |            41 |            40 |            40 |
|     PWR_PKG_ENERGY    |   PWR0  |    86766.0601 |             0 |             0 |             0 |             0 |             0 |             0 |             0 |             0 |             0 |             0 |             0 |             0 |             0 |             0 |             0 |             0 |             0 |
|     PWR_PP0_ENERGY    |   PWR1  |             0 |             0 |             0 |             0 |             0 |             0 |             0 |             0 |             0 |             0 |             0 |             0 |             0 |             0 |             0 |             0 |             0 |             0 |
|    PWR_DRAM_ENERGY    |   PWR3  |     5612.2007 |             0 |             0 |             0 |             0 |             0 |             0 |             0 |             0 |             0 |             0 |             0 |             0 |             0 |             0 |             0 |             0 |             0 |
|  PWR_PLATFORM_ENERGY  |   PWR4  |             0 |             0 |             0 |             0 |             0 |             0 |             0 |             0 |             0 |             0 |             0 |             0 |             0 |             0 |             0 |             0 |             0 |             0 |
|   UNCORE_CLOCKTICKS   | UBOXFIX | 1144285659362 |             0 |             0 |             0 |             0 |             0 |             0 |             0 |             0 |             0 |             0 |             0 |             0 |             0 |             0 |             0 |             0 |             0 |
+-----------------------+---------+---------------+---------------+---------------+---------------+---------------+---------------+---------------+---------------+---------------+---------------+---------------+---------------+---------------+---------------+---------------+---------------+---------------+---------------+

+----------------------------+---------+-----------------+---------------+---------------+--------------+
|            Event           | Counter |       Sum       |      Min      |      Max      |      Avg     |
+----------------------------+---------+-----------------+---------------+---------------+--------------+
|   INSTR_RETIRED_ANY STAT   |  FIXC0  |  38530202201624 | 2071386222263 | 2219470671038 | 2.140567e+12 |
| CPU_CLK_UNHALTED_CORE STAT |  FIXC1  |  22412413132088 | 1242982270030 | 1245660682984 | 1.245134e+12 |
|  CPU_CLK_UNHALTED_REF STAT |  FIXC2  |  22412377977312 | 1242981630048 | 1245658969632 | 1.245132e+12 |
|     TOPDOWN_SLOTS STAT     |  FIXC3  | 112062065660440 | 6214911350150 | 6228303414920 | 6.225670e+12 |
|       TEMP_CORE STAT       |   TMP0  |             748 |            39 |            44 |      41.5556 |
|     PWR_PKG_ENERGY STAT    |   PWR0  |      86766.0601 |             0 |    86766.0601 |    4820.3367 |
|     PWR_PP0_ENERGY STAT    |   PWR1  |               0 |             0 |             0 |            0 |
|    PWR_DRAM_ENERGY STAT    |   PWR3  |       5612.2007 |             0 |     5612.2007 |     311.7889 |
|  PWR_PLATFORM_ENERGY STAT  |   PWR4  |               0 |             0 |             0 |            0 |
|   UNCORE_CLOCKTICKS STAT   | UBOXFIX |   1144285659362 |             0 | 1144285659362 | 6.357143e+10 |
+----------------------------+---------+-----------------+---------------+---------------+--------------+

+----------------------+------------+-----------+-----------+-----------+-----------+-----------+-----------+-----------+-----------+-----------+-------------+-------------+-------------+-------------+-------------+-------------+-------------+-------------+
|        Metric        |  f0404:0:0 | f0404:1:1 | f0404:2:2 | f0404:3:3 | f0404:4:4 | f0404:5:5 | f0404:6:6 | f0404:7:7 | f0404:8:8 | f0404:9:9 | f0404:10:10 | f0404:11:11 | f0404:12:12 | f0404:13:13 | f0404:14:14 | f0404:15:15 | f0404:16:16 | f0404:17:17 |
+----------------------+------------+-----------+-----------+-----------+-----------+-----------+-----------+-----------+-----------+-----------+-------------+-------------+-------------+-------------+-------------+-------------+-------------+-------------+
|  Runtime (RDTSC) [s] |   522.6924 |  522.6750 |  522.7028 |  522.6903 |  522.6799 |  522.6790 |  522.6924 |  522.6936 |  522.6931 |  522.6869 |    522.6805 |    522.7003 |    522.7711 |    522.6783 |    522.7295 |    522.6999 |    522.6910 |    522.6719 |
| Runtime unhalted [s] |   519.1468 |  520.0627 |  520.2093 |  520.1331 |  520.0573 |  520.0891 |  520.0645 |  520.0805 |  520.1578 |  520.1470 |    520.1746 |    520.1160 |    519.4713 |    520.1559 |    520.2049 |    520.2390 |    520.1171 |    520.2526 |
|      Clock [MHz]     |  2394.2802 | 2394.3386 | 2394.2589 | 2394.2912 | 2394.3378 | 2394.3421 | 2394.3152 | 2394.2799 | 2394.2715 | 2394.2812 |   2394.3084 |   2394.2726 |   2393.9324 |   2394.3434 |   2394.0693 |   2394.2694 |   2394.2797 |   2394.3413 |
|  Uncore Clock [MHz]  |  2189.2143 |         0 |         0 |         0 |         0 |         0 |         0 |         0 |         0 |         0 |           0 |           0 |           0 |           0 |           0 |           0 |           0 |           0 |
|          CPI         |     0.5600 |    0.5632 |    0.5642 |    0.5734 |    0.5892 |    0.5930 |    0.6006 |    0.5994 |    0.6012 |    0.6012 |      0.5997 |      0.5947 |      0.5825 |      0.5692 |      0.5652 |      0.5669 |      0.5775 |      0.5757 |
|    Temperature [C]   |         40 |        43 |        44 |        42 |        41 |        43 |        44 |        43 |        43 |        39 |          40 |          42 |          42 |          40 |          41 |          41 |          40 |          40 |
|      Energy [J]      | 86766.0601 |         0 |         0 |         0 |         0 |         0 |         0 |         0 |         0 |         0 |           0 |           0 |           0 |           0 |           0 |           0 |           0 |           0 |
|       Power [W]      |   165.9983 |         0 |         0 |         0 |         0 |         0 |         0 |         0 |         0 |         0 |           0 |           0 |           0 |           0 |           0 |           0 |           0 |           0 |
|    Energy PP0 [J]    |          0 |         0 |         0 |         0 |         0 |         0 |         0 |         0 |         0 |         0 |           0 |           0 |           0 |           0 |           0 |           0 |           0 |           0 |
|     Power PP0 [W]    |          0 |         0 |         0 |         0 |         0 |         0 |         0 |         0 |         0 |         0 |           0 |           0 |           0 |           0 |           0 |           0 |           0 |           0 |
|    Energy DRAM [J]   |  5612.2007 |         0 |         0 |         0 |         0 |         0 |         0 |         0 |         0 |         0 |           0 |           0 |           0 |           0 |           0 |           0 |           0 |           0 |
|    Power DRAM [W]    |    10.7371 |         0 |         0 |         0 |         0 |         0 |         0 |         0 |         0 |         0 |           0 |           0 |           0 |           0 |           0 |           0 |           0 |           0 |
|  Energy PLATFORM [J] |          0 |         0 |         0 |         0 |         0 |         0 |         0 |         0 |         0 |         0 |           0 |           0 |           0 |           0 |           0 |           0 |           0 |           0 |
|  Power PLATFORM [W]  |          0 |         0 |         0 |         0 |         0 |         0 |         0 |         0 |         0 |         0 |           0 |           0 |           0 |           0 |           0 |           0 |           0 |           0 |
+----------------------+------------+-----------+-----------+-----------+-----------+-----------+-----------+-----------+-----------+-----------+-------------+-------------+-------------+-------------+-------------+-------------+-------------+-------------+

+---------------------------+------------+-----------+------------+-----------+-----------+-----------+-----------+
|           Metric          |     Sum    |    Min    |     Max    |    Avg    |  %ile 25  |  %ile 50  |  %ile 75  |
+---------------------------+------------+-----------+------------+-----------+-----------+-----------+-----------+
|  Runtime (RDTSC) [s] STAT |  9408.5079 |  522.6719 |   522.7711 |  522.6949 |  522.6799 |  522.6910 |  522.6999 |
| Runtime unhalted [s] STAT |  9360.8795 |  519.1468 |   520.2526 |  520.0489 |  520.0645 |  520.1171 |  520.1746 |
|      Clock [MHz] STAT     | 43096.8131 | 2393.9324 |  2394.3434 | 2394.2674 | 2394.2715 | 2394.2802 | 2394.3378 |
|  Uncore Clock [MHz] STAT  |  2189.2143 |         0 |  2189.2143 |  121.6230 |         0 |         0 |         0 |
|          CPI STAT         |    10.4768 |    0.5600 |     0.6012 |    0.5820 |    0.5669 |    0.5775 |    0.5994 |
|    Temperature [C] STAT   |        748 |        39 |         44 |   41.5556 |        40 |        41 |        43 |
|      Energy [J] STAT      | 86766.0601 |         0 | 86766.0601 | 4820.3367 |         0 |         0 |         0 |
|       Power [W] STAT      |   165.9983 |         0 |   165.9983 |    9.2221 |         0 |         0 |         0 |
|    Energy PP0 [J] STAT    |          0 |         0 |          0 |         0 |         0 |         0 |         0 |
|     Power PP0 [W] STAT    |          0 |         0 |          0 |         0 |         0 |         0 |         0 |
|    Energy DRAM [J] STAT   |  5612.2007 |         0 |  5612.2007 |  311.7889 |         0 |         0 |         0 |
|    Power DRAM [W] STAT    |    10.7371 |         0 |    10.7371 |    0.5965 |         0 |         0 |         0 |
|  Energy PLATFORM [J] STAT |          0 |         0 |          0 |         0 |         0 |         0 |         0 |
|  Power PLATFORM [W] STAT  |          0 |         0 |          0 |         0 |         0 |         0 |         0 |
+---------------------------+------------+-----------+------------+-----------+-----------+-----------+-----------+

