                   :-) GROMACS - gmx mdrun, 2025.2-spack (-:

Copyright 1991-2025 The GROMACS Authors.
GROMACS is free software; you can redistribute it and/or modify it
under the terms of the GNU Lesser General Public License
as published by the Free Software Foundation; either version 2.1
of the License, or (at your option) any later version.

                         Current GROMACS contributors:
       Mark Abraham           Andrey Alekseenko           Brian Andrews       
      Vladimir Basov              Paul Bauer                Hugh Bird         
      Eliane Briand               Ania Brown              Mahesh Doijade      
      Giacomo Fiorin          Stefan Fleischmann          Sergey Gorelov      
   Gilles Gouaillardet            Alan Gray              M. Eric Irrgang      
   Farzaneh Jalalypour         Petter Johansson          Carsten Kutzner      
    Grzegorz Łazarski         Justin A. Lemkul          Magnus Lundborg      
       Pascal Merz             Vedran Miletić            Dmitry Morozov      
     Lukas Müllender            Julien Nabet             Szilárd Páll      
 Andrea Pasquadibisceglie     Michele Pellegrino         Nicola Piasentin     
     Daniele Rapetti         Muhammad Umair Sadiq         Hubert Santuz       
      Roland Schulz             Michael Shirts           Tatiana Shugaeva     
     Alexey Shvetsov            Philip Turner            Alessandra Villa     
 Sebastian Wingbermühle  

                         Previous GROMACS contributors:
        Emile Apol             Rossen Apostolov           James Barnett       
  Herman J.C. Berendsen         Cathrine Bergh             Par Bjelkmar       
      Christian Blau          Viacheslav Bolnykh            Kevin Boyd        
    Aldert van Buuren          Carlo Camilloni           Rudi van Drunen      
      Anton Feenstra           Oliver Fleetwood            Vytas Gapsys       
       Gaurav Garg             Gerrit Groenhof            Bert de Groot       
      Anca Hamuraru           Vincent Hindriksen          Victor Holanda      
     Aleksei Iupinov              Joe Jordan            Christoph Junghans    
    Prashanth Kanduri        Dimitrios Karkoulis           Peter Kasson       
      Sebastian Kehl           Sebastian Keller             Jiri Kraus        
       Per Larsson              Viveca Lindahl            Erik Marklund       
    Pieter Meulenhoff           Teemu Murtola              Sander Pronk       
      Alfons Sijbers            Balint Soproni         David van der Spoel    
      Peter Tieleman            Carsten Uphoff             Jon Vincent        
     Teemu Virolainen         Christian Wennberg           Maarten Wolf       
      Artem Zhmurov       

                  Coordinated by the GROMACS project leaders:
                           Berk Hess and Erik Lindahl

GROMACS:      gmx mdrun, version 2025.2-spack
Executable:   /apps/SPACK/0.23.0/opt/linux-almalinux9-zen4/gcc-11.4.1/gromacs-2025.2-y4v7dqwvnpcybafuodisfw35wrrzwytk/bin/gmx
Data prefix:  /apps/SPACK/0.23.0/opt/linux-almalinux9-zen4/gcc-11.4.1/gromacs-2025.2-y4v7dqwvnpcybafuodisfw35wrrzwytk
Working dir:  /home/hpc/ihpc/ihpc161h/GROMACS-BAthesis/runs/gromacs_H100-cap/370
Process ID:   64503
Command line:
  gmx mdrun -nsteps 200000 -maxh 0.2 -ntomp 16 -bonded gpu -update gpu -pme gpu -nb gpu -ntmpi 1 -pin on -pinstride 1 -s /home/hpc/ihpc/ihpc161h/GROMACS-BAthesis/inputs/stmv_pme_nvt.tpr -deffnm stmv_pme_nvt_370_h12-12_perflog -g stmv_pme_nvt_370_h12-12_perflog.log -gpu_id 0

GROMACS version:     2025.2-spack
Precision:           mixed
Memory model:        64 bit
MPI library:         thread_mpi
OpenMP support:      enabled (GMX_OPENMP_MAX_THREADS = 128)
GPU support:         CUDA
NBNxM GPU setup:     super-cluster 2x2x2 / cluster 8 (cluster-pair splitting on)
SIMD instructions:   AVX_512
CPU FFT library:     Intel MKL version 2024.0.2 Build 20240823
GPU FFT library:     cuFFT
Multi-GPU FFT:       none
RDTSCP usage:        enabled
TNG support:         enabled
Hwloc support:       hwloc-2.11.1
Tracing support:     disabled
C compiler:          /apps/SPACK/0.23.0/lib/spack/env/gcc/gcc GNU 11.5.0
C compiler flags:    -fexcess-precision=fast -funroll-all-loops -march=skylake-avx512 -Wno-missing-field-initializers -O3 -DNDEBUG
C++ compiler:        /apps/SPACK/0.23.0/lib/spack/env/gcc/g++ GNU 11.5.0
C++ compiler flags:  -fexcess-precision=fast -funroll-all-loops -march=skylake-avx512 -Wno-missing-field-initializers -Wno-cast-function-type-strict SHELL:-fopenmp -O3 -DNDEBUG
BLAS library:        External - user-supplied
LAPACK library:      External - user-supplied
CUDA compiler:       /apps/SPACK/0.23.0/opt/linux-almalinux9-x86_64_v4/gcc-11.4.1/cuda-12.6.2-vbdp42yzhdfbmub242scq4oxzy2bno5g/bin/nvcc nvcc: NVIDIA (R) Cuda compiler driver;Copyright (c) 2005-2024 NVIDIA Corporation;Built on Thu_Sep_12_02:18:05_PDT_2024;Cuda compilation tools, release 12.6, V12.6.77;Build cuda_12.6.r12.6/compiler.34841621_0
CUDA compiler flags: -O3 -DNDEBUG
CUDA driver:         13.10
CUDA runtime:        12.60


Running on 1 node with total 32 cores, 32 processing units, 1 compatible GPU
Hardware detected on host h12-12:
  CPU info:
    Vendor: AMD
    Brand:  AMD EPYC 9554 64-Core Processor                
    Family: 25   Model: 17   Stepping: 1
    Features: aes amd apic avx avx2 avx512f avx512cd avx512bw avx512vl avx512bf16 avx512secondFMA clfsh cmov cx8 cx16 f16c fma htt lahf misalignsse mmx msr nonstop_tsc pcid pclmuldq pdpe1gb popcnt pse rdrnd rdtscp sha sse2 sse3 sse4a sse4.1 sse4.2 ssse3
  Hardware topology: Full, with devices
    Packages, cores, and logical processors:
    [indices refer to OS logical processors]
      Package  0:
      Package  1: [  64] [  65] [  66] [  67] [  68] [  69] [  70] [  71] [  72] [  73] [  74] [  75] [  76] [  77] [  78] [  79] [  80] [  81] [  82] [  83] [  84] [  85] [  86] [  87] [  88] [  89] [  90] [  91] [  92] [  93] [  94] [  95]
    CPU limit set by OS: -1   Recommended max number of threads: 32
    Numa nodes:
      Node  0 (100514807808 bytes mem):
      Node  1 (101464154112 bytes mem):
      Node  2 (101464158208 bytes mem):
      Node  3 (101464154112 bytes mem):
      Node  4 (101464158208 bytes mem):  64  65  66  67  68  69  70  71  72  73  74  75  76  77  78  79
      Node  5 (101416185856 bytes mem):  80  81  82  83  84  85  86  87  88  89  90  91  92  93  94  95
      Node  6 (101464158208 bytes mem):
      Node  7 (101412478976 bytes mem):
      Latency:
               0     1     2     3     4     5     6     7
         0  1.00  1.20  1.20  1.20  3.20  3.20  3.20  3.20
         1  1.20  1.00  1.20  1.20  3.20  3.20  3.20  3.20
         2  1.20  1.20  1.00  1.20  3.20  3.20  3.20  3.20
         3  1.20  1.20  1.20  1.00  3.20  3.20  3.20  3.20
         4  3.20  3.20  3.20  3.20  1.00  1.20  1.20  1.20
         5  3.20  3.20  3.20  3.20  1.20  1.00  1.20  1.20
         6  3.20  3.20  3.20  3.20  1.20  1.20  1.00  1.20
         7  3.20  3.20  3.20  3.20  1.20  1.20  1.20  1.00
    Caches:
      L1: 32768 bytes, linesize 64 bytes, assoc. 8, shared 1 ways
      L2: 1048576 bytes, linesize 64 bytes, assoc. 8, shared 1 ways
      L3: 33554432 bytes, linesize 64 bytes, assoc. 16, shared 8 ways
    PCI devices:
      0000:41:00.0  Id: 15b3:101f  Class: 0x0200  Numa: 0
      0000:41:00.1  Id: 15b3:101f  Class: 0x0200  Numa: 0
      0000:61:00.0  Id: 144d:a826  Class: 0x0108  Numa: 1
      0000:62:00.0  Id: 144d:a826  Class: 0x0108  Numa: 1
      0000:64:00.0  Id: 1a03:2000  Class: 0x0300  Numa: 1
      0000:23:00.0  Id: 15b3:1021  Class: 0x0207  Numa: 2
      0000:26:00.0  Id: 10de:2339  Class: 0x0302  Numa: 2
      0000:03:00.0  Id: 15b3:1021  Class: 0x0207  Numa: 3
      0000:06:00.0  Id: 10de:2339  Class: 0x0302  Numa: 3
      0000:07:00.0  Id: 8086:1533  Class: 0x0200  Numa: 3
      0000:c3:00.0  Id: 15b3:1021  Class: 0x0207  Numa: 4
      0000:c6:00.0  Id: 10de:2339  Class: 0x0302  Numa: 4
      0000:a3:00.0  Id: 15b3:1021  Class: 0x0207  Numa: 6
      0000:a6:00.0  Id: 10de:2339  Class: 0x0302  Numa: 6
  GPU info:
    Number of GPUs detected: 1
    #0: NVIDIA NVIDIA H100, compute cap.: 9.0, ECC: yes, stat: compatible


++++ PLEASE READ AND CITE THE FOLLOWING REFERENCE ++++
M. J. Abraham, T. Murtola, R. Schulz, S. Páll, J. C. Smith, B. Hess, E.
Lindahl
GROMACS: High performance molecular simulations through multi-level
parallelism from laptops to supercomputers
SoftwareX (2015)
DOI: 10.1016/j.softx.2015.06.001
-------- -------- --- Thank You --- -------- --------


++++ PLEASE READ AND CITE THE FOLLOWING REFERENCE ++++
S. Páll, M. J. Abraham, C. Kutzner, B. Hess, E. Lindahl
Tackling Exascale Software Challenges in Molecular Dynamics Simulations with
GROMACS
In S. Markidis & E. Laure (Eds.), Solving Software Challenges for Exascale (2015)
DOI: 10.1007/978-3-319-15976-8_1
-------- -------- --- Thank You --- -------- --------


++++ PLEASE READ AND CITE THE FOLLOWING REFERENCE ++++
S. Pronk, S. Páll, R. Schulz, P. Larsson, P. Bjelkmar, R. Apostolov, M. R.
Shirts, J. C. Smith, P. M. Kasson, D. van der Spoel, B. Hess, E. Lindahl
GROMACS 4.5: a high-throughput and highly parallel open source molecular
simulation toolkit
Bioinformatics (2013)
DOI: 10.1093/bioinformatics/btt055
-------- -------- --- Thank You --- -------- --------


++++ PLEASE READ AND CITE THE FOLLOWING REFERENCE ++++
B. Hess, C. Kutzner, D. van der Spoel, E. Lindahl
GROMACS 4: Algorithms for highly efficient, load-balanced, and scalable
molecular simulation
J. Chem. Theory Comput. (2008)
DOI: 10.1021/ct700301q
-------- -------- --- Thank You --- -------- --------


++++ PLEASE READ AND CITE THE FOLLOWING REFERENCE ++++
D. van der Spoel, E. Lindahl, B. Hess, G. Groenhof, A. E. Mark, H. J. C.
Berendsen
GROMACS: Fast, Flexible and Free
J. Comp. Chem. (2005)
DOI: 10.1002/jcc.20291
-------- -------- --- Thank You --- -------- --------


++++ PLEASE READ AND CITE THE FOLLOWING REFERENCE ++++
E. Lindahl, B. Hess, D. van der Spoel
GROMACS 3.0: A package for molecular simulation and trajectory analysis
J. Mol. Mod. (2001)
DOI: 10.1007/s008940100045
-------- -------- --- Thank You --- -------- --------


++++ PLEASE READ AND CITE THE FOLLOWING REFERENCE ++++
H. J. C. Berendsen, D. van der Spoel and R. van Drunen
GROMACS: A message-passing parallel molecular dynamics implementation
Comp. Phys. Comm. (1995)
DOI: 10.1016/0010-4655(95)00042-E
-------- -------- --- Thank You --- -------- --------

Input Parameters:
   integrator                     = md
   tinit                          = 0
   dt                             = 0.002
   nsteps                         = -1
   init-step                      = 0
   simulation-part                = 1
   mts                            = false
   mass-repartition-factor        = 1
   comm-mode                      = Linear
   nstcomm                        = 500
   bd-fric                        = 0
   ld-seed                        = 1484466849
   emtol                          = 10
   emstep                         = 0.01
   niter                          = 20
   fcstep                         = 0
   nstcgsteep                     = 1000
   nbfgscorr                      = 10
   rtpi                           = 0.05
   nstxout                        = 0
   nstvout                        = 0
   nstfout                        = 0
   nstlog                         = 0
   nstcalcenergy                  = 500
   nstenergy                      = 0
   nstxout-compressed             = 0
   compressed-x-precision         = 1000
   cutoff-scheme                  = Verlet
   nstlist                        = 10
   pbc                            = xyz
   periodic-molecules             = false
   verlet-buffer-tolerance        = 0.005
   verlet-buffer-pressure-tolerance = -1
   rlist                          = 1.2
   coulombtype                    = PME
   coulomb-modifier               = Potential-shift
   rcoulomb-switch                = 0
   rcoulomb                       = 1.2
   epsilon-r                      = 1
   epsilon-rf                     = inf
   vdw-type                       = Cut-off
   vdw-modifier                   = Force-switch
   rvdw-switch                    = 1
   rvdw                           = 1.2
   DispCorr                       = No
   table-extension                = 1
   fourierspacing                 = 0.15
   fourier-nx                     = 160
   fourier-ny                     = 160
   fourier-nz                     = 160
   pme-order                      = 4
   ewald-rtol                     = 1e-05
   ewald-rtol-lj                  = 0.001
   lj-pme-comb-rule               = Geometric
   ewald-geometry                 = 3d
   epsilon-surface                = 0
   ensemble-temperature-setting   = constant
   ensemble-temperature           = 298
   tcoupl                         = V-rescale
   nsttcouple                     = 10
   nh-chain-length                = 0
   print-nose-hoover-chain-variables = false
   pcoupl                         = No
   refcoord-scaling               = No
   posres-com (0x3):
   posres-comB (0x3):
   QMMM                           = false
qm-opts:
   ngQM                           = 0
   constraint-algorithm           = Lincs
   continuation                   = false
   Shake-SOR                      = false
   shake-tol                      = 0.0001
   lincs-order                    = 4
   lincs-iter                     = 1
   lincs-warnangle                = 30
   nwall                          = 0
   wall-type                      = 9-3
   wall-r-linpot                  = -1
   wall-atomtype[0]               = -1
   wall-atomtype[1]               = -1
   wall-density[0]                = 0
   wall-density[1]                = 0
   wall-ewald-zfac                = 3
   pull                           = false
   awh                            = false
   rotation                       = false
   interactiveMD                  = false
   disre                          = No
   disre-weighting                = Conservative
   disre-mixed                    = false
   dr-fc                          = 1000
   dr-tau                         = 0
   nstdisreout                    = 100
   orire-fc                       = 0
   orire-tau                      = 0
   nstorireout                    = 100
   free-energy                    = no
   cos-acceleration               = 0
   deform (3x3):
      deform[    0]={ 0.00000e+00,  0.00000e+00,  0.00000e+00}
      deform[    1]={ 0.00000e+00,  0.00000e+00,  0.00000e+00}
      deform[    2]={ 0.00000e+00,  0.00000e+00,  0.00000e+00}
   simulated-tempering            = false
   swapcoords                     = no
   userint1                       = 0
   userint2                       = 0
   userint3                       = 0
   userint4                       = 0
   userreal1                      = 0
   userreal2                      = 0
   userreal3                      = 0
   userreal4                      = 0
   applied-forces:
     electric-field:
       x:
         E0                       = 0
         omega                    = 0
         t0                       = 0
         sigma                    = 0
       y:
         E0                       = 0
         omega                    = 0
         t0                       = 0
         sigma                    = 0
       z:
         E0                       = 0
         omega                    = 0
         t0                       = 0
         sigma                    = 0
grpopts:
   nrdf:  2.52232e+06
   ref-t:         298
   tau-t:         0.1
annealing:          No
annealing-npoints:           0
   acc:	           0           0           0
   nfreeze:           N           N           N
   energygrp-flags[  0]: 0

The -nsteps functionality is deprecated, and may be removed in a future version. Consider using gmx convert-tpr -nsteps or changing the appropriate .mdp file field.

Overriding nsteps with value passed on the command line: 200000 steps, 400 ps
Changing nstlist from 10 to 100, rlist from 1.2 to 1.339


When checking whether update groups are usable:
  Domain decomposition is not active, so there is no need for update groups

Local state does not use filler particles

1 GPU selected for this run.
Mapping of GPU IDs to the 2 GPU tasks in the 1 rank on this node:
  PP:0,PME:0
PP tasks will do (non-perturbed) short-ranged and most bonded interactions on the GPU
PP task will update and constrain coordinates on the GPU
PME tasks will do all aspects on the GPU
Using 1 MPI thread
Using 16 OpenMP threads 

System total charge: 0.000
Will do PME sum in reciprocal space for electrostatic interactions.

++++ PLEASE READ AND CITE THE FOLLOWING REFERENCE ++++
U. Essmann, L. Perera, M. L. Berkowitz, T. Darden, H. Lee, L. G. Pedersen 
A smooth particle mesh Ewald method
J. Chem. Phys. (1995)
DOI: 10.1063/1.470117
-------- -------- --- Thank You --- -------- --------

Using a Gaussian width (1/beta) of 0.384195 nm for Ewald
Potential shift: LJ r^-12: -2.648e-01 r^-6: -5.349e-01, Ewald -8.333e-06
Initialized non-bonded Coulomb Ewald tables, spacing: 1.02e-03 size: 1176

Generated table with 1169 data points for 1-4 COUL.
Tabscale = 500 points/nm
Generated table with 1169 data points for 1-4 LJ6.
Tabscale = 500 points/nm
Generated table with 1169 data points for 1-4 LJ12.
Tabscale = 500 points/nm


Using GPU 8x4 nonbonded short-range kernels

NBNxM GPU setup: super-cluster 2x2x2

Using a dual 8x4 pair-list setup updated with dynamic, rolling pruning:
  outer list: updated every 100 steps, buffer 0.139 nm, rlist 1.339 nm
  inner list: updated every  12 steps, buffer 0.002 nm, rlist 1.202 nm
At tolerance 0.005 kJ/mol/ps per atom, equivalent classical 1x1 list would be:
  outer list: updated every 100 steps, buffer 0.292 nm, rlist 1.492 nm
  inner list: updated every  12 steps, buffer 0.051 nm, rlist 1.251 nm

The average pressure is off by at most 0.52 bar due to missing LJ interactions
Removing pbc first time

Overriding thread affinity set outside gmx mdrun

Pinning threads with a user-specified logical cpu stride of 1

Initializing LINear Constraint Solver

++++ PLEASE READ AND CITE THE FOLLOWING REFERENCE ++++
B. Hess, H. Bekker, H. J. C. Berendsen, J. G. E. M. Fraaije
LINCS: A Linear Constraint Solver for molecular simulations
J. Comp. Chem. (1997)
DOI: 10.1002/(sici)1096-987x(199709)18:12<1463::aid-jcc4>3.0.co;2-h
-------- -------- --- Thank You --- -------- --------

The number of constraints is 677561

++++ PLEASE READ AND CITE THE FOLLOWING REFERENCE ++++
G. Bussi, D. Donadio, M. Parrinello
Canonical sampling through velocity rescaling
J. Chem. Phys. (2007)
DOI: 10.1063/1.2408420
-------- -------- --- Thank You --- -------- --------

There are: 1066628 Atoms

Updating coordinates and applying constraints on the GPU.

Constraining the starting coordinates (step 0)

Constraining the coordinates at t0-dt (step 0)
Center of mass motion removal mode is Linear
We have the following groups for center of mass motion removal:
  0:  rest
RMS relative constraint deviation after constraining: 5.16e-06
Initial temperature: 28.5073 K

Started mdrun on rank 0 Wed Apr  8 13:38:21 2026

           Step           Time
              0        0.00000

   Energies (kJ/mol)
           Bond            U-B    Proper Dih.  Improper Dih.          LJ-14
    1.24978e+05    8.23754e+05    3.37657e+05    1.81847e+04    1.68965e+05
     Coulomb-14        LJ (SR)   Coulomb (SR)   Coul. recip.      Potential
    1.53250e+06    1.45366e+06   -1.96754e+07    5.69119e+04   -1.51588e+07
    Kinetic En.   Total Energy  Conserved En.    Temperature Pressure (bar)
    5.64860e+05   -1.45939e+07   -1.45939e+07    5.38687e+01   -2.57858e+02
   Constr. rmsd
    5.16351e-06

step 1200: timed with pme grid 160 160 160, coulomb cutoff 1.200: 1391.1 M-cycles
step 1400: timed with pme grid 128 128 128, coulomb cutoff 1.355: 1757.0 M-cycles
step 1600: timed with pme grid 144 144 144, coulomb cutoff 1.205: 1433.6 M-cycles
step 1800: timed with pme grid 160 160 160, coulomb cutoff 1.200: 1393.8 M-cycles
              optimal pme grid 160 160 160, coulomb cutoff 1.200

Step 157800: Run time exceeded 0.198 hours, will terminate the run within 100 steps
           Step           Time
         157900      315.80000

Writing checkpoint, step 157900 at Wed Apr  8 13:50:15 2026


   Energies (kJ/mol)
           Bond            U-B    Proper Dih.  Improper Dih.          LJ-14
    1.58950e+05    1.13973e+06    3.41532e+05    2.08443e+04    1.71020e+05
     Coulomb-14        LJ (SR)   Coulomb (SR)   Coul. recip.      Potential
    1.53129e+06    1.19338e+06   -1.91008e+07    6.07703e+04   -1.44833e+07
    Kinetic En.   Total Energy  Conserved En.    Temperature Pressure (bar)
    3.12423e+06   -1.13591e+07   -1.43664e+07    2.97946e+02    2.28106e+02
   Constr. rmsd
    5.16351e-06


Energy conservation over simulation part #1 of length 315.8 ps, time 0 to 315.8 ps
  Conserved energy drift: 6.75e-04 kJ/mol/ps per atom


	<======  ###############  ==>
	<====  A V E R A G E S  ====>
	<==  ###############  ======>

	Statistics over 157901 steps using 316 frames

   Energies (kJ/mol)
           Bond            U-B    Proper Dih.  Improper Dih.          LJ-14
    1.60272e+05    1.14427e+06    3.42636e+05    2.12044e+04    1.71683e+05
     Coulomb-14        LJ (SR)   Coulomb (SR)   Coul. recip.      Potential
    1.53126e+06    1.20063e+06   -1.91253e+07    6.05195e+04   -1.44928e+07
    Kinetic En.   Total Energy  Conserved En.    Temperature Pressure (bar)
    3.11683e+06   -1.13760e+07   -1.44621e+07    2.97241e+02    2.53091e+02
   Constr. rmsd
    0.00000e+00

   Total Virial (kJ/mol)
    9.61819e+05    4.28939e+01    1.05122e+03
    4.29481e+01    9.61321e+05    4.04092e+02
    1.05142e+03    4.04300e+02    9.60616e+05

   Pressure (bar)
    2.51233e+02   -5.73379e-01   -3.04787e+00
   -5.73555e-01    2.52514e+02   -1.68797e+00
   -3.04853e+00   -1.68865e+00    2.55525e+02


	M E G A - F L O P S   A C C O U N T I N G

 NB=Group-cutoff nonbonded kernels    NxN=N-by-N cluster Verlet kernels
 RF=Reaction-Field  VdW=Van der Waals  QSTab=quadratic-spline table
 W3=SPC/TIP3p  W4=TIP4p (single or pairs)
 V&F=Potential and force  V=Potential only  F=Force only

 Computing:                               M-Number         M-Flops  % Flops
-----------------------------------------------------------------------------
 Pair Search distance check          215547.403600     1939926.632     0.0
 NxN Ewald Elec. + LJ [F]         220007443.136064 17160580564.613    99.7
 NxN Ewald Elec. + LJ [V&F]          442400.313088    57069640.388     0.3
 Shift-X                               1685.272240       10111.633     0.0
 Virial                                 338.135341        6086.436     0.0
 Stop-CM                                338.121076        3381.211     0.0
 Calc-Ekin                            33686.245496      909528.628     0.0
 Lincs                                    1.355122          81.307     0.0
 Lincs-Mat                                7.932552          31.730     0.0
 Constraint-V                             1.355122          12.196     0.0
-----------------------------------------------------------------------------
 Total                                             17220519364.776   100.0
-----------------------------------------------------------------------------


      R E A L   C Y C L E   A N D   T I M E   A C C O U N T I N G

On 1 MPI rank, each using 16 OpenMP threads

 Activity:              Num   Num      Call    Wall time         Giga-Cycles
                        Ranks Threads  Count      (s)         total sum    %
--------------------------------------------------------------------------------
 Neighbor search           1   16       1580      45.548       2259.183   6.4
 Launch PP GPU ops.        1   16     314222       3.026        150.087   0.4
 Force                     1   16     157901       0.223         11.059   0.0
 PME GPU mesh              1   16     157901       3.842        190.576   0.5
 Wait Bonded GPU           1   16        317       0.001          0.048   0.0
 Wait GPU NB local         1   16     157901       2.280        113.071   0.3
 Wait GPU state copy       1   16      36950     641.852      31835.849  89.9
 NB X/F buffer ops.        1   16        317       0.219         10.848   0.0
 Write traj.               1   16          1       0.134          6.643   0.0
 Constraints               1   16          2       0.015          0.748   0.0
 GPU constr. setup         1   16          1       0.028          1.378   0.0
 Kinetic energy            1   16      31581      12.877        638.696   1.8
 Rest                                              3.534        175.276   0.5
--------------------------------------------------------------------------------
 Total                                           713.578      35393.463 100.0
--------------------------------------------------------------------------------
 Breakdown of PME mesh activities
--------------------------------------------------------------------------------
 Wait PME GPU gather       1   16     157901       0.276         13.683   0.0
 Reduce GPU PME F          1   16     157901       0.071          3.515   0.0
 Launch PME GPU ops.       1   16    1263213       3.261        161.738   0.5
--------------------------------------------------------------------------------

               Core t (s)   Wall t (s)        (%)
       Time:    11417.159      713.578     1600.0
                 (ns/day)    (hour/ns)
Performance:       38.237        0.628
Finished mdrun on rank 0 Wed Apr  8 13:50:15 2026

