Group: 1
+-----------------------+---------+---------------+---------------+---------------+---------------+---------------+---------------+---------------+---------------+---------------+---------------+---------------+---------------+---------------+---------------+---------------+---------------+---------------+---------------+
|         Event         | Counter |   f0404:0:0   |   f0404:1:1   |   f0404:2:2   |   f0404:3:3   |   f0404:4:4   |   f0404:5:5   |   f0404:6:6   |   f0404:7:7   |   f0404:8:8   |   f0404:9:9   |  f0404:10:10  |  f0404:11:11  |  f0404:12:12  |  f0404:13:13  |  f0404:14:14  |  f0404:15:15  |  f0404:16:16  |  f0404:17:17  |
+-----------------------+---------+---------------+---------------+---------------+---------------+---------------+---------------+---------------+---------------+---------------+---------------+---------------+---------------+---------------+---------------+---------------+---------------+---------------+---------------+
|   INSTR_RETIRED_ANY   |  FIXC0  | 2843295750841 | 2843222074151 | 2826235854011 | 2748793169173 | 2684171301154 | 2664745065757 | 2651253526438 | 2647399892633 | 2656592669914 | 2653393860156 | 2552925405330 | 2548058131433 | 2580967151882 | 2642155438025 | 2701119999857 | 2715749585374 | 2729064702295 | 2631196025406 |
| CPU_CLK_UNHALTED_CORE |  FIXC1  | 1411859954811 | 1413919020776 | 1413837645055 | 1413997344253 | 1413941643173 | 1413808878882 | 1413813674196 | 1413681142752 | 1413874319806 | 1413957730934 | 1413850764113 | 1414059722099 | 1411420220673 | 1413805195137 | 1413979949815 | 1413790493373 | 1413798855413 | 1413351683672 |
|  CPU_CLK_UNHALTED_REF |  FIXC2  | 1993209686400 | 1996114337952 | 1995998435328 | 1996225334016 | 1996146574272 | 1995964483392 | 1995967332096 | 1995781212480 | 1996050026784 | 1996168527360 | 1996022429664 | 1996314773088 | 1992584494752 | 1995953487936 | 1996199631456 | 1995935635488 | 1995942337536 | 1995312624672 |
|     TOPDOWN_SLOTS     |  FIXC3  | 7059299774055 | 7069595103880 | 7069188225275 | 7069986721265 | 7069708215865 | 7069044394410 | 7069068370980 | 7068405713760 | 7069371599030 | 7069788654670 | 7069253820565 | 7070298610495 | 7057101103365 | 7069025975685 | 7069899749075 | 7068952466865 | 7068994277065 | 7066758418360 |
|       TEMP_CORE       |   TMP0  |            35 |            38 |            37 |            36 |            36 |            36 |            38 |            38 |            36 |            33 |            35 |            36 |            36 |            33 |            35 |            36 |            35 |            35 |
|     PWR_PKG_ENERGY    |   PWR0  |    93623.1083 |             0 |             0 |             0 |             0 |             0 |             0 |             0 |             0 |             0 |             0 |             0 |             0 |             0 |             0 |             0 |             0 |             0 |
|     PWR_PP0_ENERGY    |   PWR1  |             0 |             0 |             0 |             0 |             0 |             0 |             0 |             0 |             0 |             0 |             0 |             0 |             0 |             0 |             0 |             0 |             0 |             0 |
|    PWR_DRAM_ENERGY    |   PWR3  |     6344.6973 |             0 |             0 |             0 |             0 |             0 |             0 |             0 |             0 |             0 |             0 |             0 |             0 |             0 |             0 |             0 |             0 |             0 |
|  PWR_PLATFORM_ENERGY  |   PWR4  |             0 |             0 |             0 |             0 |             0 |             0 |             0 |             0 |             0 |             0 |             0 |             0 |             0 |             0 |             0 |             0 |             0 |             0 |
|   UNCORE_CLOCKTICKS   | UBOXFIX | 1325098149432 |             0 |             0 |             0 |             0 |             0 |             0 |             0 |             0 |             0 |             0 |             0 |             0 |             0 |             0 |             0 |             0 |             0 |
+-----------------------+---------+---------------+---------------+---------------+---------------+---------------+---------------+---------------+---------------+---------------+---------------+---------------+---------------+---------------+---------------+---------------+---------------+---------------+---------------+

+----------------------------+---------+-----------------+---------------+---------------+--------------+
|            Event           | Counter |       Sum       |      Min      |      Max      |      Avg     |
+----------------------------+---------+-----------------+---------------+---------------+--------------+
|   INSTR_RETIRED_ANY STAT   |  FIXC0  |  48320339603830 | 2548058131433 | 2843295750841 | 2.684463e+12 |
| CPU_CLK_UNHALTED_CORE STAT |  FIXC1  |  25444748238933 | 1411420220673 | 1414059722099 | 1.413597e+12 |
|  CPU_CLK_UNHALTED_REF STAT |  FIXC2  |  35921891364672 | 1992584494752 | 1996314773088 | 1.995661e+12 |
|     TOPDOWN_SLOTS STAT     |  FIXC3  | 127223741194665 | 7057101103365 | 7070298610495 | 7.067986e+12 |
|       TEMP_CORE STAT       |   TMP0  |             644 |            33 |            38 |      35.7778 |
|     PWR_PKG_ENERGY STAT    |   PWR0  |      93623.1083 |             0 |    93623.1083 |    5201.2838 |
|     PWR_PP0_ENERGY STAT    |   PWR1  |               0 |             0 |             0 |            0 |
|    PWR_DRAM_ENERGY STAT    |   PWR3  |       6344.6973 |             0 |     6344.6973 |     352.4832 |
|  PWR_PLATFORM_ENERGY STAT  |   PWR4  |               0 |             0 |             0 |            0 |
|   UNCORE_CLOCKTICKS STAT   | UBOXFIX |   1325098149432 |             0 | 1325098149432 | 7.361656e+10 |
+----------------------------+---------+-----------------+---------------+---------------+--------------+

+----------------------+------------+-----------+-----------+-----------+-----------+-----------+-----------+-----------+-----------+-----------+-------------+-------------+-------------+-------------+-------------+-------------+-------------+-------------+
|        Metric        |  f0404:0:0 | f0404:1:1 | f0404:2:2 | f0404:3:3 | f0404:4:4 | f0404:5:5 | f0404:6:6 | f0404:7:7 | f0404:8:8 | f0404:9:9 | f0404:10:10 | f0404:11:11 | f0404:12:12 | f0404:13:13 | f0404:14:14 | f0404:15:15 | f0404:16:16 | f0404:17:17 |
+----------------------+------------+-----------+-----------+-----------+-----------+-----------+-----------+-----------+-----------+-----------+-------------+-------------+-------------+-------------+-------------+-------------+-------------+-------------+
|  Runtime (RDTSC) [s] |   837.3700 |  837.3532 |  837.4166 |  837.3791 |  837.3699 |  837.3617 |  837.3635 |  837.3572 |  837.3950 |  837.4006 |    837.3619 |    837.4055 |    837.3556 |    837.3578 |    837.3427 |    837.3621 |    837.3612 |    837.4148 |
| Runtime unhalted [s] |   589.6690 |  590.5268 |  590.5344 |  590.5640 |  590.5389 |  590.4803 |  590.4829 |  590.4267 |  590.5343 |  590.5735 |    590.4975 |    590.6187 |    589.4826 |    590.4796 |    590.5518 |    590.4793 |    590.4781 |    590.3320 |
|      Clock [MHz]     |  1695.9847 | 1695.9931 | 1695.8743 | 1695.9797 | 1695.9851 | 1695.9897 | 1695.9913 | 1695.9929 | 1695.9188 | 1695.9058 |   1695.9914 |   1695.8962 |   1695.9965 |   1695.9922 |   1695.9948 |   1695.9729 |   1695.9908 |   1695.8724 |
|  Uncore Clock [MHz]  |  1582.4524 |         0 |         0 |         0 |         0 |         0 |         0 |         0 |         0 |         0 |           0 |           0 |           0 |           0 |           0 |           0 |           0 |           0 |
|          CPI         |     0.4966 |    0.4973 |    0.5003 |    0.5144 |    0.5268 |    0.5306 |    0.5333 |    0.5340 |    0.5322 |    0.5329 |      0.5538 |      0.5550 |      0.5469 |      0.5351 |      0.5235 |      0.5206 |      0.5181 |      0.5372 |
|    Temperature [C]   |         35 |        38 |        37 |        36 |        36 |        36 |        38 |        38 |        36 |        33 |          35 |          36 |          36 |          33 |          35 |          36 |          35 |          35 |
|      Energy [J]      | 93623.1083 |         0 |         0 |         0 |         0 |         0 |         0 |         0 |         0 |         0 |           0 |           0 |           0 |           0 |           0 |           0 |           0 |           0 |
|       Power [W]      |   111.8061 |         0 |         0 |         0 |         0 |         0 |         0 |         0 |         0 |         0 |           0 |           0 |           0 |           0 |           0 |           0 |           0 |           0 |
|    Energy PP0 [J]    |          0 |         0 |         0 |         0 |         0 |         0 |         0 |         0 |         0 |         0 |           0 |           0 |           0 |           0 |           0 |           0 |           0 |           0 |
|     Power PP0 [W]    |          0 |         0 |         0 |         0 |         0 |         0 |         0 |         0 |         0 |         0 |           0 |           0 |           0 |           0 |           0 |           0 |           0 |           0 |
|    Energy DRAM [J]   |  6344.6973 |         0 |         0 |         0 |         0 |         0 |         0 |         0 |         0 |         0 |           0 |           0 |           0 |           0 |           0 |           0 |           0 |           0 |
|    Power DRAM [W]    |     7.5769 |         0 |         0 |         0 |         0 |         0 |         0 |         0 |         0 |         0 |           0 |           0 |           0 |           0 |           0 |           0 |           0 |           0 |
|  Energy PLATFORM [J] |          0 |         0 |         0 |         0 |         0 |         0 |         0 |         0 |         0 |         0 |           0 |           0 |           0 |           0 |           0 |           0 |           0 |           0 |
|  Power PLATFORM [W]  |          0 |         0 |         0 |         0 |         0 |         0 |         0 |         0 |         0 |         0 |           0 |           0 |           0 |           0 |           0 |           0 |           0 |           0 |
+----------------------+------------+-----------+-----------+-----------+-----------+-----------+-----------+-----------+-----------+-----------+-------------+-------------+-------------+-------------+-------------+-------------+-------------+-------------+

+---------------------------+------------+-----------+------------+-----------+-----------+-----------+-----------+
|           Metric          |     Sum    |    Min    |     Max    |    Avg    |  %ile 25  |  %ile 50  |  %ile 75  |
+---------------------------+------------+-----------+------------+-----------+-----------+-----------+-----------+
|  Runtime (RDTSC) [s] STAT | 15072.7284 |  837.3427 |   837.4166 |  837.3738 |  837.3578 |  837.3621 |  837.3950 |
| Runtime unhalted [s] STAT | 10627.2504 |  589.4826 |   590.6187 |  590.4028 |  590.4781 |  590.4829 |  590.5389 |
|      Clock [MHz] STAT     | 30527.3226 | 1695.8724 |  1695.9965 | 1695.9624 | 1695.9188 | 1695.9851 | 1695.9922 |
|  Uncore Clock [MHz] STAT  |  1582.4524 |         0 |  1582.4524 |   87.9140 |         0 |         0 |         0 |
|          CPI STAT         |     9.4886 |    0.4966 |     0.5550 |    0.5271 |    0.5181 |    0.5306 |    0.5351 |
|    Temperature [C] STAT   |        644 |        33 |         38 |   35.7778 |        35 |        36 |        36 |
|      Energy [J] STAT      | 93623.1083 |         0 | 93623.1083 | 5201.2838 |         0 |         0 |         0 |
|       Power [W] STAT      |   111.8061 |         0 |   111.8061 |    6.2115 |         0 |         0 |         0 |
|    Energy PP0 [J] STAT    |          0 |         0 |          0 |         0 |         0 |         0 |         0 |
|     Power PP0 [W] STAT    |          0 |         0 |          0 |         0 |         0 |         0 |         0 |
|    Energy DRAM [J] STAT   |  6344.6973 |         0 |  6344.6973 |  352.4832 |         0 |         0 |         0 |
|    Power DRAM [W] STAT    |     7.5769 |         0 |     7.5769 |    0.4209 |         0 |         0 |         0 |
|  Energy PLATFORM [J] STAT |          0 |         0 |          0 |         0 |         0 |         0 |         0 |
|  Power PLATFORM [W] STAT  |          0 |         0 |          0 |         0 |         0 |         0 |         0 |
+---------------------------+------------+-----------+------------+-----------+-----------+-----------+-----------+

