Group: 1
+-----------------------+---------+---------------+---------------+---------------+---------------+---------------+---------------+---------------+---------------+---------------+---------------+---------------+---------------+---------------+---------------+---------------+---------------+---------------+---------------+
|         Event         | Counter |   f0880:0:0   |   f0880:1:1   |   f0880:2:2   |   f0880:3:3   |   f0880:4:4   |   f0880:5:5   |   f0880:6:6   |   f0880:7:7   |   f0880:8:8   |   f0880:9:9   |  f0880:10:10  |  f0880:11:11  |  f0880:12:12  |  f0880:13:13  |  f0880:14:14  |  f0880:15:15  |  f0880:16:16  |  f0880:17:17  |
+-----------------------+---------+---------------+---------------+---------------+---------------+---------------+---------------+---------------+---------------+---------------+---------------+---------------+---------------+---------------+---------------+---------------+---------------+---------------+---------------+
|   INSTR_RETIRED_ANY   |  FIXC0  | 2437145180959 | 2418356132048 | 2409287272819 | 2364598109239 | 2313174105879 | 2281909080727 | 2276702484245 | 2276191904550 | 2275571349103 | 2273267123894 | 2166477577886 | 2170110171383 | 2176905596686 | 2204331069108 | 2243255811526 | 2266130163056 | 2284575994540 | 2324195115132 |
| CPU_CLK_UNHALTED_CORE |  FIXC1  | 1201145955124 | 1199548417070 | 1202188821254 | 1202062178367 | 1202167991059 | 1202196548674 | 1202311413215 | 1202090483989 | 1201871332200 | 1202161470893 | 1202321250857 | 1202179325180 | 1202050297686 | 1201997256553 | 1202103954985 | 1202263395639 | 1202273378488 | 1202158387462 |
|  CPU_CLK_UNHALTED_REF |  FIXC2  | 2217484395840 | 2214533496192 | 2219407518528 | 2219174341728 | 2219370796416 | 2219431640928 | 2219635560192 | 2219227042368 | 2218822065888 | 2219357937696 | 2219662543968 | 2219391609792 | 2219160982464 | 2219054934720 | 2219251585536 | 2219555773632 | 2219564055456 | 2219351495328 |
|     TOPDOWN_SLOTS     |  FIXC3  | 6005729775620 | 5997742085350 | 6010944106270 | 6010310891835 | 6010839955295 | 6010982743370 | 6011557066075 | 6010452419945 | 6009356661000 | 6010807354465 | 6011606254285 | 6010896625900 | 6010251488430 | 6009986282765 | 6010519774925 | 6011316978195 | 6011366892440 | 6010791937310 |
|       TEMP_CORE       |   TMP0  |            37 |            39 |            38 |            37 |            36 |            36 |            37 |            40 |            36 |            37 |            35 |            37 |            39 |            38 |            38 |            35 |            38 |            38 |
|     PWR_PKG_ENERGY    |   PWR0  |    88874.3384 |             0 |             0 |             0 |             0 |             0 |             0 |             0 |             0 |             0 |             0 |             0 |             0 |             0 |             0 |             0 |             0 |             0 |
|     PWR_PP0_ENERGY    |   PWR1  |             0 |             0 |             0 |             0 |             0 |             0 |             0 |             0 |             0 |             0 |             0 |             0 |             0 |             0 |             0 |             0 |             0 |             0 |
|    PWR_DRAM_ENERGY    |   PWR3  |     6299.5079 |             0 |             0 |             0 |             0 |             0 |             0 |             0 |             0 |             0 |             0 |             0 |             0 |             0 |             0 |             0 |             0 |             0 |
|  PWR_PLATFORM_ENERGY  |   PWR4  |             0 |             0 |             0 |             0 |             0 |             0 |             0 |             0 |             0 |             0 |             0 |             0 |             0 |             0 |             0 |             0 |             0 |             0 |
|   UNCORE_CLOCKTICKS   | UBOXFIX | 1459991343251 |             0 |             0 |             0 |             0 |             0 |             0 |             0 |             0 |             0 |             0 |             0 |             0 |             0 |             0 |             0 |             0 |             0 |
+-----------------------+---------+---------------+---------------+---------------+---------------+---------------+---------------+---------------+---------------+---------------+---------------+---------------+---------------+---------------+---------------+---------------+---------------+---------------+---------------+

+----------------------------+---------+-----------------+---------------+---------------+--------------+
|            Event           | Counter |       Sum       |      Min      |      Max      |      Avg     |
+----------------------------+---------+-----------------+---------------+---------------+--------------+
|   INSTR_RETIRED_ANY STAT   |  FIXC0  |  41162184242780 | 2166477577886 | 2437145180959 | 2.286788e+12 |
| CPU_CLK_UNHALTED_CORE STAT |  FIXC1  |  21635091858695 | 1199548417070 | 1202321250857 | 1.201950e+12 |
|  CPU_CLK_UNHALTED_REF STAT |  FIXC2  |  39941437776672 | 2214533496192 | 2219662543968 | 2.218969e+12 |
|     TOPDOWN_SLOTS STAT     |  FIXC3  | 108175459293475 | 5997742085350 | 6011606254285 | 6.009748e+12 |
|       TEMP_CORE STAT       |   TMP0  |             671 |            35 |            40 |      37.2778 |
|     PWR_PKG_ENERGY STAT    |   PWR0  |      88874.3384 |             0 |    88874.3384 |    4937.4632 |
|     PWR_PP0_ENERGY STAT    |   PWR1  |               0 |             0 |             0 |            0 |
|    PWR_DRAM_ENERGY STAT    |   PWR3  |       6299.5079 |             0 |     6299.5079 |     349.9727 |
|  PWR_PLATFORM_ENERGY STAT  |   PWR4  |               0 |             0 |             0 |            0 |
|   UNCORE_CLOCKTICKS STAT   | UBOXFIX |   1459991343251 |             0 | 1459991343251 | 8.111063e+10 |
+----------------------------+---------+-----------------+---------------+---------------+--------------+

+----------------------+------------+-----------+-----------+-----------+-----------+-----------+-----------+-----------+-----------+-----------+-------------+-------------+-------------+-------------+-------------+-------------+-------------+-------------+
|        Metric        |  f0880:0:0 | f0880:1:1 | f0880:2:2 | f0880:3:3 | f0880:4:4 | f0880:5:5 | f0880:6:6 | f0880:7:7 | f0880:8:8 | f0880:9:9 | f0880:10:10 | f0880:11:11 | f0880:12:12 | f0880:13:13 | f0880:14:14 | f0880:15:15 | f0880:16:16 | f0880:17:17 |
+----------------------+------------+-----------+-----------+-----------+-----------+-----------+-----------+-----------+-----------+-----------+-------------+-------------+-------------+-------------+-------------+-------------+-------------+-------------+
|  Runtime (RDTSC) [s] |   931.3511 |  931.3441 |  931.3558 |  931.3518 |  931.3527 |  931.3602 |  931.3565 |  931.3866 |  931.3639 |  931.3596 |    931.3593 |    931.3496 |    931.3537 |    931.3250 |    931.3574 |    931.3551 |    931.3977 |    931.3873 |
| Runtime unhalted [s] |   501.6617 |  500.9953 |  502.0973 |  502.0443 |  502.0879 |  502.1011 |  502.1492 |  502.0756 |  501.9641 |  502.0859 |    502.1526 |    502.0929 |    502.0393 |    502.0175 |    502.0612 |    502.1298 |    502.1588 |    502.1080 |
|      Clock [MHz]     |  1296.9404 | 1296.9394 | 1296.9416 | 1296.9416 | 1296.9425 | 1296.9345 | 1296.9388 | 1296.8909 | 1296.9427 | 1296.9410 |   1296.9356 |   1296.9417 |   1296.9367 |   1296.9403 |   1296.9428 |   1296.9319 |   1296.8737 |   1296.8810 |
|  Uncore Clock [MHz]  |  1567.6058 |         0 |         0 |         0 |         0 |         0 |         0 |         0 |         0 |         0 |           0 |           0 |           0 |           0 |           0 |           0 |           0 |           0 |
|          CPI         |     0.4928 |    0.4960 |    0.4990 |    0.5084 |    0.5197 |    0.5268 |    0.5281 |    0.5281 |    0.5282 |    0.5288 |      0.5550 |      0.5540 |      0.5522 |      0.5453 |      0.5359 |      0.5305 |      0.5263 |      0.5172 |
|    Temperature [C]   |         37 |        39 |        38 |        37 |        36 |        36 |        37 |        40 |        36 |        37 |          35 |          37 |          39 |          38 |          38 |          35 |          38 |          38 |
|      Energy [J]      | 88874.3384 |         0 |         0 |         0 |         0 |         0 |         0 |         0 |         0 |         0 |           0 |           0 |           0 |           0 |           0 |           0 |           0 |           0 |
|       Power [W]      |    95.4252 |         0 |         0 |         0 |         0 |         0 |         0 |         0 |         0 |         0 |           0 |           0 |           0 |           0 |           0 |           0 |           0 |           0 |
|    Energy PP0 [J]    |          0 |         0 |         0 |         0 |         0 |         0 |         0 |         0 |         0 |         0 |           0 |           0 |           0 |           0 |           0 |           0 |           0 |           0 |
|     Power PP0 [W]    |          0 |         0 |         0 |         0 |         0 |         0 |         0 |         0 |         0 |         0 |           0 |           0 |           0 |           0 |           0 |           0 |           0 |           0 |
|    Energy DRAM [J]   |  6299.5079 |         0 |         0 |         0 |         0 |         0 |         0 |         0 |         0 |         0 |           0 |           0 |           0 |           0 |           0 |           0 |           0 |           0 |
|    Power DRAM [W]    |     6.7638 |         0 |         0 |         0 |         0 |         0 |         0 |         0 |         0 |         0 |           0 |           0 |           0 |           0 |           0 |           0 |           0 |           0 |
|  Energy PLATFORM [J] |          0 |         0 |         0 |         0 |         0 |         0 |         0 |         0 |         0 |         0 |           0 |           0 |           0 |           0 |           0 |           0 |           0 |           0 |
|  Power PLATFORM [W]  |          0 |         0 |         0 |         0 |         0 |         0 |         0 |         0 |         0 |         0 |           0 |           0 |           0 |           0 |           0 |           0 |           0 |           0 |
+----------------------+------------+-----------+-----------+-----------+-----------+-----------+-----------+-----------+-----------+-----------+-------------+-------------+-------------+-------------+-------------+-------------+-------------+-------------+

+---------------------------+------------+-----------+------------+-----------+-----------+-----------+-----------+
|           Metric          |     Sum    |    Min    |     Max    |    Avg    |  %ile 25  |  %ile 50  |  %ile 75  |
+---------------------------+------------+-----------+------------+-----------+-----------+-----------+-----------+
|  Runtime (RDTSC) [s] STAT | 16764.4674 |  931.3250 |   931.3977 |  931.3593 |  931.3518 |  931.3558 |  931.3602 |
| Runtime unhalted [s] STAT |  9036.0225 |  500.9953 |   502.1588 |  502.0012 |  502.0393 |  502.0859 |  502.1080 |
|      Clock [MHz] STAT     | 23344.7371 | 1296.8737 |  1296.9428 | 1296.9298 | 1296.9345 | 1296.9394 | 1296.9416 |
|  Uncore Clock [MHz] STAT  |  1567.6058 |         0 |  1567.6058 |   87.0892 |         0 |         0 |         0 |
|          CPI STAT         |     9.4723 |    0.4928 |     0.5550 |    0.5262 |    0.5172 |    0.5281 |    0.5359 |
|    Temperature [C] STAT   |        671 |        35 |         40 |   37.2778 |        36 |        37 |        38 |
|      Energy [J] STAT      | 88874.3384 |         0 | 88874.3384 | 4937.4632 |         0 |         0 |         0 |
|       Power [W] STAT      |    95.4252 |         0 |    95.4252 |    5.3014 |         0 |         0 |         0 |
|    Energy PP0 [J] STAT    |          0 |         0 |          0 |         0 |         0 |         0 |         0 |
|     Power PP0 [W] STAT    |          0 |         0 |          0 |         0 |         0 |         0 |         0 |
|    Energy DRAM [J] STAT   |  6299.5079 |         0 |  6299.5079 |  349.9727 |         0 |         0 |         0 |
|    Power DRAM [W] STAT    |     6.7638 |         0 |     6.7638 |    0.3758 |         0 |         0 |         0 |
|  Energy PLATFORM [J] STAT |          0 |         0 |          0 |         0 |         0 |         0 |         0 |
|  Power PLATFORM [W] STAT  |          0 |         0 |          0 |         0 |         0 |         0 |         0 |
+---------------------------+------------+-----------+------------+-----------+-----------+-----------+-----------+

