
          -------------------------------------------------------
          Amber 20 PMEMD                              2020
          -------------------------------------------------------

| PMEMD implementation of SANDER, Release 18

|  Compiled date/time: Fri Dec 17 14:50:05 2021
| Run on 12/23/2021 at 11:18:37

|   Executable path: pmemd.MPI
| Working directory: /home/titan/unrz/unrz007h/benchmark_fritz/AMBER/3-20p12-at21p11-ompi-intel/n001/233
|          Hostname: f0436

  [-O]verwriting output

File Assignments:
|   MDIN: ../factorix.mdin                                                      
|  MDOUT: factorix.output                                                       
| INPCRD: ../factorix.inpcrd                                                    
|   PARM: ../factorix.prmtop                                                    
| RESTRT: restrt                                                                
|   REFC: refc                                                                  
|  MDVEL: mdvel                                                                 
|   MDEN: mden                                                                  
|  MDCRD: mdcrd                                                                 
| MDINFO: mdinfo                                                                
|LOGFILE: logfile                                                               
|  MDFRC: mdfrc                                                                 

 
 Here is the input file:
 
FIX (active) full dynamics ( constraint dynamics: constant volume)             
 &cntrl                                                                        
   ntx = 7,       irest = 1,                                                   
   ntpr = 100,     ntwx = 0,     ntwr = 0,                                     
   ntf = 2,       ntc = 2,       tol = 0.000001,                               
   cut = 8.0,                                                                  
   nstlim = 50000,  dt = 0.00150,                                              
   nscm = 250,                                                                 
   ntt = 0,                                                                    
   lastist = 4000000,                                                          
   lastrst = 5000000,                                                          
 /                                                                             


Note: ig = -1. Setting random seed to   187271 based on wallclock time in
      microseconds and disabling the synchronization of random numbers 
      between tasks to improve performance.
| irandom = 1, using AMBER's internal random number generator (default).
| WARNING: The sander lastist option is not needed and is ignored.
| WARNING: The sander lastrst option is not needed and is ignored.
 
| INFO:    Axis order optimization will be used.

 
| Conditional Compilation Defines Used:
| MPI
| FFTW_FFT
| BINTRAJ
| MKL
| EMIL
 
| Largest sphere to fit in unit cell has radius =    39.339

|  INFO: Old style PARM file read


| Note: 1-4 EEL scale factors were NOT found in the topology file.
|       Using default value of 1.2.

| Note: 1-4 VDW scale factors were NOT found in the topology file.
|       Using default value of 2.0.
| Duplicated  437 dihedrals

| Duplicated 1846 dihedrals

--------------------------------------------------------------------------------
   1.  RESOURCE   USE: 
--------------------------------------------------------------------------------

 getting new box info from bottom of inpcrd
 NATOM  =   90906 NTYPES =      19 NBONH =   87891 MBONA  =    3077
 NTHETH =    6433 MTHETA =    4178 NPHIH =   11305 MPHIA  =    5519
 NHPARM =       0 NPARM  =       0 NNB   =  145596 NRES   =   28750
 NBONA  =    3077 NTHETA =    4178 NPHIA =    5519 NUMBND =      54
 NUMANG =     126 NPTRA  =      75 NATYP =      31 NPHB   =       1
 IFBOX  =       1 NMXRS  =      24 IFCAP =       0 NEXTRA =       0
 NCOPY  =       0

| Coordinate Index Table dimensions:    28   16   15
| Direct force subcell size =     5.0745    5.2086    5.2452

     BOX TYPE: RECTILINEAR

--------------------------------------------------------------------------------
   2.  CONTROL  DATA  FOR  THE  RUN
--------------------------------------------------------------------------------

factor IX (ACTIVATED PROTEIN)                                                   

General flags:
     imin    =       0, nmropt  =       0

Nature and format of input:
     ntx     =       7, irest   =       1, ntrx    =       1

Nature and format of output:
     ntxo    =       2, ntpr    =     100, ntrx    =       1, ntwr    =   50000
     iwrap   =       0, ntwx    =       0, ntwv    =       0, ntwe    =       0
     ioutfm  =       1, ntwprt  =       0, idecomp =       0, rbornstat=      0

Potential function:
     ntf     =       2, ntb     =       1, igb     =       0, nsnb    =      25
     ipol    =       0, gbsa    =       0, iesp    =       0
     dielc   =   1.00000, cut     =   8.00000, intdiel =   1.00000

Frozen or restrained atoms:
     ibelly  =       0, ntr     =       0

Molecular dynamics:
     nstlim  =     50000, nscm    =       250, nrespa  =         1
     t       =   0.00000, dt      =   0.00150, vlimit  =  20.00000

SHAKE:
     ntc     =       2, jfastw  =       0
     tol     =   0.00000

| Intermolecular bonds treatment:
|     no_intermolecular_bonds =       1

| Energy averages sample interval:
|     ene_avg_sampling =     100

Ewald parameters:
     verbose =       0, ew_type =       0, nbflag  =       1, use_pme =       1
     vdwmeth =       1, eedmeth =       1, netfrc  =       1
     Box X =  142.086   Box Y =   83.337   Box Z =   78.678
     Alpha =   90.000   Beta  =   90.000   Gamma =   90.000
     NFFT1 =  144       NFFT2 =   90       NFFT3 =   80
     Cutoff=    8.000   Tol   =0.100E-04
     Ewald Coefficient =  0.34864
     Interpolation order =    4

| PMEMD ewald parallel performance parameters:
|     block_fft =    0
|     fft_blk_y_divisor =    4
|     excl_recip =    0
|     excl_master =    0
|     atm_redist_freq =  320

--------------------------------------------------------------------------------
   3.  ATOMIC COORDINATES AND VELOCITIES
--------------------------------------------------------------------------------

factor IX (ACTIVATED PROTEIN)                                                   
 begin time read from input coords =  2542.675 ps

 
 Number of triangulated 3-point waters found:    28358

     Sum of charges from parm topology file =   0.00031225
     Forcing neutrality...

| Dynamic Memory, Types Used:
| Reals             5294456
| Integers          3215547

| Nonbonded Pairs Initial Allocation:      575738

| Running AMBER/MPI version on   72 MPI task

 
--------------------------------------------------------------------------------
   4.  RESULTS
--------------------------------------------------------------------------------

 ---------------------------------------------------
 APPROXIMATING switch and d/dx switch using CUBIC SPLINE INTERPOLATION
 using   5000.0 points per unit in tabled values
 TESTING RELATIVE ERROR over r ranging from 0.0 to cutoff
| CHECK switch(x): max rel err =   0.3316E-14   at   2.351880
| CHECK d/dx switch(x): max rel err =   0.8336E-11   at   2.782960
 ---------------------------------------------------
|---------------------------------------------------
| APPROXIMATING direct energy using CUBIC SPLINE INTERPOLATION
|  with   50.0 points per unit in tabled values
| Relative Error Limit not exceeded for r .gt.   2.47
| APPROXIMATING direct force using CUBIC SPLINE INTERPOLATION
|  with   50.0 points per unit in tabled values
| Relative Error Limit not exceeded for r .gt.   2.89
|---------------------------------------------------

 NSTEP =      100   TIME(PS) =    2542.825  TEMP(K) =   298.74  PRESS =     0.0
 Etot   =   -234218.3473  EKtot   =     54860.7625  EPtot      =   -289079.1098
 BOND   =      1103.0435  ANGLE   =      2960.7695  DIHED      =      2288.4338
 1-4 NB =      1312.5562  1-4 EEL =     15093.0701  VDWAALS    =     36866.8490
 EELEC  =   -348703.8320  EHBOND  =         0.0000  RESTRAINT  =         0.0000
 Ewald error estimate:   0.6831E-04
 ------------------------------------------------------------------------------


 NSTEP =      200   TIME(PS) =    2542.975  TEMP(K) =   297.76  PRESS =     0.0
 Etot   =   -234218.3698  EKtot   =     54681.6127  EPtot      =   -288899.9825
 BOND   =      1125.1379  ANGLE   =      2961.9410  DIHED      =      2244.2927
 1-4 NB =      1316.1846  1-4 EEL =     15113.4142  VDWAALS    =     36422.4567
 EELEC  =   -348083.4097  EHBOND  =         0.0000  RESTRAINT  =         0.0000
 Ewald error estimate:   0.1472E-04
 ------------------------------------------------------------------------------

check COM velocity, temp:        0.000000     0.00(Removed)

 NSTEP =      300   TIME(PS) =    2543.125  TEMP(K) =   297.94  PRESS =     0.0
 Etot   =   -234217.3995  EKtot   =     54713.8798  EPtot      =   -288931.2793
 BOND   =      1136.6428  ANGLE   =      2948.4126  DIHED      =      2262.1544
 1-4 NB =      1298.1550  1-4 EEL =     15134.1716  VDWAALS    =     36703.9285
 EELEC  =   -348414.7443  EHBOND  =         0.0000  RESTRAINT  =         0.0000
 Ewald error estimate:   0.1759E-04
 ------------------------------------------------------------------------------


 NSTEP =      400   TIME(PS) =    2543.275  TEMP(K) =   298.80  PRESS =     0.0
 Etot   =   -234217.5764  EKtot   =     54870.9021  EPtot      =   -289088.4784
 BOND   =      1149.6321  ANGLE   =      2884.9472  DIHED      =      2223.7015
 1-4 NB =      1308.3590  1-4 EEL =     15173.9831  VDWAALS    =     36500.1800
 EELEC  =   -348329.2813  EHBOND  =         0.0000  RESTRAINT  =         0.0000
 Ewald error estimate:   0.2372E-04
 ------------------------------------------------------------------------------

check COM velocity, temp:        0.000000     0.00(Removed)

 NSTEP =      500   TIME(PS) =    2543.425  TEMP(K) =   298.97  PRESS =     0.0
 Etot   =   -234217.9530  EKtot   =     54902.7464  EPtot      =   -289120.6994
 BOND   =      1145.4815  ANGLE   =      2975.8144  DIHED      =      2236.9885
 1-4 NB =      1323.8331  1-4 EEL =     15106.6950  VDWAALS    =     36536.3430
 EELEC  =   -348445.8549  EHBOND  =         0.0000  RESTRAINT  =         0.0000
 Ewald error estimate:   0.3216E-04
 ------------------------------------------------------------------------------


 NSTEP =      600   TIME(PS) =    2543.575  TEMP(K) =   297.11  PRESS =     0.0
 Etot   =   -234217.5244  EKtot   =     54561.1890  EPtot      =   -288778.7133
 BOND   =      1124.1853  ANGLE   =      2911.7406  DIHED      =      2246.1542
 1-4 NB =      1334.3174  1-4 EEL =     15084.8395  VDWAALS    =     36016.0503
 EELEC  =   -347496.0006  EHBOND  =         0.0000  RESTRAINT  =         0.0000
 Ewald error estimate:   0.6280E-04
 ------------------------------------------------------------------------------


 NSTEP =      700   TIME(PS) =    2543.725  TEMP(K) =   299.42  PRESS =     0.0
 Etot   =   -234218.1592  EKtot   =     54984.8949  EPtot      =   -289203.0541
 BOND   =      1116.2857  ANGLE   =      2998.6137  DIHED      =      2201.0103
 1-4 NB =      1300.3133  1-4 EEL =     15058.3184  VDWAALS    =     36753.8261
 EELEC  =   -348631.4216  EHBOND  =         0.0000  RESTRAINT  =         0.0000
 Ewald error estimate:   0.8581E-04
 ------------------------------------------------------------------------------

check COM velocity, temp:        0.000000     0.00(Removed)

 NSTEP =      800   TIME(PS) =    2543.875  TEMP(K) =   299.78  PRESS =     0.0
 Etot   =   -234218.5875  EKtot   =     55051.7212  EPtot      =   -289270.3087
 BOND   =      1095.7100  ANGLE   =      2914.4993  DIHED      =      2243.1044
 1-4 NB =      1316.4654  1-4 EEL =     15178.6733  VDWAALS    =     36942.2837
 EELEC  =   -348961.0447  EHBOND  =         0.0000  RESTRAINT  =         0.0000
 Ewald error estimate:   0.1816E-04
 ------------------------------------------------------------------------------


 NSTEP =      900   TIME(PS) =    2544.025  TEMP(K) =   298.57  PRESS =     0.0
 Etot   =   -234216.0995  EKtot   =     54830.1123  EPtot      =   -289046.2118
 BOND   =      1113.1156  ANGLE   =      2927.4479  DIHED      =      2273.3507
 1-4 NB =      1300.1618  1-4 EEL =     15056.2534  VDWAALS    =     36420.0606
 EELEC  =   -348136.6017  EHBOND  =         0.0000  RESTRAINT  =         0.0000
 Ewald error estimate:   0.6031E-04
 ------------------------------------------------------------------------------

check COM velocity, temp:        0.000000     0.00(Removed)

 NSTEP =     1000   TIME(PS) =    2544.175  TEMP(K) =   298.33  PRESS =     0.0
 Etot   =   -234217.6845  EKtot   =     54784.5099  EPtot      =   -289002.1944
 BOND   =      1111.5118  ANGLE   =      2924.6907  DIHED      =      2262.8720
 1-4 NB =      1330.0385  1-4 EEL =     15119.9000  VDWAALS    =     36724.1537
 EELEC  =   -348475.3612  EHBOND  =         0.0000  RESTRAINT  =         0.0000
 Ewald error estimate:   0.3876E-04
 ------------------------------------------------------------------------------


 NSTEP =     1100   TIME(PS) =    2544.325  TEMP(K) =   297.44  PRESS =     0.0
 Etot   =   -234218.0491  EKtot   =     54621.6228  EPtot      =   -288839.6719
 BOND   =      1095.3351  ANGLE   =      2954.6408  DIHED      =      2269.6489
 1-4 NB =      1326.8369  1-4 EEL =     15058.6932  VDWAALS    =     36359.8981
 EELEC  =   -347904.7249  EHBOND  =         0.0000  RESTRAINT  =         0.0000
 Ewald error estimate:   0.5664E-04
 ------------------------------------------------------------------------------


 NSTEP =     1200   TIME(PS) =    2544.475  TEMP(K) =   297.66  PRESS =     0.0
 Etot   =   -234218.1012  EKtot   =     54661.7610  EPtot      =   -288879.8622
 BOND   =      1096.8352  ANGLE   =      2879.4493  DIHED      =      2237.4439
 1-4 NB =      1337.8176  1-4 EEL =     15139.4688  VDWAALS    =     36206.0086
 EELEC  =   -347776.8855  EHBOND  =         0.0000  RESTRAINT  =         0.0000
 Ewald error estimate:   0.2291E-04
 ------------------------------------------------------------------------------

check COM velocity, temp:        0.000000     0.00(Removed)

 NSTEP =     1300   TIME(PS) =    2544.625  TEMP(K) =   298.88  PRESS =     0.0
 Etot   =   -234221.3956  EKtot   =     54886.0900  EPtot      =   -289107.4856
 BOND   =      1112.0842  ANGLE   =      2904.4006  DIHED      =      2248.8991
 1-4 NB =      1274.7620  1-4 EEL =     15074.8872  VDWAALS    =     37245.0197
 EELEC  =   -348967.5385  EHBOND  =         0.0000  RESTRAINT  =         0.0000
 Ewald error estimate:   0.1427E-04
 ------------------------------------------------------------------------------


 NSTEP =     1400   TIME(PS) =    2544.775  TEMP(K) =   298.35  PRESS =     0.0
 Etot   =   -234218.3241  EKtot   =     54788.7838  EPtot      =   -289007.1079
 BOND   =      1099.8946  ANGLE   =      2921.0456  DIHED      =      2241.3972
 1-4 NB =      1311.9014  1-4 EEL =     15062.6973  VDWAALS    =     36479.0725
 EELEC  =   -348123.1165  EHBOND  =         0.0000  RESTRAINT  =         0.0000
 Ewald error estimate:   0.1019E-03
 ------------------------------------------------------------------------------

check COM velocity, temp:        0.000000     0.00(Removed)

 NSTEP =     1500   TIME(PS) =    2544.925  TEMP(K) =   298.02  PRESS =     0.0
 Etot   =   -234217.9206  EKtot   =     54728.4498  EPtot      =   -288946.3705
 BOND   =      1125.7072  ANGLE   =      2974.2700  DIHED      =      2245.4309
 1-4 NB =      1303.9572  1-4 EEL =     15062.9461  VDWAALS    =     36708.7773
 EELEC  =   -348367.4591  EHBOND  =         0.0000  RESTRAINT  =         0.0000
 Ewald error estimate:   0.7549E-04
 ------------------------------------------------------------------------------


 NSTEP =     1600   TIME(PS) =    2545.075  TEMP(K) =   298.93  PRESS =     0.0
 Etot   =   -234216.0544  EKtot   =     54895.9718  EPtot      =   -289112.0262
 BOND   =      1111.3154  ANGLE   =      2940.9760  DIHED      =      2218.3392
 1-4 NB =      1305.2092  1-4 EEL =     15129.7208  VDWAALS    =     36949.2797
 EELEC  =   -348766.8663  EHBOND  =         0.0000  RESTRAINT  =         0.0000
 Ewald error estimate:   0.4249E-04
 ------------------------------------------------------------------------------


 NSTEP =     1700   TIME(PS) =    2545.225  TEMP(K) =   299.23  PRESS =     0.0
 Etot   =   -234220.7054  EKtot   =     54950.6819  EPtot      =   -289171.3873
 BOND   =      1045.2878  ANGLE   =      2902.3434  DIHED      =      2228.6682
 1-4 NB =      1333.2417  1-4 EEL =     15060.1889  VDWAALS    =     36921.1720
 EELEC  =   -348662.2893  EHBOND  =         0.0000  RESTRAINT  =         0.0000
 Ewald error estimate:   0.5982E-05
 ------------------------------------------------------------------------------

check COM velocity, temp:        0.000000     0.00(Removed)

 NSTEP =     1800   TIME(PS) =    2545.375  TEMP(K) =   299.79  PRESS =     0.0
 Etot   =   -234221.2193  EKtot   =     55053.0308  EPtot      =   -289274.2501
 BOND   =      1104.3031  ANGLE   =      2913.3435  DIHED      =      2239.1797
 1-4 NB =      1317.1725  1-4 EEL =     15128.6737  VDWAALS    =     36643.5842
 EELEC  =   -348620.5067  EHBOND  =         0.0000  RESTRAINT  =         0.0000
 Ewald error estimate:   0.9259E-05
 ------------------------------------------------------------------------------


 NSTEP =     1900   TIME(PS) =    2545.525  TEMP(K) =   298.23  PRESS =     0.0
 Etot   =   -234219.9524  EKtot   =     54767.2826  EPtot      =   -288987.2350
 BOND   =      1097.3682  ANGLE   =      2949.4457  DIHED      =      2232.2377
 1-4 NB =      1304.1954  1-4 EEL =     15088.3663  VDWAALS    =     36837.0697
 EELEC  =   -348495.9180  EHBOND  =         0.0000  RESTRAINT  =         0.0000
 Ewald error estimate:   0.1757E-04
 ------------------------------------------------------------------------------

check COM velocity, temp:        0.000000     0.00(Removed)

 NSTEP =     2000   TIME(PS) =    2545.675  TEMP(K) =   299.69  PRESS =     0.0
 Etot   =   -234218.7980  EKtot   =     55035.3710  EPtot      =   -289254.1689
 BOND   =      1125.0977  ANGLE   =      2944.7876  DIHED      =      2201.4077
 1-4 NB =      1306.5422  1-4 EEL =     15102.5411  VDWAALS    =     36368.7212
 EELEC  =   -348303.2664  EHBOND  =         0.0000  RESTRAINT  =         0.0000
 Ewald error estimate:   0.2745E-04
 ------------------------------------------------------------------------------


 NSTEP =     2100   TIME(PS) =    2545.825  TEMP(K) =   298.72  PRESS =     0.0
 Etot   =   -234215.1287  EKtot   =     54857.9359  EPtot      =   -289073.0646
 BOND   =      1108.7519  ANGLE   =      2993.9639  DIHED      =      2204.4819
 1-4 NB =      1322.4241  1-4 EEL =     15074.9321  VDWAALS    =     36422.9281
 EELEC  =   -348200.5467  EHBOND  =         0.0000  RESTRAINT  =         0.0000
 Ewald error estimate:   0.6661E-04
 ------------------------------------------------------------------------------


 NSTEP =     2200   TIME(PS) =    2545.975  TEMP(K) =   298.32  PRESS =     0.0
 Etot   =   -234219.8058  EKtot   =     54782.8748  EPtot      =   -289002.6806
 BOND   =      1099.5656  ANGLE   =      2896.1004  DIHED      =      2252.7335
 1-4 NB =      1337.4505  1-4 EEL =     15152.5909  VDWAALS    =     36844.3645
 EELEC  =   -348585.4861  EHBOND  =         0.0000  RESTRAINT  =         0.0000
 Ewald error estimate:   0.6620E-04
 ------------------------------------------------------------------------------

check COM velocity, temp:        0.000000     0.00(Removed)

 NSTEP =     2300   TIME(PS) =    2546.125  TEMP(K) =   296.73  PRESS =     0.0
 Etot   =   -234217.5801  EKtot   =     54492.4287  EPtot      =   -288710.0088
 BOND   =      1142.4216  ANGLE   =      2935.9130  DIHED      =      2209.0845
 1-4 NB =      1312.2717  1-4 EEL =     15039.8340  VDWAALS    =     36788.9733
 EELEC  =   -348138.5069  EHBOND  =         0.0000  RESTRAINT  =         0.0000
 Ewald error estimate:   0.8280E-06
 ------------------------------------------------------------------------------


 NSTEP =     2400   TIME(PS) =    2546.275  TEMP(K) =   297.52  PRESS =     0.0
 Etot   =   -234219.0956  EKtot   =     54636.2312  EPtot      =   -288855.3268
 BOND   =      1087.6372  ANGLE   =      2969.5138  DIHED      =      2229.6225
 1-4 NB =      1295.5358  1-4 EEL =     15037.8946  VDWAALS    =     36919.1498
 EELEC  =   -348394.6804  EHBOND  =         0.0000  RESTRAINT  =         0.0000
 Ewald error estimate:   0.3984E-04
 ------------------------------------------------------------------------------

check COM velocity, temp:        0.000000     0.00(Removed)

 NSTEP =     2500   TIME(PS) =    2546.425  TEMP(K) =   298.79  PRESS =     0.0
 Etot   =   -234223.6375  EKtot   =     54869.9525  EPtot      =   -289093.5900
 BOND   =      1106.3644  ANGLE   =      2853.4479  DIHED      =      2218.1295
 1-4 NB =      1329.4669  1-4 EEL =     15072.4586  VDWAALS    =     36753.2185
 EELEC  =   -348426.6757  EHBOND  =         0.0000  RESTRAINT  =         0.0000
 Ewald error estimate:   0.1729E-04
 ------------------------------------------------------------------------------


 NSTEP =     2600   TIME(PS) =    2546.575  TEMP(K) =   299.71  PRESS =     0.0
 Etot   =   -234221.1559  EKtot   =     55039.5186  EPtot      =   -289260.6745
 BOND   =      1094.7182  ANGLE   =      2954.4093  DIHED      =      2248.3664
 1-4 NB =      1314.5397  1-4 EEL =     15205.6243  VDWAALS    =     36639.7754
 EELEC  =   -348718.1077  EHBOND  =         0.0000  RESTRAINT  =         0.0000
 Ewald error estimate:   0.9325E-04
 ------------------------------------------------------------------------------


 NSTEP =     2700   TIME(PS) =    2546.725  TEMP(K) =   298.90  PRESS =     0.0
 Etot   =   -234220.7097  EKtot   =     54889.7900  EPtot      =   -289110.4997
 BOND   =      1098.0728  ANGLE   =      2870.4560  DIHED      =      2266.2432
 1-4 NB =      1335.2819  1-4 EEL =     15088.3273  VDWAALS    =     36874.3710
 EELEC  =   -348643.2518  EHBOND  =         0.0000  RESTRAINT  =         0.0000
 Ewald error estimate:   0.6157E-04
 ------------------------------------------------------------------------------

check COM velocity, temp:        0.000000     0.00(Removed)

 NSTEP =     2800   TIME(PS) =    2546.875  TEMP(K) =   298.43  PRESS =     0.0
 Etot   =   -234219.1871  EKtot   =     54803.3830  EPtot      =   -289022.5701
 BOND   =      1120.6252  ANGLE   =      2919.4559  DIHED      =      2225.1294
 1-4 NB =      1303.7388  1-4 EEL =     15052.4190  VDWAALS    =     36635.6904
 EELEC  =   -348279.6288  EHBOND  =         0.0000  RESTRAINT  =         0.0000
 Ewald error estimate:   0.3031E-04
 ------------------------------------------------------------------------------


 NSTEP =     2900   TIME(PS) =    2547.025  TEMP(K) =   299.05  PRESS =     0.0
 Etot   =   -234219.7742  EKtot   =     54917.3494  EPtot      =   -289137.1236
 BOND   =      1091.0614  ANGLE   =      2959.7552  DIHED      =      2264.6102
 1-4 NB =      1307.1448  1-4 EEL =     15065.3499  VDWAALS    =     36671.0840
 EELEC  =   -348496.1291  EHBOND  =         0.0000  RESTRAINT  =         0.0000
 Ewald error estimate:   0.1567E-04
 ------------------------------------------------------------------------------

check COM velocity, temp:        0.000000     0.00(Removed)

 NSTEP =     3000   TIME(PS) =    2547.175  TEMP(K) =   298.27  PRESS =     0.0
 Etot   =   -234219.3940  EKtot   =     54773.5817  EPtot      =   -288992.9758
 BOND   =      1128.6891  ANGLE   =      2913.6255  DIHED      =      2243.8695
 1-4 NB =      1335.9014  1-4 EEL =     15085.6228  VDWAALS    =     36728.8919
 EELEC  =   -348429.5759  EHBOND  =         0.0000  RESTRAINT  =         0.0000
 Ewald error estimate:   0.3131E-04
 ------------------------------------------------------------------------------


 NSTEP =     3100   TIME(PS) =    2547.325  TEMP(K) =   297.23  PRESS =     0.0
 Etot   =   -234220.5890  EKtot   =     54582.8056  EPtot      =   -288803.3945
 BOND   =      1136.5118  ANGLE   =      2974.6052  DIHED      =      2215.3217
 1-4 NB =      1314.2115  1-4 EEL =     15120.2304  VDWAALS    =     36753.3087
 EELEC  =   -348317.5839  EHBOND  =         0.0000  RESTRAINT  =         0.0000
 Ewald error estimate:   0.2321E-04
 ------------------------------------------------------------------------------


 NSTEP =     3200   TIME(PS) =    2547.475  TEMP(K) =   297.53  PRESS =     0.0
 Etot   =   -234220.0101  EKtot   =     54638.0656  EPtot      =   -288858.0757
 BOND   =      1108.7830  ANGLE   =      2941.5352  DIHED      =      2265.5166
 1-4 NB =      1314.7249  1-4 EEL =     15007.5000  VDWAALS    =     36685.5504
 EELEC  =   -348181.6859  EHBOND  =         0.0000  RESTRAINT  =         0.0000
 Ewald error estimate:   0.9479E-04
 ------------------------------------------------------------------------------

check COM velocity, temp:        0.000000     0.00(Removed)

 NSTEP =     3300   TIME(PS) =    2547.625  TEMP(K) =   298.53  PRESS =     0.0
 Etot   =   -234220.6726  EKtot   =     54822.8213  EPtot      =   -289043.4939
 BOND   =      1116.3530  ANGLE   =      2957.3197  DIHED      =      2238.0025
 1-4 NB =      1310.5297  1-4 EEL =     15107.5831  VDWAALS    =     36202.5536
 EELEC  =   -347975.8356  EHBOND  =         0.0000  RESTRAINT  =         0.0000
 Ewald error estimate:   0.5389E-04
 ------------------------------------------------------------------------------


 NSTEP =     3400   TIME(PS) =    2547.775  TEMP(K) =   298.37  PRESS =     0.0
 Etot   =   -234218.5052  EKtot   =     54793.0335  EPtot      =   -289011.5387
 BOND   =      1133.0404  ANGLE   =      2943.8101  DIHED      =      2258.9234
 1-4 NB =      1335.7430  1-4 EEL =     15075.2266  VDWAALS    =     36831.4436
 EELEC  =   -348589.7259  EHBOND  =         0.0000  RESTRAINT  =         0.0000
 Ewald error estimate:   0.1895E-04
 ------------------------------------------------------------------------------

check COM velocity, temp:        0.000000     0.00(Removed)

 NSTEP =     3500   TIME(PS) =    2547.925  TEMP(K) =   298.46  PRESS =     0.0
 Etot   =   -234220.8900  EKtot   =     54809.8283  EPtot      =   -289030.7184
 BOND   =      1151.5344  ANGLE   =      2957.1567  DIHED      =      2258.2955
 1-4 NB =      1337.0182  1-4 EEL =     15134.1586  VDWAALS    =     36370.6001
 EELEC  =   -348239.4819  EHBOND  =         0.0000  RESTRAINT  =         0.0000
 Ewald error estimate:   0.1766E-04
 ------------------------------------------------------------------------------


 NSTEP =     3600   TIME(PS) =    2548.075  TEMP(K) =   298.23  PRESS =     0.0
 Etot   =   -234222.6459  EKtot   =     54766.5653  EPtot      =   -288989.2112
 BOND   =      1120.7742  ANGLE   =      2893.5633  DIHED      =      2250.4844
 1-4 NB =      1303.8995  1-4 EEL =     15091.0349  VDWAALS    =     36774.6586
 EELEC  =   -348423.6260  EHBOND  =         0.0000  RESTRAINT  =         0.0000
 Ewald error estimate:   0.2086E-04
 ------------------------------------------------------------------------------


 NSTEP =     3700   TIME(PS) =    2548.225  TEMP(K) =   297.52  PRESS =     0.0
 Etot   =   -234219.4000  EKtot   =     54637.5356  EPtot      =   -288856.9356
 BOND   =      1159.8482  ANGLE   =      2932.8869  DIHED      =      2250.7354
 1-4 NB =      1312.0060  1-4 EEL =     15101.9897  VDWAALS    =     37227.6450
 EELEC  =   -348842.0469  EHBOND  =         0.0000  RESTRAINT  =         0.0000
 Ewald error estimate:   0.6988E-05
 ------------------------------------------------------------------------------

check COM velocity, temp:        0.000000     0.00(Removed)

 NSTEP =     3800   TIME(PS) =    2548.375  TEMP(K) =   298.45  PRESS =     0.0
 Etot   =   -234216.0929  EKtot   =     54807.5040  EPtot      =   -289023.5969
 BOND   =      1139.9585  ANGLE   =      2934.8898  DIHED      =      2281.9496
 1-4 NB =      1328.7879  1-4 EEL =     15146.9189  VDWAALS    =     36593.8462
 EELEC  =   -348449.9479  EHBOND  =         0.0000  RESTRAINT  =         0.0000
 Ewald error estimate:   0.6770E-04
 ------------------------------------------------------------------------------


 NSTEP =     3900   TIME(PS) =    2548.525  TEMP(K) =   297.82  PRESS =     0.0
 Etot   =   -234218.7424  EKtot   =     54691.4838  EPtot      =   -288910.2261
 BOND   =      1176.5825  ANGLE   =      2915.5847  DIHED      =      2197.6628
 1-4 NB =      1309.7644  1-4 EEL =     15082.4189  VDWAALS    =     36425.9823
 EELEC  =   -348018.2217  EHBOND  =         0.0000  RESTRAINT  =         0.0000
 Ewald error estimate:   0.3154E-04
 ------------------------------------------------------------------------------

check COM velocity, temp:        0.000000     0.00(Removed)

 NSTEP =     4000   TIME(PS) =    2548.675  TEMP(K) =   299.48  PRESS =     0.0
 Etot   =   -234219.8671  EKtot   =     54996.9864  EPtot      =   -289216.8535
 BOND   =      1146.0643  ANGLE   =      2936.5728  DIHED      =      2286.0568
 1-4 NB =      1296.9839  1-4 EEL =     15023.2989  VDWAALS    =     37224.0703
 EELEC  =   -349129.9006  EHBOND  =         0.0000  RESTRAINT  =         0.0000
 Ewald error estimate:   0.6733E-05
 ------------------------------------------------------------------------------


 NSTEP =     4100   TIME(PS) =    2548.825  TEMP(K) =   298.82  PRESS =     0.0
 Etot   =   -234219.2525  EKtot   =     54874.5774  EPtot      =   -289093.8300
 BOND   =      1108.7955  ANGLE   =      2933.0587  DIHED      =      2279.7774
 1-4 NB =      1319.1471  1-4 EEL =     15136.0999  VDWAALS    =     36611.0693
 EELEC  =   -348481.7778  EHBOND  =         0.0000  RESTRAINT  =         0.0000
 Ewald error estimate:   0.8340E-04
 ------------------------------------------------------------------------------


 NSTEP =     4200   TIME(PS) =    2548.975  TEMP(K) =   298.39  PRESS =     0.0
 Etot   =   -234216.9938  EKtot   =     54796.3272  EPtot      =   -289013.3210
 BOND   =      1116.6222  ANGLE   =      2974.8223  DIHED      =      2236.3169
 1-4 NB =      1305.9117  1-4 EEL =     15109.3609  VDWAALS    =     36605.3927
 EELEC  =   -348361.7477  EHBOND  =         0.0000  RESTRAINT  =         0.0000
 Ewald error estimate:   0.5533E-04
 ------------------------------------------------------------------------------

check COM velocity, temp:        0.000000     0.00(Removed)

 NSTEP =     4300   TIME(PS) =    2549.125  TEMP(K) =   297.84  PRESS =     0.0
 Etot   =   -234218.1420  EKtot   =     54694.8484  EPtot      =   -288912.9904
 BOND   =      1130.2459  ANGLE   =      2934.2776  DIHED      =      2230.3794
 1-4 NB =      1311.5808  1-4 EEL =     15178.6594  VDWAALS    =     36668.6108
 EELEC  =   -348366.7443  EHBOND  =         0.0000  RESTRAINT  =         0.0000
 Ewald error estimate:   0.4001E-05
 ------------------------------------------------------------------------------


 NSTEP =     4400   TIME(PS) =    2549.275  TEMP(K) =   297.78  PRESS =     0.0
 Etot   =   -234216.4926  EKtot   =     54683.8809  EPtot      =   -288900.3736
 BOND   =      1107.6354  ANGLE   =      3012.3307  DIHED      =      2253.7616
 1-4 NB =      1298.5027  1-4 EEL =     15108.0140  VDWAALS    =     36611.4047
 EELEC  =   -348292.0228  EHBOND  =         0.0000  RESTRAINT  =         0.0000
 Ewald error estimate:   0.3745E-04
 ------------------------------------------------------------------------------

check COM velocity, temp:        0.000000     0.00(Removed)

 NSTEP =     4500   TIME(PS) =    2549.425  TEMP(K) =   298.39  PRESS =     0.0
 Etot   =   -234217.3206  EKtot   =     54796.7893  EPtot      =   -289014.1099
 BOND   =      1114.1189  ANGLE   =      2954.5641  DIHED      =      2272.4212
 1-4 NB =      1310.5878  1-4 EEL =     15029.3699  VDWAALS    =     36708.5748
 EELEC  =   -348403.7466  EHBOND  =         0.0000  RESTRAINT  =         0.0000
 Ewald error estimate:   0.1045E-03
 ------------------------------------------------------------------------------


 NSTEP =     4600   TIME(PS) =    2549.575  TEMP(K) =   298.60  PRESS =     0.0
 Etot   =   -234217.6227  EKtot   =     54834.6423  EPtot      =   -289052.2649
 BOND   =      1180.5278  ANGLE   =      2911.9863  DIHED      =      2273.9263
 1-4 NB =      1308.0645  1-4 EEL =     15096.9537  VDWAALS    =     36468.2757
 EELEC  =   -348291.9993  EHBOND  =         0.0000  RESTRAINT  =         0.0000
 Ewald error estimate:   0.3153E-04
 ------------------------------------------------------------------------------


 NSTEP =     4700   TIME(PS) =    2549.725  TEMP(K) =   297.51  PRESS =     0.0
 Etot   =   -234219.8598  EKtot   =     54635.2193  EPtot      =   -288855.0791
 BOND   =      1130.6988  ANGLE   =      2945.5091  DIHED      =      2216.5979
 1-4 NB =      1318.9980  1-4 EEL =     15119.2176  VDWAALS    =     36897.1588
 EELEC  =   -348483.2594  EHBOND  =         0.0000  RESTRAINT  =         0.0000
 Ewald error estimate:   0.4957E-04
 ------------------------------------------------------------------------------

check COM velocity, temp:        0.000000     0.00(Removed)

 NSTEP =     4800   TIME(PS) =    2549.875  TEMP(K) =   298.35  PRESS =     0.0
 Etot   =   -234218.0975  EKtot   =     54788.5345  EPtot      =   -289006.6320
 BOND   =      1143.7495  ANGLE   =      3058.2489  DIHED      =      2222.5539
 1-4 NB =      1279.0286  1-4 EEL =     15061.1458  VDWAALS    =     37054.3832
 EELEC  =   -348825.7419  EHBOND  =         0.0000  RESTRAINT  =         0.0000
 Ewald error estimate:   0.2328E-04
 ------------------------------------------------------------------------------


 NSTEP =     4900   TIME(PS) =    2550.025  TEMP(K) =   297.34  PRESS =     0.0
 Etot   =   -234218.6075  EKtot   =     54604.4663  EPtot      =   -288823.0737
 BOND   =      1143.9666  ANGLE   =      2905.2485  DIHED      =      2261.8819
 1-4 NB =      1329.5168  1-4 EEL =     15128.9085  VDWAALS    =     36239.8857
 EELEC  =   -347832.4817  EHBOND  =         0.0000  RESTRAINT  =         0.0000
 Ewald error estimate:   0.3542E-04
 ------------------------------------------------------------------------------

