Group: 1
+-----------------------+---------+---------------+---------------+---------------+---------------+---------------+---------------+---------------+---------------+---------------+---------------+---------------+---------------+---------------+---------------+---------------+---------------+---------------+---------------+
|         Event         | Counter |   f0880:0:0   |   f0880:1:1   |   f0880:2:2   |   f0880:3:3   |   f0880:4:4   |   f0880:5:5   |   f0880:6:6   |   f0880:7:7   |   f0880:8:8   |   f0880:9:9   |  f0880:10:10  |  f0880:11:11  |  f0880:12:12  |  f0880:13:13  |  f0880:14:14  |  f0880:15:15  |  f0880:16:16  |  f0880:17:17  |
+-----------------------+---------+---------------+---------------+---------------+---------------+---------------+---------------+---------------+---------------+---------------+---------------+---------------+---------------+---------------+---------------+---------------+---------------+---------------+---------------+
|   INSTR_RETIRED_ANY   |  FIXC0  | 2441596242400 | 2422669163811 | 2413687134519 | 2370172724224 | 2316352892121 | 2286567991028 | 2281691941555 | 2281570373183 | 2281381056535 | 2278535048371 | 2173812023453 | 2181196390815 | 2184714572397 | 2213788803746 | 2254976721172 | 2280748876815 | 2298774187199 | 2338256921704 |
| CPU_CLK_UNHALTED_CORE |  FIXC1  | 1323448661351 | 1322233104511 | 1324351003159 | 1324298284097 | 1324318901121 | 1324242072159 | 1324361028850 | 1324114422920 | 1324421735975 | 1324373022361 | 1324365890468 | 1324398761970 | 1324355977582 | 1324336745760 | 1323978995910 | 1324539355633 | 1324225621005 | 1324444508687 |
|  CPU_CLK_UNHALTED_REF |  FIXC2  | 1512513740832 | 1511122006080 | 1513543098144 | 1513483706880 | 1513506759936 | 1513419675168 | 1513555142016 | 1513274440992 | 1513626052896 | 1513570998624 | 1513560958368 | 1513598524704 | 1513549912800 | 1513528838880 | 1513118895264 | 1513759810368 | 1513401520608 | 1513651071744 |
|     TOPDOWN_SLOTS     |  FIXC3  | 6617243306755 | 6611165522555 | 6621755015795 | 6621491420485 | 6621594505605 | 6621210360795 | 6621805144250 | 6620572114600 | 6622108679875 | 6621865111805 | 6621829452340 | 6621993809850 | 6621779887910 | 6621683728800 | 6619894979550 | 6622696778165 | 6621128105025 | 6622222543435 |
|       TEMP_CORE       |   TMP0  |            42 |            43 |            42 |            40 |            40 |            40 |            41 |            45 |            41 |            40 |            39 |            41 |            42 |            42 |            42 |            39 |            42 |            40 |
|     PWR_PKG_ENERGY    |   PWR0  |    76968.8629 |             0 |             0 |             0 |             0 |             0 |             0 |             0 |             0 |             0 |             0 |             0 |             0 |             0 |             0 |             0 |             0 |             0 |
|     PWR_PP0_ENERGY    |   PWR1  |             0 |             0 |             0 |             0 |             0 |             0 |             0 |             0 |             0 |             0 |             0 |             0 |             0 |             0 |             0 |             0 |             0 |             0 |
|    PWR_DRAM_ENERGY    |   PWR3  |     4915.6922 |             0 |             0 |             0 |             0 |             0 |             0 |             0 |             0 |             0 |             0 |             0 |             0 |             0 |             0 |             0 |             0 |             0 |
|  PWR_PLATFORM_ENERGY  |   PWR4  |             0 |             0 |             0 |             0 |             0 |             0 |             0 |             0 |             0 |             0 |             0 |             0 |             0 |             0 |             0 |             0 |             0 |             0 |
|   UNCORE_CLOCKTICKS   | UBOXFIX | 1009904977208 |             0 |             0 |             0 |             0 |             0 |             0 |             0 |             0 |             0 |             0 |             0 |             0 |             0 |             0 |             0 |             0 |             0 |
+-----------------------+---------+---------------+---------------+---------------+---------------+---------------+---------------+---------------+---------------+---------------+---------------+---------------+---------------+---------------+---------------+---------------+---------------+---------------+---------------+

+----------------------------+---------+-----------------+---------------+---------------+--------------+
|            Event           | Counter |       Sum       |      Min      |      Max      |      Avg     |
+----------------------------+---------+-----------------+---------------+---------------+--------------+
|   INSTR_RETIRED_ANY STAT   |  FIXC0  |  41300493065048 | 2173812023453 | 2441596242400 | 2.294472e+12 |
| CPU_CLK_UNHALTED_CORE STAT |  FIXC1  |  23834808093519 | 1322233104511 | 1324539355633 | 1.324156e+12 |
|  CPU_CLK_UNHALTED_REF STAT |  FIXC2  |  27239785154304 | 1511122006080 | 1513759810368 | 1.513321e+12 |
|     TOPDOWN_SLOTS STAT     |  FIXC3  | 119174040467595 | 6611165522555 | 6622696778165 | 6.620780e+12 |
|       TEMP_CORE STAT       |   TMP0  |             741 |            39 |            45 |      41.1667 |
|     PWR_PKG_ENERGY STAT    |   PWR0  |      76968.8629 |             0 |    76968.8629 |    4276.0479 |
|     PWR_PP0_ENERGY STAT    |   PWR1  |               0 |             0 |             0 |            0 |
|    PWR_DRAM_ENERGY STAT    |   PWR3  |       4915.6922 |             0 |     4915.6922 |     273.0940 |
|  PWR_PLATFORM_ENERGY STAT  |   PWR4  |               0 |             0 |             0 |            0 |
|   UNCORE_CLOCKTICKS STAT   | UBOXFIX |   1009904977208 |             0 | 1009904977208 | 5.610583e+10 |
+----------------------------+---------+-----------------+---------------+---------------+--------------+

+----------------------+------------+-----------+-----------+-----------+-----------+-----------+-----------+-----------+-----------+-----------+-------------+-------------+-------------+-------------+-------------+-------------+-------------+-------------+
|        Metric        |  f0880:0:0 | f0880:1:1 | f0880:2:2 | f0880:3:3 | f0880:4:4 | f0880:5:5 | f0880:6:6 | f0880:7:7 | f0880:8:8 | f0880:9:9 | f0880:10:10 | f0880:11:11 | f0880:12:12 | f0880:13:13 | f0880:14:14 | f0880:15:15 | f0880:16:16 | f0880:17:17 |
+----------------------+------------+-----------+-----------+-----------+-----------+-----------+-----------+-----------+-----------+-----------+-------------+-------------+-------------+-------------+-------------+-------------+-------------+-------------+
|  Runtime (RDTSC) [s] |   635.1825 |  635.2047 |  635.1832 |  635.1936 |  635.1817 |  635.1792 |  635.2230 |  635.3664 |  635.3090 |  635.1891 |    635.3446 |    635.1891 |    635.2842 |    635.2722 |    635.2700 |    635.3563 |    635.1850 |    635.1882 |
| Runtime unhalted [s] |   552.7426 |  552.2345 |  553.1184 |  553.1010 |  553.1046 |  553.0726 |  553.1447 |  553.0302 |  553.1482 |  553.1276 |    553.1266 |    553.1395 |    553.1208 |    553.1124 |    553.0104 |    553.2004 |    553.0668 |    553.1579 |
|      Clock [MHz]     |  2095.0381 | 2095.0433 | 2095.0446 | 2095.0261 | 2095.0459 | 2095.0445 | 2094.9603 | 2095.0023 | 2095.0410 | 2095.0412 |   2095.0361 |   2095.0393 |   2095.0419 |   2095.0423 |   2094.8639 |   2095.0300 |   2095.0396 |   2095.0414 |
|  Uncore Clock [MHz]  |  1589.9446 |         0 |         0 |         0 |         0 |         0 |         0 |         0 |         0 |         0 |           0 |           0 |           0 |           0 |           0 |           0 |           0 |           0 |
|          CPI         |     0.5420 |    0.5458 |    0.5487 |    0.5587 |    0.5717 |    0.5791 |    0.5804 |    0.5804 |    0.5805 |    0.5812 |      0.6092 |      0.6072 |      0.6062 |      0.5982 |      0.5871 |      0.5807 |      0.5761 |      0.5664 |
|    Temperature [C]   |         42 |        43 |        42 |        40 |        40 |        40 |        41 |        45 |        41 |        40 |          39 |          41 |          42 |          42 |          42 |          39 |          42 |          40 |
|      Energy [J]      | 76968.8629 |         0 |         0 |         0 |         0 |         0 |         0 |         0 |         0 |         0 |           0 |           0 |           0 |           0 |           0 |           0 |           0 |           0 |
|       Power [W]      |   121.1760 |         0 |         0 |         0 |         0 |         0 |         0 |         0 |         0 |         0 |           0 |           0 |           0 |           0 |           0 |           0 |           0 |           0 |
|    Energy PP0 [J]    |          0 |         0 |         0 |         0 |         0 |         0 |         0 |         0 |         0 |         0 |           0 |           0 |           0 |           0 |           0 |           0 |           0 |           0 |
|     Power PP0 [W]    |          0 |         0 |         0 |         0 |         0 |         0 |         0 |         0 |         0 |         0 |           0 |           0 |           0 |           0 |           0 |           0 |           0 |           0 |
|    Energy DRAM [J]   |  4915.6922 |         0 |         0 |         0 |         0 |         0 |         0 |         0 |         0 |         0 |           0 |           0 |           0 |           0 |           0 |           0 |           0 |           0 |
|    Power DRAM [W]    |     7.7390 |         0 |         0 |         0 |         0 |         0 |         0 |         0 |         0 |         0 |           0 |           0 |           0 |           0 |           0 |           0 |           0 |           0 |
|  Energy PLATFORM [J] |          0 |         0 |         0 |         0 |         0 |         0 |         0 |         0 |         0 |         0 |           0 |           0 |           0 |           0 |           0 |           0 |           0 |           0 |
|  Power PLATFORM [W]  |          0 |         0 |         0 |         0 |         0 |         0 |         0 |         0 |         0 |         0 |           0 |           0 |           0 |           0 |           0 |           0 |           0 |           0 |
+----------------------+------------+-----------+-----------+-----------+-----------+-----------+-----------+-----------+-----------+-----------+-------------+-------------+-------------+-------------+-------------+-------------+-------------+-------------+

+---------------------------+------------+-----------+------------+-----------+-----------+-----------+-----------+
|           Metric          |     Sum    |    Min    |     Max    |    Avg    |  %ile 25  |  %ile 50  |  %ile 75  |
+---------------------------+------------+-----------+------------+-----------+-----------+-----------+-----------+
|  Runtime (RDTSC) [s] STAT | 11434.3020 |  635.1792 |   635.3664 |  635.2390 |  635.1850 |  635.1936 |  635.2842 |
| Runtime unhalted [s] STAT |  9954.7592 |  552.2345 |   553.2004 |  553.0422 |  553.0668 |  553.1124 |  553.1395 |
|      Clock [MHz] STAT     | 37710.4218 | 2094.8639 |  2095.0459 | 2095.0234 | 2095.0300 | 2095.0396 | 2095.0423 |
|  Uncore Clock [MHz] STAT  |  1589.9446 |         0 |  1589.9446 |   88.3303 |         0 |         0 |         0 |
|          CPI STAT         |    10.3996 |    0.5420 |     0.6092 |    0.5778 |    0.5664 |    0.5804 |    0.5871 |
|    Temperature [C] STAT   |        741 |        39 |         45 |   41.1667 |        40 |        41 |        42 |
|      Energy [J] STAT      | 76968.8629 |         0 | 76968.8629 | 4276.0479 |         0 |         0 |         0 |
|       Power [W] STAT      |   121.1760 |         0 |   121.1760 |    6.7320 |         0 |         0 |         0 |
|    Energy PP0 [J] STAT    |          0 |         0 |          0 |         0 |         0 |         0 |         0 |
|     Power PP0 [W] STAT    |          0 |         0 |          0 |         0 |         0 |         0 |         0 |
|    Energy DRAM [J] STAT   |  4915.6922 |         0 |  4915.6922 |  273.0940 |         0 |         0 |         0 |
|    Power DRAM [W] STAT    |     7.7390 |         0 |     7.7390 |    0.4299 |         0 |         0 |         0 |
|  Energy PLATFORM [J] STAT |          0 |         0 |          0 |         0 |         0 |         0 |         0 |
|  Power PLATFORM [W] STAT  |          0 |         0 |          0 |         0 |         0 |         0 |         0 |
+---------------------------+------------+-----------+------------+-----------+-----------+-----------+-----------+

