Group: 1
+-----------------------+---------+---------------+---------------+---------------+---------------+---------------+---------------+---------------+---------------+---------------+---------------+---------------+---------------+---------------+---------------+---------------+---------------+---------------+---------------+
|         Event         | Counter |   f0880:0:0   |   f0880:1:1   |   f0880:2:2   |   f0880:3:3   |   f0880:4:4   |   f0880:5:5   |   f0880:6:6   |   f0880:7:7   |   f0880:8:8   |   f0880:9:9   |  f0880:10:10  |  f0880:11:11  |  f0880:12:12  |  f0880:13:13  |  f0880:14:14  |  f0880:15:15  |  f0880:16:16  |  f0880:17:17  |
+-----------------------+---------+---------------+---------------+---------------+---------------+---------------+---------------+---------------+---------------+---------------+---------------+---------------+---------------+---------------+---------------+---------------+---------------+---------------+---------------+
|   INSTR_RETIRED_ANY   |  FIXC0  | 2443094918158 | 2424163174232 | 2413979618841 | 2379133996948 | 2312706152040 | 2290886819465 | 2286867671827 | 2289976132841 | 2287607811582 | 2274435194717 | 2168145227825 | 2169533257426 | 2196237057924 | 2208377118194 | 2252885604596 | 2273919714067 | 2307002035713 | 2331678959067 |
| CPU_CLK_UNHALTED_CORE |  FIXC1  | 1366010474317 | 1365110821499 | 1367369340851 | 1367183291624 | 1367377983156 | 1367204117533 | 1367427492914 | 1367161642874 | 1367453779337 | 1367230185535 | 1367043954439 | 1367216987974 | 1367104527682 | 1366875411245 | 1367131496270 | 1367209908684 | 1367198828358 | 1367226899055 |
|  CPU_CLK_UNHALTED_REF |  FIXC2  | 1490200661952 | 1489216685184 | 1491677878944 | 1491478375296 | 1491691270752 | 1491501852864 | 1491744811104 | 1491455736288 | 1491772812960 | 1491529378752 | 1491326127072 | 1491515927136 | 1491391506144 | 1491143770080 | 1491423112224 | 1491508723008 | 1491496043328 | 1491525100224 |
|     TOPDOWN_SLOTS     |  FIXC3  | 6830052371585 | 6825554107495 | 6836846704255 | 6835916458120 | 6836889915780 | 6836020587665 | 6837137464570 | 6835808214370 | 6837268896685 | 6836150927675 | 6835219772195 | 6836084939870 | 6835522638410 | 6834377056225 | 6835657481350 | 6836049543420 | 6835994141790 | 6836134495275 |
|       TEMP_CORE       |   TMP0  |            42 |            44 |            42 |            41 |            40 |            40 |            42 |            45 |            42 |            41 |            40 |            42 |            44 |            43 |            43 |            40 |            43 |            41 |
|     PWR_PKG_ENERGY    |   PWR0  |    78127.2995 |             0 |             0 |             0 |             0 |             0 |             0 |             0 |             0 |             0 |             0 |             0 |             0 |             0 |             0 |             0 |             0 |             0 |
|     PWR_PP0_ENERGY    |   PWR1  |             0 |             0 |             0 |             0 |             0 |             0 |             0 |             0 |             0 |             0 |             0 |             0 |             0 |             0 |             0 |             0 |             0 |             0 |
|    PWR_DRAM_ENERGY    |   PWR3  |     4888.0316 |             0 |             0 |             0 |             0 |             0 |             0 |             0 |             0 |             0 |             0 |             0 |             0 |             0 |             0 |             0 |             0 |             0 |
|  PWR_PLATFORM_ENERGY  |   PWR4  |             0 |             0 |             0 |             0 |             0 |             0 |             0 |             0 |             0 |             0 |             0 |             0 |             0 |             0 |             0 |             0 |             0 |             0 |
|   UNCORE_CLOCKTICKS   | UBOXFIX |  995282444037 |             0 |             0 |             0 |             0 |             0 |             0 |             0 |             0 |             0 |             0 |             0 |             0 |             0 |             0 |             0 |             0 |             0 |
+-----------------------+---------+---------------+---------------+---------------+---------------+---------------+---------------+---------------+---------------+---------------+---------------+---------------+---------------+---------------+---------------+---------------+---------------+---------------+---------------+

+----------------------------+---------+-----------------+---------------+---------------+--------------+
|            Event           | Counter |       Sum       |      Min      |      Max      |      Avg     |
+----------------------------+---------+-----------------+---------------+---------------+--------------+
|   INSTR_RETIRED_ANY STAT   |  FIXC0  |  41310630465463 | 2168145227825 | 2443094918158 | 2.295035e+12 |
| CPU_CLK_UNHALTED_CORE STAT |  FIXC1  |  24606537143347 | 1365110821499 | 1367453779337 | 1.367030e+12 |
|  CPU_CLK_UNHALTED_REF STAT |  FIXC2  |  26843599773312 | 1489216685184 | 1491772812960 | 1.491311e+12 |
|     TOPDOWN_SLOTS STAT     |  FIXC3  | 123032685716735 | 6825554107495 | 6837268896685 | 6.835149e+12 |
|       TEMP_CORE STAT       |   TMP0  |             755 |            40 |            45 |      41.9444 |
|     PWR_PKG_ENERGY STAT    |   PWR0  |      78127.2995 |             0 |    78127.2995 |    4340.4055 |
|     PWR_PP0_ENERGY STAT    |   PWR1  |               0 |             0 |             0 |            0 |
|    PWR_DRAM_ENERGY STAT    |   PWR3  |       4888.0316 |             0 |     4888.0316 |     271.5573 |
|  PWR_PLATFORM_ENERGY STAT  |   PWR4  |               0 |             0 |             0 |            0 |
|   UNCORE_CLOCKTICKS STAT   | UBOXFIX |    995282444037 |             0 |  995282444037 | 5.529347e+10 |
+----------------------------+---------+-----------------+---------------+---------------+--------------+

+----------------------+------------+-----------+-----------+-----------+-----------+-----------+-----------+-----------+-----------+-----------+-------------+-------------+-------------+-------------+-------------+-------------+-------------+-------------+
|        Metric        |  f0880:0:0 | f0880:1:1 | f0880:2:2 | f0880:3:3 | f0880:4:4 | f0880:5:5 | f0880:6:6 | f0880:7:7 | f0880:8:8 | f0880:9:9 | f0880:10:10 | f0880:11:11 | f0880:12:12 | f0880:13:13 | f0880:14:14 | f0880:15:15 | f0880:16:16 | f0880:17:17 |
+----------------------+------------+-----------+-----------+-----------+-----------+-----------+-----------+-----------+-----------+-----------+-------------+-------------+-------------+-------------+-------------+-------------+-------------+-------------+
|  Runtime (RDTSC) [s] |   625.9896 |  625.9875 |  626.0022 |  626.0095 |  626.0102 |  626.0119 |  626.0423 |  626.0004 |  626.0306 |  625.9939 |    626.0031 |    625.9899 |    626.0132 |    625.9922 |    626.0564 |    626.0598 |    625.9953 |    626.0072 |
| Runtime unhalted [s] |   570.5174 |  570.1423 |  571.0852 |  571.0079 |  571.0891 |  571.0158 |  571.1095 |  570.9986 |  571.1510 |  571.0271 |    570.9499 |    571.0216 |    570.9748 |    570.8799 |    571.0338 |    571.0193 |    571.0143 |    571.0267 |
|      Clock [MHz]     |  2194.7973 | 2194.7987 | 2194.8040 | 2194.7971 | 2194.7971 | 2194.7993 | 2194.7989 | 2194.7968 | 2194.6823 | 2194.7989 |   2194.7969 |   2194.7974 |   2194.7995 |   2194.7933 |   2194.6126 |   2194.7944 |   2194.7966 |   2194.7962 |
|  Uncore Clock [MHz]  |  1589.9345 |         0 |         0 |         0 |         0 |         0 |         0 |         0 |         0 |         0 |           0 |           0 |           0 |           0 |           0 |           0 |           0 |           0 |
|          CPI         |     0.5591 |    0.5631 |    0.5664 |    0.5747 |    0.5912 |    0.5968 |    0.5979 |    0.5970 |    0.5978 |    0.6011 |      0.6305 |      0.6302 |      0.6225 |      0.6190 |      0.6068 |      0.6013 |      0.5926 |      0.5864 |
|    Temperature [C]   |         42 |        44 |        42 |        41 |        40 |        40 |        42 |        45 |        42 |        41 |          40 |          42 |          44 |          43 |          43 |          40 |          43 |          41 |
|      Energy [J]      | 78127.2995 |         0 |         0 |         0 |         0 |         0 |         0 |         0 |         0 |         0 |           0 |           0 |           0 |           0 |           0 |           0 |           0 |           0 |
|       Power [W]      |   124.8061 |         0 |         0 |         0 |         0 |         0 |         0 |         0 |         0 |         0 |           0 |           0 |           0 |           0 |           0 |           0 |           0 |           0 |
|    Energy PP0 [J]    |          0 |         0 |         0 |         0 |         0 |         0 |         0 |         0 |         0 |         0 |           0 |           0 |           0 |           0 |           0 |           0 |           0 |           0 |
|     Power PP0 [W]    |          0 |         0 |         0 |         0 |         0 |         0 |         0 |         0 |         0 |         0 |           0 |           0 |           0 |           0 |           0 |           0 |           0 |           0 |
|    Energy DRAM [J]   |  4888.0316 |         0 |         0 |         0 |         0 |         0 |         0 |         0 |         0 |         0 |           0 |           0 |           0 |           0 |           0 |           0 |           0 |           0 |
|    Power DRAM [W]    |     7.8085 |         0 |         0 |         0 |         0 |         0 |         0 |         0 |         0 |         0 |           0 |           0 |           0 |           0 |           0 |           0 |           0 |           0 |
|  Energy PLATFORM [J] |          0 |         0 |         0 |         0 |         0 |         0 |         0 |         0 |         0 |         0 |           0 |           0 |           0 |           0 |           0 |           0 |           0 |           0 |
|  Power PLATFORM [W]  |          0 |         0 |         0 |         0 |         0 |         0 |         0 |         0 |         0 |         0 |           0 |           0 |           0 |           0 |           0 |           0 |           0 |           0 |
+----------------------+------------+-----------+-----------+-----------+-----------+-----------+-----------+-----------+-----------+-----------+-------------+-------------+-------------+-------------+-------------+-------------+-------------+-------------+

+---------------------------+------------+-----------+------------+-----------+-----------+-----------+-----------+
|           Metric          |     Sum    |    Min    |     Max    |    Avg    |  %ile 25  |  %ile 50  |  %ile 75  |
+---------------------------+------------+-----------+------------+-----------+-----------+-----------+-----------+
|  Runtime (RDTSC) [s] STAT | 11268.1952 |  625.9875 |   626.0598 |  626.0108 |  625.9939 |  626.0031 |  626.0132 |
| Runtime unhalted [s] STAT | 10277.0642 |  570.1423 |   571.1510 |  570.9480 |  570.9748 |  571.0158 |  571.0338 |
|      Clock [MHz] STAT     | 39506.0573 | 2194.6126 |  2194.8040 | 2194.7810 | 2194.7962 | 2194.7971 | 2194.7989 |
|  Uncore Clock [MHz] STAT  |  1589.9345 |         0 |  1589.9345 |   88.3297 |         0 |         0 |         0 |
|          CPI STAT         |    10.7344 |    0.5591 |     0.6305 |    0.5964 |    0.5864 |    0.5970 |    0.6068 |
|    Temperature [C] STAT   |        755 |        40 |         45 |   41.9444 |        41 |        42 |        43 |
|      Energy [J] STAT      | 78127.2995 |         0 | 78127.2995 | 4340.4055 |         0 |         0 |         0 |
|       Power [W] STAT      |   124.8061 |         0 |   124.8061 |    6.9337 |         0 |         0 |         0 |
|    Energy PP0 [J] STAT    |          0 |         0 |          0 |         0 |         0 |         0 |         0 |
|     Power PP0 [W] STAT    |          0 |         0 |          0 |         0 |         0 |         0 |         0 |
|    Energy DRAM [J] STAT   |  4888.0316 |         0 |  4888.0316 |  271.5573 |         0 |         0 |         0 |
|    Power DRAM [W] STAT    |     7.8085 |         0 |     7.8085 |    0.4338 |         0 |         0 |         0 |
|  Energy PLATFORM [J] STAT |          0 |         0 |          0 |         0 |         0 |         0 |         0 |
|  Power PLATFORM [W] STAT  |          0 |         0 |          0 |         0 |         0 |         0 |         0 |
+---------------------------+------------+-----------+------------+-----------+-----------+-----------+-----------+

