Group: 1
+-----------------------+---------+---------------+---------------+---------------+---------------+---------------+---------------+---------------+---------------+---------------+---------------+---------------+---------------+---------------+---------------+---------------+---------------+---------------+---------------+
|         Event         | Counter |   f0404:0:0   |   f0404:1:1   |   f0404:2:2   |   f0404:3:3   |   f0404:4:4   |   f0404:5:5   |   f0404:6:6   |   f0404:7:7   |   f0404:8:8   |   f0404:9:9   |  f0404:10:10  |  f0404:11:11  |  f0404:12:12  |  f0404:13:13  |  f0404:14:14  |  f0404:15:15  |  f0404:16:16  |  f0404:17:17  |
+-----------------------+---------+---------------+---------------+---------------+---------------+---------------+---------------+---------------+---------------+---------------+---------------+---------------+---------------+---------------+---------------+---------------+---------------+---------------+---------------+
|   INSTR_RETIRED_ANY   |  FIXC0  | 2224861530929 | 2226051276097 | 2210821516972 | 2177108023176 | 2114896834703 | 2106930085216 | 2077752666895 | 2082897331874 | 2071800542827 | 2077496531934 | 2086986621010 | 2110270967242 | 2135520266251 | 2181349708288 | 2195682689138 | 2201056792095 | 2178490902662 | 2175180181955 |
| CPU_CLK_UNHALTED_CORE |  FIXC1  | 1298205697048 | 1300290571078 | 1300792607179 | 1300634084792 | 1299846341004 | 1300220082302 | 1299825651992 | 1299869922787 | 1299984331862 | 1300018296470 | 1300161456776 | 1300089002306 | 1298825506005 | 1300481874081 | 1300519864140 | 1300571549008 | 1300325456722 | 1300986449168 |
|  CPU_CLK_UNHALTED_REF |  FIXC2  | 1112757382752 | 1114540822944 | 1114972238208 | 1114836894240 | 1114158811296 | 1114481797152 | 1114141858464 | 1114181196576 | 1114279132128 | 1114309377216 | 1114430784192 | 1114366941504 | 1113286046496 | 1114708051680 | 1114739289120 | 1114783489056 | 1114572831744 | 1115140052736 |
|     TOPDOWN_SLOTS     |  FIXC3  | 6491028485240 | 6501452855390 | 6503963035895 | 6503170423960 | 6499231705020 | 6501100411510 | 6499128259960 | 6499349613935 | 6499921659310 | 6500091482350 | 6500807283880 | 6500445011530 | 6494127530025 | 6502409370405 | 6502599320700 | 6502857745040 | 6501627283610 | 6504932245840 |
|       TEMP_CORE       |   TMP0  |            43 |            46 |            46 |            44 |            44 |            46 |            47 |            48 |            46 |            41 |            42 |            46 |            45 |            42 |            44 |            43 |            43 |            43 |
|     PWR_PKG_ENERGY    |   PWR0  |    88066.2917 |             0 |             0 |             0 |             0 |             0 |             0 |             0 |             0 |             0 |             0 |             0 |             0 |             0 |             0 |             0 |             0 |             0 |
|     PWR_PP0_ENERGY    |   PWR1  |             0 |             0 |             0 |             0 |             0 |             0 |             0 |             0 |             0 |             0 |             0 |             0 |             0 |             0 |             0 |             0 |             0 |             0 |
|    PWR_DRAM_ENERGY    |   PWR3  |     5199.3264 |             0 |             0 |             0 |             0 |             0 |             0 |             0 |             0 |             0 |             0 |             0 |             0 |             0 |             0 |             0 |             0 |             0 |
|  PWR_PLATFORM_ENERGY  |   PWR4  |             0 |             0 |             0 |             0 |             0 |             0 |             0 |             0 |             0 |             0 |             0 |             0 |             0 |             0 |             0 |             0 |             0 |             0 |
|   UNCORE_CLOCKTICKS   | UBOXFIX | 1026680726349 |             0 |             0 |             0 |             0 |             0 |             0 |             0 |             0 |             0 |             0 |             0 |             0 |             0 |             0 |             0 |             0 |             0 |
+-----------------------+---------+---------------+---------------+---------------+---------------+---------------+---------------+---------------+---------------+---------------+---------------+---------------+---------------+---------------+---------------+---------------+---------------+---------------+---------------+

+----------------------------+---------+-----------------+---------------+---------------+--------------+
|            Event           | Counter |       Sum       |      Min      |      Max      |      Avg     |
+----------------------------+---------+-----------------+---------------+---------------+--------------+
|   INSTR_RETIRED_ANY STAT   |  FIXC0  |  38635154469264 | 2071800542827 | 2226051276097 | 2.146397e+12 |
| CPU_CLK_UNHALTED_CORE STAT |  FIXC1  |  23401648744720 | 1298205697048 | 1300986449168 | 1.300092e+12 |
|  CPU_CLK_UNHALTED_REF STAT |  FIXC2  |  20058686997504 | 1112757382752 | 1115140052736 | 1.114371e+12 |
|     TOPDOWN_SLOTS STAT     |  FIXC3  | 117008243723600 | 6491028485240 | 6504932245840 | 6.500458e+12 |
|       TEMP_CORE STAT       |   TMP0  |             799 |            41 |            48 |      44.3889 |
|     PWR_PKG_ENERGY STAT    |   PWR0  |      88066.2917 |             0 |    88066.2917 |    4892.5718 |
|     PWR_PP0_ENERGY STAT    |   PWR1  |               0 |             0 |             0 |            0 |
|    PWR_DRAM_ENERGY STAT    |   PWR3  |       5199.3264 |             0 |     5199.3264 |     288.8515 |
|  PWR_PLATFORM_ENERGY STAT  |   PWR4  |               0 |             0 |             0 |            0 |
|   UNCORE_CLOCKTICKS STAT   | UBOXFIX |   1026680726349 |             0 | 1026680726349 | 5.703782e+10 |
+----------------------------+---------+-----------------+---------------+---------------+--------------+

+----------------------+------------+-----------+-----------+-----------+-----------+-----------+-----------+-----------+-----------+-----------+-------------+-------------+-------------+-------------+-------------+-------------+-------------+-------------+
|        Metric        |  f0404:0:0 | f0404:1:1 | f0404:2:2 | f0404:3:3 | f0404:4:4 | f0404:5:5 | f0404:6:6 | f0404:7:7 | f0404:8:8 | f0404:9:9 | f0404:10:10 | f0404:11:11 | f0404:12:12 | f0404:13:13 | f0404:14:14 | f0404:15:15 | f0404:16:16 | f0404:17:17 |
+----------------------+------------+-----------+-----------+-----------+-----------+-----------+-----------+-----------+-----------+-----------+-------------+-------------+-------------+-------------+-------------+-------------+-------------+-------------+
|  Runtime (RDTSC) [s] |   467.9824 |  467.9704 |  467.9792 |  467.9763 |  467.9721 |  467.9687 |  467.9773 |  467.9794 |  467.9766 |  468.0062 |    467.9813 |    467.9835 |    467.9916 |    467.9745 |    467.9909 |    467.9803 |    467.9861 |    467.9805 |
| Runtime unhalted [s] |   542.1991 |  543.0696 |  543.2786 |  543.2120 |  542.8830 |  543.0399 |  542.8780 |  542.8936 |  542.9412 |  542.9862 |    543.0152 |    542.9846 |    542.4609 |    543.1485 |    543.1782 |    543.1859 |    543.0840 |    543.3672 |
|      Clock [MHz]     |  2793.3655 | 2793.3759 | 2793.3762 | 2793.3771 | 2793.3841 | 2793.3734 | 2793.3635 | 2793.3748 | 2793.3764 | 2793.2149 |   2793.3768 |   2793.3829 |   2793.3569 |   2793.3725 |   2793.3046 |   2793.3764 |   2793.3714 |   2793.3330 |
|  Uncore Clock [MHz]  |  2193.8447 |         0 |         0 |         0 |         0 |         0 |         0 |         0 |         0 |         0 |           0 |           0 |           0 |           0 |           0 |           0 |           0 |           0 |
|          CPI         |     0.5835 |    0.5841 |    0.5884 |    0.5974 |    0.6146 |    0.6171 |    0.6256 |    0.6241 |    0.6275 |    0.6258 |      0.6230 |      0.6161 |      0.6082 |      0.5962 |      0.5923 |      0.5909 |      0.5969 |      0.5981 |
|    Temperature [C]   |         43 |        46 |        46 |        44 |        44 |        46 |        47 |        48 |        46 |        41 |          42 |          46 |          45 |          42 |          44 |          43 |          43 |          43 |
|      Energy [J]      | 88066.2917 |         0 |         0 |         0 |         0 |         0 |         0 |         0 |         0 |         0 |           0 |           0 |           0 |           0 |           0 |           0 |           0 |           0 |
|       Power [W]      |   188.1829 |         0 |         0 |         0 |         0 |         0 |         0 |         0 |         0 |         0 |           0 |           0 |           0 |           0 |           0 |           0 |           0 |           0 |
|    Energy PP0 [J]    |          0 |         0 |         0 |         0 |         0 |         0 |         0 |         0 |         0 |         0 |           0 |           0 |           0 |           0 |           0 |           0 |           0 |           0 |
|     Power PP0 [W]    |          0 |         0 |         0 |         0 |         0 |         0 |         0 |         0 |         0 |         0 |           0 |           0 |           0 |           0 |           0 |           0 |           0 |           0 |
|    Energy DRAM [J]   |  5199.3264 |         0 |         0 |         0 |         0 |         0 |         0 |         0 |         0 |         0 |           0 |           0 |           0 |           0 |           0 |           0 |           0 |           0 |
|    Power DRAM [W]    |    11.1101 |         0 |         0 |         0 |         0 |         0 |         0 |         0 |         0 |         0 |           0 |           0 |           0 |           0 |           0 |           0 |           0 |           0 |
|  Energy PLATFORM [J] |          0 |         0 |         0 |         0 |         0 |         0 |         0 |         0 |         0 |         0 |           0 |           0 |           0 |           0 |           0 |           0 |           0 |           0 |
|  Power PLATFORM [W]  |          0 |         0 |         0 |         0 |         0 |         0 |         0 |         0 |         0 |         0 |           0 |           0 |           0 |           0 |           0 |           0 |           0 |           0 |
+----------------------+------------+-----------+-----------+-----------+-----------+-----------+-----------+-----------+-----------+-----------+-------------+-------------+-------------+-------------+-------------+-------------+-------------+-------------+

+---------------------------+------------+-----------+------------+-----------+-----------+-----------+-----------+
|           Metric          |     Sum    |    Min    |     Max    |    Avg    |  %ile 25  |  %ile 50  |  %ile 75  |
+---------------------------+------------+-----------+------------+-----------+-----------+-----------+-----------+
|  Runtime (RDTSC) [s] STAT |  8423.6573 |  467.9687 |   468.0062 |  467.9810 |  467.9763 |  467.9794 |  467.9835 |
| Runtime unhalted [s] STAT |  9773.8057 |  542.1991 |   543.3672 |  542.9892 |  542.8936 |  543.0152 |  543.1782 |
|      Clock [MHz] STAT     | 50280.4563 | 2793.2149 |  2793.3841 | 2793.3587 | 2793.3635 | 2793.3734 | 2793.3764 |
|  Uncore Clock [MHz] STAT  |  2193.8447 |         0 |  2193.8447 |  121.8803 |         0 |         0 |         0 |
|          CPI STAT         |    10.9098 |    0.5835 |     0.6275 |    0.6061 |    0.5923 |    0.5981 |    0.6230 |
|    Temperature [C] STAT   |        799 |        41 |         48 |   44.3889 |        43 |        44 |        46 |
|      Energy [J] STAT      | 88066.2917 |         0 | 88066.2917 | 4892.5718 |         0 |         0 |         0 |
|       Power [W] STAT      |   188.1829 |         0 |   188.1829 |   10.4546 |         0 |         0 |         0 |
|    Energy PP0 [J] STAT    |          0 |         0 |          0 |         0 |         0 |         0 |         0 |
|     Power PP0 [W] STAT    |          0 |         0 |          0 |         0 |         0 |         0 |         0 |
|    Energy DRAM [J] STAT   |  5199.3264 |         0 |  5199.3264 |  288.8515 |         0 |         0 |         0 |
|    Power DRAM [W] STAT    |    11.1101 |         0 |    11.1101 |    0.6172 |         0 |         0 |         0 |
|  Energy PLATFORM [J] STAT |          0 |         0 |          0 |         0 |         0 |         0 |         0 |
|  Power PLATFORM [W] STAT  |          0 |         0 |          0 |         0 |         0 |         0 |         0 |
+---------------------------+------------+-----------+------------+-----------+-----------+-----------+-----------+

