Group: 1
+-----------------------+---------+---------------+---------------+---------------+---------------+---------------+---------------+---------------+---------------+---------------+---------------+---------------+---------------+---------------+---------------+---------------+---------------+---------------+---------------+
|         Event         | Counter |   f0880:0:0   |   f0880:1:1   |   f0880:2:2   |   f0880:3:3   |   f0880:4:4   |   f0880:5:5   |   f0880:6:6   |   f0880:7:7   |   f0880:8:8   |   f0880:9:9   |  f0880:10:10  |  f0880:11:11  |  f0880:12:12  |  f0880:13:13  |  f0880:14:14  |  f0880:15:15  |  f0880:16:16  |  f0880:17:17  |
+-----------------------+---------+---------------+---------------+---------------+---------------+---------------+---------------+---------------+---------------+---------------+---------------+---------------+---------------+---------------+---------------+---------------+---------------+---------------+---------------+
|   INSTR_RETIRED_ANY   |  FIXC0  | 2437708505406 | 2417785297516 | 2410959424073 | 2365935717334 | 2312845254051 | 2281793661747 | 2282572646626 | 2278862576859 | 2275190768627 | 2277192425503 | 2164853612013 | 2169945939521 | 2175205055126 | 2205589708582 | 2244072199216 | 2269393974984 | 2294358454705 | 2328326229860 |
| CPU_CLK_UNHALTED_CORE |  FIXC1  | 1264478466753 | 1263133436536 | 1265427583635 | 1265295887508 | 1265362716698 | 1265470323101 | 1265523249070 | 1265318335014 | 1265539384031 | 1265408532731 | 1265603207931 | 1265433908046 | 1265442077484 | 1265292693703 | 1265389633956 | 1265155901498 | 1265741484203 | 1265692923211 |
|  CPU_CLK_UNHALTED_REF |  FIXC2  | 1685976137472 | 1684179463872 | 1687240753248 | 1687065825216 | 1687154895456 | 1687297330080 | 1687369828704 | 1687095368256 | 1687391375424 | 1687214251200 | 1687474856256 | 1687247102784 | 1687260417120 | 1687060409280 | 1687189812864 | 1686877794720 | 1687659437280 | 1687591668000 |
|     TOPDOWN_SLOTS     |  FIXC3  | 6322392333765 | 6315667182680 | 6327137918175 | 6326479437540 | 6326813583490 | 6327351615505 | 6327616245350 | 6326591675070 | 6327696920155 | 6327042663655 | 6328016039655 | 6327169540230 | 6327210387420 | 6326463468515 | 6326948169780 | 6325779507490 | 6328707421015 | 6328464616055 |
|       TEMP_CORE       |   TMP0  |            39 |            42 |            40 |            40 |            38 |            39 |            39 |            43 |            39 |            39 |            39 |            39 |            41 |            40 |            40 |            37 |            41 |            39 |
|     PWR_PKG_ENERGY    |   PWR0  |    78449.4549 |             0 |             0 |             0 |             0 |             0 |             0 |             0 |             0 |             0 |             0 |             0 |             0 |             0 |             0 |             0 |             0 |             0 |
|     PWR_PP0_ENERGY    |   PWR1  |             0 |             0 |             0 |             0 |             0 |             0 |             0 |             0 |             0 |             0 |             0 |             0 |             0 |             0 |             0 |             0 |             0 |             0 |
|    PWR_DRAM_ENERGY    |   PWR3  |     5239.9923 |             0 |             0 |             0 |             0 |             0 |             0 |             0 |             0 |             0 |             0 |             0 |             0 |             0 |             0 |             0 |             0 |             0 |
|  PWR_PLATFORM_ENERGY  |   PWR4  |             0 |             0 |             0 |             0 |             0 |             0 |             0 |             0 |             0 |             0 |             0 |             0 |             0 |             0 |             0 |             0 |             0 |             0 |
|   UNCORE_CLOCKTICKS   | UBOXFIX | 1127330719722 |             0 |             0 |             0 |             0 |             0 |             0 |             0 |             0 |             0 |             0 |             0 |             0 |             0 |             0 |             0 |             0 |             0 |
+-----------------------+---------+---------------+---------------+---------------+---------------+---------------+---------------+---------------+---------------+---------------+---------------+---------------+---------------+---------------+---------------+---------------+---------------+---------------+---------------+

+----------------------------+---------+-----------------+---------------+---------------+---------------+
|            Event           | Counter |       Sum       |      Min      |      Max      |      Avg      |
+----------------------------+---------+-----------------+---------------+---------------+---------------+
|   INSTR_RETIRED_ANY STAT   |  FIXC0  |  41192591451749 | 2164853612013 | 2437708505406 |  2.288477e+12 |
| CPU_CLK_UNHALTED_CORE STAT |  FIXC1  |  22774709745109 | 1263133436536 | 1265741484203 |  1.265262e+12 |
|  CPU_CLK_UNHALTED_REF STAT |  FIXC2  |  30366346727232 | 1684179463872 | 1687659437280 | 1687019262624 |
|     TOPDOWN_SLOTS STAT     |  FIXC3  | 113873548725545 | 6315667182680 | 6328707421015 |  6.326308e+12 |
|       TEMP_CORE STAT       |   TMP0  |             714 |            37 |            43 |       39.6667 |
|     PWR_PKG_ENERGY STAT    |   PWR0  |      78449.4549 |             0 |    78449.4549 |     4358.3030 |
|     PWR_PP0_ENERGY STAT    |   PWR1  |               0 |             0 |             0 |             0 |
|    PWR_DRAM_ENERGY STAT    |   PWR3  |       5239.9923 |             0 |     5239.9923 |      291.1107 |
|  PWR_PLATFORM_ENERGY STAT  |   PWR4  |               0 |             0 |             0 |             0 |
|   UNCORE_CLOCKTICKS STAT   | UBOXFIX |   1127330719722 |             0 | 1127330719722 |   62629484429 |
+----------------------------+---------+-----------------+---------------+---------------+---------------+

+----------------------+------------+-----------+-----------+-----------+-----------+-----------+-----------+-----------+-----------+-----------+-------------+-------------+-------------+-------------+-------------+-------------+-------------+-------------+
|        Metric        |  f0880:0:0 | f0880:1:1 | f0880:2:2 | f0880:3:3 | f0880:4:4 | f0880:5:5 | f0880:6:6 | f0880:7:7 | f0880:8:8 | f0880:9:9 | f0880:10:10 | f0880:11:11 | f0880:12:12 | f0880:13:13 | f0880:14:14 | f0880:15:15 | f0880:16:16 | f0880:17:17 |
+----------------------+------------+-----------+-----------+-----------+-----------+-----------+-----------+-----------+-----------+-----------+-------------+-------------+-------------+-------------+-------------+-------------+-------------+-------------+
|  Runtime (RDTSC) [s] |   708.0424 |  708.0589 |  708.1043 |  708.0444 |  708.0481 |  708.0368 |  708.0501 |  708.0345 |  708.0394 |  708.0509 |    708.0949 |    708.0531 |    708.0413 |    708.0264 |    708.0459 |    708.0384 |    708.0396 |    708.1370 |
| Runtime unhalted [s] |   528.1117 |  527.5597 |  528.5543 |  528.4548 |  528.4814 |  528.5263 |  528.5493 |  528.4628 |  528.5549 |  528.5009 |    528.6143 |    528.5128 |    528.5150 |    528.4513 |    528.4930 |    528.3954 |    528.6405 |    528.6929 |
|      Clock [MHz]     |  1795.7492 | 1795.7195 | 1795.5930 | 1795.7436 | 1795.7481 | 1795.7493 | 1795.7441 | 1795.7486 | 1795.7481 | 1795.7486 |   1795.6384 |   1795.7454 |   1795.7467 |   1795.7520 |   1795.7479 |   1795.7483 |   1795.7455 |   1795.5018 |
|  Uncore Clock [MHz]  |  1592.1797 |         0 |         0 |         0 |         0 |         0 |         0 |         0 |         0 |         0 |           0 |           0 |           0 |           0 |           0 |           0 |           0 |           0 |
|          CPI         |     0.5187 |    0.5224 |    0.5249 |    0.5348 |    0.5471 |    0.5546 |    0.5544 |    0.5552 |    0.5562 |    0.5557 |      0.5846 |      0.5832 |      0.5818 |      0.5737 |      0.5639 |      0.5575 |      0.5517 |      0.5436 |
|    Temperature [C]   |         39 |        42 |        40 |        40 |        38 |        39 |        39 |        43 |        39 |        39 |          39 |          39 |          41 |          40 |          40 |          37 |          41 |          39 |
|      Energy [J]      | 78449.4549 |         0 |         0 |         0 |         0 |         0 |         0 |         0 |         0 |         0 |           0 |           0 |           0 |           0 |           0 |           0 |           0 |           0 |
|       Power [W]      |   110.7977 |         0 |         0 |         0 |         0 |         0 |         0 |         0 |         0 |         0 |           0 |           0 |           0 |           0 |           0 |           0 |           0 |           0 |
|    Energy PP0 [J]    |          0 |         0 |         0 |         0 |         0 |         0 |         0 |         0 |         0 |         0 |           0 |           0 |           0 |           0 |           0 |           0 |           0 |           0 |
|     Power PP0 [W]    |          0 |         0 |         0 |         0 |         0 |         0 |         0 |         0 |         0 |         0 |           0 |           0 |           0 |           0 |           0 |           0 |           0 |           0 |
|    Energy DRAM [J]   |  5239.9923 |         0 |         0 |         0 |         0 |         0 |         0 |         0 |         0 |         0 |           0 |           0 |           0 |           0 |           0 |           0 |           0 |           0 |
|    Power DRAM [W]    |     7.4007 |         0 |         0 |         0 |         0 |         0 |         0 |         0 |         0 |         0 |           0 |           0 |           0 |           0 |           0 |           0 |           0 |           0 |
|  Energy PLATFORM [J] |          0 |         0 |         0 |         0 |         0 |         0 |         0 |         0 |         0 |         0 |           0 |           0 |           0 |           0 |           0 |           0 |           0 |           0 |
|  Power PLATFORM [W]  |          0 |         0 |         0 |         0 |         0 |         0 |         0 |         0 |         0 |         0 |           0 |           0 |           0 |           0 |           0 |           0 |           0 |           0 |
+----------------------+------------+-----------+-----------+-----------+-----------+-----------+-----------+-----------+-----------+-----------+-------------+-------------+-------------+-------------+-------------+-------------+-------------+-------------+

+---------------------------+------------+-----------+------------+-----------+-----------+-----------+-----------+
|           Metric          |     Sum    |    Min    |     Max    |    Avg    |  %ile 25  |  %ile 50  |  %ile 75  |
+---------------------------+------------+-----------+------------+-----------+-----------+-----------+-----------+
|  Runtime (RDTSC) [s] STAT | 12744.9864 |  708.0264 |   708.1370 |  708.0548 |  708.0394 |  708.0444 |  708.0531 |
| Runtime unhalted [s] STAT |  9512.0713 |  527.5597 |   528.6929 |  528.4484 |  528.4548 |  528.5009 |  528.5543 |
|      Clock [MHz] STAT     | 32322.9181 | 1795.5018 |  1795.7520 | 1795.7177 | 1795.7436 | 1795.7467 | 1795.7486 |
|  Uncore Clock [MHz] STAT  |  1592.1797 |         0 |  1592.1797 |   88.4544 |         0 |         0 |         0 |
|          CPI STAT         |     9.9640 |    0.5187 |     0.5846 |    0.5536 |    0.5436 |    0.5546 |    0.5639 |
|    Temperature [C] STAT   |        714 |        37 |         43 |   39.6667 |        39 |        39 |        40 |
|      Energy [J] STAT      | 78449.4549 |         0 | 78449.4549 | 4358.3030 |         0 |         0 |         0 |
|       Power [W] STAT      |   110.7977 |         0 |   110.7977 |    6.1554 |         0 |         0 |         0 |
|    Energy PP0 [J] STAT    |          0 |         0 |          0 |         0 |         0 |         0 |         0 |
|     Power PP0 [W] STAT    |          0 |         0 |          0 |         0 |         0 |         0 |         0 |
|    Energy DRAM [J] STAT   |  5239.9923 |         0 |  5239.9923 |  291.1107 |         0 |         0 |         0 |
|    Power DRAM [W] STAT    |     7.4007 |         0 |     7.4007 |    0.4111 |         0 |         0 |         0 |
|  Energy PLATFORM [J] STAT |          0 |         0 |          0 |         0 |         0 |         0 |         0 |
|  Power PLATFORM [W] STAT  |          0 |         0 |          0 |         0 |         0 |         0 |         0 |
+---------------------------+------------+-----------+------------+-----------+-----------+-----------+-----------+

