Group: 1
+-----------------------+---------+---------------+---------------+---------------+---------------+---------------+---------------+---------------+---------------+---------------+---------------+---------------+---------------+---------------+---------------+---------------+---------------+---------------+---------------+
|         Event         | Counter |   f0660:0:0   |   f0660:1:1   |   f0660:2:2   |   f0660:3:3   |   f0660:4:4   |   f0660:5:5   |   f0660:6:6   |   f0660:7:7   |   f0660:8:8   |   f0660:9:9   |  f0660:10:10  |  f0660:11:11  |  f0660:12:12  |  f0660:13:13  |  f0660:14:14  |  f0660:15:15  |  f0660:16:16  |  f0660:17:17  |
+-----------------------+---------+---------------+---------------+---------------+---------------+---------------+---------------+---------------+---------------+---------------+---------------+---------------+---------------+---------------+---------------+---------------+---------------+---------------+---------------+
|   INSTR_RETIRED_ANY   |  FIXC0  | 2311395111749 | 2225796561547 | 2224614652047 | 2207017840222 | 2199218606585 | 2199500492034 | 2101332638815 | 2095558376365 | 2161214839558 | 2208805995811 | 2193416868173 | 2382744904290 | 2410332408865 | 2261128988681 | 2254180976214 | 2328145307381 | 2256719008471 | 2073347317179 |
| CPU_CLK_UNHALTED_CORE |  FIXC1  | 1312422068035 | 1315834705321 | 1316285194729 | 1314554073041 | 1314811442919 | 1312909333563 | 1313605677432 | 1311697040792 | 1311379977929 | 1312223585281 | 1310561041244 | 1311943840103 | 1310949228272 | 1310674602991 | 1311544842825 | 1310447587257 | 1311420758168 | 1311138898981 |
|  CPU_CLK_UNHALTED_REF |  FIXC2  | 1852826110656 | 1857639330816 | 1858280221536 | 1855832721504 | 1856200146912 | 1853509599456 | 1854496436736 | 1851799079808 | 1851351770304 | 1852542475968 | 1850195183328 | 1852148919936 | 1850740686144 | 1850354620800 | 1851583348416 | 1850032892064 | 1851407066688 | 1851011321664 |
|     TOPDOWN_SLOTS     |  FIXC3  | 6562110340175 | 6579173526605 | 6581425973645 | 6572770365205 | 6574057214595 | 6564546667815 | 6568028387160 | 6558485203960 | 6556899889645 | 6561117926405 | 6552805206220 | 6559719200515 | 6554746141360 | 6553373014955 | 6557724214125 | 6552237936285 | 6557103790840 | 6555694494905 |
|       TEMP_CORE       |   TMP0  |            35 |            36 |            35 |            37 |            38 |            36 |            37 |            36 |            36 |            37 |            38 |            38 |            36 |            38 |            38 |            37 |            36 |            36 |
|     PWR_PKG_ENERGY    |   PWR0  |    77316.1285 |             0 |             0 |             0 |             0 |             0 |             0 |             0 |             0 |             0 |             0 |             0 |             0 |             0 |             0 |             0 |             0 |             0 |
|     PWR_PP0_ENERGY    |   PWR1  |             0 |             0 |             0 |             0 |             0 |             0 |             0 |             0 |             0 |             0 |             0 |             0 |             0 |             0 |             0 |             0 |             0 |             0 |
|    PWR_DRAM_ENERGY    |   PWR3  |     5499.7548 |             0 |             0 |             0 |             0 |             0 |             0 |             0 |             0 |             0 |             0 |             0 |             0 |             0 |             0 |             0 |             0 |             0 |
|  PWR_PLATFORM_ENERGY  |   PWR4  |             0 |             0 |             0 |             0 |             0 |             0 |             0 |             0 |             0 |             0 |             0 |             0 |             0 |             0 |             0 |             0 |             0 |             0 |
|   UNCORE_CLOCKTICKS   | UBOXFIX | 1204641021106 |             0 |             0 |             0 |             0 |             0 |             0 |             0 |             0 |             0 |             0 |             0 |             0 |             0 |             0 |             0 |             0 |             0 |
+-----------------------+---------+---------------+---------------+---------------+---------------+---------------+---------------+---------------+---------------+---------------+---------------+---------------+---------------+---------------+---------------+---------------+---------------+---------------+---------------+

+----------------------------+---------+-----------------+---------------+---------------+--------------+
|            Event           | Counter |       Sum       |      Min      |      Max      |      Avg     |
+----------------------------+---------+-----------------+---------------+---------------+--------------+
|   INSTR_RETIRED_ANY STAT   |  FIXC0  |  40094470893987 | 2073347317179 | 2410332408865 | 2.227471e+12 |
| CPU_CLK_UNHALTED_CORE STAT |  FIXC1  |  23624403898883 | 1310447587257 | 1316285194729 | 1.312467e+12 |
|  CPU_CLK_UNHALTED_REF STAT |  FIXC2  |  33351951932736 | 1850032892064 | 1858280221536 | 1.852886e+12 |
|     TOPDOWN_SLOTS STAT     |  FIXC3  | 118122019494415 | 6552237936285 | 6581425973645 | 6.562334e+12 |
|       TEMP_CORE STAT       |   TMP0  |             660 |            35 |            38 |      36.6667 |
|     PWR_PKG_ENERGY STAT    |   PWR0  |      77316.1285 |             0 |    77316.1285 |    4295.3405 |
|     PWR_PP0_ENERGY STAT    |   PWR1  |               0 |             0 |             0 |            0 |
|    PWR_DRAM_ENERGY STAT    |   PWR3  |       5499.7548 |             0 |     5499.7548 |     305.5419 |
|  PWR_PLATFORM_ENERGY STAT  |   PWR4  |               0 |             0 |             0 |            0 |
|   UNCORE_CLOCKTICKS STAT   | UBOXFIX |   1204641021106 |             0 | 1204641021106 | 6.692450e+10 |
+----------------------------+---------+-----------------+---------------+---------------+--------------+

+----------------------+------------+-----------+-----------+-----------+-----------+-----------+-----------+-----------+-----------+-----------+-------------+-------------+-------------+-------------+-------------+-------------+-------------+-------------+
|        Metric        |  f0660:0:0 | f0660:1:1 | f0660:2:2 | f0660:3:3 | f0660:4:4 | f0660:5:5 | f0660:6:6 | f0660:7:7 | f0660:8:8 | f0660:9:9 | f0660:10:10 | f0660:11:11 | f0660:12:12 | f0660:13:13 | f0660:14:14 | f0660:15:15 | f0660:16:16 | f0660:17:17 |
+----------------------+------------+-----------+-----------+-----------+-----------+-----------+-----------+-----------+-----------+-----------+-------------+-------------+-------------+-------------+-------------+-------------+-------------+-------------+
|  Runtime (RDTSC) [s] |   780.9471 |  780.9308 |  780.9378 |  780.9185 |  780.9430 |  780.9230 |  780.9459 |  780.9402 |  780.9355 |  780.9361 |    780.9396 |    780.9464 |    780.9233 |    780.9452 |    780.9443 |    780.9214 |    780.9348 |    780.9458 |
| Runtime unhalted [s] |   548.1379 |  549.5642 |  549.7514 |  549.0289 |  549.1416 |  548.3420 |  548.6322 |  547.8350 |  547.7029 |  548.0549 |    547.3607 |    547.9391 |    547.5234 |    547.4082 |    547.7723 |    547.3138 |    547.7203 |    547.6044 |
|      Clock [MHz]     |  1695.9872 | 1695.9882 | 1695.9867 | 1695.9883 | 1695.9686 | 1695.9892 | 1695.9879 | 1695.9906 | 1695.9892 | 1695.9907 |   1695.9901 |   1695.9862 |   1695.9907 |   1695.9908 |   1695.9888 |   1695.9905 |   1695.9902 |   1695.9827 |
|  Uncore Clock [MHz]  |  1542.5386 |         0 |         0 |         0 |         0 |         0 |         0 |         0 |         0 |         0 |           0 |           0 |           0 |           0 |           0 |           0 |           0 |           0 |
|          CPI         |     0.5678 |    0.5912 |    0.5917 |    0.5956 |    0.5979 |    0.5969 |    0.6251 |    0.6259 |    0.6068 |    0.5941 |      0.5975 |      0.5506 |      0.5439 |      0.5797 |      0.5818 |      0.5629 |      0.5811 |      0.6324 |
|    Temperature [C]   |         35 |        36 |        35 |        37 |        38 |        36 |        37 |        36 |        36 |        37 |          38 |          38 |          36 |          38 |          38 |          37 |          36 |          36 |
|      Energy [J]      | 77316.1285 |         0 |         0 |         0 |         0 |         0 |         0 |         0 |         0 |         0 |           0 |           0 |           0 |           0 |           0 |           0 |           0 |           0 |
|       Power [W]      |    99.0030 |         0 |         0 |         0 |         0 |         0 |         0 |         0 |         0 |         0 |           0 |           0 |           0 |           0 |           0 |           0 |           0 |           0 |
|    Energy PP0 [J]    |          0 |         0 |         0 |         0 |         0 |         0 |         0 |         0 |         0 |         0 |           0 |           0 |           0 |           0 |           0 |           0 |           0 |           0 |
|     Power PP0 [W]    |          0 |         0 |         0 |         0 |         0 |         0 |         0 |         0 |         0 |         0 |           0 |           0 |           0 |           0 |           0 |           0 |           0 |           0 |
|    Energy DRAM [J]   |  5499.7548 |         0 |         0 |         0 |         0 |         0 |         0 |         0 |         0 |         0 |           0 |           0 |           0 |           0 |           0 |           0 |           0 |           0 |
|    Power DRAM [W]    |     7.0424 |         0 |         0 |         0 |         0 |         0 |         0 |         0 |         0 |         0 |           0 |           0 |           0 |           0 |           0 |           0 |           0 |           0 |
|  Energy PLATFORM [J] |          0 |         0 |         0 |         0 |         0 |         0 |         0 |         0 |         0 |         0 |           0 |           0 |           0 |           0 |           0 |           0 |           0 |           0 |
|  Power PLATFORM [W]  |          0 |         0 |         0 |         0 |         0 |         0 |         0 |         0 |         0 |         0 |           0 |           0 |           0 |           0 |           0 |           0 |           0 |           0 |
+----------------------+------------+-----------+-----------+-----------+-----------+-----------+-----------+-----------+-----------+-----------+-------------+-------------+-------------+-------------+-------------+-------------+-------------+-------------+

+---------------------------+------------+-----------+------------+-----------+-----------+-----------+-----------+
|           Metric          |     Sum    |    Min    |     Max    |    Avg    |  %ile 25  |  %ile 50  |  %ile 75  |
+---------------------------+------------+-----------+------------+-----------+-----------+-----------+-----------+
|  Runtime (RDTSC) [s] STAT | 14056.8587 |  780.9185 |   780.9471 |  780.9366 |  780.9308 |  780.9378 |  780.9452 |
| Runtime unhalted [s] STAT |  9866.8332 |  547.3138 |   549.7514 |  548.1574 |  547.6044 |  547.8350 |  548.6322 |
|      Clock [MHz] STAT     | 30527.7766 | 1695.9686 |  1695.9908 | 1695.9876 | 1695.9872 | 1695.9888 | 1695.9905 |
|  Uncore Clock [MHz] STAT  |  1542.5386 |         0 |  1542.5386 |   85.6966 |         0 |         0 |         0 |
|          CPI STAT         |    10.6229 |    0.5439 |     0.6324 |    0.5902 |    0.5797 |    0.5917 |    0.5979 |
|    Temperature [C] STAT   |        660 |        35 |         38 |   36.6667 |        36 |        36 |        38 |
|      Energy [J] STAT      | 77316.1285 |         0 | 77316.1285 | 4295.3405 |         0 |         0 |         0 |
|       Power [W] STAT      |    99.0030 |         0 |    99.0030 |    5.5002 |         0 |         0 |         0 |
|    Energy PP0 [J] STAT    |          0 |         0 |          0 |         0 |         0 |         0 |         0 |
|     Power PP0 [W] STAT    |          0 |         0 |          0 |         0 |         0 |         0 |         0 |
|    Energy DRAM [J] STAT   |  5499.7548 |         0 |  5499.7548 |  305.5419 |         0 |         0 |         0 |
|    Power DRAM [W] STAT    |     7.0424 |         0 |     7.0424 |    0.3912 |         0 |         0 |         0 |
|  Energy PLATFORM [J] STAT |          0 |         0 |          0 |         0 |         0 |         0 |         0 |
|  Power PLATFORM [W] STAT  |          0 |         0 |          0 |         0 |         0 |         0 |         0 |
+---------------------------+------------+-----------+------------+-----------+-----------+-----------+-----------+

