
          -------------------------------------------------------
          Amber 20 PMEMD                              2020
          -------------------------------------------------------

| PMEMD implementation of SANDER, Release 18

|  Compiled date/time: Fri Dec 17 14:50:05 2021
| Run on 12/23/2021 at 11:18:52

|   Executable path: pmemd.MPI
| Working directory: /home/titan/unrz/unrz007h/benchmark_fritz/AMBER/3-20p12-at21p11-ompi-intel/n003/235
|          Hostname: f0438

  [-O]verwriting output

File Assignments:
|   MDIN: ../factorix.mdin                                                      
|  MDOUT: factorix.output                                                       
| INPCRD: ../factorix.inpcrd                                                    
|   PARM: ../factorix.prmtop                                                    
| RESTRT: restrt                                                                
|   REFC: refc                                                                  
|  MDVEL: mdvel                                                                 
|   MDEN: mden                                                                  
|  MDCRD: mdcrd                                                                 
| MDINFO: mdinfo                                                                
|LOGFILE: logfile                                                               
|  MDFRC: mdfrc                                                                 

 
 Here is the input file:
 
FIX (active) full dynamics ( constraint dynamics: constant volume)             
 &cntrl                                                                        
   ntx = 7,       irest = 1,                                                   
   ntpr = 100,     ntwx = 0,     ntwr = 0,                                     
   ntf = 2,       ntc = 2,       tol = 0.000001,                               
   cut = 8.0,                                                                  
   nstlim = 50000,  dt = 0.00150,                                              
   nscm = 250,                                                                 
   ntt = 0,                                                                    
   lastist = 4000000,                                                          
   lastrst = 5000000,                                                          
 /                                                                             


Note: ig = -1. Setting random seed to   776510 based on wallclock time in
      microseconds and disabling the synchronization of random numbers 
      between tasks to improve performance.
| irandom = 1, using AMBER's internal random number generator (default).
| WARNING: The sander lastist option is not needed and is ignored.
| WARNING: The sander lastrst option is not needed and is ignored.
 
| INFO:    Axis order optimization will be used.

 
| Conditional Compilation Defines Used:
| MPI
| FFTW_FFT
| BINTRAJ
| MKL
| EMIL
 
| Largest sphere to fit in unit cell has radius =    39.339

|  INFO: Old style PARM file read


| Note: 1-4 EEL scale factors were NOT found in the topology file.
|       Using default value of 1.2.

| Note: 1-4 VDW scale factors were NOT found in the topology file.
|       Using default value of 2.0.
| Duplicated  437 dihedrals

| Duplicated 1846 dihedrals

--------------------------------------------------------------------------------
   1.  RESOURCE   USE: 
--------------------------------------------------------------------------------

 getting new box info from bottom of inpcrd
 NATOM  =   90906 NTYPES =      19 NBONH =   87891 MBONA  =    3077
 NTHETH =    6433 MTHETA =    4178 NPHIH =   11305 MPHIA  =    5519
 NHPARM =       0 NPARM  =       0 NNB   =  145596 NRES   =   28750
 NBONA  =    3077 NTHETA =    4178 NPHIA =    5519 NUMBND =      54
 NUMANG =     126 NPTRA  =      75 NATYP =      31 NPHB   =       1
 IFBOX  =       1 NMXRS  =      24 IFCAP =       0 NEXTRA =       0
 NCOPY  =       0

| Coordinate Index Table dimensions:    28   16   15
| Direct force subcell size =     5.0745    5.2086    5.2452

     BOX TYPE: RECTILINEAR

--------------------------------------------------------------------------------
   2.  CONTROL  DATA  FOR  THE  RUN
--------------------------------------------------------------------------------

factor IX (ACTIVATED PROTEIN)                                                   

General flags:
     imin    =       0, nmropt  =       0

Nature and format of input:
     ntx     =       7, irest   =       1, ntrx    =       1

Nature and format of output:
     ntxo    =       2, ntpr    =     100, ntrx    =       1, ntwr    =   50000
     iwrap   =       0, ntwx    =       0, ntwv    =       0, ntwe    =       0
     ioutfm  =       1, ntwprt  =       0, idecomp =       0, rbornstat=      0

Potential function:
     ntf     =       2, ntb     =       1, igb     =       0, nsnb    =      25
     ipol    =       0, gbsa    =       0, iesp    =       0
     dielc   =   1.00000, cut     =   8.00000, intdiel =   1.00000

Frozen or restrained atoms:
     ibelly  =       0, ntr     =       0

Molecular dynamics:
     nstlim  =     50000, nscm    =       250, nrespa  =         1
     t       =   0.00000, dt      =   0.00150, vlimit  =  20.00000

SHAKE:
     ntc     =       2, jfastw  =       0
     tol     =   0.00000

| Intermolecular bonds treatment:
|     no_intermolecular_bonds =       1

| Energy averages sample interval:
|     ene_avg_sampling =     100

Ewald parameters:
     verbose =       0, ew_type =       0, nbflag  =       1, use_pme =       1
     vdwmeth =       1, eedmeth =       1, netfrc  =       1
     Box X =  142.086   Box Y =   83.337   Box Z =   78.678
     Alpha =   90.000   Beta  =   90.000   Gamma =   90.000
     NFFT1 =  144       NFFT2 =   90       NFFT3 =   80
     Cutoff=    8.000   Tol   =0.100E-04
     Ewald Coefficient =  0.34864
     Interpolation order =    4

| PMEMD ewald parallel performance parameters:
|     block_fft =    0
|     fft_blk_y_divisor =    4
|     excl_recip =    0
|     excl_master =    0
|     atm_redist_freq =  320

--------------------------------------------------------------------------------
   3.  ATOMIC COORDINATES AND VELOCITIES
--------------------------------------------------------------------------------

factor IX (ACTIVATED PROTEIN)                                                   
 begin time read from input coords =  2542.675 ps

 
 Number of triangulated 3-point waters found:    28358

     Sum of charges from parm topology file =   0.00031225
     Forcing neutrality...

| Dynamic Memory, Types Used:
| Reals             5294456
| Integers          3215547

| Nonbonded Pairs Initial Allocation:      575738

| Running AMBER/MPI version on   72 MPI task

 
--------------------------------------------------------------------------------
   4.  RESULTS
--------------------------------------------------------------------------------

 ---------------------------------------------------
 APPROXIMATING switch and d/dx switch using CUBIC SPLINE INTERPOLATION
 using   5000.0 points per unit in tabled values
 TESTING RELATIVE ERROR over r ranging from 0.0 to cutoff
| CHECK switch(x): max rel err =   0.3316E-14   at   2.351880
| CHECK d/dx switch(x): max rel err =   0.8336E-11   at   2.782960
 ---------------------------------------------------
|---------------------------------------------------
| APPROXIMATING direct energy using CUBIC SPLINE INTERPOLATION
|  with   50.0 points per unit in tabled values
| Relative Error Limit not exceeded for r .gt.   2.47
| APPROXIMATING direct force using CUBIC SPLINE INTERPOLATION
|  with   50.0 points per unit in tabled values
| Relative Error Limit not exceeded for r .gt.   2.89
|---------------------------------------------------

 NSTEP =      100   TIME(PS) =    2542.825  TEMP(K) =   298.74  PRESS =     0.0
 Etot   =   -234218.3473  EKtot   =     54860.7625  EPtot      =   -289079.1098
 BOND   =      1103.0435  ANGLE   =      2960.7695  DIHED      =      2288.4338
 1-4 NB =      1312.5562  1-4 EEL =     15093.0701  VDWAALS    =     36866.8490
 EELEC  =   -348703.8320  EHBOND  =         0.0000  RESTRAINT  =         0.0000
 Ewald error estimate:   0.6831E-04
 ------------------------------------------------------------------------------


 NSTEP =      200   TIME(PS) =    2542.975  TEMP(K) =   297.76  PRESS =     0.0
 Etot   =   -234218.3698  EKtot   =     54681.6127  EPtot      =   -288899.9825
 BOND   =      1125.1379  ANGLE   =      2961.9410  DIHED      =      2244.2927
 1-4 NB =      1316.1846  1-4 EEL =     15113.4142  VDWAALS    =     36422.4567
 EELEC  =   -348083.4097  EHBOND  =         0.0000  RESTRAINT  =         0.0000
 Ewald error estimate:   0.1472E-04
 ------------------------------------------------------------------------------

check COM velocity, temp:        0.000000     0.00(Removed)

 NSTEP =      300   TIME(PS) =    2543.125  TEMP(K) =   297.94  PRESS =     0.0
 Etot   =   -234217.3995  EKtot   =     54713.8798  EPtot      =   -288931.2793
 BOND   =      1136.6428  ANGLE   =      2948.4126  DIHED      =      2262.1544
 1-4 NB =      1298.1550  1-4 EEL =     15134.1716  VDWAALS    =     36703.9285
 EELEC  =   -348414.7443  EHBOND  =         0.0000  RESTRAINT  =         0.0000
 Ewald error estimate:   0.1759E-04
 ------------------------------------------------------------------------------


 NSTEP =      400   TIME(PS) =    2543.275  TEMP(K) =   298.80  PRESS =     0.0
 Etot   =   -234217.5764  EKtot   =     54870.9021  EPtot      =   -289088.4784
 BOND   =      1149.6321  ANGLE   =      2884.9472  DIHED      =      2223.7015
 1-4 NB =      1308.3590  1-4 EEL =     15173.9831  VDWAALS    =     36500.1800
 EELEC  =   -348329.2813  EHBOND  =         0.0000  RESTRAINT  =         0.0000
 Ewald error estimate:   0.2372E-04
 ------------------------------------------------------------------------------

check COM velocity, temp:        0.000000     0.00(Removed)

 NSTEP =      500   TIME(PS) =    2543.425  TEMP(K) =   298.97  PRESS =     0.0
 Etot   =   -234217.9530  EKtot   =     54902.7463  EPtot      =   -289120.6993
 BOND   =      1145.4815  ANGLE   =      2975.8144  DIHED      =      2236.9885
 1-4 NB =      1323.8331  1-4 EEL =     15106.6950  VDWAALS    =     36536.3430
 EELEC  =   -348445.8548  EHBOND  =         0.0000  RESTRAINT  =         0.0000
 Ewald error estimate:   0.3216E-04
 ------------------------------------------------------------------------------


 NSTEP =      600   TIME(PS) =    2543.575  TEMP(K) =   297.11  PRESS =     0.0
 Etot   =   -234217.5243  EKtot   =     54561.1886  EPtot      =   -288778.7129
 BOND   =      1124.1853  ANGLE   =      2911.7406  DIHED      =      2246.1541
 1-4 NB =      1334.3174  1-4 EEL =     15084.8396  VDWAALS    =     36016.0524
 EELEC  =   -347496.0023  EHBOND  =         0.0000  RESTRAINT  =         0.0000
 Ewald error estimate:   0.6269E-04
 ------------------------------------------------------------------------------


 NSTEP =      700   TIME(PS) =    2543.725  TEMP(K) =   299.42  PRESS =     0.0
 Etot   =   -234218.1576  EKtot   =     54984.8943  EPtot      =   -289203.0519
 BOND   =      1116.2857  ANGLE   =      2998.6138  DIHED      =      2201.0104
 1-4 NB =      1300.3133  1-4 EEL =     15058.3184  VDWAALS    =     36753.8259
 EELEC  =   -348631.4193  EHBOND  =         0.0000  RESTRAINT  =         0.0000
 Ewald error estimate:   0.8589E-04
 ------------------------------------------------------------------------------

check COM velocity, temp:        0.000000     0.00(Removed)

 NSTEP =      800   TIME(PS) =    2543.875  TEMP(K) =   299.78  PRESS =     0.0
 Etot   =   -234218.5941  EKtot   =     55051.6759  EPtot      =   -289270.2700
 BOND   =      1095.7101  ANGLE   =      2914.4991  DIHED      =      2243.1028
 1-4 NB =      1316.4653  1-4 EEL =     15178.6737  VDWAALS    =     36942.2779
 EELEC  =   -348960.9989  EHBOND  =         0.0000  RESTRAINT  =         0.0000
 Ewald error estimate:   0.1752E-04
 ------------------------------------------------------------------------------


 NSTEP =      900   TIME(PS) =    2544.025  TEMP(K) =   298.57  PRESS =     0.0
 Etot   =   -234216.0636  EKtot   =     54828.5868  EPtot      =   -289044.6504
 BOND   =      1113.1202  ANGLE   =      2927.4540  DIHED      =      2273.3473
 1-4 NB =      1300.1619  1-4 EEL =     15056.2484  VDWAALS    =     36419.8967
 EELEC  =   -348134.8790  EHBOND  =         0.0000  RESTRAINT  =         0.0000
 Ewald error estimate:   0.6165E-04
 ------------------------------------------------------------------------------

check COM velocity, temp:        0.000000     0.00(Removed)

 NSTEP =     1000   TIME(PS) =    2544.175  TEMP(K) =   298.30  PRESS =     0.0
 Etot   =   -234217.6612  EKtot   =     54780.0376  EPtot      =   -288997.6988
 BOND   =      1111.5271  ANGLE   =      2924.6596  DIHED      =      2262.8063
 1-4 NB =      1330.0289  1-4 EEL =     15119.8419  VDWAALS    =     36725.9024
 EELEC  =   -348472.4650  EHBOND  =         0.0000  RESTRAINT  =         0.0000
 Ewald error estimate:   0.3578E-04
 ------------------------------------------------------------------------------


 NSTEP =     1100   TIME(PS) =    2544.325  TEMP(K) =   297.43  PRESS =     0.0
 Etot   =   -234217.7349  EKtot   =     54620.7932  EPtot      =   -288838.5281
 BOND   =      1095.2988  ANGLE   =      2955.5566  DIHED      =      2269.8168
 1-4 NB =      1326.8364  1-4 EEL =     15058.5513  VDWAALS    =     36342.5815
 EELEC  =   -347887.1696  EHBOND  =         0.0000  RESTRAINT  =         0.0000
 Ewald error estimate:   0.7052E-04
 ------------------------------------------------------------------------------


 NSTEP =     1200   TIME(PS) =    2544.475  TEMP(K) =   298.67  PRESS =     0.0
 Etot   =   -234219.5394  EKtot   =     54847.9260  EPtot      =   -289067.4654
 BOND   =      1095.5453  ANGLE   =      2880.0836  DIHED      =      2234.3013
 1-4 NB =      1337.6303  1-4 EEL =     15137.3545  VDWAALS    =     36279.5820
 EELEC  =   -348031.9624  EHBOND  =         0.0000  RESTRAINT  =         0.0000
 Ewald error estimate:   0.4098E-05
 ------------------------------------------------------------------------------

check COM velocity, temp:        0.000000     0.00(Removed)

 NSTEP =     1300   TIME(PS) =    2544.625  TEMP(K) =   298.70  PRESS =     0.0
 Etot   =   -234221.1398  EKtot   =     54852.8363  EPtot      =   -289073.9761
 BOND   =      1105.7088  ANGLE   =      2889.8729  DIHED      =      2246.7314
 1-4 NB =      1273.1507  1-4 EEL =     15074.7526  VDWAALS    =     37089.8778
 EELEC  =   -348754.0704  EHBOND  =         0.0000  RESTRAINT  =         0.0000
 Ewald error estimate:   0.3502E-04
 ------------------------------------------------------------------------------


 NSTEP =     1400   TIME(PS) =    2544.775  TEMP(K) =   297.93  PRESS =     0.0
 Etot   =   -234218.7024  EKtot   =     54711.4728  EPtot      =   -288930.1752
 BOND   =      1107.6896  ANGLE   =      2901.2129  DIHED      =      2237.6702
 1-4 NB =      1305.6401  1-4 EEL =     15086.8495  VDWAALS    =     36756.9175
 EELEC  =   -348326.1551  EHBOND  =         0.0000  RESTRAINT  =         0.0000
 Ewald error estimate:   0.2195E-04
 ------------------------------------------------------------------------------

check COM velocity, temp:        0.000000     0.00(Removed)

 NSTEP =     1500   TIME(PS) =    2544.925  TEMP(K) =   299.32  PRESS =     0.0
 Etot   =   -234219.1337  EKtot   =     54967.4371  EPtot      =   -289186.5708
 BOND   =      1131.7302  ANGLE   =      2954.4671  DIHED      =      2237.3529
 1-4 NB =      1301.7637  1-4 EEL =     15104.2335  VDWAALS    =     36712.2526
 EELEC  =   -348628.3707  EHBOND  =         0.0000  RESTRAINT  =         0.0000
 Ewald error estimate:   0.3376E-04
 ------------------------------------------------------------------------------


 NSTEP =     1600   TIME(PS) =    2545.075  TEMP(K) =   299.31  PRESS =     0.0
 Etot   =   -234217.7011  EKtot   =     54965.0312  EPtot      =   -289182.7323
 BOND   =      1080.7181  ANGLE   =      2948.0931  DIHED      =      2213.0279
 1-4 NB =      1308.0186  1-4 EEL =     15088.9182  VDWAALS    =     36770.1306
 EELEC  =   -348591.6389  EHBOND  =         0.0000  RESTRAINT  =         0.0000
 Ewald error estimate:   0.2985E-04
 ------------------------------------------------------------------------------


 NSTEP =     1700   TIME(PS) =    2545.225  TEMP(K) =   297.86  PRESS =     0.0
 Etot   =   -234221.5536  EKtot   =     54699.5806  EPtot      =   -288921.1342
 BOND   =      1031.8302  ANGLE   =      2919.4833  DIHED      =      2224.7050
 1-4 NB =      1296.6672  1-4 EEL =     15101.5794  VDWAALS    =     36941.7595
 EELEC  =   -348437.1587  EHBOND  =         0.0000  RESTRAINT  =         0.0000
 Ewald error estimate:   0.8561E-05
 ------------------------------------------------------------------------------

check COM velocity, temp:        0.000000     0.00(Removed)

 NSTEP =     1800   TIME(PS) =    2545.375  TEMP(K) =   299.67  PRESS =     0.0
 Etot   =   -234222.0142  EKtot   =     55031.4885  EPtot      =   -289253.5027
 BOND   =      1098.5719  ANGLE   =      2905.5012  DIHED      =      2240.9295
 1-4 NB =      1329.1046  1-4 EEL =     15152.7787  VDWAALS    =     36535.1128
 EELEC  =   -348515.5013  EHBOND  =         0.0000  RESTRAINT  =         0.0000
 Ewald error estimate:   0.1195E-04
 ------------------------------------------------------------------------------


 NSTEP =     1900   TIME(PS) =    2545.525  TEMP(K) =   299.01  PRESS =     0.0
 Etot   =   -234218.9324  EKtot   =     54909.8670  EPtot      =   -289128.7994
 BOND   =      1115.1127  ANGLE   =      2946.6552  DIHED      =      2257.2265
 1-4 NB =      1315.8760  1-4 EEL =     15061.1140  VDWAALS    =     36944.8117
 EELEC  =   -348769.5955  EHBOND  =         0.0000  RESTRAINT  =         0.0000
 Ewald error estimate:   0.4491E-04
 ------------------------------------------------------------------------------

check COM velocity, temp:        0.000000     0.00(Removed)

 NSTEP =     2000   TIME(PS) =    2545.675  TEMP(K) =   298.44  PRESS =     0.0
 Etot   =   -234218.3305  EKtot   =     54805.5659  EPtot      =   -289023.8963
 BOND   =      1112.3834  ANGLE   =      2906.6553  DIHED      =      2237.2448
 1-4 NB =      1317.0222  1-4 EEL =     15113.9673  VDWAALS    =     36477.5042
 EELEC  =   -348188.6736  EHBOND  =         0.0000  RESTRAINT  =         0.0000
 Ewald error estimate:   0.8021E-06
 ------------------------------------------------------------------------------


 NSTEP =     2100   TIME(PS) =    2545.825  TEMP(K) =   298.32  PRESS =     0.0
 Etot   =   -234218.2340  EKtot   =     54783.6555  EPtot      =   -289001.8895
 BOND   =      1090.6553  ANGLE   =      2943.6652  DIHED      =      2212.8649
 1-4 NB =      1318.5861  1-4 EEL =     15087.5501  VDWAALS    =     36815.6773
 EELEC  =   -348470.8883  EHBOND  =         0.0000  RESTRAINT  =         0.0000
 Ewald error estimate:   0.2592E-04
 ------------------------------------------------------------------------------


 NSTEP =     2200   TIME(PS) =    2545.975  TEMP(K) =   298.63  PRESS =     0.0
 Etot   =   -234218.6096  EKtot   =     54841.0626  EPtot      =   -289059.6722
 BOND   =      1054.2010  ANGLE   =      2973.7985  DIHED      =      2207.1468
 1-4 NB =      1313.2538  1-4 EEL =     15094.6440  VDWAALS    =     36864.3295
 EELEC  =   -348567.0458  EHBOND  =         0.0000  RESTRAINT  =         0.0000
 Ewald error estimate:   0.1016E-03
 ------------------------------------------------------------------------------

check COM velocity, temp:        0.000000     0.00(Removed)

 NSTEP =     2300   TIME(PS) =    2546.125  TEMP(K) =   299.51  PRESS =     0.0
 Etot   =   -234217.3769  EKtot   =     55001.9799  EPtot      =   -289219.3568
 BOND   =      1092.8691  ANGLE   =      2928.6563  DIHED      =      2237.5303
 1-4 NB =      1332.3118  1-4 EEL =     15085.4661  VDWAALS    =     36570.7226
 EELEC  =   -348466.9130  EHBOND  =         0.0000  RESTRAINT  =         0.0000
 Ewald error estimate:   0.1025E-03
 ------------------------------------------------------------------------------


 NSTEP =     2400   TIME(PS) =    2546.275  TEMP(K) =   297.72  PRESS =     0.0
 Etot   =   -234217.8755  EKtot   =     54672.8031  EPtot      =   -288890.6786
 BOND   =      1106.4244  ANGLE   =      2886.7797  DIHED      =      2266.4745
 1-4 NB =      1325.3887  1-4 EEL =     15095.6463  VDWAALS    =     36219.5615
 EELEC  =   -347790.9536  EHBOND  =         0.0000  RESTRAINT  =         0.0000
 Ewald error estimate:   0.7337E-04
 ------------------------------------------------------------------------------

check COM velocity, temp:        0.000000     0.00(Removed)

 NSTEP =     2500   TIME(PS) =    2546.425  TEMP(K) =   297.95  PRESS =     0.0
 Etot   =   -234217.0442  EKtot   =     54714.9346  EPtot      =   -288931.9788
 BOND   =      1111.2455  ANGLE   =      2943.2608  DIHED      =      2244.9772
 1-4 NB =      1307.5612  1-4 EEL =     15126.2260  VDWAALS    =     36938.0117
 EELEC  =   -348603.2612  EHBOND  =         0.0000  RESTRAINT  =         0.0000
 Ewald error estimate:   0.2292E-04
 ------------------------------------------------------------------------------


 NSTEP =     2600   TIME(PS) =    2546.575  TEMP(K) =   297.86  PRESS =     0.0
 Etot   =   -234222.5813  EKtot   =     54699.4510  EPtot      =   -288922.0323
 BOND   =      1077.8682  ANGLE   =      2899.3356  DIHED      =      2272.2534
 1-4 NB =      1305.9234  1-4 EEL =     15002.7981  VDWAALS    =     36450.6535
 EELEC  =   -347930.8646  EHBOND  =         0.0000  RESTRAINT  =         0.0000
 Ewald error estimate:   0.1693E-04
 ------------------------------------------------------------------------------


 NSTEP =     2700   TIME(PS) =    2546.725  TEMP(K) =   298.42  PRESS =     0.0
 Etot   =   -234218.7744  EKtot   =     54801.5660  EPtot      =   -289020.3403
 BOND   =      1111.8553  ANGLE   =      2949.2414  DIHED      =      2213.2853
 1-4 NB =      1312.1489  1-4 EEL =     15054.0246  VDWAALS    =     36650.7282
 EELEC  =   -348311.6240  EHBOND  =         0.0000  RESTRAINT  =         0.0000
 Ewald error estimate:   0.4600E-04
 ------------------------------------------------------------------------------

check COM velocity, temp:        0.000000     0.00(Removed)

 NSTEP =     2800   TIME(PS) =    2546.875  TEMP(K) =   299.70  PRESS =     0.0
 Etot   =   -234220.8926  EKtot   =     55036.2105  EPtot      =   -289257.1032
 BOND   =      1116.2633  ANGLE   =      2931.5132  DIHED      =      2237.3263
 1-4 NB =      1307.8291  1-4 EEL =     15166.6669  VDWAALS    =     36273.9921
 EELEC  =   -348290.6940  EHBOND  =         0.0000  RESTRAINT  =         0.0000
 Ewald error estimate:   0.1328E-04
 ------------------------------------------------------------------------------


 NSTEP =     2900   TIME(PS) =    2547.025  TEMP(K) =   297.37  PRESS =     0.0
 Etot   =   -234219.4396  EKtot   =     54608.4752  EPtot      =   -288827.9148
 BOND   =      1158.1032  ANGLE   =      2889.4763  DIHED      =      2296.7066
 1-4 NB =      1297.6944  1-4 EEL =     15060.6737  VDWAALS    =     36688.6565
 EELEC  =   -348219.2255  EHBOND  =         0.0000  RESTRAINT  =         0.0000
 Ewald error estimate:   0.1061E-03
 ------------------------------------------------------------------------------

check COM velocity, temp:        0.000000     0.00(Removed)

 NSTEP =     3000   TIME(PS) =    2547.175  TEMP(K) =   298.40  PRESS =     0.0
 Etot   =   -234220.9074  EKtot   =     54797.5389  EPtot      =   -289018.4463
 BOND   =      1111.9849  ANGLE   =      2884.9522  DIHED      =      2267.0605
 1-4 NB =      1287.5246  1-4 EEL =     15062.9340  VDWAALS    =     36871.2127
 EELEC  =   -348504.1153  EHBOND  =         0.0000  RESTRAINT  =         0.0000
 Ewald error estimate:   0.2777E-04
 ------------------------------------------------------------------------------


 NSTEP =     3100   TIME(PS) =    2547.325  TEMP(K) =   298.24  PRESS =     0.0
 Etot   =   -234219.7140  EKtot   =     54769.6205  EPtot      =   -288989.3345
 BOND   =      1108.2276  ANGLE   =      2918.7944  DIHED      =      2243.8434
 1-4 NB =      1334.0672  1-4 EEL =     15105.4473  VDWAALS    =     36987.4302
 EELEC  =   -348687.1446  EHBOND  =         0.0000  RESTRAINT  =         0.0000
 Ewald error estimate:   0.1454E-04
 ------------------------------------------------------------------------------


 NSTEP =     3200   TIME(PS) =    2547.475  TEMP(K) =   298.19  PRESS =     0.0
 Etot   =   -234220.0458  EKtot   =     54759.7029  EPtot      =   -288979.7486
 BOND   =      1111.3062  ANGLE   =      2954.6341  DIHED      =      2241.4090
 1-4 NB =      1313.2783  1-4 EEL =     15035.5716  VDWAALS    =     36499.3168
 EELEC  =   -348135.2647  EHBOND  =         0.0000  RESTRAINT  =         0.0000
 Ewald error estimate:   0.2018E-04
 ------------------------------------------------------------------------------

check COM velocity, temp:        0.000000     0.00(Removed)

 NSTEP =     3300   TIME(PS) =    2547.625  TEMP(K) =   300.25  PRESS =     0.0
 Etot   =   -234218.6513  EKtot   =     55138.6633  EPtot      =   -289357.3147
 BOND   =      1152.3512  ANGLE   =      2953.0949  DIHED      =      2250.3696
 1-4 NB =      1318.3218  1-4 EEL =     15083.0323  VDWAALS    =     36803.0779
 EELEC  =   -348917.5623  EHBOND  =         0.0000  RESTRAINT  =         0.0000
 Ewald error estimate:   0.1929E-04
 ------------------------------------------------------------------------------


 NSTEP =     3400   TIME(PS) =    2547.775  TEMP(K) =   297.01  PRESS =     0.0
 Etot   =   -234221.4575  EKtot   =     54542.9179  EPtot      =   -288764.3754
 BOND   =      1097.8629  ANGLE   =      2895.0065  DIHED      =      2281.2929
 1-4 NB =      1295.0785  1-4 EEL =     15066.5075  VDWAALS    =     37004.5288
 EELEC  =   -348404.6526  EHBOND  =         0.0000  RESTRAINT  =         0.0000
 Ewald error estimate:   0.4175E-05
 ------------------------------------------------------------------------------

check COM velocity, temp:        0.000000     0.00(Removed)

 NSTEP =     3500   TIME(PS) =    2547.925  TEMP(K) =   298.98  PRESS =     0.0
 Etot   =   -234219.0095  EKtot   =     54904.2788  EPtot      =   -289123.2883
 BOND   =      1135.1585  ANGLE   =      2945.5440  DIHED      =      2245.6238
 1-4 NB =      1327.5243  1-4 EEL =     15032.9995  VDWAALS    =     36912.7638
 EELEC  =   -348722.9023  EHBOND  =         0.0000  RESTRAINT  =         0.0000
 Ewald error estimate:   0.1305E-03
 ------------------------------------------------------------------------------


 NSTEP =     3600   TIME(PS) =    2548.075  TEMP(K) =   299.04  PRESS =     0.0
 Etot   =   -234218.1421  EKtot   =     54916.3874  EPtot      =   -289134.5296
 BOND   =      1112.8646  ANGLE   =      2941.0466  DIHED      =      2252.4467
 1-4 NB =      1327.8718  1-4 EEL =     15181.2688  VDWAALS    =     36802.4673
 EELEC  =   -348752.4955  EHBOND  =         0.0000  RESTRAINT  =         0.0000
 Ewald error estimate:   0.5895E-04
 ------------------------------------------------------------------------------


 NSTEP =     3700   TIME(PS) =    2548.225  TEMP(K) =   297.68  PRESS =     0.0
 Etot   =   -234221.7921  EKtot   =     54665.6726  EPtot      =   -288887.4647
 BOND   =      1092.7234  ANGLE   =      2951.7186  DIHED      =      2272.9561
 1-4 NB =      1289.2521  1-4 EEL =     15029.5400  VDWAALS    =     36898.5648
 EELEC  =   -348422.2197  EHBOND  =         0.0000  RESTRAINT  =         0.0000
 Ewald error estimate:   0.4924E-04
 ------------------------------------------------------------------------------

check COM velocity, temp:        0.000000     0.00(Removed)

 NSTEP =     3800   TIME(PS) =    2548.375  TEMP(K) =   298.80  PRESS =     0.0
 Etot   =   -234218.3884  EKtot   =     54871.8393  EPtot      =   -289090.2278
 BOND   =      1084.2466  ANGLE   =      2974.7444  DIHED      =      2251.6922
 1-4 NB =      1303.3032  1-4 EEL =     15112.7514  VDWAALS    =     36643.6972
 EELEC  =   -348460.6628  EHBOND  =         0.0000  RESTRAINT  =         0.0000
 Ewald error estimate:   0.6041E-04
 ------------------------------------------------------------------------------


 NSTEP =     3900   TIME(PS) =    2548.525  TEMP(K) =   299.97  PRESS =     0.0
 Etot   =   -234221.4421  EKtot   =     55087.1975  EPtot      =   -289308.6395
 BOND   =      1089.6098  ANGLE   =      2953.2682  DIHED      =      2243.3672
 1-4 NB =      1304.1029  1-4 EEL =     15065.7677  VDWAALS    =     36655.8131
 EELEC  =   -348620.5685  EHBOND  =         0.0000  RESTRAINT  =         0.0000
 Ewald error estimate:   0.7328E-04
 ------------------------------------------------------------------------------

check COM velocity, temp:        0.000000     0.00(Removed)

 NSTEP =     4000   TIME(PS) =    2548.675  TEMP(K) =   297.49  PRESS =     0.0
 Etot   =   -234219.9459  EKtot   =     54631.8117  EPtot      =   -288851.7576
 BOND   =      1105.4127  ANGLE   =      3015.2810  DIHED      =      2223.8491
 1-4 NB =      1293.2418  1-4 EEL =     15071.7603  VDWAALS    =     36772.4610
 EELEC  =   -348333.7634  EHBOND  =         0.0000  RESTRAINT  =         0.0000
 Ewald error estimate:   0.6589E-04
 ------------------------------------------------------------------------------


 NSTEP =     4100   TIME(PS) =    2548.825  TEMP(K) =   300.13  PRESS =     0.0
 Etot   =   -234222.3357  EKtot   =     55115.6046  EPtot      =   -289337.9403
 BOND   =      1095.8251  ANGLE   =      3014.1456  DIHED      =      2254.2464
 1-4 NB =      1302.0256  1-4 EEL =     15115.8198  VDWAALS    =     36813.5832
 EELEC  =   -348933.5859  EHBOND  =         0.0000  RESTRAINT  =         0.0000
 Ewald error estimate:   0.6696E-04
 ------------------------------------------------------------------------------


 NSTEP =     4200   TIME(PS) =    2548.975  TEMP(K) =   299.79  PRESS =     0.0
 Etot   =   -234218.4079  EKtot   =     55052.9930  EPtot      =   -289271.4009
 BOND   =      1097.3048  ANGLE   =      3012.5429  DIHED      =      2244.9521
 1-4 NB =      1308.1389  1-4 EEL =     15120.2285  VDWAALS    =     36896.0938
 EELEC  =   -348950.6619  EHBOND  =         0.0000  RESTRAINT  =         0.0000
 Ewald error estimate:   0.6551E-04
 ------------------------------------------------------------------------------

check COM velocity, temp:        0.000000     0.00(Removed)

 NSTEP =     4300   TIME(PS) =    2549.125  TEMP(K) =   297.85  PRESS =     0.0
 Etot   =   -234220.8147  EKtot   =     54698.0295  EPtot      =   -288918.8443
 BOND   =      1136.8008  ANGLE   =      3027.1226  DIHED      =      2242.8870
 1-4 NB =      1316.5969  1-4 EEL =     15051.5100  VDWAALS    =     37022.1802
 EELEC  =   -348715.9418  EHBOND  =         0.0000  RESTRAINT  =         0.0000
 Ewald error estimate:   0.4573E-04
 ------------------------------------------------------------------------------


 NSTEP =     4400   TIME(PS) =    2549.275  TEMP(K) =   298.67  PRESS =     0.0
 Etot   =   -234222.5197  EKtot   =     54848.0276  EPtot      =   -289070.5472
 BOND   =      1112.0223  ANGLE   =      2953.3948  DIHED      =      2283.0946
 1-4 NB =      1325.2757  1-4 EEL =     15050.1305  VDWAALS    =     36801.4232
 EELEC  =   -348595.8883  EHBOND  =         0.0000  RESTRAINT  =         0.0000
 Ewald error estimate:   0.6937E-04
 ------------------------------------------------------------------------------

check COM velocity, temp:        0.000000     0.00(Removed)

 NSTEP =     4500   TIME(PS) =    2549.425  TEMP(K) =   297.61  PRESS =     0.0
 Etot   =   -234220.6969  EKtot   =     54652.4990  EPtot      =   -288873.1958
 BOND   =      1123.8600  ANGLE   =      3012.9511  DIHED      =      2260.4069
 1-4 NB =      1308.7713  1-4 EEL =     15097.5404  VDWAALS    =     36589.0113
 EELEC  =   -348265.7368  EHBOND  =         0.0000  RESTRAINT  =         0.0000
 Ewald error estimate:   0.3149E-04
 ------------------------------------------------------------------------------


 NSTEP =     4600   TIME(PS) =    2549.575  TEMP(K) =   298.62  PRESS =     0.0
 Etot   =   -234220.1976  EKtot   =     54839.5513  EPtot      =   -289059.7489
 BOND   =      1150.3605  ANGLE   =      2951.6353  DIHED      =      2264.2711
 1-4 NB =      1298.9151  1-4 EEL =     15092.7439  VDWAALS    =     36946.4564
 EELEC  =   -348764.1313  EHBOND  =         0.0000  RESTRAINT  =         0.0000
 Ewald error estimate:   0.6537E-05
 ------------------------------------------------------------------------------


 NSTEP =     4700   TIME(PS) =    2549.725  TEMP(K) =   298.93  PRESS =     0.0
 Etot   =   -234220.5335  EKtot   =     54896.4207  EPtot      =   -289116.9542
 BOND   =      1132.4729  ANGLE   =      2938.7799  DIHED      =      2269.2076
 1-4 NB =      1291.8715  1-4 EEL =     15001.8493  VDWAALS    =     36652.9375
 EELEC  =   -348404.0729  EHBOND  =         0.0000  RESTRAINT  =         0.0000
 Ewald error estimate:   0.5972E-04
 ------------------------------------------------------------------------------

check COM velocity, temp:        0.000000     0.00(Removed)

 NSTEP =     4800   TIME(PS) =    2549.875  TEMP(K) =   298.27  PRESS =     0.0
 Etot   =   -234218.4331  EKtot   =     54773.8300  EPtot      =   -288992.2630
 BOND   =      1087.0794  ANGLE   =      2975.7396  DIHED      =      2260.7623
 1-4 NB =      1319.1581  1-4 EEL =     15064.7337  VDWAALS    =     36731.9839
 EELEC  =   -348431.7199  EHBOND  =         0.0000  RESTRAINT  =         0.0000
 Ewald error estimate:   0.1370E-03
 ------------------------------------------------------------------------------


 NSTEP =     4900   TIME(PS) =    2550.025  TEMP(K) =   298.85  PRESS =     0.0
 Etot   =   -234221.4713  EKtot   =     54881.0605  EPtot      =   -289102.5318
 BOND   =      1103.6632  ANGLE   =      2862.4853  DIHED      =      2246.7092
 1-4 NB =      1308.1889  1-4 EEL =     15053.0561  VDWAALS    =     36715.8334
 EELEC  =   -348392.4680  EHBOND  =         0.0000  RESTRAINT  =         0.0000
 Ewald error estimate:   0.5118E-04
 ------------------------------------------------------------------------------

