Group: 1
+-----------------------+---------+----------------+----------------+----------------+----------------+----------------+----------------+----------------+----------------+----------------+----------------+----------------+----------------+----------------+----------------+----------------+----------------+----------------+----------------+
|         Event         | Counter |    f0880:0:0   |    f0880:1:1   |    f0880:2:2   |    f0880:3:3   |    f0880:4:4   |    f0880:5:5   |    f0880:6:6   |    f0880:7:7   |    f0880:8:8   |    f0880:9:9   |   f0880:10:10  |   f0880:11:11  |   f0880:12:12  |   f0880:13:13  |   f0880:14:14  |   f0880:15:15  |   f0880:16:16  |   f0880:17:17  |
+-----------------------+---------+----------------+----------------+----------------+----------------+----------------+----------------+----------------+----------------+----------------+----------------+----------------+----------------+----------------+----------------+----------------+----------------+----------------+----------------+
|   INSTR_RETIRED_ANY   |  FIXC0  |  3686919675256 |  3739887747939 |  3731549378700 |  3710963066743 |  3659385732202 |  3695186818594 |  3665043091535 |  3665055450315 |  3751494809085 |  3740689771667 |  3784629532620 |  3800102784963 |  3872391244048 |  3934500663909 |  3925716092995 |  3872868721900 |  3813966896046 |  3785865682404 |
| CPU_CLK_UNHALTED_CORE |  FIXC1  |  2416750209172 |  2427452036729 |  2432001765442 |  2431261442915 |  2431073189998 |  2431001900928 |  2431100080473 |  2431087544363 |  2431638897949 |  2431099200033 |  2431615654646 |  2430544172214 |  2430730967950 |  2431121533555 |  2431456966953 |  2432425320423 |  2431718481669 |  2431311055156 |
|  CPU_CLK_UNHALTED_REF |  FIXC2  |  2230847770176 |  2240728467072 |  2244928552128 |  2244244173984 |  2244067681344 |  2244004615200 |  2244095005248 |  2244084022944 |  2244591319200 |  2244093624672 |  2244572088192 |  2243581445184 |  2243754974400 |  2244115231008 |  2244426415872 |  2245320325824 |  2244667599936 |  2244291042048 |
|     TOPDOWN_SLOTS     |  FIXC3  | 12083751045860 | 12137260183645 | 12160008827210 | 12156307214575 | 12155365949990 | 12155009504640 | 12155500402365 | 12155437721815 | 12158194489745 | 12155496000165 | 12158078273230 | 12152720861070 | 12153654839750 | 12155607667775 | 12157284834765 | 12162126602115 | 12158592408345 | 12156555275780 |
|       TEMP_CORE       |   TMP0  |             47 |             51 |             50 |             47 |             46 |             48 |             48 |             52 |             50 |             48 |             47 |             49 |             50 |             50 |             48 |             46 |             49 |             47 |
|     PWR_PKG_ENERGY    |   PWR0  |    163817.1932 |              0 |              0 |              0 |              0 |              0 |              0 |              0 |              0 |              0 |              0 |              0 |              0 |              0 |              0 |              0 |              0 |              0 |
|     PWR_PP0_ENERGY    |   PWR1  |              0 |              0 |              0 |              0 |              0 |              0 |              0 |              0 |              0 |              0 |              0 |              0 |              0 |              0 |              0 |              0 |              0 |              0 |
|    PWR_DRAM_ENERGY    |   PWR3  |     10734.1969 |              0 |              0 |              0 |              0 |              0 |              0 |              0 |              0 |              0 |              0 |              0 |              0 |              0 |              0 |              0 |              0 |              0 |
|  PWR_PLATFORM_ENERGY  |   PWR4  |              0 |              0 |              0 |              0 |              0 |              0 |              0 |              0 |              0 |              0 |              0 |              0 |              0 |              0 |              0 |              0 |              0 |              0 |
|   UNCORE_CLOCKTICKS   | UBOXFIX |  2071375665285 |              0 |              0 |              0 |              0 |              0 |              0 |              0 |              0 |              0 |              0 |              0 |              0 |              0 |              0 |              0 |              0 |              0 |
+-----------------------+---------+----------------+----------------+----------------+----------------+----------------+----------------+----------------+----------------+----------------+----------------+----------------+----------------+----------------+----------------+----------------+----------------+----------------+----------------+

+----------------------------+---------+-----------------+----------------+----------------+---------------+
|            Event           | Counter |       Sum       |       Min      |       Max      |      Avg      |
+----------------------------+---------+-----------------+----------------+----------------+---------------+
|   INSTR_RETIRED_ANY STAT   |  FIXC0  |  67836217160921 |  3659385732202 |  3934500663909 |  3.768679e+12 |
| CPU_CLK_UNHALTED_CORE STAT |  FIXC1  |  43745390420568 |  2416750209172 |  2432425320423 |  2.430299e+12 |
|  CPU_CLK_UNHALTED_REF STAT |  FIXC2  |  40380414354432 |  2230847770176 |  2245320325824 | 2243356353024 |
|     TOPDOWN_SLOTS STAT     |  FIXC3  | 218726952102840 | 12083751045860 | 12162126602115 |      nil      |
|       TEMP_CORE STAT       |   TMP0  |             873 |             46 |             52 |       48.5000 |
|     PWR_PKG_ENERGY STAT    |   PWR0  |     163817.1932 |              0 |    163817.1932 |     9100.9552 |
|     PWR_PP0_ENERGY STAT    |   PWR1  |               0 |              0 |              0 |             0 |
|    PWR_DRAM_ENERGY STAT    |   PWR3  |      10734.1969 |              0 |     10734.1969 |      596.3443 |
|  PWR_PLATFORM_ENERGY STAT  |   PWR4  |               0 |              0 |              0 |             0 |
|   UNCORE_CLOCKTICKS STAT   | UBOXFIX |   2071375665285 |              0 |  2071375665285 |  1.150764e+11 |
+----------------------------+---------+-----------------+----------------+----------------+---------------+

+----------------------+-------------+-----------+-----------+-----------+-----------+-----------+-----------+-----------+-----------+-----------+-------------+-------------+-------------+-------------+-------------+-------------+-------------+-------------+
|        Metric        |  f0880:0:0  | f0880:1:1 | f0880:2:2 | f0880:3:3 | f0880:4:4 | f0880:5:5 | f0880:6:6 | f0880:7:7 | f0880:8:8 | f0880:9:9 | f0880:10:10 | f0880:11:11 | f0880:12:12 | f0880:13:13 | f0880:14:14 | f0880:15:15 | f0880:16:16 | f0880:17:17 |
+----------------------+-------------+-----------+-----------+-----------+-----------+-----------+-----------+-----------+-----------+-----------+-------------+-------------+-------------+-------------+-------------+-------------+-------------+-------------+
|  Runtime (RDTSC) [s] |    943.9282 |  943.8946 |  944.0097 |  943.8661 |  943.8677 |  943.8800 |  943.8771 |  943.8789 |  943.8807 |  943.8811 |    943.9378 |    943.8675 |    943.9373 |    943.8605 |    944.0403 |    944.0420 |    944.0300 |    943.8732 |
| Runtime unhalted [s] |   1009.3618 | 1013.8291 | 1015.7293 | 1015.4225 | 1015.3433 | 1015.3141 | 1015.3561 | 1015.3502 | 1015.5807 | 1015.3530 |   1015.5696 |   1015.1220 |   1015.2760 |   1015.3623 |   1015.5083 |   1015.9095 |   1015.7935 |   1015.4428 |
|      Clock [MHz]     |   2593.8612 | 2593.8648 | 2593.8643 | 2593.8595 | 2593.8641 | 2593.8595 | 2593.8571 | 2593.8582 | 2593.8595 | 2593.8647 |   2593.8605 |   2593.8625 |   2593.6671 |   2593.8637 |   2593.8468 |   2593.8551 |   2593.3977 |   2593.8592 |
|  Uncore Clock [MHz]  |   2194.4208 |         0 |         0 |         0 |         0 |         0 |         0 |         0 |         0 |         0 |           0 |           0 |           0 |           0 |           0 |           0 |           0 |           0 |
|          CPI         |      0.6555 |    0.6491 |    0.6517 |    0.6552 |    0.6643 |    0.6579 |    0.6633 |    0.6633 |    0.6482 |    0.6499 |      0.6425 |      0.6396 |      0.6277 |      0.6179 |      0.6194 |      0.6281 |      0.6376 |      0.6422 |
|    Temperature [C]   |          47 |        51 |        50 |        47 |        46 |        48 |        48 |        52 |        50 |        48 |          47 |          49 |          50 |          50 |          48 |          46 |          49 |          47 |
|      Energy [J]      | 163817.1932 |         0 |         0 |         0 |         0 |         0 |         0 |         0 |         0 |         0 |           0 |           0 |           0 |           0 |           0 |           0 |           0 |           0 |
|       Power [W]      |    173.5484 |         0 |         0 |         0 |         0 |         0 |         0 |         0 |         0 |         0 |           0 |           0 |           0 |           0 |           0 |           0 |           0 |           0 |
|    Energy PP0 [J]    |           0 |         0 |         0 |         0 |         0 |         0 |         0 |         0 |         0 |         0 |           0 |           0 |           0 |           0 |           0 |           0 |           0 |           0 |
|     Power PP0 [W]    |           0 |         0 |         0 |         0 |         0 |         0 |         0 |         0 |         0 |         0 |           0 |           0 |           0 |           0 |           0 |           0 |           0 |           0 |
|    Energy DRAM [J]   |  10734.1969 |         0 |         0 |         0 |         0 |         0 |         0 |         0 |         0 |         0 |           0 |           0 |           0 |           0 |           0 |           0 |           0 |           0 |
|    Power DRAM [W]    |     11.3718 |         0 |         0 |         0 |         0 |         0 |         0 |         0 |         0 |         0 |           0 |           0 |           0 |           0 |           0 |           0 |           0 |           0 |
|  Energy PLATFORM [J] |           0 |         0 |         0 |         0 |         0 |         0 |         0 |         0 |         0 |         0 |           0 |           0 |           0 |           0 |           0 |           0 |           0 |           0 |
|  Power PLATFORM [W]  |           0 |         0 |         0 |         0 |         0 |         0 |         0 |         0 |         0 |         0 |           0 |           0 |           0 |           0 |           0 |           0 |           0 |           0 |
+----------------------+-------------+-----------+-----------+-----------+-----------+-----------+-----------+-----------+-----------+-----------+-------------+-------------+-------------+-------------+-------------+-------------+-------------+-------------+

+---------------------------+-------------+-----------+-------------+-----------+-----------+-----------+-----------+
|           Metric          |     Sum     |    Min    |     Max     |    Avg    |  %ile 25  |  %ile 50  |  %ile 75  |
+---------------------------+-------------+-----------+-------------+-----------+-----------+-----------+-----------+
|  Runtime (RDTSC) [s] STAT |  16990.5527 |  943.8605 |    944.0420 |  943.9196 |  943.8732 |  943.8807 |  943.9378 |
| Runtime unhalted [s] STAT |  18270.6241 | 1009.3618 |   1015.9095 | 1015.0347 | 1015.3141 | 1015.3561 | 1015.5696 |
|      Clock [MHz] STAT     |  46688.8255 | 2593.3977 |   2593.8648 | 2593.8236 | 2593.8571 | 2593.8595 | 2593.8637 |
|  Uncore Clock [MHz] STAT  |   2194.4208 |         0 |   2194.4208 |  121.9123 |         0 |         0 |         0 |
|          CPI STAT         |     11.6134 |    0.6179 |      0.6643 |    0.6452 |    0.6376 |    0.6482 |    0.6555 |
|    Temperature [C] STAT   |         873 |        46 |          52 |   48.5000 |        47 |        48 |        50 |
|      Energy [J] STAT      | 163817.1932 |         0 | 163817.1932 | 9100.9552 |         0 |         0 |         0 |
|       Power [W] STAT      |    173.5484 |         0 |    173.5484 |    9.6416 |         0 |         0 |         0 |
|    Energy PP0 [J] STAT    |           0 |         0 |           0 |         0 |         0 |         0 |         0 |
|     Power PP0 [W] STAT    |           0 |         0 |           0 |         0 |         0 |         0 |         0 |
|    Energy DRAM [J] STAT   |  10734.1969 |         0 |  10734.1969 |  596.3443 |         0 |         0 |         0 |
|    Power DRAM [W] STAT    |     11.3718 |         0 |     11.3718 |    0.6318 |         0 |         0 |         0 |
|  Energy PLATFORM [J] STAT |           0 |         0 |           0 |         0 |         0 |         0 |         0 |
|  Power PLATFORM [W] STAT  |           0 |         0 |           0 |         0 |         0 |         0 |         0 |
+---------------------------+-------------+-----------+-------------+-----------+-----------+-----------+-----------+

