Group: 1
+-----------------------+---------+---------------+---------------+---------------+---------------+---------------+---------------+---------------+---------------+---------------+---------------+---------------+---------------+---------------+---------------+---------------+---------------+---------------+---------------+
|         Event         | Counter |   f0404:0:0   |   f0404:1:1   |   f0404:2:2   |   f0404:3:3   |   f0404:4:4   |   f0404:5:5   |   f0404:6:6   |   f0404:7:7   |   f0404:8:8   |   f0404:9:9   |  f0404:10:10  |  f0404:11:11  |  f0404:12:12  |  f0404:13:13  |  f0404:14:14  |  f0404:15:15  |  f0404:16:16  |  f0404:17:17  |
+-----------------------+---------+---------------+---------------+---------------+---------------+---------------+---------------+---------------+---------------+---------------+---------------+---------------+---------------+---------------+---------------+---------------+---------------+---------------+---------------+
|   INSTR_RETIRED_ANY   |  FIXC0  | 2212314899101 | 2205253093241 | 2196468662086 | 2165878964807 | 2114266154777 | 2100816698887 | 2068856526607 | 2075357689994 | 2071786996550 | 2072529245787 | 2069392425145 | 2092590163986 | 2122183851309 | 2182340360815 | 2190542799848 | 2192201316411 | 2155980857546 | 2154942386681 |
| CPU_CLK_UNHALTED_CORE |  FIXC1  | 1151992636258 | 1153472164063 | 1154024221725 | 1153988268168 | 1153892633933 | 1153909032668 | 1153899894730 | 1153819376309 | 1153952474534 | 1154053766887 | 1153980637902 | 1153975360395 | 1151976725415 | 1154032664743 | 1153991651852 | 1154051106597 | 1154079022825 | 1154102549471 |
|  CPU_CLK_UNHALTED_REF |  FIXC2  | 1626338832384 | 1628423322912 | 1629203139072 | 1629153290016 | 1629019982976 | 1629045972480 | 1629032317536 | 1628915526912 | 1629102564384 | 1629245153184 | 1629143991072 | 1629137982624 | 1626311960928 | 1629217682496 | 1629159550848 | 1629241123008 | 1629279751392 | 1629314359776 |
|     TOPDOWN_SLOTS     |  FIXC3  | 5759963181290 | 5767360820315 | 5770121108625 | 5769941340840 | 5769463169665 | 5769545163340 | 5769499473650 | 5769096881545 | 5769762372670 | 5770268834435 | 5769903189510 | 5769876801975 | 5759883627075 | 5770163323715 | 5769958259260 | 5770255532985 | 5770395114125 | 5770512747355 |
|       TEMP_CORE       |   TMP0  |            35 |            36 |            37 |            37 |            36 |            37 |            37 |            37 |            37 |            33 |            34 |            34 |            36 |            33 |            36 |            35 |            35 |            35 |
|     PWR_PKG_ENERGY    |   PWR0  |    76307.6639 |             0 |             0 |             0 |             0 |             0 |             0 |             0 |             0 |             0 |             0 |             0 |             0 |             0 |             0 |             0 |             0 |             0 |
|     PWR_PP0_ENERGY    |   PWR1  |             0 |             0 |             0 |             0 |             0 |             0 |             0 |             0 |             0 |             0 |             0 |             0 |             0 |             0 |             0 |             0 |             0 |             0 |
|    PWR_DRAM_ENERGY    |   PWR3  |     5426.1881 |             0 |             0 |             0 |             0 |             0 |             0 |             0 |             0 |             0 |             0 |             0 |             0 |             0 |             0 |             0 |             0 |             0 |
|  PWR_PLATFORM_ENERGY  |   PWR4  |             0 |             0 |             0 |             0 |             0 |             0 |             0 |             0 |             0 |             0 |             0 |             0 |             0 |             0 |             0 |             0 |             0 |             0 |
|   UNCORE_CLOCKTICKS   | UBOXFIX | 1089350372269 |             0 |             0 |             0 |             0 |             0 |             0 |             0 |             0 |             0 |             0 |             0 |             0 |             0 |             0 |             0 |             0 |             0 |
+-----------------------+---------+---------------+---------------+---------------+---------------+---------------+---------------+---------------+---------------+---------------+---------------+---------------+---------------+---------------+---------------+---------------+---------------+---------------+---------------+

+----------------------------+---------+-----------------+---------------+---------------+--------------+
|            Event           | Counter |       Sum       |      Min      |      Max      |      Avg     |
+----------------------------+---------+-----------------+---------------+---------------+--------------+
|   INSTR_RETIRED_ANY STAT   |  FIXC0  |  38443703093578 | 2068856526607 | 2212314899101 | 2.135761e+12 |
| CPU_CLK_UNHALTED_CORE STAT |  FIXC1  |  20767194188475 | 1151976725415 | 1154102549471 | 1.153733e+12 |
|  CPU_CLK_UNHALTED_REF STAT |  FIXC2  |  29318286504000 | 1626311960928 | 1629314359776 | 1.628794e+12 |
|     TOPDOWN_SLOTS STAT     |  FIXC3  | 103835970942375 | 5759883627075 | 5770512747355 | 5.768665e+12 |
|       TEMP_CORE STAT       |   TMP0  |             640 |            33 |            37 |      35.5556 |
|     PWR_PKG_ENERGY STAT    |   PWR0  |      76307.6639 |             0 |    76307.6639 |    4239.3147 |
|     PWR_PP0_ENERGY STAT    |   PWR1  |               0 |             0 |             0 |            0 |
|    PWR_DRAM_ENERGY STAT    |   PWR3  |       5426.1881 |             0 |     5426.1881 |     301.4549 |
|  PWR_PLATFORM_ENERGY STAT  |   PWR4  |               0 |             0 |             0 |            0 |
|   UNCORE_CLOCKTICKS STAT   | UBOXFIX |   1089350372269 |             0 | 1089350372269 | 6.051947e+10 |
+----------------------------+---------+-----------------+---------------+---------------+--------------+

+----------------------+------------+-----------+-----------+-----------+-----------+-----------+-----------+-----------+-----------+-----------+-------------+-------------+-------------+-------------+-------------+-------------+-------------+-------------+
|        Metric        |  f0404:0:0 | f0404:1:1 | f0404:2:2 | f0404:3:3 | f0404:4:4 | f0404:5:5 | f0404:6:6 | f0404:7:7 | f0404:8:8 | f0404:9:9 | f0404:10:10 | f0404:11:11 | f0404:12:12 | f0404:13:13 | f0404:14:14 | f0404:15:15 | f0404:16:16 | f0404:17:17 |
+----------------------+------------+-----------+-----------+-----------+-----------+-----------+-----------+-----------+-----------+-----------+-------------+-------------+-------------+-------------+-------------+-------------+-------------+-------------+
|  Runtime (RDTSC) [s] |   683.6722 |  683.6757 |  683.6724 |  684.0839 |  683.6793 |  683.6814 |  684.0821 |  683.6781 |  683.6635 |  684.0727 |    683.6793 |    684.0826 |    684.0806 |    684.0789 |    683.7662 |    684.0812 |    683.6723 |    683.6686 |
| Runtime unhalted [s] |   481.1320 |  481.7500 |  481.9810 |  481.9671 |  481.9260 |  481.9322 |  481.9290 |  481.8954 |  481.9509 |  481.9931 |    481.9646 |    481.9603 |    481.1253 |    481.9850 |    482.0363 |    481.9917 |    482.0033 |    482.0135 |
|      Clock [MHz]     |  1695.9931 | 1695.9974 | 1695.9955 | 1695.9905 | 1695.9928 | 1695.9923 | 1695.9909 | 1695.9939 | 1695.9954 | 1695.9959 |   1695.9866 |   1695.9926 |   1695.9981 |   1695.9910 |   1695.7507 |   1695.9973 |   1695.9983 |   1695.9956 |
|  Uncore Clock [MHz]  |  1593.3811 |         0 |         0 |         0 |         0 |         0 |         0 |         0 |         0 |         0 |           0 |           0 |           0 |           0 |           0 |           0 |           0 |           0 |
|          CPI         |     0.5207 |    0.5231 |    0.5254 |    0.5328 |    0.5458 |    0.5493 |    0.5577 |    0.5560 |    0.5570 |    0.5568 |      0.5576 |      0.5515 |      0.5428 |      0.5288 |      0.5268 |      0.5264 |      0.5353 |      0.5356 |
|    Temperature [C]   |         35 |        36 |        37 |        37 |        36 |        37 |        37 |        37 |        37 |        33 |          34 |          34 |          36 |          33 |          36 |          35 |          35 |          35 |
|      Energy [J]      | 76307.6639 |         0 |         0 |         0 |         0 |         0 |         0 |         0 |         0 |         0 |           0 |           0 |           0 |           0 |           0 |           0 |           0 |           0 |
|       Power [W]      |   111.6144 |         0 |         0 |         0 |         0 |         0 |         0 |         0 |         0 |         0 |           0 |           0 |           0 |           0 |           0 |           0 |           0 |           0 |
|    Energy PP0 [J]    |          0 |         0 |         0 |         0 |         0 |         0 |         0 |         0 |         0 |         0 |           0 |           0 |           0 |           0 |           0 |           0 |           0 |           0 |
|     Power PP0 [W]    |          0 |         0 |         0 |         0 |         0 |         0 |         0 |         0 |         0 |         0 |           0 |           0 |           0 |           0 |           0 |           0 |           0 |           0 |
|    Energy DRAM [J]   |  5426.1881 |         0 |         0 |         0 |         0 |         0 |         0 |         0 |         0 |         0 |           0 |           0 |           0 |           0 |           0 |           0 |           0 |           0 |
|    Power DRAM [W]    |     7.9368 |         0 |         0 |         0 |         0 |         0 |         0 |         0 |         0 |         0 |           0 |           0 |           0 |           0 |           0 |           0 |           0 |           0 |
|  Energy PLATFORM [J] |          0 |         0 |         0 |         0 |         0 |         0 |         0 |         0 |         0 |         0 |           0 |           0 |           0 |           0 |           0 |           0 |           0 |           0 |
|  Power PLATFORM [W]  |          0 |         0 |         0 |         0 |         0 |         0 |         0 |         0 |         0 |         0 |           0 |           0 |           0 |           0 |           0 |           0 |           0 |           0 |
+----------------------+------------+-----------+-----------+-----------+-----------+-----------+-----------+-----------+-----------+-----------+-------------+-------------+-------------+-------------+-------------+-------------+-------------+-------------+

+---------------------------+------------+-----------+------------+-----------+-----------+-----------+-----------+
|           Metric          |     Sum    |    Min    |     Max    |    Avg    |  %ile 25  |  %ile 50  |  %ile 75  |
+---------------------------+------------+-----------+------------+-----------+-----------+-----------+-----------+
|  Runtime (RDTSC) [s] STAT | 12309.0710 |  683.6635 |   684.0839 |  683.8373 |  683.6724 |  683.6793 |  684.0806 |
| Runtime unhalted [s] STAT |  8673.5367 |  481.1253 |   482.0363 |  481.8631 |  481.9260 |  481.9603 |  481.9917 |
|      Clock [MHz] STAT     | 30527.6479 | 1695.7507 |  1695.9983 | 1695.9804 | 1695.9910 | 1695.9931 | 1695.9959 |
|  Uncore Clock [MHz] STAT  |  1593.3811 |         0 |  1593.3811 |   88.5212 |         0 |         0 |         0 |
|          CPI STAT         |     9.7294 |    0.5207 |     0.5577 |    0.5405 |    0.5268 |    0.5356 |    0.5560 |
|    Temperature [C] STAT   |        640 |        33 |         37 |   35.5556 |        35 |        36 |        37 |
|      Energy [J] STAT      | 76307.6639 |         0 | 76307.6639 | 4239.3147 |         0 |         0 |         0 |
|       Power [W] STAT      |   111.6144 |         0 |   111.6144 |    6.2008 |         0 |         0 |         0 |
|    Energy PP0 [J] STAT    |          0 |         0 |          0 |         0 |         0 |         0 |         0 |
|     Power PP0 [W] STAT    |          0 |         0 |          0 |         0 |         0 |         0 |         0 |
|    Energy DRAM [J] STAT   |  5426.1881 |         0 |  5426.1881 |  301.4549 |         0 |         0 |         0 |
|    Power DRAM [W] STAT    |     7.9368 |         0 |     7.9368 |    0.4409 |         0 |         0 |         0 |
|  Energy PLATFORM [J] STAT |          0 |         0 |          0 |         0 |         0 |         0 |         0 |
|  Power PLATFORM [W] STAT  |          0 |         0 |          0 |         0 |         0 |         0 |         0 |
+---------------------------+------------+-----------+------------+-----------+-----------+-----------+-----------+

