Group: 1
+-----------------------+---------+---------------+---------------+---------------+---------------+---------------+---------------+---------------+---------------+---------------+---------------+---------------+---------------+---------------+---------------+---------------+---------------+---------------+---------------+
|         Event         | Counter |   f0880:0:0   |   f0880:1:1   |   f0880:2:2   |   f0880:3:3   |   f0880:4:4   |   f0880:5:5   |   f0880:6:6   |   f0880:7:7   |   f0880:8:8   |   f0880:9:9   |  f0880:10:10  |  f0880:11:11  |  f0880:12:12  |  f0880:13:13  |  f0880:14:14  |  f0880:15:15  |  f0880:16:16  |  f0880:17:17  |
+-----------------------+---------+---------------+---------------+---------------+---------------+---------------+---------------+---------------+---------------+---------------+---------------+---------------+---------------+---------------+---------------+---------------+---------------+---------------+---------------+
|   INSTR_RETIRED_ANY   |  FIXC0  | 2446121201762 | 2425229587187 | 2412552544942 | 2369019170742 | 2310617743079 | 2285608334898 | 2284427646024 | 2273473571850 | 2275942961391 | 2280866107790 | 2175557861501 | 2166334894649 | 2190987530189 | 2215920059318 | 2257492578567 | 2269018095788 | 2289113284024 | 2329868220863 |
| CPU_CLK_UNHALTED_CORE |  FIXC1  | 1342752129971 | 1341934161722 | 1343509595236 | 1343913856842 | 1343950279025 | 1344051788836 | 1344228894422 | 1343950693070 | 1344252955380 | 1344114431145 | 1344178557043 | 1344062585573 | 1343859032149 | 1343680224172 | 1343968410329 | 1344055654577 | 1344049635167 | 1343924036230 |
|  CPU_CLK_UNHALTED_REF |  FIXC2  | 1464828317952 | 1463934610080 | 1465652557728 | 1466094650784 | 1466134300608 | 1466244380640 | 1466436100224 | 1466134433568 | 1466462964096 | 1466313493728 | 1466382131808 | 1466256757920 | 1466032139616 | 1465838990688 | 1466153290176 | 1466247553536 | 1466242174080 | 1466105988672 |
|     TOPDOWN_SLOTS     |  FIXC3  | 6713760649855 | 6709670808610 | 6717547976180 | 6719569284210 | 6719751395125 | 6720258944180 | 6721144472110 | 6719753465350 | 6721264776900 | 6720572155725 | 6720892785215 | 6720312927865 | 6719295160745 | 6718401120860 | 6719842051645 | 6720278272885 | 6720248175835 | 6719620181150 |
|       TEMP_CORE       |   TMP0  |            41 |            43 |            43 |            41 |            40 |            42 |            42 |            44 |            42 |            41 |            40 |            42 |            43 |            42 |            43 |            40 |            43 |            40 |
|     PWR_PKG_ENERGY    |   PWR0  |    77135.3659 |             0 |             0 |             0 |             0 |             0 |             0 |             0 |             0 |             0 |             0 |             0 |             0 |             0 |             0 |             0 |             0 |             0 |
|     PWR_PP0_ENERGY    |   PWR1  |             0 |             0 |             0 |             0 |             0 |             0 |             0 |             0 |             0 |             0 |             0 |             0 |             0 |             0 |             0 |             0 |             0 |             0 |
|    PWR_DRAM_ENERGY    |   PWR3  |     4842.6099 |             0 |             0 |             0 |             0 |             0 |             0 |             0 |             0 |             0 |             0 |             0 |             0 |             0 |             0 |             0 |             0 |             0 |
|  PWR_PLATFORM_ENERGY  |   PWR4  |             0 |             0 |             0 |             0 |             0 |             0 |             0 |             0 |             0 |             0 |             0 |             0 |             0 |             0 |             0 |             0 |             0 |             0 |
|   UNCORE_CLOCKTICKS   | UBOXFIX |  978511378362 |             0 |             0 |             0 |             0 |             0 |             0 |             0 |             0 |             0 |             0 |             0 |             0 |             0 |             0 |             0 |             0 |             0 |
+-----------------------+---------+---------------+---------------+---------------+---------------+---------------+---------------+---------------+---------------+---------------+---------------+---------------+---------------+---------------+---------------+---------------+---------------+---------------+---------------+

+----------------------------+---------+-----------------+---------------+---------------+---------------+
|            Event           | Counter |       Sum       |      Min      |      Max      |      Avg      |
+----------------------------+---------+-----------------+---------------+---------------+---------------+
|   INSTR_RETIRED_ANY STAT   |  FIXC0  |  41258151394564 | 2166334894649 | 2446121201762 |  2.292120e+12 |
| CPU_CLK_UNHALTED_CORE STAT |  FIXC1  |  24188436920889 | 1341934161722 | 1344252955380 |  1.343802e+12 |
|  CPU_CLK_UNHALTED_REF STAT |  FIXC2  |  26387494835904 | 1463934610080 | 1466462964096 | 1465971935328 |
|     TOPDOWN_SLOTS STAT     |  FIXC3  | 120942184604445 | 6709670808610 | 6721264776900 |  6.719010e+12 |
|       TEMP_CORE STAT       |   TMP0  |             752 |            40 |            44 |       41.7778 |
|     PWR_PKG_ENERGY STAT    |   PWR0  |      77135.3659 |             0 |    77135.3659 |     4285.2981 |
|     PWR_PP0_ENERGY STAT    |   PWR1  |               0 |             0 |             0 |             0 |
|    PWR_DRAM_ENERGY STAT    |   PWR3  |       4842.6099 |             0 |     4842.6099 |      269.0339 |
|  PWR_PLATFORM_ENERGY STAT  |   PWR4  |               0 |             0 |             0 |             0 |
|   UNCORE_CLOCKTICKS STAT   | UBOXFIX |    978511378362 |             0 |  978511378362 |  5.436174e+10 |
+----------------------------+---------+-----------------+---------------+---------------+---------------+

+----------------------+------------+-----------+-----------+-----------+-----------+-----------+-----------+-----------+-----------+-----------+-------------+-------------+-------------+-------------+-------------+-------------+-------------+-------------+
|        Metric        |  f0880:0:0 | f0880:1:1 | f0880:2:2 | f0880:3:3 | f0880:4:4 | f0880:5:5 | f0880:6:6 | f0880:7:7 | f0880:8:8 | f0880:9:9 | f0880:10:10 | f0880:11:11 | f0880:12:12 | f0880:13:13 | f0880:14:14 | f0880:15:15 | f0880:16:16 | f0880:17:17 |
+----------------------+------------+-----------+-----------+-----------+-----------+-----------+-----------+-----------+-----------+-----------+-------------+-------------+-------------+-------------+-------------+-------------+-------------+-------------+
|  Runtime (RDTSC) [s] |   615.3285 |  615.3764 |  615.3360 |  615.3490 |  615.3905 |  615.4743 |  615.5253 |  615.3418 |  615.3438 |  615.3426 |    615.3413 |    615.3376 |    615.3453 |    615.3242 |    615.3655 |    615.3502 |    615.3317 |    615.3339 |
| Runtime unhalted [s] |   560.8044 |  560.4975 |  561.1205 |  561.3123 |  561.3559 |  561.4747 |  561.5910 |  561.3046 |  561.4303 |  561.3722 |    561.3996 |    561.3519 |    561.2647 |    561.1918 |    561.3257 |    561.3630 |    561.3484 |    561.2940 |
|      Clock [MHz]     |  2194.7928 | 2194.6592 | 2194.7970 | 2194.7059 | 2194.5950 | 2194.2973 | 2194.1341 | 2194.7967 | 2194.8007 | 2194.7991 |   2194.7985 |   2194.7939 |   2194.8063 |   2194.7964 |   2194.7437 |   2194.7417 |   2194.7872 |   2194.7937 |
|  Uncore Clock [MHz]  |  1590.2260 |         0 |         0 |         0 |         0 |         0 |         0 |         0 |         0 |         0 |           0 |           0 |           0 |           0 |           0 |           0 |           0 |           0 |
|          CPI         |     0.5489 |    0.5533 |    0.5569 |    0.5673 |    0.5816 |    0.5880 |    0.5884 |    0.5911 |    0.5906 |    0.5893 |      0.6179 |      0.6204 |      0.6134 |      0.6064 |      0.5953 |      0.5924 |      0.5871 |      0.5768 |
|    Temperature [C]   |         41 |        43 |        43 |        41 |        40 |        42 |        42 |        44 |        42 |        41 |          40 |          42 |          43 |          42 |          43 |          40 |          43 |          40 |
|      Energy [J]      | 77135.3659 |         0 |         0 |         0 |         0 |         0 |         0 |         0 |         0 |         0 |           0 |           0 |           0 |           0 |           0 |           0 |           0 |           0 |
|       Power [W]      |   125.3564 |         0 |         0 |         0 |         0 |         0 |         0 |         0 |         0 |         0 |           0 |           0 |           0 |           0 |           0 |           0 |           0 |           0 |
|    Energy PP0 [J]    |          0 |         0 |         0 |         0 |         0 |         0 |         0 |         0 |         0 |         0 |           0 |           0 |           0 |           0 |           0 |           0 |           0 |           0 |
|     Power PP0 [W]    |          0 |         0 |         0 |         0 |         0 |         0 |         0 |         0 |         0 |         0 |           0 |           0 |           0 |           0 |           0 |           0 |           0 |           0 |
|    Energy DRAM [J]   |  4842.6099 |         0 |         0 |         0 |         0 |         0 |         0 |         0 |         0 |         0 |           0 |           0 |           0 |           0 |           0 |           0 |           0 |           0 |
|    Power DRAM [W]    |     7.8700 |         0 |         0 |         0 |         0 |         0 |         0 |         0 |         0 |         0 |           0 |           0 |           0 |           0 |           0 |           0 |           0 |           0 |
|  Energy PLATFORM [J] |          0 |         0 |         0 |         0 |         0 |         0 |         0 |         0 |         0 |         0 |           0 |           0 |           0 |           0 |           0 |           0 |           0 |           0 |
|  Power PLATFORM [W]  |          0 |         0 |         0 |         0 |         0 |         0 |         0 |         0 |         0 |         0 |           0 |           0 |           0 |           0 |           0 |           0 |           0 |           0 |
+----------------------+------------+-----------+-----------+-----------+-----------+-----------+-----------+-----------+-----------+-----------+-------------+-------------+-------------+-------------+-------------+-------------+-------------+-------------+

+---------------------------+------------+-----------+------------+-----------+-----------+-----------+-----------+
|           Metric          |     Sum    |    Min    |     Max    |    Avg    |  %ile 25  |  %ile 50  |  %ile 75  |
+---------------------------+------------+-----------+------------+-----------+-----------+-----------+-----------+
|  Runtime (RDTSC) [s] STAT | 11076.5379 |  615.3242 |   615.5253 |  615.3632 |  615.3360 |  615.3426 |  615.3655 |
| Runtime unhalted [s] STAT | 10102.8025 |  560.4975 |   561.5910 |  561.2668 |  561.2647 |  561.3257 |  561.3722 |
|      Clock [MHz] STAT     | 39504.6392 | 2194.1341 |  2194.8063 | 2194.7022 | 2194.7059 | 2194.7928 | 2194.7970 |
|  Uncore Clock [MHz] STAT  |  1590.2260 |         0 |  1590.2260 |   88.3459 |         0 |         0 |         0 |
|          CPI STAT         |    10.5651 |    0.5489 |     0.6204 |    0.5869 |    0.5768 |    0.5884 |    0.5953 |
|    Temperature [C] STAT   |        752 |        40 |         44 |   41.7778 |        41 |        42 |        43 |
|      Energy [J] STAT      | 77135.3659 |         0 | 77135.3659 | 4285.2981 |         0 |         0 |         0 |
|       Power [W] STAT      |   125.3564 |         0 |   125.3564 |    6.9642 |         0 |         0 |         0 |
|    Energy PP0 [J] STAT    |          0 |         0 |          0 |         0 |         0 |         0 |         0 |
|     Power PP0 [W] STAT    |          0 |         0 |          0 |         0 |         0 |         0 |         0 |
|    Energy DRAM [J] STAT   |  4842.6099 |         0 |  4842.6099 |  269.0339 |         0 |         0 |         0 |
|    Power DRAM [W] STAT    |     7.8700 |         0 |     7.8700 |    0.4372 |         0 |         0 |         0 |
|  Energy PLATFORM [J] STAT |          0 |         0 |          0 |         0 |         0 |         0 |         0 |
|  Power PLATFORM [W] STAT  |          0 |         0 |          0 |         0 |         0 |         0 |         0 |
+---------------------------+------------+-----------+------------+-----------+-----------+-----------+-----------+

