Group: 1
+-----------------------+---------+---------------+---------------+---------------+---------------+---------------+---------------+---------------+---------------+---------------+---------------+---------------+---------------+---------------+---------------+---------------+---------------+---------------+---------------+
|         Event         | Counter |   f0404:0:0   |   f0404:1:1   |   f0404:2:2   |   f0404:3:3   |   f0404:4:4   |   f0404:5:5   |   f0404:6:6   |   f0404:7:7   |   f0404:8:8   |   f0404:9:9   |  f0404:10:10  |  f0404:11:11  |  f0404:12:12  |  f0404:13:13  |  f0404:14:14  |  f0404:15:15  |  f0404:16:16  |  f0404:17:17  |
+-----------------------+---------+---------------+---------------+---------------+---------------+---------------+---------------+---------------+---------------+---------------+---------------+---------------+---------------+---------------+---------------+---------------+---------------+---------------+---------------+
|   INSTR_RETIRED_ANY   |  FIXC0  | 2850909679856 | 2848446289077 | 2829755694384 | 2751401942630 | 2684571492848 | 2667150393379 | 2653287761671 | 2645567132577 | 2656626969452 | 2648709115907 | 2555569379679 | 2554630909291 | 2582380087258 | 2642871033750 | 2705368432195 | 2717419046970 | 2734018690202 | 2634528459168 |
| CPU_CLK_UNHALTED_CORE |  FIXC1  | 1514111185193 | 1516842182897 | 1516311381873 | 1516933252986 | 1516184182310 | 1516627840829 | 1516238765827 | 1516362998322 | 1516541220385 | 1516424740644 | 1516559969337 | 1516486462093 | 1514911380961 | 1516873221692 | 1516789008540 | 1516905437257 | 1517075916565 | 1517157486893 |
|  CPU_CLK_UNHALTED_REF |  FIXC2  | 1453546164864 | 1456166879232 | 1455658335936 | 1456256904576 | 1455535638720 | 1455961740768 | 1455587257344 | 1455707831808 | 1455879177216 | 1455766267392 | 1455894436224 | 1455826684320 | 1454313661248 | 1456196918400 | 1456116762336 | 1456229105280 | 1456393428096 | 1456470794400 |
|     TOPDOWN_SLOTS     |  FIXC3  | 7570555925965 | 7584210914485 | 7581556909365 | 7584666264930 | 7580920911550 | 7583139204145 | 7581193829135 | 7581814991610 | 7582706101925 | 7582123703220 | 7582799846685 | 7582432310465 | 7574556904805 | 7584366108460 | 7583945042700 | 7584527186285 | 7585379582825 | 7585787434465 |
|       TEMP_CORE       |   TMP0  |            41 |            44 |            44 |            42 |            42 |            43 |            45 |            45 |            44 |            39 |            40 |            43 |            43 |            40 |            42 |            41 |            41 |            41 |
|     PWR_PKG_ENERGY    |   PWR0  |   105133.2795 |             0 |             0 |             0 |             0 |             0 |             0 |             0 |             0 |             0 |             0 |             0 |             0 |             0 |             0 |             0 |             0 |             0 |
|     PWR_PP0_ENERGY    |   PWR1  |             0 |             0 |             0 |             0 |             0 |             0 |             0 |             0 |             0 |             0 |             0 |             0 |             0 |             0 |             0 |             0 |             0 |             0 |
|    PWR_DRAM_ENERGY    |   PWR3  |     6385.3494 |             0 |             0 |             0 |             0 |             0 |             0 |             0 |             0 |             0 |             0 |             0 |             0 |             0 |             0 |             0 |             0 |             0 |
|  PWR_PLATFORM_ENERGY  |   PWR4  |             0 |             0 |             0 |             0 |             0 |             0 |             0 |             0 |             0 |             0 |             0 |             0 |             0 |             0 |             0 |             0 |             0 |             0 |
|   UNCORE_CLOCKTICKS   | UBOXFIX | 1340327907837 |             0 |             0 |             0 |             0 |             0 |             0 |             0 |             0 |             0 |             0 |             0 |             0 |             0 |             0 |             0 |             0 |             0 |
+-----------------------+---------+---------------+---------------+---------------+---------------+---------------+---------------+---------------+---------------+---------------+---------------+---------------+---------------+---------------+---------------+---------------+---------------+---------------+---------------+

+----------------------------+---------+-----------------+---------------+---------------+--------------+
|            Event           | Counter |       Sum       |      Min      |      Max      |      Avg     |
+----------------------------+---------+-----------------+---------------+---------------+--------------+
|   INSTR_RETIRED_ANY STAT   |  FIXC0  |  48363212510294 | 2554630909291 | 2850909679856 | 2.686845e+12 |
| CPU_CLK_UNHALTED_CORE STAT |  FIXC1  |  27295336634604 | 1514111185193 | 1517157486893 | 1.516408e+12 |
|  CPU_CLK_UNHALTED_REF STAT |  FIXC2  |  26203507988160 | 1453546164864 | 1456470794400 | 1.455750e+12 |
|     TOPDOWN_SLOTS STAT     |  FIXC3  | 136476683173020 | 7570555925965 | 7585787434465 | 7.582038e+12 |
|       TEMP_CORE STAT       |   TMP0  |             760 |            39 |            45 |      42.2222 |
|     PWR_PKG_ENERGY STAT    |   PWR0  |     105133.2795 |             0 |   105133.2795 |    5840.7378 |
|     PWR_PP0_ENERGY STAT    |   PWR1  |               0 |             0 |             0 |            0 |
|    PWR_DRAM_ENERGY STAT    |   PWR3  |       6385.3494 |             0 |     6385.3494 |     354.7416 |
|  PWR_PLATFORM_ENERGY STAT  |   PWR4  |               0 |             0 |             0 |            0 |
|   UNCORE_CLOCKTICKS STAT   | UBOXFIX |   1340327907837 |             0 | 1340327907837 | 7.446266e+10 |
+----------------------------+---------+-----------------+---------------+---------------+--------------+

+----------------------+-------------+-----------+-----------+-----------+-----------+-----------+-----------+-----------+-----------+-----------+-------------+-------------+-------------+-------------+-------------+-------------+-------------+-------------+
|        Metric        |  f0404:0:0  | f0404:1:1 | f0404:2:2 | f0404:3:3 | f0404:4:4 | f0404:5:5 | f0404:6:6 | f0404:7:7 | f0404:8:8 | f0404:9:9 | f0404:10:10 | f0404:11:11 | f0404:12:12 | f0404:13:13 | f0404:14:14 | f0404:15:15 | f0404:16:16 | f0404:17:17 |
+----------------------+-------------+-----------+-----------+-----------+-----------+-----------+-----------+-----------+-----------+-----------+-------------+-------------+-------------+-------------+-------------+-------------+-------------+-------------+
|  Runtime (RDTSC) [s] |    610.8808 |  610.8618 |  610.8781 |  610.8864 |  610.8809 |  610.8752 |  610.8717 |  610.8829 |  610.8844 |  610.9078 |    610.8742 |    610.8800 |    610.8739 |    610.8600 |    610.8622 |    610.8596 |    610.8860 |    610.8976 |
| Runtime unhalted [s] |    632.3716 |  633.5120 |  633.2905 |  633.5497 |  633.2368 |  633.4228 |  633.2599 |  633.3164 |  633.4015 |  633.3616 |    633.3934 |    633.3641 |    632.7070 |    633.5258 |    633.4896 |    633.5376 |    633.6241 |    633.6583 |
|      Clock [MHz]     |   2494.1029 | 2494.1052 | 2494.1029 | 2494.1021 | 2494.1063 | 2494.1031 | 2494.1062 | 2494.0859 | 2494.0436 | 2494.0107 |   2494.1108 |   2494.1006 |   2494.0994 |   2494.1018 |   2494.1044 |   2494.1061 |   2494.0446 |   2494.0459 |
|  Uncore Clock [MHz]  |   2194.0907 |         0 |         0 |         0 |         0 |         0 |         0 |         0 |         0 |         0 |           0 |           0 |           0 |           0 |           0 |           0 |           0 |           0 |
|          CPI         |      0.5311 |    0.5325 |    0.5358 |    0.5513 |    0.5648 |    0.5686 |    0.5715 |    0.5732 |    0.5709 |    0.5725 |      0.5934 |      0.5936 |      0.5866 |      0.5739 |      0.5607 |      0.5582 |      0.5549 |      0.5759 |
|    Temperature [C]   |          41 |        44 |        44 |        42 |        42 |        43 |        45 |        45 |        44 |        39 |          40 |          43 |          43 |          40 |          42 |          41 |          41 |          41 |
|      Energy [J]      | 105133.2795 |         0 |         0 |         0 |         0 |         0 |         0 |         0 |         0 |         0 |           0 |           0 |           0 |           0 |           0 |           0 |           0 |           0 |
|       Power [W]      |    172.1011 |         0 |         0 |         0 |         0 |         0 |         0 |         0 |         0 |         0 |           0 |           0 |           0 |           0 |           0 |           0 |           0 |           0 |
|    Energy PP0 [J]    |           0 |         0 |         0 |         0 |         0 |         0 |         0 |         0 |         0 |         0 |           0 |           0 |           0 |           0 |           0 |           0 |           0 |           0 |
|     Power PP0 [W]    |           0 |         0 |         0 |         0 |         0 |         0 |         0 |         0 |         0 |         0 |           0 |           0 |           0 |           0 |           0 |           0 |           0 |           0 |
|    Energy DRAM [J]   |   6385.3494 |         0 |         0 |         0 |         0 |         0 |         0 |         0 |         0 |         0 |           0 |           0 |           0 |           0 |           0 |           0 |           0 |           0 |
|    Power DRAM [W]    |     10.4527 |         0 |         0 |         0 |         0 |         0 |         0 |         0 |         0 |         0 |           0 |           0 |           0 |           0 |           0 |           0 |           0 |           0 |
|  Energy PLATFORM [J] |           0 |         0 |         0 |         0 |         0 |         0 |         0 |         0 |         0 |         0 |           0 |           0 |           0 |           0 |           0 |           0 |           0 |           0 |
|  Power PLATFORM [W]  |           0 |         0 |         0 |         0 |         0 |         0 |         0 |         0 |         0 |         0 |           0 |           0 |           0 |           0 |           0 |           0 |           0 |           0 |
+----------------------+-------------+-----------+-----------+-----------+-----------+-----------+-----------+-----------+-----------+-----------+-------------+-------------+-------------+-------------+-------------+-------------+-------------+-------------+

+---------------------------+-------------+-----------+-------------+-----------+-----------+-----------+-----------+
|           Metric          |     Sum     |    Min    |     Max     |    Avg    |  %ile 25  |  %ile 50  |  %ile 75  |
+---------------------------+-------------+-----------+-------------+-----------+-----------+-----------+-----------+
|  Runtime (RDTSC) [s] STAT |  10995.8035 |  610.8596 |    610.9078 |  610.8780 |  610.8717 |  610.8781 |  610.8844 |
| Runtime unhalted [s] STAT |  11400.0227 |  632.3716 |    633.6583 |  633.3346 |  633.2905 |  633.3934 |  633.5258 |
|      Clock [MHz] STAT     |  44893.5825 | 2494.0107 |   2494.1108 | 2494.0879 | 2494.0859 | 2494.1021 | 2494.1052 |
|  Uncore Clock [MHz] STAT  |   2194.0907 |         0 |   2194.0907 |  121.8939 |         0 |         0 |         0 |
|          CPI STAT         |     10.1694 |    0.5311 |      0.5936 |    0.5650 |    0.5549 |    0.5686 |    0.5739 |
|    Temperature [C] STAT   |         760 |        39 |          45 |   42.2222 |        41 |        42 |        44 |
|      Energy [J] STAT      | 105133.2795 |         0 | 105133.2795 | 5840.7378 |         0 |         0 |         0 |
|       Power [W] STAT      |    172.1011 |         0 |    172.1011 |    9.5612 |         0 |         0 |         0 |
|    Energy PP0 [J] STAT    |           0 |         0 |           0 |         0 |         0 |         0 |         0 |
|     Power PP0 [W] STAT    |           0 |         0 |           0 |         0 |         0 |         0 |         0 |
|    Energy DRAM [J] STAT   |   6385.3494 |         0 |   6385.3494 |  354.7416 |         0 |         0 |         0 |
|    Power DRAM [W] STAT    |     10.4527 |         0 |     10.4527 |    0.5807 |         0 |         0 |         0 |
|  Energy PLATFORM [J] STAT |           0 |         0 |           0 |         0 |         0 |         0 |         0 |
|  Power PLATFORM [W] STAT  |           0 |         0 |           0 |         0 |         0 |         0 |         0 |
+---------------------------+-------------+-----------+-------------+-----------+-----------+-----------+-----------+

