                   :-) GROMACS - gmx mdrun, 2025.2-spack (-:

Executable:   /apps/SPACK/0.23.0/opt/linux-almalinux9-zen4/gcc-11.4.1/gromacs-2025.2-y4v7dqwvnpcybafuodisfw35wrrzwytk/bin/gmx
Data prefix:  /apps/SPACK/0.23.0/opt/linux-almalinux9-zen4/gcc-11.4.1/gromacs-2025.2-y4v7dqwvnpcybafuodisfw35wrrzwytk
Working dir:  /home/hpc/ihpc/ihpc161h/GROMACS-BAthesis/runs/gromacs_H100-cap/590
Command line:
  gmx mdrun -nsteps 200000 -maxh 0.2 -ntomp 16 -bonded gpu -update gpu -pme gpu -nb gpu -ntmpi 1 -pin on -pinstride 1 -s /home/hpc/ihpc/ihpc161h/GROMACS-BAthesis/inputs/2md_start0.tpr -deffnm 2md_start0_590_h12-12_perflog -g 2md_start0_590_h12-12_perflog.log -gpu_id 0

Reading file /home/hpc/ihpc/ihpc161h/GROMACS-BAthesis/inputs/2md_start0.tpr, VERSION 2019.5 (single precision)
Note: file tpx version 116, software tpx version 137
Overriding nsteps with value passed on the command line: 200000 steps, 400 ps
Changing nstlist from 20 to 100, rlist from 1.207 to 1.324


Update groups can not be used for this system because atoms that are (in)directly constrained together are interdispersed with other atoms

1 GPU selected for this run.
Mapping of GPU IDs to the 2 GPU tasks in the 1 rank on this node:
  PP:0,PME:0
PP tasks will do (non-perturbed) short-ranged and most bonded interactions on the GPU
PP task will update and constrain coordinates on the GPU
PME tasks will do all aspects on the GPU
Using 1 MPI thread
Using 16 OpenMP threads 


Overriding thread affinity set outside gmx mdrun
starting mdrun 'b2ar_EPI'
200000 steps,    400.0 ps.

Writing final coordinates.

               Core t (s)   Wall t (s)        (%)
       Time:     1241.549       77.605     1599.8
                 (ns/day)    (hour/ns)
Performance:      445.336        0.054

GROMACS reminds you: "error: too many template-parameter-lists" (g++)

