Group: 1
+-----------------------+---------+---------------+---------------+---------------+---------------+---------------+---------------+---------------+---------------+---------------+---------------+---------------+---------------+---------------+---------------+---------------+---------------+---------------+---------------+
|         Event         | Counter |   f0404:0:0   |   f0404:1:1   |   f0404:2:2   |   f0404:3:3   |   f0404:4:4   |   f0404:5:5   |   f0404:6:6   |   f0404:7:7   |   f0404:8:8   |   f0404:9:9   |  f0404:10:10  |  f0404:11:11  |  f0404:12:12  |  f0404:13:13  |  f0404:14:14  |  f0404:15:15  |  f0404:16:16  |  f0404:17:17  |
+-----------------------+---------+---------------+---------------+---------------+---------------+---------------+---------------+---------------+---------------+---------------+---------------+---------------+---------------+---------------+---------------+---------------+---------------+---------------+---------------+
|   INSTR_RETIRED_ANY   |  FIXC0  | 2843290561461 | 2844290553830 | 2824786886761 | 2750045871574 | 2681449742679 | 2659452762653 | 2651677082846 | 2645137128944 | 2656488501979 | 2652486623598 | 2553563894589 | 2557476380471 | 2578492730922 | 2638858525207 | 2698940745612 | 2714006215357 | 2723771565020 | 2632096444320 |
| CPU_CLK_UNHALTED_CORE |  FIXC1  | 1381281709252 | 1383196164838 | 1383216659391 | 1383323304258 | 1383266398540 | 1383337562258 | 1383283029157 | 1383192965976 | 1383267410975 | 1383400206389 | 1382722160501 | 1383282443385 | 1380714480868 | 1383201713766 | 1383216383991 | 1383125933716 | 1383327879958 | 1383155315742 |
|  CPU_CLK_UNHALTED_REF |  FIXC2  | 2210042711040 | 2213108649312 | 2213138152512 | 2213313124992 | 2213218038528 | 2213330811744 | 2213244865152 | 2213101003200 | 2213220378240 | 2213432215584 | 2212347426912 | 2213243692128 | 2209134541152 | 2213113730880 | 2213140097568 | 2212993836576 | 2213316343392 | 2213040167424 |
|     TOPDOWN_SLOTS     |  FIXC3  | 6906408546260 | 6915980824190 | 6916083296955 | 6916616521290 | 6916331992700 | 6916687811290 | 6916415145785 | 6915964829880 | 6916337054875 | 6917001031945 | 6913610802505 | 6916412216925 | 6903572404340 | 6916008568830 | 6916081919955 | 6915629668580 | 6916639399790 | 6915776578710 |
|       TEMP_CORE       |   TMP0  |            34 |            36 |            37 |            36 |            36 |            35 |            38 |            38 |            36 |            32 |            34 |            35 |            35 |            34 |            34 |            34 |            34 |            34 |
|     PWR_PKG_ENERGY    |   PWR0  |    98296.0364 |             0 |             0 |             0 |             0 |             0 |             0 |             0 |             0 |             0 |             0 |             0 |             0 |             0 |             0 |             0 |             0 |             0 |
|     PWR_PP0_ENERGY    |   PWR1  |             0 |             0 |             0 |             0 |             0 |             0 |             0 |             0 |             0 |             0 |             0 |             0 |             0 |             0 |             0 |             0 |             0 |             0 |
|    PWR_DRAM_ENERGY    |   PWR3  |     6794.3754 |             0 |             0 |             0 |             0 |             0 |             0 |             0 |             0 |             0 |             0 |             0 |             0 |             0 |             0 |             0 |             0 |             0 |
|  PWR_PLATFORM_ENERGY  |   PWR4  |             0 |             0 |             0 |             0 |             0 |             0 |             0 |             0 |             0 |             0 |             0 |             0 |             0 |             0 |             0 |             0 |             0 |             0 |
|   UNCORE_CLOCKTICKS   | UBOXFIX | 1459692442978 |             0 |             0 |             0 |             0 |             0 |             0 |             0 |             0 |             0 |             0 |             0 |             0 |             0 |             0 |             0 |             0 |             0 |
+-----------------------+---------+---------------+---------------+---------------+---------------+---------------+---------------+---------------+---------------+---------------+---------------+---------------+---------------+---------------+---------------+---------------+---------------+---------------+---------------+

+----------------------------+---------+-----------------+---------------+---------------+--------------+
|            Event           | Counter |       Sum       |      Min      |      Max      |      Avg     |
+----------------------------+---------+-----------------+---------------+---------------+--------------+
|   INSTR_RETIRED_ANY STAT   |  FIXC0  |  48306312217823 | 2553563894589 | 2844290553830 | 2.683684e+12 |
| CPU_CLK_UNHALTED_CORE STAT |  FIXC1  |  24893511722961 | 1380714480868 | 1383400206389 | 1.382973e+12 |
|  CPU_CLK_UNHALTED_REF STAT |  FIXC2  |  39829479786336 | 2209134541152 | 2213432215584 | 2.212749e+12 |
|     TOPDOWN_SLOTS STAT     |  FIXC3  | 124467558614805 | 6903572404340 | 6917001031945 | 6.914864e+12 |
|       TEMP_CORE STAT       |   TMP0  |             632 |            32 |            38 |      35.1111 |
|     PWR_PKG_ENERGY STAT    |   PWR0  |      98296.0364 |             0 |    98296.0364 |    5460.8909 |
|     PWR_PP0_ENERGY STAT    |   PWR1  |               0 |             0 |             0 |            0 |
|    PWR_DRAM_ENERGY STAT    |   PWR3  |       6794.3754 |             0 |     6794.3754 |     377.4653 |
|  PWR_PLATFORM_ENERGY STAT  |   PWR4  |               0 |             0 |             0 |            0 |
|   UNCORE_CLOCKTICKS STAT   | UBOXFIX |   1459692442978 |             0 | 1459692442978 | 8.109402e+10 |
+----------------------------+---------+-----------------+---------------+---------------+--------------+

+----------------------+------------+-----------+-----------+-----------+-----------+-----------+-----------+-----------+-----------+-----------+-------------+-------------+-------------+-------------+-------------+-------------+-------------+-------------+
|        Metric        |  f0404:0:0 | f0404:1:1 | f0404:2:2 | f0404:3:3 | f0404:4:4 | f0404:5:5 | f0404:6:6 | f0404:7:7 | f0404:8:8 | f0404:9:9 | f0404:10:10 | f0404:11:11 | f0404:12:12 | f0404:13:13 | f0404:14:14 | f0404:15:15 | f0404:16:16 | f0404:17:17 |
+----------------------+------------+-----------+-----------+-----------+-----------+-----------+-----------+-----------+-----------+-----------+-------------+-------------+-------------+-------------+-------------+-------------+-------------+-------------+
|  Runtime (RDTSC) [s] |   928.4713 |  928.4679 |  928.4668 |  928.4634 |  928.4611 |  928.4682 |  928.4719 |  928.4688 |  928.4777 |  928.4773 |    928.4661 |    928.4674 |    928.4782 |    928.4765 |    928.4434 |    928.4775 |    928.4654 |    928.4666 |
| Runtime unhalted [s] |   576.8951 |  577.6953 |  577.7043 |  577.7484 |  577.7232 |  577.7541 |  577.7320 |  577.6933 |  577.7247 |  577.7807 |    577.4966 |    577.7320 |    576.6615 |    577.6982 |    577.7033 |    577.6664 |    577.7502 |    577.6795 |
|      Clock [MHz]     |  1496.4665 | 1496.4630 | 1496.4641 | 1496.4624 | 1496.4687 | 1496.4664 | 1496.4638 | 1496.4663 | 1496.4655 | 1496.4646 |   1496.4668 |   1496.4632 |   1496.4582 |   1496.4640 |   1496.4646 |   1496.4634 |   1496.4653 |   1496.4618 |
|  Uncore Clock [MHz]  |  1572.1460 |         0 |         0 |         0 |         0 |         0 |         0 |         0 |         0 |         0 |           0 |           0 |           0 |           0 |           0 |           0 |           0 |           0 |
|          CPI         |     0.4858 |    0.4863 |    0.4897 |    0.5030 |    0.5159 |    0.5202 |    0.5217 |    0.5229 |    0.5207 |    0.5215 |      0.5415 |      0.5409 |      0.5355 |      0.5242 |      0.5125 |      0.5096 |      0.5079 |      0.5255 |
|    Temperature [C]   |         34 |        36 |        37 |        36 |        36 |        35 |        38 |        38 |        36 |        32 |          34 |          35 |          35 |          34 |          34 |          34 |          34 |          34 |
|      Energy [J]      | 98296.0364 |         0 |         0 |         0 |         0 |         0 |         0 |         0 |         0 |         0 |           0 |           0 |           0 |           0 |           0 |           0 |           0 |           0 |
|       Power [W]      |   105.8687 |         0 |         0 |         0 |         0 |         0 |         0 |         0 |         0 |         0 |           0 |           0 |           0 |           0 |           0 |           0 |           0 |           0 |
|    Energy PP0 [J]    |          0 |         0 |         0 |         0 |         0 |         0 |         0 |         0 |         0 |         0 |           0 |           0 |           0 |           0 |           0 |           0 |           0 |           0 |
|     Power PP0 [W]    |          0 |         0 |         0 |         0 |         0 |         0 |         0 |         0 |         0 |         0 |           0 |           0 |           0 |           0 |           0 |           0 |           0 |           0 |
|    Energy DRAM [J]   |  6794.3754 |         0 |         0 |         0 |         0 |         0 |         0 |         0 |         0 |         0 |           0 |           0 |           0 |           0 |           0 |           0 |           0 |           0 |
|    Power DRAM [W]    |     7.3178 |         0 |         0 |         0 |         0 |         0 |         0 |         0 |         0 |         0 |           0 |           0 |           0 |           0 |           0 |           0 |           0 |           0 |
|  Energy PLATFORM [J] |          0 |         0 |         0 |         0 |         0 |         0 |         0 |         0 |         0 |         0 |           0 |           0 |           0 |           0 |           0 |           0 |           0 |           0 |
|  Power PLATFORM [W]  |          0 |         0 |         0 |         0 |         0 |         0 |         0 |         0 |         0 |         0 |           0 |           0 |           0 |           0 |           0 |           0 |           0 |           0 |
+----------------------+------------+-----------+-----------+-----------+-----------+-----------+-----------+-----------+-----------+-----------+-------------+-------------+-------------+-------------+-------------+-------------+-------------+-------------+

+---------------------------+------------+-----------+------------+-----------+-----------+-----------+-----------+
|           Metric          |     Sum    |    Min    |     Max    |    Avg    |  %ile 25  |  %ile 50  |  %ile 75  |
+---------------------------+------------+-----------+------------+-----------+-----------+-----------+-----------+
|  Runtime (RDTSC) [s] STAT | 16712.4355 |  928.4434 |   928.4782 |  928.4686 |  928.4661 |  928.4679 |  928.4765 |
| Runtime unhalted [s] STAT | 10396.8388 |  576.6615 |   577.7807 |  577.6022 |  577.6795 |  577.7033 |  577.7320 |
|      Clock [MHz] STAT     | 26936.3586 | 1496.4582 |  1496.4687 | 1496.4644 | 1496.4632 | 1496.4641 | 1496.4663 |
|  Uncore Clock [MHz] STAT  |  1572.1460 |         0 |  1572.1460 |   87.3414 |         0 |         0 |         0 |
|          CPI STAT         |     9.2853 |    0.4858 |     0.5415 |    0.5158 |    0.5079 |    0.5202 |    0.5242 |
|    Temperature [C] STAT   |        632 |        32 |         38 |   35.1111 |        34 |        35 |        36 |
|      Energy [J] STAT      | 98296.0364 |         0 | 98296.0364 | 5460.8909 |         0 |         0 |         0 |
|       Power [W] STAT      |   105.8687 |         0 |   105.8687 |    5.8816 |         0 |         0 |         0 |
|    Energy PP0 [J] STAT    |          0 |         0 |          0 |         0 |         0 |         0 |         0 |
|     Power PP0 [W] STAT    |          0 |         0 |          0 |         0 |         0 |         0 |         0 |
|    Energy DRAM [J] STAT   |  6794.3754 |         0 |  6794.3754 |  377.4653 |         0 |         0 |         0 |
|    Power DRAM [W] STAT    |     7.3178 |         0 |     7.3178 |    0.4065 |         0 |         0 |         0 |
|  Energy PLATFORM [J] STAT |          0 |         0 |          0 |         0 |         0 |         0 |         0 |
|  Power PLATFORM [W] STAT  |          0 |         0 |          0 |         0 |         0 |         0 |         0 |
+---------------------------+------------+-----------+------------+-----------+-----------+-----------+-----------+

