                   :-) GROMACS - gmx mdrun, 2025.2-spack (-:

Executable:   /apps/SPACK/0.23.0/opt/linux-almalinux9-zen4/gcc-11.4.1/gromacs-2025.2-y4v7dqwvnpcybafuodisfw35wrrzwytk/bin/gmx
Data prefix:  /apps/SPACK/0.23.0/opt/linux-almalinux9-zen4/gcc-11.4.1/gromacs-2025.2-y4v7dqwvnpcybafuodisfw35wrrzwytk
Working dir:  /home/hpc/ihpc/ihpc161h/GROMACS-BAthesis/runs/gromacs_H100_freq/1593-1470
Command line:
  gmx mdrun -nsteps 200000 -maxh 0.2 -ntomp 16 -bonded gpu -update gpu -pme gpu -nb gpu -ntmpi 1 -pin on -pinstride 1 -s /home/hpc/ihpc/ihpc161h/GROMACS-BAthesis/inputs/FL_md1_berendsen.tpr -deffnm FL_md1_berendsen_1593-1470_h12-12_perflog -g FL_md1_berendsen_1593-1470_h12-12_perflog.log -gpu_id 0

Reading file /home/hpc/ihpc/ihpc161h/GROMACS-BAthesis/inputs/FL_md1_berendsen.tpr, VERSION 2020.1 (single precision)
Note: file tpx version 119, software tpx version 137
Overriding nsteps with value passed on the command line: 200000 steps, 200 ps
Changing nstlist from 10 to 100, rlist from 1.6 to 1.6


1 GPU selected for this run.
Mapping of GPU IDs to the 2 GPU tasks in the 1 rank on this node:
  PP:0,PME:0
PP tasks will do (non-perturbed) short-ranged and most bonded interactions on the GPU
PP task will update and constrain coordinates on the GPU
PME tasks will do all aspects on the GPU
Using 1 MPI thread
Using 16 OpenMP threads 

starting mdrun 'lopls hexane and R143a'
200000 steps,    200.0 ps.

Writing final coordinates.

               Core t (s)   Wall t (s)        (%)
       Time:      809.318       50.600     1599.5
                 (ns/day)    (hour/ns)
Performance:      341.506        0.070

GROMACS reminds you: "I'm Looking for a New Simulation" (Stone Temple Pilots)

