Group: 1
+-----------------------+---------+---------------+---------------+---------------+---------------+---------------+---------------+---------------+---------------+---------------+---------------+---------------+---------------+---------------+---------------+---------------+---------------+---------------+---------------+
|         Event         | Counter |   f0880:0:0   |   f0880:1:1   |   f0880:2:2   |   f0880:3:3   |   f0880:4:4   |   f0880:5:5   |   f0880:6:6   |   f0880:7:7   |   f0880:8:8   |   f0880:9:9   |  f0880:10:10  |  f0880:11:11  |  f0880:12:12  |  f0880:13:13  |  f0880:14:14  |  f0880:15:15  |  f0880:16:16  |  f0880:17:17  |
+-----------------------+---------+---------------+---------------+---------------+---------------+---------------+---------------+---------------+---------------+---------------+---------------+---------------+---------------+---------------+---------------+---------------+---------------+---------------+---------------+
|   INSTR_RETIRED_ANY   |  FIXC0  | 2437736316495 | 2421229007536 | 2410883701479 | 2368792696023 | 2315353561874 | 2284555181582 | 2279183059368 | 2276661711074 | 2278871115336 | 2276693940708 | 2166219833197 | 2174211649434 | 2178528435828 | 2204633741969 | 2248197192366 | 2267484950606 | 2290345308911 | 2325642395168 |
| CPU_CLK_UNHALTED_CORE |  FIXC1  | 1202140041510 | 1200084399297 | 1202788991426 | 1202818272727 | 1202810021376 | 1202898820228 | 1202909413340 | 1202646431862 | 1202893359145 | 1202736347447 | 1202863978874 | 1202827740045 | 1202340090346 | 1202694286569 | 1202816079333 | 1202927501174 | 1202841465368 | 1202721262487 |
|  CPU_CLK_UNHALTED_REF |  FIXC2  | 2404274092992 | 2400162172800 | 2405572468608 | 2405636821632 | 2405613638208 | 2405790978624 | 2405816246592 | 2405288282208 | 2405780771040 | 2405467078176 | 2405722192416 | 2405650525056 | 2404675226784 | 2405383581600 | 2405626101408 | 2405849238144 | 2405677746048 | 2405437987008 |
|     TOPDOWN_SLOTS     |  FIXC3  | 6010700207550 | 6000421996485 | 6013944957130 | 6014091363635 | 6014050106880 | 6014494101140 | 6014547066700 | 6013232159310 | 6014466795725 | 6013681737235 | 6014319894370 | 6014138700225 | 6011700451730 | 6013471432845 | 6014080396665 | 6014637505870 | 6014207326840 | 6013606312435 |
|       TEMP_CORE       |   TMP0  |            37 |            39 |            37 |            38 |            36 |            35 |            37 |            40 |            36 |            37 |            35 |            36 |            38 |            38 |            37 |            34 |            38 |            36 |
|     PWR_PKG_ENERGY    |   PWR0  |    92621.0421 |             0 |             0 |             0 |             0 |             0 |             0 |             0 |             0 |             0 |             0 |             0 |             0 |             0 |             0 |             0 |             0 |             0 |
|     PWR_PP0_ENERGY    |   PWR1  |             0 |             0 |             0 |             0 |             0 |             0 |             0 |             0 |             0 |             0 |             0 |             0 |             0 |             0 |             0 |             0 |             0 |             0 |
|    PWR_DRAM_ENERGY    |   PWR3  |     6650.3652 |             0 |             0 |             0 |             0 |             0 |             0 |             0 |             0 |             0 |             0 |             0 |             0 |             0 |             0 |             0 |             0 |             0 |
|  PWR_PLATFORM_ENERGY  |   PWR4  |             0 |             0 |             0 |             0 |             0 |             0 |             0 |             0 |             0 |             0 |             0 |             0 |             0 |             0 |             0 |             0 |             0 |             0 |
|   UNCORE_CLOCKTICKS   | UBOXFIX | 1569300863135 |             0 |             0 |             0 |             0 |             0 |             0 |             0 |             0 |             0 |             0 |             0 |             0 |             0 |             0 |             0 |             0 |             0 |
+-----------------------+---------+---------------+---------------+---------------+---------------+---------------+---------------+---------------+---------------+---------------+---------------+---------------+---------------+---------------+---------------+---------------+---------------+---------------+---------------+

+----------------------------+---------+-----------------+---------------+---------------+--------------+
|            Event           | Counter |       Sum       |      Min      |      Max      |      Avg     |
+----------------------------+---------+-----------------+---------------+---------------+--------------+
|   INSTR_RETIRED_ANY STAT   |  FIXC0  |  41205223798954 | 2166219833197 | 2437736316495 | 2.289179e+12 |
| CPU_CLK_UNHALTED_CORE STAT |  FIXC1  |  21646758502554 | 1200084399297 | 1202927501174 | 1.202598e+12 |
|  CPU_CLK_UNHALTED_REF STAT |  FIXC2  |  43293425149344 | 2400162172800 | 2405849238144 | 2.405190e+12 |
|     TOPDOWN_SLOTS STAT     |  FIXC3  | 108233792512770 | 6000421996485 | 6014637505870 | 6.012988e+12 |
|       TEMP_CORE STAT       |   TMP0  |             664 |            34 |            40 |      36.8889 |
|     PWR_PKG_ENERGY STAT    |   PWR0  |      92621.0421 |             0 |    92621.0421 |    5145.6135 |
|     PWR_PP0_ENERGY STAT    |   PWR1  |               0 |             0 |             0 |            0 |
|    PWR_DRAM_ENERGY STAT    |   PWR3  |       6650.3652 |             0 |     6650.3652 |     369.4647 |
|  PWR_PLATFORM_ENERGY STAT  |   PWR4  |               0 |             0 |             0 |            0 |
|   UNCORE_CLOCKTICKS STAT   | UBOXFIX |   1569300863135 |             0 | 1569300863135 | 8.718338e+10 |
+----------------------------+---------+-----------------+---------------+---------------+--------------+

+----------------------+------------+-----------+-----------+-----------+-----------+-----------+-----------+-----------+-----------+-----------+-------------+-------------+-------------+-------------+-------------+-------------+-------------+-------------+
|        Metric        |  f0880:0:0 | f0880:1:1 | f0880:2:2 | f0880:3:3 | f0880:4:4 | f0880:5:5 | f0880:6:6 | f0880:7:7 | f0880:8:8 | f0880:9:9 | f0880:10:10 | f0880:11:11 | f0880:12:12 | f0880:13:13 | f0880:14:14 | f0880:15:15 | f0880:16:16 | f0880:17:17 |
+----------------------+------------+-----------+-----------+-----------+-----------+-----------+-----------+-----------+-----------+-----------+-------------+-------------+-------------+-------------+-------------+-------------+-------------+-------------+
|  Runtime (RDTSC) [s] |  1009.7680 | 1009.6180 | 1009.6280 | 1009.6490 | 1009.6470 | 1009.6340 | 1009.6510 | 1009.6350 | 1009.6420 | 1009.6470 |   1009.6330 |   1009.6760 |   1009.6560 |   1009.6100 |   1009.6350 |   1009.6300 |   1009.6280 |   1009.6310 |
| Runtime unhalted [s] |   502.1453 |  501.2192 |  502.3474 |  502.3629 |  502.3573 |  502.3942 |  502.4024 |  502.2893 |  502.3958 |  502.3299 |    502.3801 |    502.3855 |    502.1663 |    502.3080 |    502.3612 |    502.4061 |    502.3701 |    502.3204 |
|      Clock [MHz]     |  1197.0071 | 1197.1686 | 1197.1712 | 1197.1606 | 1197.1690 | 1197.1697 | 1197.1586 | 1197.1674 | 1197.1600 | 1197.1606 |   1197.1680 |   1197.1189 |   1197.1558 |   1197.1707 |   1197.1656 |   1197.1693 |   1197.1693 |   1197.1678 |
|  Uncore Clock [MHz]  |  1554.1202 |         0 |         0 |         0 |         0 |         0 |         0 |         0 |         0 |         0 |           0 |           0 |           0 |           0 |           0 |           0 |           0 |           0 |
|          CPI         |     0.4931 |    0.4957 |    0.4989 |    0.5078 |    0.5195 |    0.5265 |    0.5278 |    0.5282 |    0.5278 |    0.5283 |      0.5553 |      0.5532 |      0.5519 |      0.5455 |      0.5350 |      0.5305 |      0.5252 |      0.5172 |
|    Temperature [C]   |         37 |        39 |        37 |        38 |        36 |        35 |        37 |        40 |        36 |        37 |          35 |          36 |          38 |          38 |          37 |          34 |          38 |          36 |
|      Energy [J]      | 92621.0421 |         0 |         0 |         0 |         0 |         0 |         0 |         0 |         0 |         0 |           0 |           0 |           0 |           0 |           0 |           0 |           0 |           0 |
|       Power [W]      |    91.7251 |         0 |         0 |         0 |         0 |         0 |         0 |         0 |         0 |         0 |           0 |           0 |           0 |           0 |           0 |           0 |           0 |           0 |
|    Energy PP0 [J]    |          0 |         0 |         0 |         0 |         0 |         0 |         0 |         0 |         0 |         0 |           0 |           0 |           0 |           0 |           0 |           0 |           0 |           0 |
|     Power PP0 [W]    |          0 |         0 |         0 |         0 |         0 |         0 |         0 |         0 |         0 |         0 |           0 |           0 |           0 |           0 |           0 |           0 |           0 |           0 |
|    Energy DRAM [J]   |  6650.3652 |         0 |         0 |         0 |         0 |         0 |         0 |         0 |         0 |         0 |           0 |           0 |           0 |           0 |           0 |           0 |           0 |           0 |
|    Power DRAM [W]    |     6.5860 |         0 |         0 |         0 |         0 |         0 |         0 |         0 |         0 |         0 |           0 |           0 |           0 |           0 |           0 |           0 |           0 |           0 |
|  Energy PLATFORM [J] |          0 |         0 |         0 |         0 |         0 |         0 |         0 |         0 |         0 |         0 |           0 |           0 |           0 |           0 |           0 |           0 |           0 |           0 |
|  Power PLATFORM [W]  |          0 |         0 |         0 |         0 |         0 |         0 |         0 |         0 |         0 |         0 |           0 |           0 |           0 |           0 |           0 |           0 |           0 |           0 |
+----------------------+------------+-----------+-----------+-----------+-----------+-----------+-----------+-----------+-----------+-----------+-------------+-------------+-------------+-------------+-------------+-------------+-------------+-------------+

+---------------------------+------------+-----------+------------+-----------+-----------+-----------+-----------+
|           Metric          |     Sum    |    Min    |     Max    |    Avg    |  %ile 25  |  %ile 50  |  %ile 75  |
+---------------------------+------------+-----------+------------+-----------+-----------+-----------+-----------+
|  Runtime (RDTSC) [s] STAT | 18173.6180 | 1009.6100 |  1009.7680 | 1009.6454 | 1009.6300 | 1009.6350 | 1009.6490 |
| Runtime unhalted [s] STAT |  9040.9414 |  501.2192 |   502.4061 |  502.2745 |  502.3080 |  502.3573 |  502.3855 |
|      Clock [MHz] STAT     | 21548.7782 | 1197.0071 |  1197.1712 | 1197.1543 | 1197.1600 | 1197.1674 | 1197.1693 |
|  Uncore Clock [MHz] STAT  |  1554.1202 |         0 |  1554.1202 |   86.3400 |         0 |         0 |         0 |
|          CPI STAT         |     9.4674 |    0.4931 |     0.5553 |    0.5260 |    0.5172 |    0.5278 |    0.5350 |
|    Temperature [C] STAT   |        664 |        34 |         40 |   36.8889 |        36 |        37 |        38 |
|      Energy [J] STAT      | 92621.0421 |         0 | 92621.0421 | 5145.6135 |         0 |         0 |         0 |
|       Power [W] STAT      |    91.7251 |         0 |    91.7251 |    5.0958 |         0 |         0 |         0 |
|    Energy PP0 [J] STAT    |          0 |         0 |          0 |         0 |         0 |         0 |         0 |
|     Power PP0 [W] STAT    |          0 |         0 |          0 |         0 |         0 |         0 |         0 |
|    Energy DRAM [J] STAT   |  6650.3652 |         0 |  6650.3652 |  369.4647 |         0 |         0 |         0 |
|    Power DRAM [W] STAT    |     6.5860 |         0 |     6.5860 |    0.3659 |         0 |         0 |         0 |
|  Energy PLATFORM [J] STAT |          0 |         0 |          0 |         0 |         0 |         0 |         0 |
|  Power PLATFORM [W] STAT  |          0 |         0 |          0 |         0 |         0 |         0 |         0 |
+---------------------------+------------+-----------+------------+-----------+-----------+-----------+-----------+

