Group: 1
+-----------------------+---------+---------------+---------------+---------------+---------------+---------------+---------------+---------------+---------------+---------------+---------------+---------------+---------------+---------------+---------------+---------------+---------------+---------------+---------------+
|         Event         | Counter |   f0660:0:0   |   f0660:1:1   |   f0660:2:2   |   f0660:3:3   |   f0660:4:4   |   f0660:5:5   |   f0660:6:6   |   f0660:7:7   |   f0660:8:8   |   f0660:9:9   |  f0660:10:10  |  f0660:11:11  |  f0660:12:12  |  f0660:13:13  |  f0660:14:14  |  f0660:15:15  |  f0660:16:16  |  f0660:17:17  |
+-----------------------+---------+---------------+---------------+---------------+---------------+---------------+---------------+---------------+---------------+---------------+---------------+---------------+---------------+---------------+---------------+---------------+---------------+---------------+---------------+
|   INSTR_RETIRED_ANY   |  FIXC0  | 2307237681894 | 2218161421591 | 2217442225850 | 2207665784570 | 2194487903466 | 2204873330136 | 2098039295920 | 2102519345113 | 2127518981890 | 2216499659238 | 2187637342745 | 2378189180446 | 2420077410088 | 2264979131578 | 2244642739780 | 2327573664597 | 2261253367843 | 2068380924362 |
| CPU_CLK_UNHALTED_CORE |  FIXC1  | 1298246520164 | 1300070385386 | 1299129274949 | 1298938410285 | 1298098299296 | 1297332769755 | 1297522593390 | 1296181806601 | 1296809960442 | 1295207115034 | 1294308404126 | 1295896992012 | 1295036410531 | 1295337869447 | 1294977090960 | 1295637453501 | 1295257799351 | 1295295155601 |
|  CPU_CLK_UNHALTED_REF |  FIXC2  | 2077187837760 | 2080105431936 | 2078599909632 | 2078294904864 | 2076953315232 | 2075724988896 | 2076030832704 | 2073883812960 | 2074886332416 | 2072325344352 | 2070886302624 | 2073429951456 | 2072048918784 | 2072532017856 | 2071955255520 | 2073012133344 | 2072404003488 | 2072465343360 |
|     TOPDOWN_SLOTS     |  FIXC3  | 6491232600820 | 6500351926930 | 6495646374745 | 6494692051425 | 6490491496480 | 6486663848775 | 6487612966950 | 6480909033005 | 6484049802210 | 6476035575170 | 6471542020630 | 6479484960060 | 6475182052655 | 6476689347235 | 6474885454800 | 6478187267505 | 6476288996755 | 6476475778005 |
|       TEMP_CORE       |   TMP0  |            33 |            37 |            35 |            36 |            37 |            36 |            36 |            36 |            35 |            37 |            37 |            38 |            34 |            37 |            37 |            36 |            36 |            35 |
|     PWR_PKG_ENERGY    |   PWR0  |    81221.2760 |             0 |             0 |             0 |             0 |             0 |             0 |             0 |             0 |             0 |             0 |             0 |             0 |             0 |             0 |             0 |             0 |             0 |
|     PWR_PP0_ENERGY    |   PWR1  |             0 |             0 |             0 |             0 |             0 |             0 |             0 |             0 |             0 |             0 |             0 |             0 |             0 |             0 |             0 |             0 |             0 |             0 |
|    PWR_DRAM_ENERGY    |   PWR3  |     5957.6773 |             0 |             0 |             0 |             0 |             0 |             0 |             0 |             0 |             0 |             0 |             0 |             0 |             0 |             0 |             0 |             0 |             0 |
|  PWR_PLATFORM_ENERGY  |   PWR4  |             0 |             0 |             0 |             0 |             0 |             0 |             0 |             0 |             0 |             0 |             0 |             0 |             0 |             0 |             0 |             0 |             0 |             0 |
|   UNCORE_CLOCKTICKS   | UBOXFIX | 1306145283752 |             0 |             0 |             0 |             0 |             0 |             0 |             0 |             0 |             0 |             0 |             0 |             0 |             0 |             0 |             0 |             0 |             0 |
+-----------------------+---------+---------------+---------------+---------------+---------------+---------------+---------------+---------------+---------------+---------------+---------------+---------------+---------------+---------------+---------------+---------------+---------------+---------------+---------------+

+----------------------------+---------+-----------------+---------------+---------------+---------------+
|            Event           | Counter |       Sum       |      Min      |      Max      |      Avg      |
+----------------------------+---------+-----------------+---------------+---------------+---------------+
|   INSTR_RETIRED_ANY STAT   |  FIXC0  |  40047179391107 | 2068380924362 | 2420077410088 |  2.224843e+12 |
| CPU_CLK_UNHALTED_CORE STAT |  FIXC1  |  23339284310831 | 1294308404126 | 1300070385386 |  1.296627e+12 |
|  CPU_CLK_UNHALTED_REF STAT |  FIXC2  |  37342726637184 | 2070886302624 | 2080105431936 | 2074595924288 |
|     TOPDOWN_SLOTS STAT     |  FIXC3  | 116696421554155 | 6471542020630 | 6500351926930 |  6.483135e+12 |
|       TEMP_CORE STAT       |   TMP0  |             648 |            33 |            38 |            36 |
|     PWR_PKG_ENERGY STAT    |   PWR0  |      81221.2760 |             0 |    81221.2760 |     4512.2931 |
|     PWR_PP0_ENERGY STAT    |   PWR1  |               0 |             0 |             0 |             0 |
|    PWR_DRAM_ENERGY STAT    |   PWR3  |       5957.6773 |             0 |     5957.6773 |      330.9821 |
|  PWR_PLATFORM_ENERGY STAT  |   PWR4  |               0 |             0 |             0 |             0 |
|   UNCORE_CLOCKTICKS STAT   | UBOXFIX |   1306145283752 |             0 | 1306145283752 |  7.256363e+10 |
+----------------------------+---------+-----------------+---------------+---------------+---------------+

+----------------------+------------+-----------+-----------+-----------+-----------+-----------+-----------+-----------+-----------+-----------+-------------+-------------+-------------+-------------+-------------+-------------+-------------+-------------+
|        Metric        |  f0660:0:0 | f0660:1:1 | f0660:2:2 | f0660:3:3 | f0660:4:4 | f0660:5:5 | f0660:6:6 | f0660:7:7 | f0660:8:8 | f0660:9:9 | f0660:10:10 | f0660:11:11 | f0660:12:12 | f0660:13:13 | f0660:14:14 | f0660:15:15 | f0660:16:16 | f0660:17:17 |
+----------------------+------------+-----------+-----------+-----------+-----------+-----------+-----------+-----------+-----------+-----------+-------------+-------------+-------------+-------------+-------------+-------------+-------------+-------------+
|  Runtime (RDTSC) [s] |   874.3068 |  874.2842 |  874.2949 |  874.2873 |  874.2906 |  874.2834 |  874.2979 |  874.2872 |  874.2908 |  874.2970 |    874.2983 |    874.2924 |    874.2845 |    874.3580 |    874.2841 |    874.2854 |    874.2933 |    874.2871 |
| Runtime unhalted [s] |   542.2180 |  542.9793 |  542.5857 |  542.5065 |  542.1554 |  541.8354 |  541.9141 |  541.3557 |  541.6175 |  540.9481 |    540.5729 |    541.2360 |    540.8773 |    541.0437 |    540.8519 |    541.1278 |    540.9687 |    540.9841 |
|      Clock [MHz]     |  1496.4583 | 1496.4600 | 1496.4614 | 1496.4595 | 1496.4585 | 1496.4617 | 1496.4617 | 1496.4586 | 1496.4621 | 1496.4593 |   1496.4595 |   1496.4594 |   1496.4603 |   1496.3479 |   1496.4612 |   1496.4605 |   1496.4626 |   1496.4619 |
|  Uncore Clock [MHz]  |  1493.9210 |         0 |         0 |         0 |         0 |         0 |         0 |         0 |         0 |         0 |           0 |           0 |           0 |           0 |           0 |           0 |           0 |           0 |
|          CPI         |     0.5627 |    0.5861 |    0.5859 |    0.5884 |    0.5915 |    0.5884 |    0.6184 |    0.6165 |    0.6095 |    0.5843 |      0.5916 |      0.5449 |      0.5351 |      0.5719 |      0.5769 |      0.5566 |      0.5728 |      0.6262 |
|    Temperature [C]   |         33 |        37 |        35 |        36 |        37 |        36 |        36 |        36 |        35 |        37 |          37 |          38 |          34 |          37 |          37 |          36 |          36 |          35 |
|      Energy [J]      | 81221.2760 |         0 |         0 |         0 |         0 |         0 |         0 |         0 |         0 |         0 |           0 |           0 |           0 |           0 |           0 |           0 |           0 |           0 |
|       Power [W]      |    92.8979 |         0 |         0 |         0 |         0 |         0 |         0 |         0 |         0 |         0 |           0 |           0 |           0 |           0 |           0 |           0 |           0 |           0 |
|    Energy PP0 [J]    |          0 |         0 |         0 |         0 |         0 |         0 |         0 |         0 |         0 |         0 |           0 |           0 |           0 |           0 |           0 |           0 |           0 |           0 |
|     Power PP0 [W]    |          0 |         0 |         0 |         0 |         0 |         0 |         0 |         0 |         0 |         0 |           0 |           0 |           0 |           0 |           0 |           0 |           0 |           0 |
|    Energy DRAM [J]   |  5957.6773 |         0 |         0 |         0 |         0 |         0 |         0 |         0 |         0 |         0 |           0 |           0 |           0 |           0 |           0 |           0 |           0 |           0 |
|    Power DRAM [W]    |     6.8142 |         0 |         0 |         0 |         0 |         0 |         0 |         0 |         0 |         0 |           0 |           0 |           0 |           0 |           0 |           0 |           0 |           0 |
|  Energy PLATFORM [J] |          0 |         0 |         0 |         0 |         0 |         0 |         0 |         0 |         0 |         0 |           0 |           0 |           0 |           0 |           0 |           0 |           0 |           0 |
|  Power PLATFORM [W]  |          0 |         0 |         0 |         0 |         0 |         0 |         0 |         0 |         0 |         0 |           0 |           0 |           0 |           0 |           0 |           0 |           0 |           0 |
+----------------------+------------+-----------+-----------+-----------+-----------+-----------+-----------+-----------+-----------+-----------+-------------+-------------+-------------+-------------+-------------+-------------+-------------+-------------+

+---------------------------+------------+-----------+------------+-----------+-----------+-----------+-----------+
|           Metric          |     Sum    |    Min    |     Max    |    Avg    |  %ile 25  |  %ile 50  |  %ile 75  |
+---------------------------+------------+-----------+------------+-----------+-----------+-----------+-----------+
|  Runtime (RDTSC) [s] STAT | 15737.3032 |  874.2834 |   874.3580 |  874.2946 |  874.2854 |  874.2906 |  874.2970 |
| Runtime unhalted [s] STAT |  9747.7781 |  540.5729 |   542.9793 |  541.5432 |  540.9687 |  541.2360 |  542.1554 |
|      Clock [MHz] STAT     | 26936.1744 | 1496.3479 |  1496.4626 | 1496.4541 | 1496.4593 | 1496.4600 | 1496.4617 |
|  Uncore Clock [MHz] STAT  |  1493.9210 |         0 |  1493.9210 |   82.9956 |         0 |         0 |         0 |
|          CPI STAT         |    10.5077 |    0.5351 |     0.6262 |    0.5838 |    0.5719 |    0.5859 |    0.5916 |
|    Temperature [C] STAT   |        648 |        33 |         38 |        36 |        35 |        36 |        37 |
|      Energy [J] STAT      | 81221.2760 |         0 | 81221.2760 | 4512.2931 |         0 |         0 |         0 |
|       Power [W] STAT      |    92.8979 |         0 |    92.8979 |    5.1610 |         0 |         0 |         0 |
|    Energy PP0 [J] STAT    |          0 |         0 |          0 |         0 |         0 |         0 |         0 |
|     Power PP0 [W] STAT    |          0 |         0 |          0 |         0 |         0 |         0 |         0 |
|    Energy DRAM [J] STAT   |  5957.6773 |         0 |  5957.6773 |  330.9821 |         0 |         0 |         0 |
|    Power DRAM [W] STAT    |     6.8142 |         0 |     6.8142 |    0.3786 |         0 |         0 |         0 |
|  Energy PLATFORM [J] STAT |          0 |         0 |          0 |         0 |         0 |         0 |         0 |
|  Power PLATFORM [W] STAT  |          0 |         0 |          0 |         0 |         0 |         0 |         0 |
+---------------------------+------------+-----------+------------+-----------+-----------+-----------+-----------+

