Group: 1
+-----------------------+---------+---------------+---------------+---------------+---------------+---------------+---------------+---------------+---------------+---------------+---------------+---------------+---------------+---------------+---------------+---------------+---------------+---------------+---------------+
|         Event         | Counter |   f0404:0:0   |   f0404:1:1   |   f0404:2:2   |   f0404:3:3   |   f0404:4:4   |   f0404:5:5   |   f0404:6:6   |   f0404:7:7   |   f0404:8:8   |   f0404:9:9   |  f0404:10:10  |  f0404:11:11  |  f0404:12:12  |  f0404:13:13  |  f0404:14:14  |  f0404:15:15  |  f0404:16:16  |  f0404:17:17  |
+-----------------------+---------+---------------+---------------+---------------+---------------+---------------+---------------+---------------+---------------+---------------+---------------+---------------+---------------+---------------+---------------+---------------+---------------+---------------+---------------+
|   INSTR_RETIRED_ANY   |  FIXC0  | 2847180687456 | 2851800914351 | 2829029975098 | 2751373085448 | 2690857563844 | 2658037390964 | 2647832246433 | 2640806446187 | 2652059290460 | 2655927240085 | 2564412342177 | 2557041191158 | 2581014734991 | 2652238361046 | 2700515141885 | 2715604067322 | 2729535139253 | 2642044069467 |
| CPU_CLK_UNHALTED_CORE |  FIXC1  | 1493015925858 | 1495238847301 | 1495223061994 | 1495125856325 | 1495065770055 | 1495286513400 | 1495112452552 | 1494993214480 | 1494595005719 | 1495188309164 | 1495279570947 | 1495340663149 | 1493186270101 | 1495627331060 | 1495515695301 | 1495497203714 | 1495617586125 | 1495366571071 |
|  CPU_CLK_UNHALTED_REF |  FIXC2  | 1628755341312 | 1631178115296 | 1631160734112 | 1631053737888 | 1630988920512 | 1631230863840 | 1631040194976 | 1630910783328 | 1630476465792 | 1631121416160 | 1631221803264 | 1631288948736 | 1628938006464 | 1631602271040 | 1631481000960 | 1631461229760 | 1631590173888 | 1631318155584 |
|     TOPDOWN_SLOTS     |  FIXC3  | 7465079629290 | 7476194236505 | 7476115309970 | 7475629281625 | 7475328850275 | 7476432567000 | 7475562262760 | 7474966072400 | 7472975028595 | 7475941545820 | 7476397854735 | 7476703315745 | 7465931350505 | 7478136655300 | 7477578476505 | 7477486018570 | 7478087930625 | 7476832855355 |
|       TEMP_CORE       |   TMP0  |            37 |            39 |            39 |            38 |            38 |            39 |            40 |            39 |            39 |            34 |            35 |            38 |            38 |            36 |            38 |            37 |            37 |            36 |
|     PWR_PKG_ENERGY    |   PWR0  |    89783.4429 |             0 |             0 |             0 |             0 |             0 |             0 |             0 |             0 |             0 |             0 |             0 |             0 |             0 |             0 |             0 |             0 |             0 |
|     PWR_PP0_ENERGY    |   PWR1  |             0 |             0 |             0 |             0 |             0 |             0 |             0 |             0 |             0 |             0 |             0 |             0 |             0 |             0 |             0 |             0 |             0 |             0 |
|    PWR_DRAM_ENERGY    |   PWR3  |     5548.3416 |             0 |             0 |             0 |             0 |             0 |             0 |             0 |             0 |             0 |             0 |             0 |             0 |             0 |             0 |             0 |             0 |             0 |
|  PWR_PLATFORM_ENERGY  |   PWR4  |             0 |             0 |             0 |             0 |             0 |             0 |             0 |             0 |             0 |             0 |             0 |             0 |             0 |             0 |             0 |             0 |             0 |             0 |
|   UNCORE_CLOCKTICKS   | UBOXFIX | 1090540430246 |             0 |             0 |             0 |             0 |             0 |             0 |             0 |             0 |             0 |             0 |             0 |             0 |             0 |             0 |             0 |             0 |             0 |
+-----------------------+---------+---------------+---------------+---------------+---------------+---------------+---------------+---------------+---------------+---------------+---------------+---------------+---------------+---------------+---------------+---------------+---------------+---------------+---------------+

+----------------------------+---------+-----------------+---------------+---------------+---------------+
|            Event           | Counter |       Sum       |      Min      |      Max      |      Avg      |
+----------------------------+---------+-----------------+---------------+---------------+---------------+
|   INSTR_RETIRED_ANY STAT   |  FIXC0  |  48367309887625 | 2557041191158 | 2851800914351 |  2.687073e+12 |
| CPU_CLK_UNHALTED_CORE STAT |  FIXC1  |  26910275848316 | 1493015925858 | 1495627331060 |  1.495015e+12 |
|  CPU_CLK_UNHALTED_REF STAT |  FIXC2  |  29356818162912 | 1628755341312 | 1631602271040 | 1630934342384 |
|     TOPDOWN_SLOTS STAT     |  FIXC3  | 134551379241580 | 7465079629290 | 7478136655300 |  7.475077e+12 |
|       TEMP_CORE STAT       |   TMP0  |             677 |            34 |            40 |       37.6111 |
|     PWR_PKG_ENERGY STAT    |   PWR0  |      89783.4429 |             0 |    89783.4429 |     4987.9690 |
|     PWR_PP0_ENERGY STAT    |   PWR1  |               0 |             0 |             0 |             0 |
|    PWR_DRAM_ENERGY STAT    |   PWR3  |       5548.3416 |             0 |     5548.3416 |      308.2412 |
|  PWR_PLATFORM_ENERGY STAT  |   PWR4  |               0 |             0 |             0 |             0 |
|   UNCORE_CLOCKTICKS STAT   | UBOXFIX |   1090540430246 |             0 | 1090540430246 |  6.058558e+10 |
+----------------------------+---------+-----------------+---------------+---------------+---------------+

+----------------------+------------+-----------+-----------+-----------+-----------+-----------+-----------+-----------+-----------+-----------+-------------+-------------+-------------+-------------+-------------+-------------+-------------+-------------+
|        Metric        |  f0404:0:0 | f0404:1:1 | f0404:2:2 | f0404:3:3 | f0404:4:4 | f0404:5:5 | f0404:6:6 | f0404:7:7 | f0404:8:8 | f0404:9:9 | f0404:10:10 | f0404:11:11 | f0404:12:12 | f0404:13:13 | f0404:14:14 | f0404:15:15 | f0404:16:16 | f0404:17:17 |
+----------------------+------------+-----------+-----------+-----------+-----------+-----------+-----------+-----------+-----------+-----------+-------------+-------------+-------------+-------------+-------------+-------------+-------------+-------------+
|  Runtime (RDTSC) [s] |   684.4107 |  684.4096 |  684.4420 |  684.4008 |  684.4125 |  684.4113 |  684.4015 |  684.4000 |  684.4086 |  684.3979 |    684.4644 |    684.4019 |    684.4065 |    684.4074 |    684.3934 |    684.4019 |    684.4030 |    684.3971 |
| Runtime unhalted [s] |   623.5618 |  624.4895 |  624.5238 |  624.4443 |  624.4186 |  624.5205 |  624.4394 |  624.3861 |  624.2206 |  624.4691 |    624.5558 |    624.5318 |    623.6326 |    624.6527 |    624.6066 |    624.5987 |    624.6486 |    624.5425 |
|      Clock [MHz]     |  2194.7929 | 2194.7982 | 2194.6548 | 2194.7929 | 2194.7940 | 2194.7583 | 2194.7891 | 2194.8001 | 2194.7975 | 2194.7981 |   2194.6262 |   2194.7993 |   2194.7981 |   2194.7945 |   2194.7921 |   2194.7920 |   2194.7964 |   2194.7986 |
|  Uncore Clock [MHz]  |  1593.4006 |         0 |         0 |         0 |         0 |         0 |         0 |         0 |         0 |         0 |           0 |           0 |           0 |           0 |           0 |           0 |           0 |           0 |
|          CPI         |     0.5244 |    0.5243 |    0.5285 |    0.5434 |    0.5556 |    0.5626 |    0.5647 |    0.5661 |    0.5636 |    0.5630 |      0.5831 |      0.5848 |      0.5785 |      0.5639 |      0.5538 |      0.5507 |      0.5479 |      0.5660 |
|    Temperature [C]   |         37 |        39 |        39 |        38 |        38 |        39 |        40 |        39 |        39 |        34 |          35 |          38 |          38 |          36 |          38 |          37 |          37 |          36 |
|      Energy [J]      | 89783.4429 |         0 |         0 |         0 |         0 |         0 |         0 |         0 |         0 |         0 |           0 |           0 |           0 |           0 |           0 |           0 |           0 |           0 |
|       Power [W]      |   131.1836 |         0 |         0 |         0 |         0 |         0 |         0 |         0 |         0 |         0 |           0 |           0 |           0 |           0 |           0 |           0 |           0 |           0 |
|    Energy PP0 [J]    |          0 |         0 |         0 |         0 |         0 |         0 |         0 |         0 |         0 |         0 |           0 |           0 |           0 |           0 |           0 |           0 |           0 |           0 |
|     Power PP0 [W]    |          0 |         0 |         0 |         0 |         0 |         0 |         0 |         0 |         0 |         0 |           0 |           0 |           0 |           0 |           0 |           0 |           0 |           0 |
|    Energy DRAM [J]   |  5548.3416 |         0 |         0 |         0 |         0 |         0 |         0 |         0 |         0 |         0 |           0 |           0 |           0 |           0 |           0 |           0 |           0 |           0 |
|    Power DRAM [W]    |     8.1067 |         0 |         0 |         0 |         0 |         0 |         0 |         0 |         0 |         0 |           0 |           0 |           0 |           0 |           0 |           0 |           0 |           0 |
|  Energy PLATFORM [J] |          0 |         0 |         0 |         0 |         0 |         0 |         0 |         0 |         0 |         0 |           0 |           0 |           0 |           0 |           0 |           0 |           0 |           0 |
|  Power PLATFORM [W]  |          0 |         0 |         0 |         0 |         0 |         0 |         0 |         0 |         0 |         0 |           0 |           0 |           0 |           0 |           0 |           0 |           0 |           0 |
+----------------------+------------+-----------+-----------+-----------+-----------+-----------+-----------+-----------+-----------+-----------+-------------+-------------+-------------+-------------+-------------+-------------+-------------+-------------+

+---------------------------+------------+-----------+------------+-----------+-----------+-----------+-----------+
|           Metric          |     Sum    |    Min    |     Max    |    Avg    |  %ile 25  |  %ile 50  |  %ile 75  |
+---------------------------+------------+-----------+------------+-----------+-----------+-----------+-----------+
|  Runtime (RDTSC) [s] STAT | 12319.3705 |  684.3934 |   684.4644 |  684.4095 |  684.4008 |  684.4030 |  684.4107 |
| Runtime unhalted [s] STAT | 11239.2430 |  623.5618 |   624.6527 |  624.4024 |  624.4186 |  624.4895 |  624.5558 |
|      Clock [MHz] STAT     | 39505.9731 | 2194.6262 |  2194.8001 | 2194.7763 | 2194.7920 | 2194.7940 | 2194.7981 |
|  Uncore Clock [MHz] STAT  |  1593.4006 |         0 |  1593.4006 |   88.5223 |         0 |         0 |         0 |
|          CPI STAT         |    10.0249 |    0.5243 |     0.5848 |    0.5569 |    0.5479 |    0.5626 |    0.5660 |
|    Temperature [C] STAT   |        677 |        34 |         40 |   37.6111 |        37 |        38 |        39 |
|      Energy [J] STAT      | 89783.4429 |         0 | 89783.4429 | 4987.9690 |         0 |         0 |         0 |
|       Power [W] STAT      |   131.1836 |         0 |   131.1836 |    7.2880 |         0 |         0 |         0 |
|    Energy PP0 [J] STAT    |          0 |         0 |          0 |         0 |         0 |         0 |         0 |
|     Power PP0 [W] STAT    |          0 |         0 |          0 |         0 |         0 |         0 |         0 |
|    Energy DRAM [J] STAT   |  5548.3416 |         0 |  5548.3416 |  308.2412 |         0 |         0 |         0 |
|    Power DRAM [W] STAT    |     8.1067 |         0 |     8.1067 |    0.4504 |         0 |         0 |         0 |
|  Energy PLATFORM [J] STAT |          0 |         0 |          0 |         0 |         0 |         0 |         0 |
|  Power PLATFORM [W] STAT  |          0 |         0 |          0 |         0 |         0 |         0 |         0 |
+---------------------------+------------+-----------+------------+-----------+-----------+-----------+-----------+

