
          -------------------------------------------------------
          Amber 20 PMEMD                              2020
          -------------------------------------------------------

| PMEMD implementation of SANDER, Release 18

|  Compiled date/time: Fri Dec 17 14:50:05 2021
| Run on 12/23/2021 at 13:18:36

|   Executable path: pmemd.MPI
| Working directory: /home/titan/unrz/unrz007h/benchmark_fritz/AMBER/3-20p12-at21p11-ompi-intel/n001/233
|          Hostname: f0436

  [-O]verwriting output

File Assignments:
|   MDIN: ../jac.mdin                                                           
|  MDOUT: jac.output                                                            
| INPCRD: ../jac.inpcrd                                                         
|   PARM: ../jac.prmtop                                                         
| RESTRT: restrt                                                                
|   REFC: refc                                                                  
|  MDVEL: mdvel                                                                 
|   MDEN: mden                                                                  
|  MDCRD: mdcrd                                                                 
| MDINFO: mdinfo                                                                
|LOGFILE: logfile                                                               
|  MDFRC: mdfrc                                                                 

 
 Here is the input file:
 
 this is the "jac production nve" simulation from the Amber web site           
 &cntrl                                                                        
   ntx=7, irest=1,                                                             
   ntc=2, ntf=2, tol=0.000001,                                                 
   nstlim=50000,                                                               
   ntpr=1000, ntwx=1000,                                                       
   ntwr=10000,                                                                 
   dt=0.002, vlimit=10.0,                                                      
   cut=8.,                                                                     
   ntt=0, ioutfm=1,                                                            
 /                                                                             
 &ewald                                                                        
  dsum_tol=0.000001,                                                           
 /                                                                             
                                                                               


Note: ig = -1. Setting random seed to   952870 based on wallclock time in
      microseconds and disabling the synchronization of random numbers 
      between tasks to improve performance.
| irandom = 1, using AMBER's internal random number generator (default).
 
 
| Conditional Compilation Defines Used:
| MPI
| FFTW_FFT
| BINTRAJ
| MKL
| EMIL
 
| Largest sphere to fit in unit cell has radius =    31.115

|  INFO: Old style PARM file read


| Note: 1-4 EEL scale factors were NOT found in the topology file.
|       Using default value of 1.2.

| Note: 1-4 VDW scale factors were NOT found in the topology file.
|       Using default value of 2.0.
| Duplicated    0 dihedrals

| Duplicated    0 dihedrals

--------------------------------------------------------------------------------
   1.  RESOURCE   USE: 
--------------------------------------------------------------------------------

 getting new box info from bottom of inpcrd
 NATOM  =   23558 NTYPES =      16 NBONH =   22290 MBONA  =    1302
 NTHETH =    2789 MTHETA =    1772 NPHIH =    5026 MPHIA  =    3140
 NHPARM =       0 NPARM  =       0 NNB   =   41859 NRES   =    7182
 NBONA  =    1302 NTHETA =    1772 NPHIA =    3140 NUMBND =      45
 NUMANG =      91 NPTRA  =      33 NATYP =      31 NPHB   =       1
 IFBOX  =       1 NMXRS  =      25 IFCAP =       0 NEXTRA =       0
 NCOPY  =       0

| Coordinate Index Table dimensions:    12   12   12
| Direct force subcell size =     5.1858    5.1858    5.1858

     BOX TYPE: RECTILINEAR

--------------------------------------------------------------------------------
   2.  CONTROL  DATA  FOR  THE  RUN
--------------------------------------------------------------------------------

                                                                                

General flags:
     imin    =       0, nmropt  =       0

Nature and format of input:
     ntx     =       7, irest   =       1, ntrx    =       1

Nature and format of output:
     ntxo    =       2, ntpr    =    1000, ntrx    =       1, ntwr    =   10000
     iwrap   =       0, ntwx    =    1000, ntwv    =       0, ntwe    =       0
     ioutfm  =       1, ntwprt  =       0, idecomp =       0, rbornstat=      0

Potential function:
     ntf     =       2, ntb     =       1, igb     =       0, nsnb    =      25
     ipol    =       0, gbsa    =       0, iesp    =       0
     dielc   =   1.00000, cut     =   8.00000, intdiel =   1.00000

Frozen or restrained atoms:
     ibelly  =       0, ntr     =       0

Molecular dynamics:
     nstlim  =     50000, nscm    =      1000, nrespa  =         1
     t       =   0.00000, dt      =   0.00200, vlimit  =  10.00000

SHAKE:
     ntc     =       2, jfastw  =       0
     tol     =   0.00000

| Intermolecular bonds treatment:
|     no_intermolecular_bonds =       1

| Energy averages sample interval:
|     ene_avg_sampling =    1000

Ewald parameters:
     verbose =       0, ew_type =       0, nbflag  =       1, use_pme =       1
     vdwmeth =       1, eedmeth =       1, netfrc  =       1
     Box X =   62.230   Box Y =   62.230   Box Z =   62.230
     Alpha =   90.000   Beta  =   90.000   Gamma =   90.000
     NFFT1 =   64       NFFT2 =   64       NFFT3 =   64
     Cutoff=    8.000   Tol   =0.100E-05
     Ewald Coefficient =  0.39467
     Interpolation order =    4

| PMEMD ewald parallel performance parameters:
|     block_fft =    1
|     fft_blk_y_divisor =    4
|     excl_recip =    0
|     excl_master =    0
|     atm_redist_freq =  320

--------------------------------------------------------------------------------
   3.  ATOMIC COORDINATES AND VELOCITIES
--------------------------------------------------------------------------------

                                                                                
 begin time read from input coords =     6.000 ps

 
 Number of triangulated 3-point waters found:     7023

     Sum of charges from parm topology file = -11.00000006
     Assuming uniform neutralizing plasma

| Dynamic Memory, Types Used:
| Reals             1017166
| Integers           991970

| Nonbonded Pairs Initial Allocation:      149200

| Running AMBER/MPI version on   72 MPI task

 
--------------------------------------------------------------------------------
   4.  RESULTS
--------------------------------------------------------------------------------

 ---------------------------------------------------
 APPROXIMATING switch and d/dx switch using CUBIC SPLINE INTERPOLATION
 using   5000.0 points per unit in tabled values
 TESTING RELATIVE ERROR over r ranging from 0.0 to cutoff
| CHECK switch(x): max rel err =   0.3316E-14   at   2.351880
| CHECK d/dx switch(x): max rel err =   0.8789E-11   at   2.875760
 ---------------------------------------------------
|---------------------------------------------------
| APPROXIMATING direct energy using CUBIC SPLINE INTERPOLATION
|  with   50.0 points per unit in tabled values
| Relative Error Limit not exceeded for r .gt.   2.52
| APPROXIMATING direct force using CUBIC SPLINE INTERPOLATION
|  with   50.0 points per unit in tabled values
| Relative Error Limit not exceeded for r .gt.   2.92
|---------------------------------------------------
check COM velocity, temp:        0.003907     0.02(Removed)

 NSTEP =     1000   TIME(PS) =       8.000  TEMP(K) =   297.85  PRESS =     0.0
 Etot   =    -58137.0626  EKtot   =     14317.9884  EPtot      =    -72455.0510
 BOND   =       440.6633  ANGLE   =      1165.0005  DIHED      =       976.6131
 1-4 NB =       560.7333  1-4 EEL =      6601.2439  VDWAALS    =      8256.1106
 EELEC  =    -90455.4157  EHBOND  =         0.0000  RESTRAINT  =         0.0000
 Ewald error estimate:   0.2871E-04
 ------------------------------------------------------------------------------

check COM velocity, temp:        0.000000     0.00(Removed)

 NSTEP =     2000   TIME(PS) =      10.000  TEMP(K) =   297.42  PRESS =     0.0
 Etot   =    -58140.1494  EKtot   =     14297.1786  EPtot      =    -72437.3279
 BOND   =       414.8580  ANGLE   =      1215.6246  DIHED      =      1017.8806
 1-4 NB =       553.6158  1-4 EEL =      6605.3032  VDWAALS    =      8464.7211
 EELEC  =    -90709.3314  EHBOND  =         0.0000  RESTRAINT  =         0.0000
 Ewald error estimate:   0.1953E-04
 ------------------------------------------------------------------------------

check COM velocity, temp:        0.000000     0.00(Removed)

 NSTEP =     3000   TIME(PS) =      12.000  TEMP(K) =   298.75  PRESS =     0.0
 Etot   =    -58142.2115  EKtot   =     14361.3817  EPtot      =    -72503.5932
 BOND   =       435.3751  ANGLE   =      1247.2350  DIHED      =       988.8682
 1-4 NB =       539.7120  1-4 EEL =      6574.6980  VDWAALS    =      8301.6816
 EELEC  =    -90591.1631  EHBOND  =         0.0000  RESTRAINT  =         0.0000
 Ewald error estimate:   0.5891E-04
 ------------------------------------------------------------------------------

check COM velocity, temp:        0.000000     0.00(Removed)

 NSTEP =     4000   TIME(PS) =      14.000  TEMP(K) =   295.87  PRESS =     0.0
 Etot   =    -58139.2041  EKtot   =     14222.6263  EPtot      =    -72361.8304
 BOND   =       440.6744  ANGLE   =      1225.1615  DIHED      =       969.4475
 1-4 NB =       549.4581  1-4 EEL =      6602.9055  VDWAALS    =      8465.7916
 EELEC  =    -90615.2690  EHBOND  =         0.0000  RESTRAINT  =         0.0000
 Ewald error estimate:   0.3856E-04
 ------------------------------------------------------------------------------

check COM velocity, temp:        0.000000     0.00(Removed)

 NSTEP =     5000   TIME(PS) =      16.000  TEMP(K) =   298.99  PRESS =     0.0
 Etot   =    -58141.7072  EKtot   =     14372.8020  EPtot      =    -72514.5092
 BOND   =       442.6541  ANGLE   =      1222.1838  DIHED      =       976.2406
 1-4 NB =       543.4840  1-4 EEL =      6629.2593  VDWAALS    =      8423.8063
 EELEC  =    -90752.1374  EHBOND  =         0.0000  RESTRAINT  =         0.0000
 Ewald error estimate:   0.1347E-04
 ------------------------------------------------------------------------------

