Group: 1
+-----------------------+---------+---------------+---------------+---------------+---------------+---------------+---------------+---------------+---------------+---------------+---------------+---------------+---------------+---------------+---------------+---------------+---------------+---------------+---------------+
|         Event         | Counter |   f0660:0:0   |   f0660:1:1   |   f0660:2:2   |   f0660:3:3   |   f0660:4:4   |   f0660:5:5   |   f0660:6:6   |   f0660:7:7   |   f0660:8:8   |   f0660:9:9   |  f0660:10:10  |  f0660:11:11  |  f0660:12:12  |  f0660:13:13  |  f0660:14:14  |  f0660:15:15  |  f0660:16:16  |  f0660:17:17  |
+-----------------------+---------+---------------+---------------+---------------+---------------+---------------+---------------+---------------+---------------+---------------+---------------+---------------+---------------+---------------+---------------+---------------+---------------+---------------+---------------+
|   INSTR_RETIRED_ANY   |  FIXC0  | 2312461976738 | 2248193406890 | 2249380424572 | 2246739890191 | 2230249303163 | 2226193454260 | 2136109423335 | 2126112506909 | 2203356248353 | 2252441682694 | 2226158962920 | 2420238711475 | 2462030987265 | 2295833714409 | 2287598718161 | 2368693259027 | 2301537320430 | 2087627983548 |
| CPU_CLK_UNHALTED_CORE |  FIXC1  | 1368665074688 | 1381054361228 | 1380222194220 | 1380314233447 | 1379012967460 | 1378330660031 | 1378561467958 | 1377159321820 | 1378174177312 | 1376269744566 | 1375907588257 | 1377310874900 | 1376271451067 | 1376701802836 | 1376324471350 | 1376726787866 | 1376253128626 | 1376469723386 |
|  CPU_CLK_UNHALTED_REF |  FIXC2  | 1313920591104 | 1325810779488 | 1325016954240 | 1325100515040 | 1323851699520 | 1323195584160 | 1323419706336 | 1322071009344 | 1323049853760 | 1321218147648 | 1320870499296 | 1322216332800 | 1321219042176 | 1321634477184 | 1321270833984 | 1321658054592 | 1321202862144 | 1321409894592 |
|     TOPDOWN_SLOTS     |  FIXC3  | 6843325373440 | 6905271806140 | 6901110971100 | 6901571167235 | 6895064837300 | 6891653300155 | 6892807339790 | 6885796609100 | 6890870886560 | 6881348722830 | 6879537941285 | 6886554374500 | 6881357255335 | 6883509014180 | 6881622356750 | 6883633939330 | 6881265643130 | 6882348616930 |
|       TEMP_CORE       |   TMP0  |            41 |            44 |            42 |            43 |            45 |            43 |            44 |            43 |            44 |            46 |            43 |            46 |            43 |            44 |            44 |            43 |            43 |            41 |
|     PWR_PKG_ENERGY    |   PWR0  |    89298.4885 |             0 |             0 |             0 |             0 |             0 |             0 |             0 |             0 |             0 |             0 |             0 |             0 |             0 |             0 |             0 |             0 |             0 |
|     PWR_PP0_ENERGY    |   PWR1  |             0 |             0 |             0 |             0 |             0 |             0 |             0 |             0 |             0 |             0 |             0 |             0 |             0 |             0 |             0 |             0 |             0 |             0 |
|    PWR_DRAM_ENERGY    |   PWR3  |     5823.6278 |             0 |             0 |             0 |             0 |             0 |             0 |             0 |             0 |             0 |             0 |             0 |             0 |             0 |             0 |             0 |             0 |             0 |
|  PWR_PLATFORM_ENERGY  |   PWR4  |             0 |             0 |             0 |             0 |             0 |             0 |             0 |             0 |             0 |             0 |             0 |             0 |             0 |             0 |             0 |             0 |             0 |             0 |
|   UNCORE_CLOCKTICKS   | UBOXFIX | 1222659450511 |             0 |             0 |             0 |             0 |             0 |             0 |             0 |             0 |             0 |             0 |             0 |             0 |             0 |             0 |             0 |             0 |             0 |
+-----------------------+---------+---------------+---------------+---------------+---------------+---------------+---------------+---------------+---------------+---------------+---------------+---------------+---------------+---------------+---------------+---------------+---------------+---------------+---------------+

+----------------------------+---------+-----------------+---------------+---------------+--------------+
|            Event           | Counter |       Sum       |      Min      |      Max      |      Avg     |
+----------------------------+---------+-----------------+---------------+---------------+--------------+
|   INSTR_RETIRED_ANY STAT   |  FIXC0  |  40680957974340 | 2087627983548 | 2462030987265 | 2.260053e+12 |
| CPU_CLK_UNHALTED_CORE STAT |  FIXC1  |  24789730031018 | 1368665074688 | 1381054361228 | 1.377207e+12 |
|  CPU_CLK_UNHALTED_REF STAT |  FIXC2  |  23798136837408 | 1313920591104 | 1325810779488 | 1.322119e+12 |
|     TOPDOWN_SLOTS STAT     |  FIXC3  | 123948650155090 | 6843325373440 | 6905271806140 | 6.886036e+12 |
|       TEMP_CORE STAT       |   TMP0  |             782 |            41 |            46 |      43.4444 |
|     PWR_PKG_ENERGY STAT    |   PWR0  |      89298.4885 |             0 |    89298.4885 |    4961.0271 |
|     PWR_PP0_ENERGY STAT    |   PWR1  |               0 |             0 |             0 |            0 |
|    PWR_DRAM_ENERGY STAT    |   PWR3  |       5823.6278 |             0 |     5823.6278 |     323.5349 |
|  PWR_PLATFORM_ENERGY STAT  |   PWR4  |               0 |             0 |             0 |            0 |
|   UNCORE_CLOCKTICKS STAT   | UBOXFIX |   1222659450511 |             0 | 1222659450511 | 6.792553e+10 |
+----------------------------+---------+-----------------+---------------+---------------+--------------+

+----------------------+------------+-----------+-----------+-----------+-----------+-----------+-----------+-----------+-----------+-----------+-------------+-------------+-------------+-------------+-------------+-------------+-------------+-------------+
|        Metric        |  f0660:0:0 | f0660:1:1 | f0660:2:2 | f0660:3:3 | f0660:4:4 | f0660:5:5 | f0660:6:6 | f0660:7:7 | f0660:8:8 | f0660:9:9 | f0660:10:10 | f0660:11:11 | f0660:12:12 | f0660:13:13 | f0660:14:14 | f0660:15:15 | f0660:16:16 | f0660:17:17 |
+----------------------+------------+-----------+-----------+-----------+-----------+-----------+-----------+-----------+-----------+-----------+-------------+-------------+-------------+-------------+-------------+-------------+-------------+-------------+
|  Runtime (RDTSC) [s] |   557.2914 |  557.2609 |  557.2823 |  557.2731 |  557.2661 |  557.2537 |  557.2758 |  557.2582 |  557.2564 |  557.2655 |    557.2740 |    557.2551 |    557.2667 |    557.3159 |    557.2968 |    557.2587 |    557.2704 |    557.2757 |
| Runtime unhalted [s] |   571.6355 |  576.8023 |  576.4718 |  576.4999 |  575.9499 |  575.6645 |  575.7612 |  575.1759 |  575.6004 |  574.8038 |    574.6612 |    575.2384 |    574.8050 |    575.0326 |    574.8572 |    574.9978 |    574.7975 |    574.8966 |
|      Clock [MHz]     |  2494.0551 | 2494.0952 | 2494.0116 | 2494.0657 | 2494.0930 | 2494.0971 | 2494.0909 | 2494.0946 | 2494.0832 | 2494.0950 |   2494.0574 |   2494.0985 |   2494.0943 |   2493.8821 |   2493.9622 |   2494.0793 |   2494.0908 |   2494.0551 |
|  Uncore Clock [MHz]  |  2193.9320 |         0 |         0 |         0 |         0 |         0 |         0 |         0 |         0 |         0 |           0 |           0 |           0 |           0 |           0 |           0 |           0 |           0 |
|          CPI         |     0.5919 |    0.6143 |    0.6136 |    0.6144 |    0.6183 |    0.6191 |    0.6454 |    0.6477 |    0.6255 |    0.6110 |      0.6181 |      0.5691 |      0.5590 |      0.5997 |      0.6016 |      0.5812 |      0.5980 |      0.6593 |
|    Temperature [C]   |         41 |        44 |        42 |        43 |        45 |        43 |        44 |        43 |        44 |        46 |          43 |          46 |          43 |          44 |          44 |          43 |          43 |          41 |
|      Energy [J]      | 89298.4885 |         0 |         0 |         0 |         0 |         0 |         0 |         0 |         0 |         0 |           0 |           0 |           0 |           0 |           0 |           0 |           0 |           0 |
|       Power [W]      |   160.2366 |         0 |         0 |         0 |         0 |         0 |         0 |         0 |         0 |         0 |           0 |           0 |           0 |           0 |           0 |           0 |           0 |           0 |
|    Energy PP0 [J]    |          0 |         0 |         0 |         0 |         0 |         0 |         0 |         0 |         0 |         0 |           0 |           0 |           0 |           0 |           0 |           0 |           0 |           0 |
|     Power PP0 [W]    |          0 |         0 |         0 |         0 |         0 |         0 |         0 |         0 |         0 |         0 |           0 |           0 |           0 |           0 |           0 |           0 |           0 |           0 |
|    Energy DRAM [J]   |  5823.6278 |         0 |         0 |         0 |         0 |         0 |         0 |         0 |         0 |         0 |           0 |           0 |           0 |           0 |           0 |           0 |           0 |           0 |
|    Power DRAM [W]    |    10.4499 |         0 |         0 |         0 |         0 |         0 |         0 |         0 |         0 |         0 |           0 |           0 |           0 |           0 |           0 |           0 |           0 |           0 |
|  Energy PLATFORM [J] |          0 |         0 |         0 |         0 |         0 |         0 |         0 |         0 |         0 |         0 |           0 |           0 |           0 |           0 |           0 |           0 |           0 |           0 |
|  Power PLATFORM [W]  |          0 |         0 |         0 |         0 |         0 |         0 |         0 |         0 |         0 |         0 |           0 |           0 |           0 |           0 |           0 |           0 |           0 |           0 |
+----------------------+------------+-----------+-----------+-----------+-----------+-----------+-----------+-----------+-----------+-----------+-------------+-------------+-------------+-------------+-------------+-------------+-------------+-------------+

+---------------------------+------------+-----------+------------+-----------+-----------+-----------+-----------+
|           Metric          |     Sum    |    Min    |     Max    |    Avg    |  %ile 25  |  %ile 50  |  %ile 75  |
+---------------------------+------------+-----------+------------+-----------+-----------+-----------+-----------+
|  Runtime (RDTSC) [s] STAT | 10030.8967 |  557.2537 |   557.3159 |  557.2720 |  557.2587 |  557.2667 |  557.2758 |
| Runtime unhalted [s] STAT | 10353.6515 |  571.6355 |   576.8023 |  575.2029 |  574.8050 |  575.0326 |  575.7612 |
|      Clock [MHz] STAT     | 44893.1011 | 2493.8821 |  2494.0985 | 2494.0612 | 2494.0551 | 2494.0832 | 2494.0946 |
|  Uncore Clock [MHz] STAT  |  2193.9320 |         0 |  2193.9320 |  121.8851 |         0 |         0 |         0 |
|          CPI STAT         |    10.9872 |    0.5590 |     0.6593 |    0.6104 |    0.5980 |    0.6136 |    0.6191 |
|    Temperature [C] STAT   |        782 |        41 |         46 |   43.4444 |        43 |        43 |        44 |
|      Energy [J] STAT      | 89298.4885 |         0 | 89298.4885 | 4961.0271 |         0 |         0 |         0 |
|       Power [W] STAT      |   160.2366 |         0 |   160.2366 |    8.9020 |         0 |         0 |         0 |
|    Energy PP0 [J] STAT    |          0 |         0 |          0 |         0 |         0 |         0 |         0 |
|     Power PP0 [W] STAT    |          0 |         0 |          0 |         0 |         0 |         0 |         0 |
|    Energy DRAM [J] STAT   |  5823.6278 |         0 |  5823.6278 |  323.5349 |         0 |         0 |         0 |
|    Power DRAM [W] STAT    |    10.4499 |         0 |    10.4499 |    0.5806 |         0 |         0 |         0 |
|  Energy PLATFORM [J] STAT |          0 |         0 |          0 |         0 |         0 |         0 |         0 |
|  Power PLATFORM [W] STAT  |          0 |         0 |          0 |         0 |         0 |         0 |         0 |
+---------------------------+------------+-----------+------------+-----------+-----------+-----------+-----------+

