Group: 1
+-----------------------+---------+---------------+---------------+---------------+---------------+---------------+---------------+---------------+---------------+---------------+---------------+---------------+---------------+---------------+---------------+---------------+---------------+---------------+---------------+
|         Event         | Counter |   f0404:0:0   |   f0404:1:1   |   f0404:2:2   |   f0404:3:3   |   f0404:4:4   |   f0404:5:5   |   f0404:6:6   |   f0404:7:7   |   f0404:8:8   |   f0404:9:9   |  f0404:10:10  |  f0404:11:11  |  f0404:12:12  |  f0404:13:13  |  f0404:14:14  |  f0404:15:15  |  f0404:16:16  |  f0404:17:17  |
+-----------------------+---------+---------------+---------------+---------------+---------------+---------------+---------------+---------------+---------------+---------------+---------------+---------------+---------------+---------------+---------------+---------------+---------------+---------------+---------------+
|   INSTR_RETIRED_ANY   |  FIXC0  | 2844147605299 | 2849822677805 | 2830757795107 | 2751525586904 | 2687424221483 | 2671297004831 | 2655768641014 | 2649890524548 | 2665674719598 | 2657804306669 | 2555346117159 | 2560196633312 | 2589345871559 | 2646700937577 | 2702106733949 | 2722018558695 | 2738253947319 | 2640811132861 |
| CPU_CLK_UNHALTED_CORE |  FIXC1  | 1452333000700 | 1453942224095 | 1454589611393 | 1454568354862 | 1454422067824 | 1454466926952 | 1454431360501 | 1454360206626 | 1454536922526 | 1454567855884 | 1454575424208 | 1454560594319 | 1452234951566 | 1454580681551 | 1454347587533 | 1454437837795 | 1454417764409 | 1454400604218 |
|  CPU_CLK_UNHALTED_REF |  FIXC2  | 1834543642752 | 1836576722592 | 1837394395392 | 1837367350944 | 1837182219744 | 1837229080320 | 1837193961600 | 1837102541088 | 1837326717312 | 1837365748512 | 1837374278880 | 1837358136480 | 1834417592448 | 1837381968096 | 1837088865600 | 1837202976672 | 1837176374784 | 1837155168096 |
|     TOPDOWN_SLOTS     |  FIXC3  | 7261665003500 | 7269711120475 | 7272948056965 | 7272841774310 | 7272110339120 | 7272334634760 | 7272156802505 | 7271801033130 | 7272684612630 | 7272839279420 | 7272877121040 | 7272802971595 | 7261174757830 | 7272903407755 | 7271737937665 | 7272189188975 | 7272088822045 | 7272003021090 |
|       TEMP_CORE       |   TMP0  |            35 |            37 |            39 |            37 |            36 |            37 |            39 |            38 |            37 |            34 |            34 |            37 |            38 |            34 |            36 |            35 |            35 |            35 |
|     PWR_PKG_ENERGY    |   PWR0  |    91313.7742 |             0 |             0 |             0 |             0 |             0 |             0 |             0 |             0 |             0 |             0 |             0 |             0 |             0 |             0 |             0 |             0 |             0 |
|     PWR_PP0_ENERGY    |   PWR1  |             0 |             0 |             0 |             0 |             0 |             0 |             0 |             0 |             0 |             0 |             0 |             0 |             0 |             0 |             0 |             0 |             0 |             0 |
|    PWR_DRAM_ENERGY    |   PWR3  |     5988.7164 |             0 |             0 |             0 |             0 |             0 |             0 |             0 |             0 |             0 |             0 |             0 |             0 |             0 |             0 |             0 |             0 |             0 |
|  PWR_PLATFORM_ENERGY  |   PWR4  |             0 |             0 |             0 |             0 |             0 |             0 |             0 |             0 |             0 |             0 |             0 |             0 |             0 |             0 |             0 |             0 |             0 |             0 |
|   UNCORE_CLOCKTICKS   | UBOXFIX | 1226946169041 |             0 |             0 |             0 |             0 |             0 |             0 |             0 |             0 |             0 |             0 |             0 |             0 |             0 |             0 |             0 |             0 |             0 |
+-----------------------+---------+---------------+---------------+---------------+---------------+---------------+---------------+---------------+---------------+---------------+---------------+---------------+---------------+---------------+---------------+---------------+---------------+---------------+---------------+

+----------------------------+---------+-----------------+---------------+---------------+--------------+
|            Event           | Counter |       Sum       |      Min      |      Max      |      Avg     |
+----------------------------+---------+-----------------+---------------+---------------+--------------+
|   INSTR_RETIRED_ANY STAT   |  FIXC0  |  48418893015689 | 2555346117159 | 2849822677805 | 2.689939e+12 |
| CPU_CLK_UNHALTED_CORE STAT |  FIXC1  |  26175773976962 | 1452234951566 | 1454589611393 | 1.454210e+12 |
|  CPU_CLK_UNHALTED_REF STAT |  FIXC2  |  33064437741312 | 1834417592448 | 1837394395392 | 1.836913e+12 |
|     TOPDOWN_SLOTS STAT     |  FIXC3  | 130878869884810 | 7261174757830 | 7272948056965 | 7.271048e+12 |
|       TEMP_CORE STAT       |   TMP0  |             653 |            34 |            39 |      36.2778 |
|     PWR_PKG_ENERGY STAT    |   PWR0  |      91313.7742 |             0 |    91313.7742 |    5072.9875 |
|     PWR_PP0_ENERGY STAT    |   PWR1  |               0 |             0 |             0 |            0 |
|    PWR_DRAM_ENERGY STAT    |   PWR3  |       5988.7164 |             0 |     5988.7164 |     332.7065 |
|  PWR_PLATFORM_ENERGY STAT  |   PWR4  |               0 |             0 |             0 |            0 |
|   UNCORE_CLOCKTICKS STAT   | UBOXFIX |   1226946169041 |             0 | 1226946169041 | 6.816368e+10 |
+----------------------------+---------+-----------------+---------------+---------------+--------------+

+----------------------+------------+-----------+-----------+-----------+-----------+-----------+-----------+-----------+-----------+-----------+-------------+-------------+-------------+-------------+-------------+-------------+-------------+-------------+
|        Metric        |  f0404:0:0 | f0404:1:1 | f0404:2:2 | f0404:3:3 | f0404:4:4 | f0404:5:5 | f0404:6:6 | f0404:7:7 | f0404:8:8 | f0404:9:9 | f0404:10:10 | f0404:11:11 | f0404:12:12 | f0404:13:13 | f0404:14:14 | f0404:15:15 | f0404:16:16 | f0404:17:17 |
+----------------------+------------+-----------+-----------+-----------+-----------+-----------+-----------+-----------+-----------+-----------+-------------+-------------+-------------+-------------+-------------+-------------+-------------+-------------+
|  Runtime (RDTSC) [s] |   770.7248 |  770.7139 |  770.7337 |  770.7396 |  770.7223 |  770.8917 |  770.7316 |  770.7209 |  770.7130 |  770.7138 |    770.7168 |    770.7161 |    770.8315 |    770.7182 |    770.7018 |    770.7141 |    770.7312 |    770.7185 |
| Runtime unhalted [s] |   606.5703 |  607.2413 |  607.5245 |  607.5150 |  607.4430 |  607.5915 |  607.4464 |  607.4162 |  607.4901 |  607.5032 |    607.5059 |    607.5007 |    606.6180 |    607.5088 |    607.4117 |    607.4497 |    607.4418 |    607.4346 |
|      Clock [MHz]     |  1895.4974 | 1895.5004 | 1895.4607 | 1895.4628 | 1895.4971 | 1895.1026 | 1895.4988 | 1895.5018 | 1895.5006 | 1895.5001 |   1895.5023 |   1895.4968 |   1895.2227 |   1895.4991 |   1895.4972 |   1895.4961 |   1895.4959 |   1895.4954 |
|  Uncore Clock [MHz]  |  1591.9381 |         0 |         0 |         0 |         0 |         0 |         0 |         0 |         0 |         0 |           0 |           0 |           0 |           0 |           0 |           0 |           0 |           0 |
|          CPI         |     0.5106 |    0.5102 |    0.5139 |    0.5286 |    0.5412 |    0.5445 |    0.5476 |    0.5488 |    0.5457 |    0.5473 |      0.5692 |      0.5681 |      0.5609 |      0.5496 |      0.5382 |      0.5343 |      0.5311 |      0.5507 |
|    Temperature [C]   |         35 |        37 |        39 |        37 |        36 |        37 |        39 |        38 |        37 |        34 |          34 |          37 |          38 |          34 |          36 |          35 |          35 |          35 |
|      Energy [J]      | 91313.7742 |         0 |         0 |         0 |         0 |         0 |         0 |         0 |         0 |         0 |           0 |           0 |           0 |           0 |           0 |           0 |           0 |           0 |
|       Power [W]      |   118.4778 |         0 |         0 |         0 |         0 |         0 |         0 |         0 |         0 |         0 |           0 |           0 |           0 |           0 |           0 |           0 |           0 |           0 |
|    Energy PP0 [J]    |          0 |         0 |         0 |         0 |         0 |         0 |         0 |         0 |         0 |         0 |           0 |           0 |           0 |           0 |           0 |           0 |           0 |           0 |
|     Power PP0 [W]    |          0 |         0 |         0 |         0 |         0 |         0 |         0 |         0 |         0 |         0 |           0 |           0 |           0 |           0 |           0 |           0 |           0 |           0 |
|    Energy DRAM [J]   |  5988.7164 |         0 |         0 |         0 |         0 |         0 |         0 |         0 |         0 |         0 |           0 |           0 |           0 |           0 |           0 |           0 |           0 |           0 |
|    Power DRAM [W]    |     7.7702 |         0 |         0 |         0 |         0 |         0 |         0 |         0 |         0 |         0 |           0 |           0 |           0 |           0 |           0 |           0 |           0 |           0 |
|  Energy PLATFORM [J] |          0 |         0 |         0 |         0 |         0 |         0 |         0 |         0 |         0 |         0 |           0 |           0 |           0 |           0 |           0 |           0 |           0 |           0 |
|  Power PLATFORM [W]  |          0 |         0 |         0 |         0 |         0 |         0 |         0 |         0 |         0 |         0 |           0 |           0 |           0 |           0 |           0 |           0 |           0 |           0 |
+----------------------+------------+-----------+-----------+-----------+-----------+-----------+-----------+-----------+-----------+-----------+-------------+-------------+-------------+-------------+-------------+-------------+-------------+-------------+

+---------------------------+------------+-----------+------------+-----------+-----------+-----------+-----------+
|           Metric          |     Sum    |    Min    |     Max    |    Avg    |  %ile 25  |  %ile 50  |  %ile 75  |
+---------------------------+------------+-----------+------------+-----------+-----------+-----------+-----------+
|  Runtime (RDTSC) [s] STAT | 13873.2535 |  770.7018 |   770.8917 |  770.7363 |  770.7141 |  770.7185 |  770.7316 |
| Runtime unhalted [s] STAT | 10932.6127 |  606.5703 |   607.5915 |  607.3674 |  607.4162 |  607.4464 |  607.5059 |
|      Clock [MHz] STAT     | 34118.2278 | 1895.1026 |  1895.5023 | 1895.4571 | 1895.4954 | 1895.4971 | 1895.5001 |
|  Uncore Clock [MHz] STAT  |  1591.9381 |         0 |  1591.9381 |   88.4410 |         0 |         0 |         0 |
|          CPI STAT         |     9.7405 |    0.5102 |     0.5692 |    0.5411 |    0.5311 |    0.5445 |    0.5496 |
|    Temperature [C] STAT   |        653 |        34 |         39 |   36.2778 |        35 |        36 |        37 |
|      Energy [J] STAT      | 91313.7742 |         0 | 91313.7742 | 5072.9875 |         0 |         0 |         0 |
|       Power [W] STAT      |   118.4778 |         0 |   118.4778 |    6.5821 |         0 |         0 |         0 |
|    Energy PP0 [J] STAT    |          0 |         0 |          0 |         0 |         0 |         0 |         0 |
|     Power PP0 [W] STAT    |          0 |         0 |          0 |         0 |         0 |         0 |         0 |
|    Energy DRAM [J] STAT   |  5988.7164 |         0 |  5988.7164 |  332.7065 |         0 |         0 |         0 |
|    Power DRAM [W] STAT    |     7.7702 |         0 |     7.7702 |    0.4317 |         0 |         0 |         0 |
|  Energy PLATFORM [J] STAT |          0 |         0 |          0 |         0 |         0 |         0 |         0 |
|  Power PLATFORM [W] STAT  |          0 |         0 |          0 |         0 |         0 |         0 |         0 |
+---------------------------+------------+-----------+------------+-----------+-----------+-----------+-----------+

