
          -------------------------------------------------------
          Amber 20 PMEMD                              2020
          -------------------------------------------------------

| PMEMD implementation of SANDER, Release 18

|  Compiled date/time: Fri Dec 17 14:50:05 2021
| Run on 12/23/2021 at 11:18:31

|   Executable path: pmemd.MPI
| Working directory: /home/titan/unrz/unrz007h/benchmark_fritz/AMBER/3-20p12-at21p11-ompi-intel/n002/234
|          Hostname: f0437

  [-O]verwriting output

File Assignments:
|   MDIN: ../factorix.mdin                                                      
|  MDOUT: factorix.output                                                       
| INPCRD: ../factorix.inpcrd                                                    
|   PARM: ../factorix.prmtop                                                    
| RESTRT: restrt                                                                
|   REFC: refc                                                                  
|  MDVEL: mdvel                                                                 
|   MDEN: mden                                                                  
|  MDCRD: mdcrd                                                                 
| MDINFO: mdinfo                                                                
|LOGFILE: logfile                                                               
|  MDFRC: mdfrc                                                                 

 
 Here is the input file:
 
FIX (active) full dynamics ( constraint dynamics: constant volume)             
 &cntrl                                                                        
   ntx = 7,       irest = 1,                                                   
   ntpr = 100,     ntwx = 0,     ntwr = 0,                                     
   ntf = 2,       ntc = 2,       tol = 0.000001,                               
   cut = 8.0,                                                                  
   nstlim = 50000,  dt = 0.00150,                                              
   nscm = 250,                                                                 
   ntt = 0,                                                                    
   lastist = 4000000,                                                          
   lastrst = 5000000,                                                          
 /                                                                             


Note: ig = -1. Setting random seed to   692787 based on wallclock time in
      microseconds and disabling the synchronization of random numbers 
      between tasks to improve performance.
| irandom = 1, using AMBER's internal random number generator (default).
| WARNING: The sander lastist option is not needed and is ignored.
| WARNING: The sander lastrst option is not needed and is ignored.
 
| INFO:    Axis order optimization will be used.

 
| Conditional Compilation Defines Used:
| MPI
| FFTW_FFT
| BINTRAJ
| MKL
| EMIL
 
| Largest sphere to fit in unit cell has radius =    39.339

|  INFO: Old style PARM file read


| Note: 1-4 EEL scale factors were NOT found in the topology file.
|       Using default value of 1.2.

| Note: 1-4 VDW scale factors were NOT found in the topology file.
|       Using default value of 2.0.
| Duplicated  437 dihedrals

| Duplicated 1846 dihedrals

--------------------------------------------------------------------------------
   1.  RESOURCE   USE: 
--------------------------------------------------------------------------------

 getting new box info from bottom of inpcrd
 NATOM  =   90906 NTYPES =      19 NBONH =   87891 MBONA  =    3077
 NTHETH =    6433 MTHETA =    4178 NPHIH =   11305 MPHIA  =    5519
 NHPARM =       0 NPARM  =       0 NNB   =  145596 NRES   =   28750
 NBONA  =    3077 NTHETA =    4178 NPHIA =    5519 NUMBND =      54
 NUMANG =     126 NPTRA  =      75 NATYP =      31 NPHB   =       1
 IFBOX  =       1 NMXRS  =      24 IFCAP =       0 NEXTRA =       0
 NCOPY  =       0

| Coordinate Index Table dimensions:    28   16   15
| Direct force subcell size =     5.0745    5.2086    5.2452

     BOX TYPE: RECTILINEAR

--------------------------------------------------------------------------------
   2.  CONTROL  DATA  FOR  THE  RUN
--------------------------------------------------------------------------------

factor IX (ACTIVATED PROTEIN)                                                   

General flags:
     imin    =       0, nmropt  =       0

Nature and format of input:
     ntx     =       7, irest   =       1, ntrx    =       1

Nature and format of output:
     ntxo    =       2, ntpr    =     100, ntrx    =       1, ntwr    =   50000
     iwrap   =       0, ntwx    =       0, ntwv    =       0, ntwe    =       0
     ioutfm  =       1, ntwprt  =       0, idecomp =       0, rbornstat=      0

Potential function:
     ntf     =       2, ntb     =       1, igb     =       0, nsnb    =      25
     ipol    =       0, gbsa    =       0, iesp    =       0
     dielc   =   1.00000, cut     =   8.00000, intdiel =   1.00000

Frozen or restrained atoms:
     ibelly  =       0, ntr     =       0

Molecular dynamics:
     nstlim  =     50000, nscm    =       250, nrespa  =         1
     t       =   0.00000, dt      =   0.00150, vlimit  =  20.00000

SHAKE:
     ntc     =       2, jfastw  =       0
     tol     =   0.00000

| Intermolecular bonds treatment:
|     no_intermolecular_bonds =       1

| Energy averages sample interval:
|     ene_avg_sampling =     100

Ewald parameters:
     verbose =       0, ew_type =       0, nbflag  =       1, use_pme =       1
     vdwmeth =       1, eedmeth =       1, netfrc  =       1
     Box X =  142.086   Box Y =   83.337   Box Z =   78.678
     Alpha =   90.000   Beta  =   90.000   Gamma =   90.000
     NFFT1 =  144       NFFT2 =   90       NFFT3 =   80
     Cutoff=    8.000   Tol   =0.100E-04
     Ewald Coefficient =  0.34864
     Interpolation order =    4

| PMEMD ewald parallel performance parameters:
|     block_fft =    0
|     fft_blk_y_divisor =    4
|     excl_recip =    0
|     excl_master =    0
|     atm_redist_freq =  320

--------------------------------------------------------------------------------
   3.  ATOMIC COORDINATES AND VELOCITIES
--------------------------------------------------------------------------------

factor IX (ACTIVATED PROTEIN)                                                   
 begin time read from input coords =  2542.675 ps

 
 Number of triangulated 3-point waters found:    28358

     Sum of charges from parm topology file =   0.00031225
     Forcing neutrality...

| Dynamic Memory, Types Used:
| Reals             5294456
| Integers          3215547

| Nonbonded Pairs Initial Allocation:      575738

| Running AMBER/MPI version on   72 MPI task

 
--------------------------------------------------------------------------------
   4.  RESULTS
--------------------------------------------------------------------------------

 ---------------------------------------------------
 APPROXIMATING switch and d/dx switch using CUBIC SPLINE INTERPOLATION
 using   5000.0 points per unit in tabled values
 TESTING RELATIVE ERROR over r ranging from 0.0 to cutoff
| CHECK switch(x): max rel err =   0.3316E-14   at   2.351880
| CHECK d/dx switch(x): max rel err =   0.8336E-11   at   2.782960
 ---------------------------------------------------
|---------------------------------------------------
| APPROXIMATING direct energy using CUBIC SPLINE INTERPOLATION
|  with   50.0 points per unit in tabled values
| Relative Error Limit not exceeded for r .gt.   2.47
| APPROXIMATING direct force using CUBIC SPLINE INTERPOLATION
|  with   50.0 points per unit in tabled values
| Relative Error Limit not exceeded for r .gt.   2.89
|---------------------------------------------------

 NSTEP =      100   TIME(PS) =    2542.825  TEMP(K) =   298.74  PRESS =     0.0
 Etot   =   -234218.3473  EKtot   =     54860.7625  EPtot      =   -289079.1098
 BOND   =      1103.0435  ANGLE   =      2960.7695  DIHED      =      2288.4338
 1-4 NB =      1312.5562  1-4 EEL =     15093.0701  VDWAALS    =     36866.8490
 EELEC  =   -348703.8320  EHBOND  =         0.0000  RESTRAINT  =         0.0000
 Ewald error estimate:   0.6831E-04
 ------------------------------------------------------------------------------


 NSTEP =      200   TIME(PS) =    2542.975  TEMP(K) =   297.76  PRESS =     0.0
 Etot   =   -234218.3698  EKtot   =     54681.6127  EPtot      =   -288899.9825
 BOND   =      1125.1379  ANGLE   =      2961.9410  DIHED      =      2244.2927
 1-4 NB =      1316.1846  1-4 EEL =     15113.4142  VDWAALS    =     36422.4567
 EELEC  =   -348083.4097  EHBOND  =         0.0000  RESTRAINT  =         0.0000
 Ewald error estimate:   0.1472E-04
 ------------------------------------------------------------------------------

check COM velocity, temp:        0.000000     0.00(Removed)

 NSTEP =      300   TIME(PS) =    2543.125  TEMP(K) =   297.94  PRESS =     0.0
 Etot   =   -234217.3995  EKtot   =     54713.8798  EPtot      =   -288931.2793
 BOND   =      1136.6428  ANGLE   =      2948.4126  DIHED      =      2262.1544
 1-4 NB =      1298.1550  1-4 EEL =     15134.1716  VDWAALS    =     36703.9285
 EELEC  =   -348414.7443  EHBOND  =         0.0000  RESTRAINT  =         0.0000
 Ewald error estimate:   0.1759E-04
 ------------------------------------------------------------------------------


 NSTEP =      400   TIME(PS) =    2543.275  TEMP(K) =   298.80  PRESS =     0.0
 Etot   =   -234217.5764  EKtot   =     54870.9021  EPtot      =   -289088.4784
 BOND   =      1149.6321  ANGLE   =      2884.9472  DIHED      =      2223.7015
 1-4 NB =      1308.3590  1-4 EEL =     15173.9831  VDWAALS    =     36500.1800
 EELEC  =   -348329.2813  EHBOND  =         0.0000  RESTRAINT  =         0.0000
 Ewald error estimate:   0.2372E-04
 ------------------------------------------------------------------------------

check COM velocity, temp:        0.000000     0.00(Removed)

 NSTEP =      500   TIME(PS) =    2543.425  TEMP(K) =   298.97  PRESS =     0.0
 Etot   =   -234217.9530  EKtot   =     54902.7462  EPtot      =   -289120.6992
 BOND   =      1145.4815  ANGLE   =      2975.8144  DIHED      =      2236.9885
 1-4 NB =      1323.8331  1-4 EEL =     15106.6950  VDWAALS    =     36536.3430
 EELEC  =   -348445.8547  EHBOND  =         0.0000  RESTRAINT  =         0.0000
 Ewald error estimate:   0.3216E-04
 ------------------------------------------------------------------------------


 NSTEP =      600   TIME(PS) =    2543.575  TEMP(K) =   297.11  PRESS =     0.0
 Etot   =   -234217.5244  EKtot   =     54561.1874  EPtot      =   -288778.7119
 BOND   =      1124.1853  ANGLE   =      2911.7406  DIHED      =      2246.1541
 1-4 NB =      1334.3174  1-4 EEL =     15084.8396  VDWAALS    =     36016.0527
 EELEC  =   -347496.0016  EHBOND  =         0.0000  RESTRAINT  =         0.0000
 Ewald error estimate:   0.6269E-04
 ------------------------------------------------------------------------------


 NSTEP =      700   TIME(PS) =    2543.725  TEMP(K) =   299.42  PRESS =     0.0
 Etot   =   -234218.1547  EKtot   =     54984.8921  EPtot      =   -289203.0468
 BOND   =      1116.2857  ANGLE   =      2998.6137  DIHED      =      2201.0103
 1-4 NB =      1300.3133  1-4 EEL =     15058.3183  VDWAALS    =     36753.8241
 EELEC  =   -348631.4122  EHBOND  =         0.0000  RESTRAINT  =         0.0000
 Ewald error estimate:   0.8611E-04
 ------------------------------------------------------------------------------

check COM velocity, temp:        0.000000     0.00(Removed)

 NSTEP =      800   TIME(PS) =    2543.875  TEMP(K) =   299.78  PRESS =     0.0
 Etot   =   -234218.5880  EKtot   =     55051.5584  EPtot      =   -289270.1464
 BOND   =      1095.7103  ANGLE   =      2914.4987  DIHED      =      2243.1032
 1-4 NB =      1316.4653  1-4 EEL =     15178.6735  VDWAALS    =     36942.3397
 EELEC  =   -348960.9371  EHBOND  =         0.0000  RESTRAINT  =         0.0000
 Ewald error estimate:   0.1803E-04
 ------------------------------------------------------------------------------


 NSTEP =      900   TIME(PS) =    2544.025  TEMP(K) =   298.56  PRESS =     0.0
 Etot   =   -234216.0425  EKtot   =     54828.0163  EPtot      =   -289044.0588
 BOND   =      1113.1211  ANGLE   =      2927.4525  DIHED      =      2273.3491
 1-4 NB =      1300.1612  1-4 EEL =     15056.2515  VDWAALS    =     36419.1575
 EELEC  =   -348133.5517  EHBOND  =         0.0000  RESTRAINT  =         0.0000
 Ewald error estimate:   0.6154E-04
 ------------------------------------------------------------------------------

check COM velocity, temp:        0.000000     0.00(Removed)

 NSTEP =     1000   TIME(PS) =    2544.175  TEMP(K) =   298.31  PRESS =     0.0
 Etot   =   -234217.5748  EKtot   =     54781.5395  EPtot      =   -288999.1144
 BOND   =      1111.5054  ANGLE   =      2924.7119  DIHED      =      2262.7897
 1-4 NB =      1330.0248  1-4 EEL =     15119.8919  VDWAALS    =     36731.7855
 EELEC  =   -348479.8236  EHBOND  =         0.0000  RESTRAINT  =         0.0000
 Ewald error estimate:   0.4029E-04
 ------------------------------------------------------------------------------


 NSTEP =     1100   TIME(PS) =    2544.325  TEMP(K) =   297.30  PRESS =     0.0
 Etot   =   -234218.0822  EKtot   =     54596.9609  EPtot      =   -288815.0430
 BOND   =      1095.3704  ANGLE   =      2955.0407  DIHED      =      2269.7300
 1-4 NB =      1326.9974  1-4 EEL =     15058.5456  VDWAALS    =     36361.6827
 EELEC  =   -347882.4098  EHBOND  =         0.0000  RESTRAINT  =         0.0000
 Ewald error estimate:   0.5622E-04
 ------------------------------------------------------------------------------


 NSTEP =     1200   TIME(PS) =    2544.475  TEMP(K) =   298.16  PRESS =     0.0
 Etot   =   -234219.5233  EKtot   =     54754.2349  EPtot      =   -288973.7582
 BOND   =      1097.6201  ANGLE   =      2880.4760  DIHED      =      2234.4306
 1-4 NB =      1335.4372  1-4 EEL =     15141.1878  VDWAALS    =     36431.3285
 EELEC  =   -348094.2385  EHBOND  =         0.0000  RESTRAINT  =         0.0000
 Ewald error estimate:   0.1604E-05
 ------------------------------------------------------------------------------

check COM velocity, temp:        0.000000     0.00(Removed)

 NSTEP =     1300   TIME(PS) =    2544.625  TEMP(K) =   299.07  PRESS =     0.0
 Etot   =   -234221.3366  EKtot   =     54920.8684  EPtot      =   -289142.2050
 BOND   =      1113.9112  ANGLE   =      2894.5277  DIHED      =      2252.6605
 1-4 NB =      1271.3609  1-4 EEL =     15088.4050  VDWAALS    =     36959.6644
 EELEC  =   -348722.7347  EHBOND  =         0.0000  RESTRAINT  =         0.0000
 Ewald error estimate:   0.2644E-04
 ------------------------------------------------------------------------------


 NSTEP =     1400   TIME(PS) =    2544.775  TEMP(K) =   299.25  PRESS =     0.0
 Etot   =   -234219.8864  EKtot   =     54954.0373  EPtot      =   -289173.9237
 BOND   =      1117.2515  ANGLE   =      2921.1529  DIHED      =      2234.9982
 1-4 NB =      1297.4214  1-4 EEL =     15078.2102  VDWAALS    =     36786.8445
 EELEC  =   -348609.8023  EHBOND  =         0.0000  RESTRAINT  =         0.0000
 Ewald error estimate:   0.5087E-05
 ------------------------------------------------------------------------------

check COM velocity, temp:        0.000000     0.00(Removed)

 NSTEP =     1500   TIME(PS) =    2544.925  TEMP(K) =   298.86  PRESS =     0.0
 Etot   =   -234220.7342  EKtot   =     54882.4481  EPtot      =   -289103.1823
 BOND   =      1104.2147  ANGLE   =      2957.5206  DIHED      =      2219.7205
 1-4 NB =      1303.3732  1-4 EEL =     15099.1211  VDWAALS    =     36603.7836
 EELEC  =   -348390.9160  EHBOND  =         0.0000  RESTRAINT  =         0.0000
 Ewald error estimate:   0.3257E-05
 ------------------------------------------------------------------------------


 NSTEP =     1600   TIME(PS) =    2545.075  TEMP(K) =   298.48  PRESS =     0.0
 Etot   =   -234217.2723  EKtot   =     54813.0615  EPtot      =   -289030.3337
 BOND   =      1094.0785  ANGLE   =      2924.1481  DIHED      =      2246.9960
 1-4 NB =      1318.3054  1-4 EEL =     15099.5475  VDWAALS    =     37051.0797
 EELEC  =   -348764.4889  EHBOND  =         0.0000  RESTRAINT  =         0.0000
 Ewald error estimate:   0.7461E-04
 ------------------------------------------------------------------------------


 NSTEP =     1700   TIME(PS) =    2545.225  TEMP(K) =   298.86  PRESS =     0.0
 Etot   =   -234220.2130  EKtot   =     54883.5657  EPtot      =   -289103.7787
 BOND   =      1045.8734  ANGLE   =      2875.6598  DIHED      =      2235.0607
 1-4 NB =      1315.2121  1-4 EEL =     15105.1185  VDWAALS    =     36394.6639
 EELEC  =   -348075.3672  EHBOND  =         0.0000  RESTRAINT  =         0.0000
 Ewald error estimate:   0.5450E-04
 ------------------------------------------------------------------------------

check COM velocity, temp:        0.000000     0.00(Removed)

 NSTEP =     1800   TIME(PS) =    2545.375  TEMP(K) =   299.05  PRESS =     0.0
 Etot   =   -234218.6533  EKtot   =     54917.7651  EPtot      =   -289136.4184
 BOND   =      1094.2043  ANGLE   =      2920.0252  DIHED      =      2198.4269
 1-4 NB =      1302.8218  1-4 EEL =     15131.7426  VDWAALS    =     36959.7929
 EELEC  =   -348743.4322  EHBOND  =         0.0000  RESTRAINT  =         0.0000
 Ewald error estimate:   0.3309E-04
 ------------------------------------------------------------------------------


 NSTEP =     1900   TIME(PS) =    2545.525  TEMP(K) =   299.31  PRESS =     0.0
 Etot   =   -234216.9495  EKtot   =     54965.8690  EPtot      =   -289182.8185
 BOND   =      1107.6261  ANGLE   =      2938.9195  DIHED      =      2266.4000
 1-4 NB =      1285.3616  1-4 EEL =     15062.0852  VDWAALS    =     36644.9934
 EELEC  =   -348488.2043  EHBOND  =         0.0000  RESTRAINT  =         0.0000
 Ewald error estimate:   0.4899E-04
 ------------------------------------------------------------------------------

check COM velocity, temp:        0.000000     0.00(Removed)

 NSTEP =     2000   TIME(PS) =    2545.675  TEMP(K) =   297.95  PRESS =     0.0
 Etot   =   -234215.6991  EKtot   =     54716.5246  EPtot      =   -288932.2238
 BOND   =      1127.8468  ANGLE   =      2897.1015  DIHED      =      2265.4989
 1-4 NB =      1320.7096  1-4 EEL =     15161.7250  VDWAALS    =     36666.1353
 EELEC  =   -348371.2408  EHBOND  =         0.0000  RESTRAINT  =         0.0000
 Ewald error estimate:   0.6031E-04
 ------------------------------------------------------------------------------


 NSTEP =     2100   TIME(PS) =    2545.825  TEMP(K) =   299.82  PRESS =     0.0
 Etot   =   -234219.1666  EKtot   =     55059.3122  EPtot      =   -289278.4787
 BOND   =      1088.6422  ANGLE   =      2955.4178  DIHED      =      2245.2697
 1-4 NB =      1322.0702  1-4 EEL =     15073.0482  VDWAALS    =     37018.6921
 EELEC  =   -348981.6190  EHBOND  =         0.0000  RESTRAINT  =         0.0000
 Ewald error estimate:   0.5676E-05
 ------------------------------------------------------------------------------


 NSTEP =     2200   TIME(PS) =    2545.975  TEMP(K) =   297.88  PRESS =     0.0
 Etot   =   -234218.6992  EKtot   =     54702.7008  EPtot      =   -288921.4000
 BOND   =      1092.3074  ANGLE   =      2930.5723  DIHED      =      2237.9325
 1-4 NB =      1328.3096  1-4 EEL =     15072.2336  VDWAALS    =     36342.5194
 EELEC  =   -347925.2749  EHBOND  =         0.0000  RESTRAINT  =         0.0000
 Ewald error estimate:   0.2577E-04
 ------------------------------------------------------------------------------

check COM velocity, temp:        0.000000     0.00(Removed)

 NSTEP =     2300   TIME(PS) =    2546.125  TEMP(K) =   298.09  PRESS =     0.0
 Etot   =   -234217.5805  EKtot   =     54741.7796  EPtot      =   -288959.3601
 BOND   =      1080.5319  ANGLE   =      2950.7077  DIHED      =      2221.1828
 1-4 NB =      1316.4933  1-4 EEL =     15126.3239  VDWAALS    =     36587.9623
 EELEC  =   -348242.5620  EHBOND  =         0.0000  RESTRAINT  =         0.0000
 Ewald error estimate:   0.2707E-04
 ------------------------------------------------------------------------------


 NSTEP =     2400   TIME(PS) =    2546.275  TEMP(K) =   298.92  PRESS =     0.0
 Etot   =   -234218.1025  EKtot   =     54893.6834  EPtot      =   -289111.7859
 BOND   =      1116.1830  ANGLE   =      2943.9963  DIHED      =      2239.8711
 1-4 NB =      1306.5339  1-4 EEL =     15127.8202  VDWAALS    =     36558.2459
 EELEC  =   -348404.4362  EHBOND  =         0.0000  RESTRAINT  =         0.0000
 Ewald error estimate:   0.4464E-04
 ------------------------------------------------------------------------------

check COM velocity, temp:        0.000000     0.00(Removed)

 NSTEP =     2500   TIME(PS) =    2546.425  TEMP(K) =   298.69  PRESS =     0.0
 Etot   =   -234218.7669  EKtot   =     54850.6858  EPtot      =   -289069.4527
 BOND   =      1137.1363  ANGLE   =      2925.1778  DIHED      =      2248.9132
 1-4 NB =      1294.8153  1-4 EEL =     15007.5458  VDWAALS    =     36730.1607
 EELEC  =   -348413.2018  EHBOND  =         0.0000  RESTRAINT  =         0.0000
 Ewald error estimate:   0.5337E-04
 ------------------------------------------------------------------------------


 NSTEP =     2600   TIME(PS) =    2546.575  TEMP(K) =   298.86  PRESS =     0.0
 Etot   =   -234218.4264  EKtot   =     54882.6323  EPtot      =   -289101.0587
 BOND   =      1098.8202  ANGLE   =      2948.5302  DIHED      =      2208.5402
 1-4 NB =      1315.7070  1-4 EEL =     15142.6804  VDWAALS    =     36413.5157
 EELEC  =   -348228.8524  EHBOND  =         0.0000  RESTRAINT  =         0.0000
 Ewald error estimate:   0.4946E-04
 ------------------------------------------------------------------------------


 NSTEP =     2700   TIME(PS) =    2546.725  TEMP(K) =   298.84  PRESS =     0.0
 Etot   =   -234216.9553  EKtot   =     54879.7760  EPtot      =   -289096.7313
 BOND   =      1114.5184  ANGLE   =      2949.4814  DIHED      =      2245.7677
 1-4 NB =      1294.7941  1-4 EEL =     15037.6480  VDWAALS    =     36614.6775
 EELEC  =   -348353.6183  EHBOND  =         0.0000  RESTRAINT  =         0.0000
 Ewald error estimate:   0.3625E-04
 ------------------------------------------------------------------------------

check COM velocity, temp:        0.000000     0.00(Removed)

 NSTEP =     2800   TIME(PS) =    2546.875  TEMP(K) =   298.71  PRESS =     0.0
 Etot   =   -234213.2961  EKtot   =     54854.9138  EPtot      =   -289068.2100
 BOND   =      1086.8585  ANGLE   =      2880.6842  DIHED      =      2220.1983
 1-4 NB =      1320.0169  1-4 EEL =     15058.2552  VDWAALS    =     36749.7058
 EELEC  =   -348383.9288  EHBOND  =         0.0000  RESTRAINT  =         0.0000
 Ewald error estimate:   0.1489E-03
 ------------------------------------------------------------------------------


 NSTEP =     2900   TIME(PS) =    2547.025  TEMP(K) =   297.06  PRESS =     0.0
 Etot   =   -234217.7119  EKtot   =     54552.1908  EPtot      =   -288769.9028
 BOND   =      1117.3435  ANGLE   =      2925.4497  DIHED      =      2270.4855
 1-4 NB =      1327.0575  1-4 EEL =     15098.4373  VDWAALS    =     36618.0957
 EELEC  =   -348126.7720  EHBOND  =         0.0000  RESTRAINT  =         0.0000
 Ewald error estimate:   0.2491E-04
 ------------------------------------------------------------------------------

check COM velocity, temp:        0.000000     0.00(Removed)

 NSTEP =     3000   TIME(PS) =    2547.175  TEMP(K) =   299.10  PRESS =     0.0
 Etot   =   -234215.8772  EKtot   =     54926.0921  EPtot      =   -289141.9693
 BOND   =      1061.5494  ANGLE   =      2964.9264  DIHED      =      2242.2144
 1-4 NB =      1311.8904  1-4 EEL =     15108.2115  VDWAALS    =     36548.5213
 EELEC  =   -348379.2827  EHBOND  =         0.0000  RESTRAINT  =         0.0000
 Ewald error estimate:   0.4370E-04
 ------------------------------------------------------------------------------


 NSTEP =     3100   TIME(PS) =    2547.325  TEMP(K) =   299.90  PRESS =     0.0
 Etot   =   -234220.4459  EKtot   =     55074.5603  EPtot      =   -289295.0062
 BOND   =      1136.7719  ANGLE   =      2913.8841  DIHED      =      2232.5831
 1-4 NB =      1327.4481  1-4 EEL =     15063.8029  VDWAALS    =     36835.7546
 EELEC  =   -348805.2509  EHBOND  =         0.0000  RESTRAINT  =         0.0000
 Ewald error estimate:   0.2694E-04
 ------------------------------------------------------------------------------


 NSTEP =     3200   TIME(PS) =    2547.475  TEMP(K) =   298.71  PRESS =     0.0
 Etot   =   -234218.4320  EKtot   =     54854.8667  EPtot      =   -289073.2987
 BOND   =      1132.7257  ANGLE   =      2931.0769  DIHED      =      2259.6332
 1-4 NB =      1283.0526  1-4 EEL =     15047.9821  VDWAALS    =     36953.3866
 EELEC  =   -348681.1557  EHBOND  =         0.0000  RESTRAINT  =         0.0000
 Ewald error estimate:   0.8337E-05
 ------------------------------------------------------------------------------

check COM velocity, temp:        0.000000     0.00(Removed)

 NSTEP =     3300   TIME(PS) =    2547.625  TEMP(K) =   298.20  PRESS =     0.0
 Etot   =   -234218.8299  EKtot   =     54761.1175  EPtot      =   -288979.9473
 BOND   =      1093.7216  ANGLE   =      2917.5175  DIHED      =      2242.7958
 1-4 NB =      1307.0632  1-4 EEL =     15127.1006  VDWAALS    =     36731.8738
 EELEC  =   -348400.0199  EHBOND  =         0.0000  RESTRAINT  =         0.0000
 Ewald error estimate:   0.6124E-06
 ------------------------------------------------------------------------------


 NSTEP =     3400   TIME(PS) =    2547.775  TEMP(K) =   299.50  PRESS =     0.0
 Etot   =   -234220.2803  EKtot   =     55001.1868  EPtot      =   -289221.4671
 BOND   =      1113.7111  ANGLE   =      2936.8220  DIHED      =      2182.0128
 1-4 NB =      1291.0755  1-4 EEL =     15006.9455  VDWAALS    =     36827.4541
 EELEC  =   -348579.4881  EHBOND  =         0.0000  RESTRAINT  =         0.0000
 Ewald error estimate:   0.1887E-04
 ------------------------------------------------------------------------------

check COM velocity, temp:        0.000000     0.00(Removed)

 NSTEP =     3500   TIME(PS) =    2547.925  TEMP(K) =   299.89  PRESS =     0.0
 Etot   =   -234218.9436  EKtot   =     55071.9846  EPtot      =   -289290.9282
 BOND   =      1100.3803  ANGLE   =      2960.0240  DIHED      =      2223.0273
 1-4 NB =      1311.9430  1-4 EEL =     15041.3048  VDWAALS    =     36882.5682
 EELEC  =   -348810.1757  EHBOND  =         0.0000  RESTRAINT  =         0.0000
 Ewald error estimate:   0.5857E-04
 ------------------------------------------------------------------------------


 NSTEP =     3600   TIME(PS) =    2548.075  TEMP(K) =   299.58  PRESS =     0.0
 Etot   =   -234219.7257  EKtot   =     55015.2652  EPtot      =   -289234.9909
 BOND   =      1138.6397  ANGLE   =      2902.3420  DIHED      =      2225.8843
 1-4 NB =      1327.8066  1-4 EEL =     15179.2975  VDWAALS    =     37240.5750
 EELEC  =   -349249.5361  EHBOND  =         0.0000  RESTRAINT  =         0.0000
 Ewald error estimate:   0.1076E-04
 ------------------------------------------------------------------------------


 NSTEP =     3700   TIME(PS) =    2548.225  TEMP(K) =   298.72  PRESS =     0.0
 Etot   =   -234218.1055  EKtot   =     54856.5449  EPtot      =   -289074.6504
 BOND   =      1103.5655  ANGLE   =      2936.6502  DIHED      =      2217.4486
 1-4 NB =      1298.3915  1-4 EEL =     15050.5994  VDWAALS    =     37160.8103
 EELEC  =   -348842.1159  EHBOND  =         0.0000  RESTRAINT  =         0.0000
 Ewald error estimate:   0.3697E-04
 ------------------------------------------------------------------------------

check COM velocity, temp:        0.000000     0.00(Removed)

 NSTEP =     3800   TIME(PS) =    2548.375  TEMP(K) =   299.01  PRESS =     0.0
 Etot   =   -234218.1804  EKtot   =     54910.1137  EPtot      =   -289128.2941
 BOND   =      1105.7169  ANGLE   =      2936.7053  DIHED      =      2263.0032
 1-4 NB =      1308.0694  1-4 EEL =     15095.6003  VDWAALS    =     36476.5597
 EELEC  =   -348313.9489  EHBOND  =         0.0000  RESTRAINT  =         0.0000
 Ewald error estimate:   0.4140E-05
 ------------------------------------------------------------------------------


 NSTEP =     3900   TIME(PS) =    2548.525  TEMP(K) =   297.96  PRESS =     0.0
 Etot   =   -234219.1821  EKtot   =     54718.1795  EPtot      =   -288937.3615
 BOND   =      1114.4004  ANGLE   =      2914.9740  DIHED      =      2235.2739
 1-4 NB =      1315.8046  1-4 EEL =     15092.1623  VDWAALS    =     36466.1567
 EELEC  =   -348076.1333  EHBOND  =         0.0000  RESTRAINT  =         0.0000
 Ewald error estimate:   0.4774E-04
 ------------------------------------------------------------------------------

check COM velocity, temp:        0.000000     0.00(Removed)

 NSTEP =     4000   TIME(PS) =    2548.675  TEMP(K) =   298.30  PRESS =     0.0
 Etot   =   -234219.4341  EKtot   =     54780.3057  EPtot      =   -288999.7398
 BOND   =      1128.1244  ANGLE   =      2934.1921  DIHED      =      2210.4184
 1-4 NB =      1295.5830  1-4 EEL =     15146.4205  VDWAALS    =     36645.4447
 EELEC  =   -348359.9229  EHBOND  =         0.0000  RESTRAINT  =         0.0000
 Ewald error estimate:   0.1244E-04
 ------------------------------------------------------------------------------


 NSTEP =     4100   TIME(PS) =    2548.825  TEMP(K) =   299.50  PRESS =     0.0
 Etot   =   -234221.1112  EKtot   =     55001.0279  EPtot      =   -289222.1391
 BOND   =      1132.2200  ANGLE   =      2950.7336  DIHED      =      2235.2278
 1-4 NB =      1282.6811  1-4 EEL =     15087.6600  VDWAALS    =     36832.0476
 EELEC  =   -348742.7091  EHBOND  =         0.0000  RESTRAINT  =         0.0000
 Ewald error estimate:   0.5005E-04
 ------------------------------------------------------------------------------


 NSTEP =     4200   TIME(PS) =    2548.975  TEMP(K) =   298.64  PRESS =     0.0
 Etot   =   -234220.7201  EKtot   =     54842.1422  EPtot      =   -289062.8623
 BOND   =      1157.6490  ANGLE   =      2914.5664  DIHED      =      2254.1378
 1-4 NB =      1291.3587  1-4 EEL =     14987.1682  VDWAALS    =     36776.9191
 EELEC  =   -348444.6615  EHBOND  =         0.0000  RESTRAINT  =         0.0000
 Ewald error estimate:   0.6584E-04
 ------------------------------------------------------------------------------

check COM velocity, temp:        0.000000     0.00(Removed)

 NSTEP =     4300   TIME(PS) =    2549.125  TEMP(K) =   297.65  PRESS =     0.0
 Etot   =   -234219.5341  EKtot   =     54659.8273  EPtot      =   -288879.3614
 BOND   =      1120.7470  ANGLE   =      2992.0120  DIHED      =      2198.6693
 1-4 NB =      1299.2155  1-4 EEL =     15036.9577  VDWAALS    =     36083.4993
 EELEC  =   -347610.4623  EHBOND  =         0.0000  RESTRAINT  =         0.0000
 Ewald error estimate:   0.2226E-04
 ------------------------------------------------------------------------------


 NSTEP =     4400   TIME(PS) =    2549.275  TEMP(K) =   299.73  PRESS =     0.0
 Etot   =   -234220.6558  EKtot   =     55041.6255  EPtot      =   -289262.2813
 BOND   =      1095.5213  ANGLE   =      2916.6912  DIHED      =      2235.5877
 1-4 NB =      1346.5487  1-4 EEL =     15114.6047  VDWAALS    =     36924.4026
 EELEC  =   -348895.6375  EHBOND  =         0.0000  RESTRAINT  =         0.0000
 Ewald error estimate:   0.2678E-04
 ------------------------------------------------------------------------------

check COM velocity, temp:        0.000000     0.00(Removed)

 NSTEP =     4500   TIME(PS) =    2549.425  TEMP(K) =   298.16  PRESS =     0.0
 Etot   =   -234218.0925  EKtot   =     54754.4624  EPtot      =   -288972.5550
 BOND   =      1081.9804  ANGLE   =      2980.1320  DIHED      =      2213.5404
 1-4 NB =      1303.9313  1-4 EEL =     15090.0003  VDWAALS    =     36337.2742
 EELEC  =   -347979.4136  EHBOND  =         0.0000  RESTRAINT  =         0.0000
 Ewald error estimate:   0.3168E-04
 ------------------------------------------------------------------------------


 NSTEP =     4600   TIME(PS) =    2549.575  TEMP(K) =   298.31  PRESS =     0.0
 Etot   =   -234218.0439  EKtot   =     54782.1780  EPtot      =   -289000.2219
 BOND   =      1127.1485  ANGLE   =      2933.6125  DIHED      =      2223.8071
 1-4 NB =      1295.1997  1-4 EEL =     15081.5096  VDWAALS    =     36594.3201
 EELEC  =   -348255.8195  EHBOND  =         0.0000  RESTRAINT  =         0.0000
 Ewald error estimate:   0.8274E-05
 ------------------------------------------------------------------------------


 NSTEP =     4700   TIME(PS) =    2549.725  TEMP(K) =   298.30  PRESS =     0.0
 Etot   =   -234215.5457  EKtot   =     54779.4259  EPtot      =   -288994.9716
 BOND   =      1154.0274  ANGLE   =      2966.4101  DIHED      =      2252.6497
 1-4 NB =      1267.0543  1-4 EEL =     15063.1531  VDWAALS    =     36919.2497
 EELEC  =   -348617.5158  EHBOND  =         0.0000  RESTRAINT  =         0.0000
 Ewald error estimate:   0.7884E-04
 ------------------------------------------------------------------------------

check COM velocity, temp:        0.000000     0.00(Removed)

 NSTEP =     4800   TIME(PS) =    2549.875  TEMP(K) =   298.71  PRESS =     0.0
 Etot   =   -234216.3180  EKtot   =     54855.5518  EPtot      =   -289071.8699
 BOND   =      1133.2908  ANGLE   =      2876.9165  DIHED      =      2247.5028
 1-4 NB =      1291.7398  1-4 EEL =     15108.3755  VDWAALS    =     36795.0602
 EELEC  =   -348524.7555  EHBOND  =         0.0000  RESTRAINT  =         0.0000
 Ewald error estimate:   0.8303E-04
 ------------------------------------------------------------------------------


 NSTEP =     4900   TIME(PS) =    2550.025  TEMP(K) =   297.75  PRESS =     0.0
 Etot   =   -234215.9020  EKtot   =     54679.0777  EPtot      =   -288894.9797
 BOND   =      1118.5335  ANGLE   =      2940.5578  DIHED      =      2238.2129
 1-4 NB =      1298.6287  1-4 EEL =     15040.4885  VDWAALS    =     37000.6223
 EELEC  =   -348532.0234  EHBOND  =         0.0000  RESTRAINT  =         0.0000
 Ewald error estimate:   0.2270E-04
 ------------------------------------------------------------------------------

