Group: 1
+-----------------------+---------+---------------+---------------+---------------+---------------+---------------+---------------+---------------+---------------+---------------+---------------+---------------+---------------+---------------+---------------+---------------+---------------+---------------+---------------+
|         Event         | Counter |   f0880:0:0   |   f0880:1:1   |   f0880:2:2   |   f0880:3:3   |   f0880:4:4   |   f0880:5:5   |   f0880:6:6   |   f0880:7:7   |   f0880:8:8   |   f0880:9:9   |  f0880:10:10  |  f0880:11:11  |  f0880:12:12  |  f0880:13:13  |  f0880:14:14  |  f0880:15:15  |  f0880:16:16  |  f0880:17:17  |
+-----------------------+---------+---------------+---------------+---------------+---------------+---------------+---------------+---------------+---------------+---------------+---------------+---------------+---------------+---------------+---------------+---------------+---------------+---------------+---------------+
|   INSTR_RETIRED_ANY   |  FIXC0  | 2451287344631 | 2426335735600 | 2412213846374 | 2361763812544 | 2309925993277 | 2287236657541 | 2271388764654 | 2280107976784 | 2280123815671 | 2270199848516 | 2160759173800 | 2178500192619 | 2186944251195 | 2202635301305 | 2256753313336 | 2278026942538 | 2290381685811 | 2337668691966 |
| CPU_CLK_UNHALTED_CORE |  FIXC1  | 1339710919486 | 1338765637885 | 1340780756118 | 1340790034688 | 1340940613661 | 1340689576298 | 1340886369896 | 1340614244636 | 1340827697183 | 1340911161415 | 1340847355404 | 1340356451511 | 1340682220824 | 1340562404911 | 1340821909846 | 1340901013974 | 1340781887790 | 1340818175765 |
|  CPU_CLK_UNHALTED_REF |  FIXC2  | 1461512646912 | 1460477932992 | 1462678634496 | 1462688318592 | 1462852785120 | 1462578804384 | 1462793899200 | 1462496912448 | 1462729602144 | 1462820195040 | 1462750199712 | 1462215761280 | 1462569643008 | 1462437889728 | 1462723458144 | 1462808926080 | 1462680473952 | 1462718112384 |
|     TOPDOWN_SLOTS     |  FIXC3  | 6698554597430 | 6693828189425 | 6703903780590 | 6703950173440 | 6704703068305 | 6703447881490 | 6704431849480 | 6703071223180 | 6704138485915 | 6704555807075 | 6704236777020 | 6701782257555 | 6703411104120 | 6702812024555 | 6704109549230 | 6704505069870 | 6703909438950 | 6704090878825 |
|       TEMP_CORE       |   TMP0  |            41 |            45 |            43 |            40 |            40 |            41 |            41 |            45 |            41 |            41 |            40 |            42 |            44 |            42 |            43 |            40 |            43 |            40 |
|     PWR_PKG_ENERGY    |   PWR0  |    76964.5650 |             0 |             0 |             0 |             0 |             0 |             0 |             0 |             0 |             0 |             0 |             0 |             0 |             0 |             0 |             0 |             0 |             0 |
|     PWR_PP0_ENERGY    |   PWR1  |             0 |             0 |             0 |             0 |             0 |             0 |             0 |             0 |             0 |             0 |             0 |             0 |             0 |             0 |             0 |             0 |             0 |             0 |
|    PWR_DRAM_ENERGY    |   PWR3  |     4832.3937 |             0 |             0 |             0 |             0 |             0 |             0 |             0 |             0 |             0 |             0 |             0 |             0 |             0 |             0 |             0 |             0 |             0 |
|  PWR_PLATFORM_ENERGY  |   PWR4  |             0 |             0 |             0 |             0 |             0 |             0 |             0 |             0 |             0 |             0 |             0 |             0 |             0 |             0 |             0 |             0 |             0 |             0 |
|   UNCORE_CLOCKTICKS   | UBOXFIX |  976320838112 |             0 |             0 |             0 |             0 |             0 |             0 |             0 |             0 |             0 |             0 |             0 |             0 |             0 |             0 |             0 |             0 |             0 |
+-----------------------+---------+---------------+---------------+---------------+---------------+---------------+---------------+---------------+---------------+---------------+---------------+---------------+---------------+---------------+---------------+---------------+---------------+---------------+---------------+

+----------------------------+---------+-----------------+---------------+---------------+--------------+
|            Event           | Counter |       Sum       |      Min      |      Max      |      Avg     |
+----------------------------+---------+-----------------+---------------+---------------+--------------+
|   INSTR_RETIRED_ANY STAT   |  FIXC0  |  41242253348162 | 2160759173800 | 2451287344631 | 2.291236e+12 |
| CPU_CLK_UNHALTED_CORE STAT |  FIXC1  |  24130688431291 | 1338765637885 | 1340940613661 | 1.340594e+12 |
|  CPU_CLK_UNHALTED_REF STAT |  FIXC2  |  26324534195616 | 1460477932992 | 1462852785120 | 1.462474e+12 |
|     TOPDOWN_SLOTS STAT     |  FIXC3  | 120653442156455 | 6693828189425 | 6704703068305 | 6.702969e+12 |
|       TEMP_CORE STAT       |   TMP0  |             752 |            40 |            45 |      41.7778 |
|     PWR_PKG_ENERGY STAT    |   PWR0  |      76964.5650 |             0 |    76964.5650 |    4275.8092 |
|     PWR_PP0_ENERGY STAT    |   PWR1  |               0 |             0 |             0 |            0 |
|    PWR_DRAM_ENERGY STAT    |   PWR3  |       4832.3937 |             0 |     4832.3937 |     268.4663 |
|  PWR_PLATFORM_ENERGY STAT  |   PWR4  |               0 |             0 |             0 |            0 |
|   UNCORE_CLOCKTICKS STAT   | UBOXFIX |    976320838112 |             0 |  976320838112 | 5.424005e+10 |
+----------------------------+---------+-----------------+---------------+---------------+--------------+

+----------------------+------------+-----------+-----------+-----------+-----------+-----------+-----------+-----------+-----------+-----------+-------------+-------------+-------------+-------------+-------------+-------------+-------------+-------------+
|        Metric        |  f0880:0:0 | f0880:1:1 | f0880:2:2 | f0880:3:3 | f0880:4:4 | f0880:5:5 | f0880:6:6 | f0880:7:7 | f0880:8:8 | f0880:9:9 | f0880:10:10 | f0880:11:11 | f0880:12:12 | f0880:13:13 | f0880:14:14 | f0880:15:15 | f0880:16:16 | f0880:17:17 |
+----------------------+------------+-----------+-----------+-----------+-----------+-----------+-----------+-----------+-----------+-----------+-------------+-------------+-------------+-------------+-------------+-------------+-------------+-------------+
|  Runtime (RDTSC) [s] |   613.9126 |  613.9018 |  613.8979 |  613.9130 |  613.9060 |  613.9010 |  613.9038 |  613.9065 |  613.9131 |  613.9106 |    613.9025 |    613.9088 |    613.8948 |    613.8985 |    613.9160 |    613.9005 |    613.9018 |    613.9117 |
| Runtime unhalted [s] |   559.5331 |  559.1382 |  559.9794 |  559.9843 |  560.0471 |  559.9410 |  560.0250 |  559.9130 |  559.9995 |  560.0349 |    560.0081 |    559.8033 |    559.9394 |    559.8894 |    559.9984 |    560.0300 |    559.9806 |    559.9977 |
|      Clock [MHz]     |  2194.7944 | 2194.8001 | 2194.7981 | 2194.7948 | 2194.7947 | 2194.7997 | 2194.7920 | 2194.7857 | 2194.7964 | 2194.7949 |   2194.7963 |   2194.7935 |   2194.7957 |   2194.7971 |   2194.7910 |   2194.7979 |   2194.7943 |   2194.7895 |
|  Uncore Clock [MHz]  |  1590.3255 |         0 |         0 |         0 |         0 |         0 |         0 |         0 |         0 |         0 |           0 |           0 |           0 |           0 |           0 |           0 |           0 |           0 |
|          CPI         |     0.5465 |    0.5518 |    0.5558 |    0.5677 |    0.5805 |    0.5862 |    0.5903 |    0.5880 |    0.5881 |    0.5907 |      0.6205 |      0.6153 |      0.6130 |      0.6086 |      0.5941 |      0.5886 |      0.5854 |      0.5736 |
|    Temperature [C]   |         41 |        45 |        43 |        40 |        40 |        41 |        41 |        45 |        41 |        41 |          40 |          42 |          44 |          42 |          43 |          40 |          43 |          40 |
|      Energy [J]      | 76964.5650 |         0 |         0 |         0 |         0 |         0 |         0 |         0 |         0 |         0 |           0 |           0 |           0 |           0 |           0 |           0 |           0 |           0 |
|       Power [W]      |   125.3673 |         0 |         0 |         0 |         0 |         0 |         0 |         0 |         0 |         0 |           0 |           0 |           0 |           0 |           0 |           0 |           0 |           0 |
|    Energy PP0 [J]    |          0 |         0 |         0 |         0 |         0 |         0 |         0 |         0 |         0 |         0 |           0 |           0 |           0 |           0 |           0 |           0 |           0 |           0 |
|     Power PP0 [W]    |          0 |         0 |         0 |         0 |         0 |         0 |         0 |         0 |         0 |         0 |           0 |           0 |           0 |           0 |           0 |           0 |           0 |           0 |
|    Energy DRAM [J]   |  4832.3937 |         0 |         0 |         0 |         0 |         0 |         0 |         0 |         0 |         0 |           0 |           0 |           0 |           0 |           0 |           0 |           0 |           0 |
|    Power DRAM [W]    |     7.8715 |         0 |         0 |         0 |         0 |         0 |         0 |         0 |         0 |         0 |           0 |           0 |           0 |           0 |           0 |           0 |           0 |           0 |
|  Energy PLATFORM [J] |          0 |         0 |         0 |         0 |         0 |         0 |         0 |         0 |         0 |         0 |           0 |           0 |           0 |           0 |           0 |           0 |           0 |           0 |
|  Power PLATFORM [W]  |          0 |         0 |         0 |         0 |         0 |         0 |         0 |         0 |         0 |         0 |           0 |           0 |           0 |           0 |           0 |           0 |           0 |           0 |
+----------------------+------------+-----------+-----------+-----------+-----------+-----------+-----------+-----------+-----------+-----------+-------------+-------------+-------------+-------------+-------------+-------------+-------------+-------------+

+---------------------------+------------+-----------+------------+-----------+-----------+-----------+-----------+
|           Metric          |     Sum    |    Min    |     Max    |    Avg    |  %ile 25  |  %ile 50  |  %ile 75  |
+---------------------------+------------+-----------+------------+-----------+-----------+-----------+-----------+
|  Runtime (RDTSC) [s] STAT | 11050.3009 |  613.8948 |   613.9160 |  613.9056 |  613.9010 |  613.9038 |  613.9117 |
| Runtime unhalted [s] STAT | 10078.2424 |  559.1382 |   560.0471 |  559.9024 |  559.9130 |  559.9806 |  560.0081 |
|      Clock [MHz] STAT     | 39506.3061 | 2194.7857 |  2194.8001 | 2194.7948 | 2194.7935 | 2194.7948 | 2194.7971 |
|  Uncore Clock [MHz] STAT  |  1590.3255 |         0 |  1590.3255 |   88.3514 |         0 |         0 |         0 |
|          CPI STAT         |    10.5447 |    0.5465 |     0.6205 |    0.5858 |    0.5736 |    0.5880 |    0.5941 |
|    Temperature [C] STAT   |        752 |        40 |         45 |   41.7778 |        40 |        41 |        43 |
|      Energy [J] STAT      | 76964.5650 |         0 | 76964.5650 | 4275.8092 |         0 |         0 |         0 |
|       Power [W] STAT      |   125.3673 |         0 |   125.3673 |    6.9649 |         0 |         0 |         0 |
|    Energy PP0 [J] STAT    |          0 |         0 |          0 |         0 |         0 |         0 |         0 |
|     Power PP0 [W] STAT    |          0 |         0 |          0 |         0 |         0 |         0 |         0 |
|    Energy DRAM [J] STAT   |  4832.3937 |         0 |  4832.3937 |  268.4663 |         0 |         0 |         0 |
|    Power DRAM [W] STAT    |     7.8715 |         0 |     7.8715 |    0.4373 |         0 |         0 |         0 |
|  Energy PLATFORM [J] STAT |          0 |         0 |          0 |         0 |         0 |         0 |         0 |
|  Power PLATFORM [W] STAT  |          0 |         0 |          0 |         0 |         0 |         0 |         0 |
+---------------------------+------------+-----------+------------+-----------+-----------+-----------+-----------+

