
          -------------------------------------------------------
          Amber 21 SANDER                              2021
          -------------------------------------------------------

| Run on 05/07/2026 at 03:21:15

|   Executable path: /apps/amber/Amber20/20p12-at21p11-impi-intel/bin/sander.MPI
| Working directory: /home/hpc/ihpc/ihpc161h/AMBER-CPU/n032/jac/f2200000/t18
|          Hostname: f0880.nhr.fau.de

  [-O]verwriting output

File Assignments:
|  MDIN: ../../jac.mdin                                                        
| MDOUT: jac_ENERGY_f2200000_18.amber.out                                      
|INPCRD: ../../jac.inpcrd                                                      
|  PARM: ../../jac.prmtop                                                      
|RESTRT: jac_ENERGY_f2200000_18.rst                                            
|  REFC: refc                                                                  
| MDVEL: mdvel                                                                 
| MDFRC: mdfrc                                                                 
|  MDEN: mden                                                                  
| MDCRD: jac_ENERGY_f2200000_18.nc                                             
|MDINFO: mdinfo                                                                
|  MTMD: mtmd                                                                  
|INPDIP: inpdip                                                                
|RSTDIP: rstdip                                                                
|INPTRA: inptraj                                                               

|    REMLOG: rem.log
|   REMTYPE: rem.type
|  REMSTRIP: 
|   SAVEENE: saveene
|CLUSTERINF: cluster.info
| RESERVOIR: reserv/frame
|   REMDDIM: 

 
 Here is the input file:
 
 this is the "jac production nve" simulation from the Amber web site           
 &cntrl                                                                        
   ntx=7, irest=1,                                                             
   ntc=2, ntf=2, tol=0.000001,                                                 
   nstlim=50000,                                                               
   ntpr=1000, ntwx=1000,                                                       
   ntwr=10000,                                                                 
   dt=0.002, vlimit=10.0,                                                      
   cut=8.,                                                                     
   ntt=0, ioutfm=1,                                                            
 /                                                                             
 &ewald                                                                        
  dsum_tol=0.000001,                                                           
 /                                                                             
                                                                               

--------------------------------------------------------------------------------
   1.  RESOURCE   USE: 
--------------------------------------------------------------------------------

| Flags: MPI                                                                    
 getting new box info from bottom of inpcrd
|  INFO: Old style inpcrd file read

| peek_ewald_inpcrd: Box info found
|Largest sphere to fit in unit cell has radius =    31.115
|  INFO: Old style PARM file read

 NATOM  =   23558 NTYPES =      16 NBONH =   22290 MBONA  =    1302
 NTHETH =    2789 MTHETA =    1772 NPHIH =    5026 MPHIA  =    3140
 NHPARM =       0 NPARM  =       0 NNB   =   41859 NRES   =    7182
 NBONA  =    1302 NTHETA =    1772 NPHIA =    3140 NUMBND =      45
 NUMANG =      91 NPTRA  =      33 NATYP =      31 NPHB   =       1
 IFBOX  =       1 NMXRS  =      25 IFCAP =       0 NEXTRA =       0
 NCOPY  =       0


|     Memory Use     Allocated
|     Real             2224161
|     Hollerith          77858
|     Integer           968811
|     Max Pairs         581678
|     nblistReal        282696
|     nblist Int        944998
|       Total            29636 kbytes

| Note: 1-4 EEL scale factors were NOT found in the topology file.
|       Using default value of 1.2.

| Note: 1-4 VDW scale factors were NOT found in the topology file.
|       Using default value of 2.0.
| Duplicated    0 dihedrals
| Duplicated    0 dihedrals

     BOX TYPE: RECTILINEAR

--------------------------------------------------------------------------------
   2.  CONTROL  DATA  FOR  THE  RUN
--------------------------------------------------------------------------------

                                                                                

General flags:
     imin    =       0, nmropt  =       0

Nature and format of input:
     ntx     =       7, irest   =       1, ntrx    =       1

Nature and format of output:
     ntxo    =       2, ntpr    =    1000, ntrx    =       1, ntwr    =   10000
     iwrap   =       0, ntwx    =    1000, ntwv    =       0, ntwe    =       0
     ioutfm  =       1, ntwprt  =       0, idecomp =       0, rbornstat=      0

Potential function:
     ntf     =       2, ntb     =       1, igb     =       0, nsnb    =      25
     ipol    =       0, gbsa    =       0, iesp    =       0
     dielc   =   1.00000, cut     =   8.00000, intdiel =   1.00000

Frozen or restrained atoms:
     ibelly  =       0, ntr     =       0

Molecular dynamics:
     nstlim  =     50000, nscm    =      1000, nrespa  =         1
     t       =   0.00000, dt      =   0.00200, vlimit  =  10.00000

SHAKE:
     ntc     =       2, jfastw  =       0
     tol     =   0.00000

Ewald parameters:
     verbose =       0, ew_type =       0, nbflag  =       1, use_pme =       1
     vdwmeth =       1, eedmeth =       1, netfrc  =       1
     Box X =   62.230   Box Y =   62.230   Box Z =   62.230
     Alpha =   90.000   Beta  =   90.000   Gamma =   90.000
     NFFT1 =   64       NFFT2 =   64       NFFT3 =   64
     Cutoff=    8.000   Tol   =0.100E-05
     Ewald Coefficient =  0.39467
     Interpolation order =    4

| MPI Timing options:
|      profile_mpi =        0

--------------------------------------------------------------------------------
   3.  ATOMIC COORDINATES AND VELOCITIES
--------------------------------------------------------------------------------

                                                                                
 begin time read from input coords =     6.000 ps

 Number of triangulated 3-point waters found:     7023
|  Atom division among processors:
|         0    1316    2618    3926    5234    6542    7850    9158
|     10466   11774   13082   14390   15698   17006   18314   19622
|     20930   22238   23558

     Sum of charges from parm topology file = -11.00000006
     Assuming uniform neutralizing plasma
|  Running AMBER/MPI version on   18 nodes

|  WARNING: The number of processors is not a power of 2
|           this may be inefficient on some systems.

--------------------------------------------------------------------------------
   4.  RESULTS
--------------------------------------------------------------------------------

|  # of SOLUTE  degrees of freedom (RNDFP):   48384.
|  # of SOLVENT degrees of freedom (RNDFS):       0.
|  NDFMIN =   48381.     NUM_NOSHAKE =      0     CORRECTED RNDFP =   48381.
|  TOTAL # of degrees of freedom (RNDF) =   48381.
 ---------------------------------------------------
 APPROXIMATING switch and d/dx switch using CUBIC SPLINE INTERPOLATION
 using   5000.0 points per unit in tabled values
 TESTING RELATIVE ERROR over r ranging from 0.0 to cutoff
| CHECK switch(x): max rel err =   0.3316E-14   at   2.351880
| CHECK d/dx switch(x): max rel err =   0.8789E-11   at   2.875760
 ---------------------------------------------------
| Local SIZE OF NONBOND LIST =     271245
| TOTAL SIZE OF NONBOND LIST =    4783392
check COM velocity, temp:        0.003907     0.02(Removed)

 NSTEP =     1000   TIME(PS) =       8.000  TEMP(K) =   296.98  PRESS =     0.0
 Etot   =    -58137.8488  EKtot   =     14276.3103  EPtot      =    -72414.1591
 BOND   =       434.1447  ANGLE   =      1165.6881  DIHED      =       974.0308
 1-4 NB =       558.0250  1-4 EEL =      6605.3165  VDWAALS    =      8136.2319
 EELEC  =    -90287.5961  EHBOND  =         0.0000  RESTRAINT  =         0.0000
 Ewald error estimate:   0.2230E-04
 ------------------------------------------------------------------------------

check COM velocity, temp:        0.000000     0.00(Removed)

 NSTEP =     2000   TIME(PS) =      10.000  TEMP(K) =   294.75  PRESS =     0.0
 Etot   =    -58138.2122  EKtot   =     14169.1281  EPtot      =    -72307.3403
 BOND   =       472.9469  ANGLE   =      1223.5540  DIHED      =      1007.0508
 1-4 NB =       549.4602  1-4 EEL =      6556.8440  VDWAALS    =      8134.2856
 EELEC  =    -90251.4818  EHBOND  =         0.0000  RESTRAINT  =         0.0000
 Ewald error estimate:   0.6251E-04
 ------------------------------------------------------------------------------

check COM velocity, temp:        0.000000     0.00(Removed)

 NSTEP =     3000   TIME(PS) =      12.000  TEMP(K) =   296.75  PRESS =     0.0
 Etot   =    -58140.0724  EKtot   =     14265.0744  EPtot      =    -72405.1468
 BOND   =       487.9616  ANGLE   =      1191.7643  DIHED      =       965.1840
 1-4 NB =       554.3142  1-4 EEL =      6609.6608  VDWAALS    =      8412.4618
 EELEC  =    -90626.4935  EHBOND  =         0.0000  RESTRAINT  =         0.0000
 Ewald error estimate:   0.3730E-06
 ------------------------------------------------------------------------------

check COM velocity, temp:        0.000000     0.00(Removed)

 NSTEP =     4000   TIME(PS) =      14.000  TEMP(K) =   296.13  PRESS =     0.0
 Etot   =    -58141.6827  EKtot   =     14235.3246  EPtot      =    -72377.0073
 BOND   =       456.4101  ANGLE   =      1246.5371  DIHED      =       983.7260
 1-4 NB =       557.1417  1-4 EEL =      6586.6394  VDWAALS    =      8403.0471
 EELEC  =    -90610.5086  EHBOND  =         0.0000  RESTRAINT  =         0.0000
 Ewald error estimate:   0.8765E-05
 ------------------------------------------------------------------------------

check COM velocity, temp:        0.000000     0.00(Removed)

 NSTEP =     5000   TIME(PS) =      16.000  TEMP(K) =   298.46  PRESS =     0.0
 Etot   =    -58141.1489  EKtot   =     14347.4682  EPtot      =    -72488.6170
 BOND   =       470.8740  ANGLE   =      1252.6799  DIHED      =       982.2177
 1-4 NB =       551.7810  1-4 EEL =      6589.2664  VDWAALS    =      8397.0374
 EELEC  =    -90732.4735  EHBOND  =         0.0000  RESTRAINT  =         0.0000
 Ewald error estimate:   0.4112E-06
 ------------------------------------------------------------------------------

check COM velocity, temp:        0.000000     0.00(Removed)

 NSTEP =     6000   TIME(PS) =      18.000  TEMP(K) =   295.94  PRESS =     0.0
 Etot   =    -58141.4512  EKtot   =     14226.2515  EPtot      =    -72367.7026
 BOND   =       452.4871  ANGLE   =      1285.2268  DIHED      =       988.2193
 1-4 NB =       557.1861  1-4 EEL =      6589.2128  VDWAALS    =      8201.7925
 EELEC  =    -90441.8271  EHBOND  =         0.0000  RESTRAINT  =         0.0000
 Ewald error estimate:   0.2537E-04
 ------------------------------------------------------------------------------

check COM velocity, temp:        0.000000     0.00(Removed)

 NSTEP =     7000   TIME(PS) =      20.000  TEMP(K) =   293.86  PRESS =     0.0
 Etot   =    -58141.5627  EKtot   =     14126.2507  EPtot      =    -72267.8134
 BOND   =       480.8331  ANGLE   =      1283.5562  DIHED      =       979.2254
 1-4 NB =       554.9363  1-4 EEL =      6644.7377  VDWAALS    =      8316.2412
 EELEC  =    -90527.3434  EHBOND  =         0.0000  RESTRAINT  =         0.0000
 Ewald error estimate:   0.2763E-04
 ------------------------------------------------------------------------------

check COM velocity, temp:        0.000000     0.00(Removed)

 NSTEP =     8000   TIME(PS) =      22.000  TEMP(K) =   296.03  PRESS =     0.0
 Etot   =    -58142.0865  EKtot   =     14230.4399  EPtot      =    -72372.5264
 BOND   =       463.2827  ANGLE   =      1272.3772  DIHED      =       998.3864
 1-4 NB =       559.6659  1-4 EEL =      6666.3005  VDWAALS    =      8232.6173
 EELEC  =    -90565.1564  EHBOND  =         0.0000  RESTRAINT  =         0.0000
 Ewald error estimate:   0.1405E-04
 ------------------------------------------------------------------------------

check COM velocity, temp:        0.000000     0.00(Removed)

 NSTEP =     9000   TIME(PS) =      24.000  TEMP(K) =   297.22  PRESS =     0.0
 Etot   =    -58141.5996  EKtot   =     14287.8705  EPtot      =    -72429.4701
 BOND   =       476.4848  ANGLE   =      1282.6856  DIHED      =       983.8118
 1-4 NB =       552.6787  1-4 EEL =      6569.9772  VDWAALS    =      8419.5876
 EELEC  =    -90714.6958  EHBOND  =         0.0000  RESTRAINT  =         0.0000
 Ewald error estimate:   0.1896E-04
 ------------------------------------------------------------------------------

check COM velocity, temp:        0.000000     0.00(Removed)

 NSTEP =    10000   TIME(PS) =      26.000  TEMP(K) =   296.04  PRESS =     0.0
 Etot   =    -58142.5570  EKtot   =     14231.1357  EPtot      =    -72373.6927
 BOND   =       458.6004  ANGLE   =      1297.8109  DIHED      =      1003.0886
 1-4 NB =       544.4840  1-4 EEL =      6573.4890  VDWAALS    =      8086.5803
 EELEC  =    -90337.7460  EHBOND  =         0.0000  RESTRAINT  =         0.0000
 Ewald error estimate:   0.4004E-04
 ------------------------------------------------------------------------------

check COM velocity, temp:        0.000000     0.00(Removed)

 NSTEP =    11000   TIME(PS) =      28.000  TEMP(K) =   294.16  PRESS =     0.0
 Etot   =    -58138.2211  EKtot   =     14140.4389  EPtot      =    -72278.6600
 BOND   =       506.3175  ANGLE   =      1288.6776  DIHED      =       974.2131
 1-4 NB =       536.8814  1-4 EEL =      6615.8312  VDWAALS    =      8439.4499
 EELEC  =    -90640.0307  EHBOND  =         0.0000  RESTRAINT  =         0.0000
 Ewald error estimate:   0.2540E-04
 ------------------------------------------------------------------------------

check COM velocity, temp:        0.000000     0.00(Removed)

 NSTEP =    12000   TIME(PS) =      30.000  TEMP(K) =   296.76  PRESS =     0.0
 Etot   =    -58140.0214  EKtot   =     14265.3660  EPtot      =    -72405.3874
 BOND   =       483.5385  ANGLE   =      1273.6086  DIHED      =       984.4434
 1-4 NB =       561.5616  1-4 EEL =      6622.3332  VDWAALS    =      8493.3313
 EELEC  =    -90824.2039  EHBOND  =         0.0000  RESTRAINT  =         0.0000
 Ewald error estimate:   0.1736E-04
 ------------------------------------------------------------------------------

check COM velocity, temp:        0.000000     0.00(Removed)

 NSTEP =    13000   TIME(PS) =      32.000  TEMP(K) =   295.89  PRESS =     0.0
 Etot   =    -58139.7846  EKtot   =     14223.8648  EPtot      =    -72363.6494
 BOND   =       488.3309  ANGLE   =      1276.7684  DIHED      =       962.0767
 1-4 NB =       545.8965  1-4 EEL =      6610.2469  VDWAALS    =      8356.9791
 EELEC  =    -90603.9479  EHBOND  =         0.0000  RESTRAINT  =         0.0000
 Ewald error estimate:   0.3405E-04
 ------------------------------------------------------------------------------

check COM velocity, temp:        0.000000     0.00(Removed)

 NSTEP =    14000   TIME(PS) =      34.000  TEMP(K) =   296.95  PRESS =     0.0
 Etot   =    -58139.9334  EKtot   =     14274.6404  EPtot      =    -72414.5738
 BOND   =       489.9453  ANGLE   =      1296.2956  DIHED      =       963.4441
 1-4 NB =       551.8864  1-4 EEL =      6627.8726  VDWAALS    =      8340.6369
 EELEC  =    -90684.6547  EHBOND  =         0.0000  RESTRAINT  =         0.0000
 Ewald error estimate:   0.2047E-04
 ------------------------------------------------------------------------------

check COM velocity, temp:        0.000000     0.00(Removed)

 NSTEP =    15000   TIME(PS) =      36.000  TEMP(K) =   298.61  PRESS =     0.0
 Etot   =    -58140.9223  EKtot   =     14354.4605  EPtot      =    -72495.3828
 BOND   =       501.9609  ANGLE   =      1258.8504  DIHED      =       981.3118
 1-4 NB =       546.0404  1-4 EEL =      6587.8562  VDWAALS    =      8400.2013
 EELEC  =    -90771.6038  EHBOND  =         0.0000  RESTRAINT  =         0.0000
 Ewald error estimate:   0.8312E-05
 ------------------------------------------------------------------------------

check COM velocity, temp:        0.000000     0.00(Removed)

 NSTEP =    16000   TIME(PS) =      38.000  TEMP(K) =   295.69  PRESS =     0.0
 Etot   =    -58143.6761  EKtot   =     14214.0466  EPtot      =    -72357.7228
 BOND   =       500.8966  ANGLE   =      1279.5506  DIHED      =       974.5794
 1-4 NB =       548.3124  1-4 EEL =      6576.7562  VDWAALS    =      8372.1334
 EELEC  =    -90609.9514  EHBOND  =         0.0000  RESTRAINT  =         0.0000
 Ewald error estimate:   0.2082E-04
 ------------------------------------------------------------------------------

check COM velocity, temp:        0.000000     0.00(Removed)

 NSTEP =    17000   TIME(PS) =      40.000  TEMP(K) =   296.73  PRESS =     0.0
 Etot   =    -58139.5841  EKtot   =     14264.0482  EPtot      =    -72403.6323
 BOND   =       493.1295  ANGLE   =      1329.9706  DIHED      =       953.5104
 1-4 NB =       553.6866  1-4 EEL =      6555.4659  VDWAALS    =      8444.0302
 EELEC  =    -90733.4254  EHBOND  =         0.0000  RESTRAINT  =         0.0000
 Ewald error estimate:   0.1716E-04
 ------------------------------------------------------------------------------

check COM velocity, temp:        0.000000     0.00(Removed)

 NSTEP =    18000   TIME(PS) =      42.000  TEMP(K) =   298.42  PRESS =     0.0
 Etot   =    -58142.5933  EKtot   =     14345.5114  EPtot      =    -72488.1047
 BOND   =       500.3381  ANGLE   =      1300.1712  DIHED      =       971.4606
 1-4 NB =       545.5402  1-4 EEL =      6604.9932  VDWAALS    =      8517.5934
 EELEC  =    -90928.2014  EHBOND  =         0.0000  RESTRAINT  =         0.0000
 Ewald error estimate:   0.2359E-04
 ------------------------------------------------------------------------------

check COM velocity, temp:        0.000000     0.00(Removed)

 NSTEP =    19000   TIME(PS) =      44.000  TEMP(K) =   294.85  PRESS =     0.0
 Etot   =    -58142.7132  EKtot   =     14173.7107  EPtot      =    -72316.4239
 BOND   =       474.7255  ANGLE   =      1217.6195  DIHED      =       978.5044
 1-4 NB =       571.7200  1-4 EEL =      6655.0400  VDWAALS    =      8294.2992
 EELEC  =    -90508.3324  EHBOND  =         0.0000  RESTRAINT  =         0.0000
 Ewald error estimate:   0.4400E-05
 ------------------------------------------------------------------------------

check COM velocity, temp:        0.000000     0.00(Removed)

 NSTEP =    20000   TIME(PS) =      46.000  TEMP(K) =   297.10  PRESS =     0.0
 Etot   =    -58143.0270  EKtot   =     14281.8417  EPtot      =    -72424.8687
 BOND   =       468.5791  ANGLE   =      1290.1743  DIHED      =      1002.7401
 1-4 NB =       561.5382  1-4 EEL =      6643.4835  VDWAALS    =      8342.3789
 EELEC  =    -90733.7628  EHBOND  =         0.0000  RESTRAINT  =         0.0000
 Ewald error estimate:   0.9209E-06
 ------------------------------------------------------------------------------

check COM velocity, temp:        0.000000     0.00(Removed)

 NSTEP =    21000   TIME(PS) =      48.000  TEMP(K) =   295.00  PRESS =     0.0
 Etot   =    -58139.6610  EKtot   =     14180.9231  EPtot      =    -72320.5841
 BOND   =       493.8478  ANGLE   =      1269.6324  DIHED      =       974.1485
 1-4 NB =       560.9026  1-4 EEL =      6610.4197  VDWAALS    =      8347.2649
 EELEC  =    -90576.7999  EHBOND  =         0.0000  RESTRAINT  =         0.0000
 Ewald error estimate:   0.4362E-05
 ------------------------------------------------------------------------------

check COM velocity, temp:        0.000000     0.00(Removed)

 NSTEP =    22000   TIME(PS) =      50.000  TEMP(K) =   298.18  PRESS =     0.0
 Etot   =    -58143.4108  EKtot   =     14333.9474  EPtot      =    -72477.3582
 BOND   =       480.3076  ANGLE   =      1308.4355  DIHED      =       978.4171
 1-4 NB =       550.1655  1-4 EEL =      6619.2880  VDWAALS    =      8293.3398
 EELEC  =    -90707.3117  EHBOND  =         0.0000  RESTRAINT  =         0.0000
 Ewald error estimate:   0.4040E-04
 ------------------------------------------------------------------------------

check COM velocity, temp:        0.000000     0.00(Removed)

 NSTEP =    23000   TIME(PS) =      52.000  TEMP(K) =   298.60  PRESS =     0.0
 Etot   =    -58142.3708  EKtot   =     14354.1164  EPtot      =    -72496.4872
 BOND   =       486.0588  ANGLE   =      1222.2929  DIHED      =       984.2449
 1-4 NB =       571.0588  1-4 EEL =      6655.3468  VDWAALS    =      8358.3557
 EELEC  =    -90773.8451  EHBOND  =         0.0000  RESTRAINT  =         0.0000
 Ewald error estimate:   0.4404E-05
 ------------------------------------------------------------------------------

check COM velocity, temp:        0.000000     0.00(Removed)

 NSTEP =    24000   TIME(PS) =      54.000  TEMP(K) =   296.57  PRESS =     0.0
 Etot   =    -58143.8295  EKtot   =     14256.5684  EPtot      =    -72400.3979
 BOND   =       486.8786  ANGLE   =      1283.7751  DIHED      =       987.8842
 1-4 NB =       537.0140  1-4 EEL =      6622.5250  VDWAALS    =      8366.9234
 EELEC  =    -90685.3983  EHBOND  =         0.0000  RESTRAINT  =         0.0000
 Ewald error estimate:   0.3035E-04
 ------------------------------------------------------------------------------

check COM velocity, temp:        0.000000     0.00(Removed)

 NSTEP =    25000   TIME(PS) =      56.000  TEMP(K) =   301.23  PRESS =     0.0
 Etot   =    -58144.2942  EKtot   =     14480.5391  EPtot      =    -72624.8333
 BOND   =       470.4614  ANGLE   =      1300.5224  DIHED      =       979.3383
 1-4 NB =       537.5908  1-4 EEL =      6592.9490  VDWAALS    =      8369.3103
 EELEC  =    -90875.0055  EHBOND  =         0.0000  RESTRAINT  =         0.0000
 Ewald error estimate:   0.1521E-04
 ------------------------------------------------------------------------------

check COM velocity, temp:        0.000000     0.00(Removed)

 NSTEP =    26000   TIME(PS) =      58.000  TEMP(K) =   295.90  PRESS =     0.0
 Etot   =    -58142.9812  EKtot   =     14224.2046  EPtot      =    -72367.1858
 BOND   =       487.1527  ANGLE   =      1256.5067  DIHED      =      1002.9348
 1-4 NB =       535.8936  1-4 EEL =      6637.6333  VDWAALS    =      8440.0474
 EELEC  =    -90727.3544  EHBOND  =         0.0000  RESTRAINT  =         0.0000
 Ewald error estimate:   0.4153E-04
 ------------------------------------------------------------------------------

check COM velocity, temp:        0.000000     0.00(Removed)

 NSTEP =    27000   TIME(PS) =      60.000  TEMP(K) =   296.78  PRESS =     0.0
 Etot   =    -58142.0644  EKtot   =     14266.3686  EPtot      =    -72408.4330
 BOND   =       459.6718  ANGLE   =      1270.9421  DIHED      =       966.4776
 1-4 NB =       550.7849  1-4 EEL =      6626.1665  VDWAALS    =      8306.4685
 EELEC  =    -90588.9443  EHBOND  =         0.0000  RESTRAINT  =         0.0000
 Ewald error estimate:   0.1563E-04
 ------------------------------------------------------------------------------

check COM velocity, temp:        0.000000     0.00(Removed)

 NSTEP =    28000   TIME(PS) =      62.000  TEMP(K) =   295.76  PRESS =     0.0
 Etot   =    -58141.4569  EKtot   =     14217.3546  EPtot      =    -72358.8115
 BOND   =       511.6960  ANGLE   =      1290.5907  DIHED      =       950.8998
 1-4 NB =       542.0834  1-4 EEL =      6614.7794  VDWAALS    =      8544.1508
 EELEC  =    -90813.0116  EHBOND  =         0.0000  RESTRAINT  =         0.0000
 Ewald error estimate:   0.6293E-04
 ------------------------------------------------------------------------------

check COM velocity, temp:        0.000000     0.00(Removed)

 NSTEP =    29000   TIME(PS) =      64.000  TEMP(K) =   297.74  PRESS =     0.0
 Etot   =    -58141.3801  EKtot   =     14312.7730  EPtot      =    -72454.1531
 BOND   =       473.9206  ANGLE   =      1291.3627  DIHED      =       998.7146
 1-4 NB =       538.1759  1-4 EEL =      6581.0987  VDWAALS    =      8371.8698
 EELEC  =    -90709.2953  EHBOND  =         0.0000  RESTRAINT  =         0.0000
 Ewald error estimate:   0.1248E-04
 ------------------------------------------------------------------------------

check COM velocity, temp:        0.000000     0.00(Removed)

 NSTEP =    30000   TIME(PS) =      66.000  TEMP(K) =   294.23  PRESS =     0.0
 Etot   =    -58141.5118  EKtot   =     14143.8074  EPtot      =    -72285.3192
 BOND   =       466.4112  ANGLE   =      1269.1233  DIHED      =      1019.5764
 1-4 NB =       561.4204  1-4 EEL =      6600.3052  VDWAALS    =      8470.1522
 EELEC  =    -90672.3079  EHBOND  =         0.0000  RESTRAINT  =         0.0000
 Ewald error estimate:   0.7225E-04
 ------------------------------------------------------------------------------

check COM velocity, temp:        0.000000     0.00(Removed)

 NSTEP =    31000   TIME(PS) =      68.000  TEMP(K) =   298.87  PRESS =     0.0
 Etot   =    -58141.0817  EKtot   =     14367.0532  EPtot      =    -72508.1349
 BOND   =       482.3330  ANGLE   =      1250.4049  DIHED      =       999.8915
 1-4 NB =       538.1194  1-4 EEL =      6652.6368  VDWAALS    =      8576.8443
 EELEC  =    -91008.3647  EHBOND  =         0.0000  RESTRAINT  =         0.0000
 Ewald error estimate:   0.3496E-04
 ------------------------------------------------------------------------------

check COM velocity, temp:        0.000000     0.00(Removed)

 NSTEP =    32000   TIME(PS) =      70.000  TEMP(K) =   299.91  PRESS =     0.0
 Etot   =    -58140.9699  EKtot   =     14416.9643  EPtot      =    -72557.9342
 BOND   =       467.0077  ANGLE   =      1258.5754  DIHED      =      1009.5132
 1-4 NB =       536.5814  1-4 EEL =      6602.5554  VDWAALS    =      8534.9195
 EELEC  =    -90967.0868  EHBOND  =         0.0000  RESTRAINT  =         0.0000
 Ewald error estimate:   0.3617E-04
 ------------------------------------------------------------------------------

check COM velocity, temp:        0.000000     0.00(Removed)

 NSTEP =    33000   TIME(PS) =      72.000  TEMP(K) =   297.86  PRESS =     0.0
 Etot   =    -58140.7300  EKtot   =     14318.4587  EPtot      =    -72459.1887
 BOND   =       483.7378  ANGLE   =      1282.1531  DIHED      =       981.5891
 1-4 NB =       525.1733  1-4 EEL =      6613.1618  VDWAALS    =      8344.5789
 EELEC  =    -90689.5827  EHBOND  =         0.0000  RESTRAINT  =         0.0000
 Ewald error estimate:   0.8447E-05
 ------------------------------------------------------------------------------

check COM velocity, temp:        0.000000     0.00(Removed)

 NSTEP =    34000   TIME(PS) =      74.000  TEMP(K) =   295.60  PRESS =     0.0
 Etot   =    -58142.4143  EKtot   =     14209.7346  EPtot      =    -72352.1489
 BOND   =       493.7305  ANGLE   =      1267.0019  DIHED      =       982.8178
 1-4 NB =       561.4787  1-4 EEL =      6632.1425  VDWAALS    =      8483.2930
 EELEC  =    -90772.6132  EHBOND  =         0.0000  RESTRAINT  =         0.0000
 Ewald error estimate:   0.2037E-04
 ------------------------------------------------------------------------------

check COM velocity, temp:        0.000000     0.00(Removed)

 NSTEP =    35000   TIME(PS) =      76.000  TEMP(K) =   295.43  PRESS =     0.0
 Etot   =    -58139.9202  EKtot   =     14201.5936  EPtot      =    -72341.5138
 BOND   =       480.0779  ANGLE   =      1307.2124  DIHED      =       979.2535
 1-4 NB =       567.5972  1-4 EEL =      6627.2232  VDWAALS    =      8427.6672
 EELEC  =    -90730.5452  EHBOND  =         0.0000  RESTRAINT  =         0.0000
 Ewald error estimate:   0.8439E-04
 ------------------------------------------------------------------------------

check COM velocity, temp:        0.000000     0.00(Removed)

 NSTEP =    36000   TIME(PS) =      78.000  TEMP(K) =   300.42  PRESS =     0.0
 Etot   =    -58142.8287  EKtot   =     14441.7652  EPtot      =    -72584.5940
 BOND   =       448.5916  ANGLE   =      1270.2711  DIHED      =       979.6366
 1-4 NB =       549.4179  1-4 EEL =      6632.5996  VDWAALS    =      8192.6342
 EELEC  =    -90657.7449  EHBOND  =         0.0000  RESTRAINT  =         0.0000
 Ewald error estimate:   0.1472E-04
 ------------------------------------------------------------------------------

check COM velocity, temp:        0.000000     0.00(Removed)

 NSTEP =    37000   TIME(PS) =      80.000  TEMP(K) =   296.43  PRESS =     0.0
 Etot   =    -58142.8055  EKtot   =     14249.7622  EPtot      =    -72392.5677
 BOND   =       452.6027  ANGLE   =      1264.6237  DIHED      =       939.0777
 1-4 NB =       554.9894  1-4 EEL =      6699.0555  VDWAALS    =      8470.8314
 EELEC  =    -90773.7481  EHBOND  =         0.0000  RESTRAINT  =         0.0000
 Ewald error estimate:   0.3663E-04
 ------------------------------------------------------------------------------

check COM velocity, temp:        0.000000     0.00(Removed)

 NSTEP =    38000   TIME(PS) =      82.000  TEMP(K) =   298.72  PRESS =     0.0
 Etot   =    -58143.4934  EKtot   =     14359.8815  EPtot      =    -72503.3749
 BOND   =       496.1789  ANGLE   =      1262.4180  DIHED      =       985.9378
 1-4 NB =       540.7246  1-4 EEL =      6613.9498  VDWAALS    =      8035.7697
 EELEC  =    -90438.3537  EHBOND  =         0.0000  RESTRAINT  =         0.0000
 Ewald error estimate:   0.1184E-04
 ------------------------------------------------------------------------------

check COM velocity, temp:        0.000000     0.00(Removed)

 NSTEP =    39000   TIME(PS) =      84.000  TEMP(K) =   295.39  PRESS =     0.0
 Etot   =    -58138.7449  EKtot   =     14199.8387  EPtot      =    -72338.5835
 BOND   =       494.6072  ANGLE   =      1287.9674  DIHED      =       984.1602
 1-4 NB =       541.5098  1-4 EEL =      6704.7470  VDWAALS    =      8417.3195
 EELEC  =    -90768.8947  EHBOND  =         0.0000  RESTRAINT  =         0.0000
 Ewald error estimate:   0.6232E-04
 ------------------------------------------------------------------------------

check COM velocity, temp:        0.000000     0.00(Removed)

 NSTEP =    40000   TIME(PS) =      86.000  TEMP(K) =   297.81  PRESS =     0.0
 Etot   =    -58143.1759  EKtot   =     14315.9677  EPtot      =    -72459.1436
 BOND   =       495.1900  ANGLE   =      1230.7891  DIHED      =       975.8370
 1-4 NB =       551.5083  1-4 EEL =      6599.2359  VDWAALS    =      8608.0585
 EELEC  =    -90919.7623  EHBOND  =         0.0000  RESTRAINT  =         0.0000
 Ewald error estimate:   0.2428E-04
 ------------------------------------------------------------------------------

check COM velocity, temp:        0.000000     0.00(Removed)

 NSTEP =    41000   TIME(PS) =      88.000  TEMP(K) =   295.97  PRESS =     0.0
 Etot   =    -58140.3665  EKtot   =     14227.6315  EPtot      =    -72367.9980
 BOND   =       480.3244  ANGLE   =      1267.9624  DIHED      =       994.8504
 1-4 NB =       533.0374  1-4 EEL =      6595.4837  VDWAALS    =      8439.7826
 EELEC  =    -90679.4390  EHBOND  =         0.0000  RESTRAINT  =         0.0000
 Ewald error estimate:   0.3726E-04
 ------------------------------------------------------------------------------

check COM velocity, temp:        0.000000     0.00(Removed)

 NSTEP =    42000   TIME(PS) =      90.000  TEMP(K) =   297.79  PRESS =     0.0
 Etot   =    -58139.9257  EKtot   =     14315.1455  EPtot      =    -72455.0712
 BOND   =       485.1884  ANGLE   =      1256.5770  DIHED      =       968.9813
 1-4 NB =       551.7811  1-4 EEL =      6637.7805  VDWAALS    =      8534.4803
 EELEC  =    -90889.8598  EHBOND  =         0.0000  RESTRAINT  =         0.0000
 Ewald error estimate:   0.1718E-04
 ------------------------------------------------------------------------------

check COM velocity, temp:        0.000000     0.00(Removed)

 NSTEP =    43000   TIME(PS) =      92.000  TEMP(K) =   298.53  PRESS =     0.0
 Etot   =    -58142.8717  EKtot   =     14350.7565  EPtot      =    -72493.6282
 BOND   =       493.3693  ANGLE   =      1283.5619  DIHED      =       964.1366
 1-4 NB =       524.7350  1-4 EEL =      6622.1516  VDWAALS    =      8331.2575
 EELEC  =    -90712.8400  EHBOND  =         0.0000  RESTRAINT  =         0.0000
 Ewald error estimate:   0.3045E-05
 ------------------------------------------------------------------------------

check COM velocity, temp:        0.000000     0.00(Removed)

 NSTEP =    44000   TIME(PS) =      94.000  TEMP(K) =   296.54  PRESS =     0.0
 Etot   =    -58142.0884  EKtot   =     14255.1883  EPtot      =    -72397.2767
 BOND   =       481.9537  ANGLE   =      1236.9600  DIHED      =       972.6037
 1-4 NB =       546.5650  1-4 EEL =      6686.4878  VDWAALS    =      8422.5161
 EELEC  =    -90744.3629  EHBOND  =         0.0000  RESTRAINT  =         0.0000
 Ewald error estimate:   0.2044E-04
 ------------------------------------------------------------------------------

check COM velocity, temp:        0.000000     0.00(Removed)

 NSTEP =    45000   TIME(PS) =      96.000  TEMP(K) =   298.39  PRESS =     0.0
 Etot   =    -58140.5744  EKtot   =     14344.1376  EPtot      =    -72484.7120
 BOND   =       491.7245  ANGLE   =      1276.9657  DIHED      =       960.2723
 1-4 NB =       558.2367  1-4 EEL =      6654.1414  VDWAALS    =      8322.9664
 EELEC  =    -90749.0190  EHBOND  =         0.0000  RESTRAINT  =         0.0000
 Ewald error estimate:   0.1221E-04
 ------------------------------------------------------------------------------

check COM velocity, temp:        0.000000     0.00(Removed)

 NSTEP =    46000   TIME(PS) =      98.000  TEMP(K) =   296.04  PRESS =     0.0
 Etot   =    -58142.0231  EKtot   =     14231.1066  EPtot      =    -72373.1297
 BOND   =       484.3278  ANGLE   =      1267.3816  DIHED      =       999.9869
 1-4 NB =       540.9017  1-4 EEL =      6625.3072  VDWAALS    =      8561.2844
 EELEC  =    -90852.3194  EHBOND  =         0.0000  RESTRAINT  =         0.0000
 Ewald error estimate:   0.1464E-04
 ------------------------------------------------------------------------------

check COM velocity, temp:        0.000000     0.00(Removed)

 NSTEP =    47000   TIME(PS) =     100.000  TEMP(K) =   301.59  PRESS =     0.0
 Etot   =    -58141.7986  EKtot   =     14497.7179  EPtot      =    -72639.5165
 BOND   =       494.6029  ANGLE   =      1266.7267  DIHED      =       983.6850
 1-4 NB =       555.6408  1-4 EEL =      6645.3623  VDWAALS    =      8249.3417
 EELEC  =    -90834.8759  EHBOND  =         0.0000  RESTRAINT  =         0.0000
 Ewald error estimate:   0.1272E-04
 ------------------------------------------------------------------------------

check COM velocity, temp:        0.000000     0.00(Removed)

 NSTEP =    48000   TIME(PS) =     102.000  TEMP(K) =   296.34  PRESS =     0.0
 Etot   =    -58139.9453  EKtot   =     14245.1700  EPtot      =    -72385.1153
 BOND   =       464.1003  ANGLE   =      1216.4593  DIHED      =       974.1681
 1-4 NB =       556.1797  1-4 EEL =      6732.4057  VDWAALS    =      8412.8683
 EELEC  =    -90741.2967  EHBOND  =         0.0000  RESTRAINT  =         0.0000
 Ewald error estimate:   0.9431E-05
 ------------------------------------------------------------------------------

check COM velocity, temp:        0.000000     0.00(Removed)

 NSTEP =    49000   TIME(PS) =     104.000  TEMP(K) =   297.35  PRESS =     0.0
 Etot   =    -58139.7319  EKtot   =     14293.7532  EPtot      =    -72433.4852
 BOND   =       458.2279  ANGLE   =      1255.5019  DIHED      =       974.1293
 1-4 NB =       530.3211  1-4 EEL =      6651.6773  VDWAALS    =      8358.5452
 EELEC  =    -90661.8879  EHBOND  =         0.0000  RESTRAINT  =         0.0000
 Ewald error estimate:   0.2519E-04
 ------------------------------------------------------------------------------

check COM velocity, temp:        0.000000     0.00(Removed)

 NSTEP =    50000   TIME(PS) =     106.000  TEMP(K) =   297.98  PRESS =     0.0
 Etot   =    -58142.8068  EKtot   =     14324.3296  EPtot      =    -72467.1364
 BOND   =       459.0954  ANGLE   =      1260.8180  DIHED      =       997.1084
 1-4 NB =       551.0206  1-4 EEL =      6602.1468  VDWAALS    =      8500.0435
 EELEC  =    -90837.3690  EHBOND  =         0.0000  RESTRAINT  =         0.0000
 Ewald error estimate:   0.4150E-05
 ------------------------------------------------------------------------------


      A V E R A G E S   O V E R   50000 S T E P S


 NSTEP =    50000   TIME(PS) =     106.000  TEMP(K) =   296.88  PRESS =     0.0
 Etot   =    -58141.2618  EKtot   =     14271.1668  EPtot      =    -72412.4286
 BOND   =       476.3795  ANGLE   =      1268.9802  DIHED      =       979.0860
 1-4 NB =       549.3881  1-4 EEL =      6623.0987  VDWAALS    =      8394.1747
 EELEC  =    -90703.5359  EHBOND  =         0.0000  RESTRAINT  =         0.0000
 Ewald error estimate:   0.2474E-04
 ------------------------------------------------------------------------------


      R M S  F L U C T U A T I O N S


 NSTEP =    50000   TIME(PS) =     106.000  TEMP(K) =     1.60  PRESS =     0.0
 Etot   =         1.8376  EKtot   =        76.8223  EPtot      =        77.7398
 BOND   =        20.0235  ANGLE   =        32.0103  DIHED      =        15.3909
 1-4 NB =         9.7664  1-4 EEL =        33.9176  VDWAALS    =       126.6045
 EELEC  =       172.3275  EHBOND  =         0.0000  RESTRAINT  =         0.0000
|E(PBS) =         3.4420
 Ewald error estimate:   0.1673E-04
 ------------------------------------------------------------------------------


--------------------------------------------------------------------------------
   5.  TIMINGS
--------------------------------------------------------------------------------

|>>>>>>>>PROFILE of Average TIMES>>>>>>>>> 
|                Build the list            57.70 (81.79% of List )
|                Other                     12.85 (18.21% of List )
|             List time                 70.54 (13.09% of Nonbo)
|                   Short_ene time           288.65 (89.01% of Direc)
|                   Other                     35.63 (10.99% of Direc)
|                Direct Ewald time        324.28 (69.24% of Ewald)
|                Adjust Ewald time          2.75 ( 0.59% of Ewald)
|                   Fill Bspline coeffs       19.81 (18.42% of Recip)
|                   Fill charge grid          12.61 (11.73% of Recip)
|                   Scalar sum                 7.99 ( 7.43% of Recip)
|                   Grad sum                  18.96 (17.64% of Recip)
|                      FFT back comm time         8.45 (18.99% of FFT t)
|                      Other                     36.04 (81.01% of FFT t)
|                   FFT time                  44.49 (41.38% of Recip)
|                   Other                      3.66 ( 3.40% of Recip)
|                Recip Ewald time         107.52 (22.96% of Ewald)
|                Force Adjust              21.96 ( 4.69% of Ewald)
|                Virial junk               10.78 ( 2.30% of Ewald)
|                Other                      0.99 ( 0.21% of Ewald)
|             Ewald time               468.31 (86.90% of Nonbo)
|             Other                      0.04 ( 0.01% of Nonbo)
|          Nonbond force            538.91 (96.71% of Force)
|          Bond/Angle/Dihedral        4.10 ( 0.73% of Force)
|          FRC Collect time           8.66 ( 1.55% of Force)
|          Other                      5.56 ( 1.00% of Force)
|       Force time               557.23 (90.91% of Runmd)
|       Shake time                 6.19 ( 1.01% of Runmd)
|       Verlet update time         4.80 ( 0.78% of Runmd)
|       CRD distribute time       17.79 ( 2.90% of Runmd)
|       Other                     26.93 ( 4.39% of Runmd)
|    Runmd Time               612.94 (100.0% of Total)
|    Other                      0.15 ( 0.02% of Total)
| Total time               613.09 (100.0% of ALL  )

| Number of list builds   :       5386

| Highest rstack allocated:     130347
| Highest istack allocated:       3435

| Final Performance Info:
| -----------------------------------------------------
| Average timings for all steps:
|     Elapsed(s) =     613.01 Per Step(ms) =      12.26
|         ns/day =      14.09   seconds/ns =    6130.08
| -----------------------------------------------------

|           Job began  at 03:21:15.556  on 05/07/2026
|           Setup done at 03:21:15.709  on 05/07/2026
|           Run   done at 03:31:28.699  on 05/07/2026
|     wallclock() was called 2760835 times

|3D-RISM memory allocation summary
|Type          Maximum        Current   
|Integer       0.00000 GB     0.00000 GB
|Real          0.00000 GB     0.00000 GB
|Logical       0.00000 GB     0.00000 GB
|Character     0.00000 GB     0.00000 GB
|---------------------------------------
|Total         0.00000 GB     0.00000 GB
