                   :-) GROMACS - gmx mdrun, 2025.2-spack (-:

Executable:   /apps/SPACK/0.23.0/opt/linux-almalinux9-zen4/gcc-11.4.1/gromacs-2025.2-y4v7dqwvnpcybafuodisfw35wrrzwytk/bin/gmx
Data prefix:  /apps/SPACK/0.23.0/opt/linux-almalinux9-zen4/gcc-11.4.1/gromacs-2025.2-y4v7dqwvnpcybafuodisfw35wrrzwytk
Working dir:  /home/hpc/ihpc/ihpc161h/GROMACS-BAthesis/runs/gromacs_H100_freq/1593-1770
Command line:
  gmx mdrun -nsteps 200000 -maxh 0.2 -ntomp 16 -bonded gpu -update gpu -pme gpu -nb gpu -ntmpi 1 -pin on -pinstride 1 -s /home/hpc/ihpc/ihpc161h/GROMACS-BAthesis/inputs/stmv_pme_nvt.tpr -deffnm stmv_pme_nvt_1593-1770_h12-12_perflog -g stmv_pme_nvt_1593-1770_h12-12_perflog.log -gpu_id 0

Reading file /home/hpc/ihpc/ihpc161h/GROMACS-BAthesis/inputs/stmv_pme_nvt.tpr, VERSION 2019.5 (single precision)
Note: file tpx version 116, software tpx version 137
Overriding nsteps with value passed on the command line: 200000 steps, 400 ps
Changing nstlist from 10 to 100, rlist from 1.2 to 1.339


1 GPU selected for this run.
Mapping of GPU IDs to the 2 GPU tasks in the 1 rank on this node:
  PP:0,PME:0
PP tasks will do (non-perturbed) short-ranged and most bonded interactions on the GPU
PP task will update and constrain coordinates on the GPU
PME tasks will do all aspects on the GPU
Using 1 MPI thread
Using 16 OpenMP threads 

starting mdrun 'ConvertedSystem'
200000 steps,    400.0 ps.

Step 159200: Run time exceeded 0.198 hours, will terminate the run within 100 steps

               Core t (s)   Wall t (s)        (%)
       Time:    11419.588      713.729     1600.0
                 (ns/day)    (hour/ns)
Performance:       38.568        0.622

GROMACS reminds you: "Prior to 1965 there were none, and after 1965 there was a nun." (Sister Mary Kenneth Keller regarding women with PhDs in computer science)

