Group: 1
+-----------------------+---------+---------------+---------------+---------------+---------------+---------------+---------------+---------------+---------------+---------------+---------------+---------------+---------------+---------------+---------------+---------------+---------------+---------------+---------------+
|         Event         | Counter |   f0404:0:0   |   f0404:1:1   |   f0404:2:2   |   f0404:3:3   |   f0404:4:4   |   f0404:5:5   |   f0404:6:6   |   f0404:7:7   |   f0404:8:8   |   f0404:9:9   |  f0404:10:10  |  f0404:11:11  |  f0404:12:12  |  f0404:13:13  |  f0404:14:14  |  f0404:15:15  |  f0404:16:16  |  f0404:17:17  |
+-----------------------+---------+---------------+---------------+---------------+---------------+---------------+---------------+---------------+---------------+---------------+---------------+---------------+---------------+---------------+---------------+---------------+---------------+---------------+---------------+
|   INSTR_RETIRED_ANY   |  FIXC0  | 2841398193458 | 2847969167903 | 2824932959115 | 2750952900869 | 2684795642120 | 2667459822137 | 2653047673601 | 2646596113191 | 2656049231456 | 2650462232766 | 2553168309686 | 2559972342318 | 2581683514492 | 2640987412764 | 2696476462693 | 2712663982729 | 2729638177070 | 2632271891910 |
| CPU_CLK_UNHALTED_CORE |  FIXC1  | 1395738877937 | 1401323492897 | 1401301439090 | 1401334576520 | 1401379470290 | 1401338623247 | 1401324135192 | 1401167153399 | 1400945872391 | 1401300373103 | 1401322441981 | 1401412787695 | 1398869022208 | 1401195495017 | 1401329930988 | 1401203809906 | 1401121556713 | 1401446714441 |
|  CPU_CLK_UNHALTED_REF |  FIXC2  | 2093621902368 | 2101998775584 | 2101966542336 | 2102014741728 | 2102078771328 | 2102019078048 | 2101996546272 | 2101762565856 | 2101432594272 | 2101964490144 | 2101993724640 | 2102129568384 | 2098316823744 | 2101807276800 | 2102009308896 | 2101816181952 | 2101690185696 | 2102183320992 |
|     TOPDOWN_SLOTS     |  FIXC3  | 6978694389685 | 7006617464485 | 7006507195450 | 7006672882600 | 7006897351450 | 7006693116235 | 7006620675960 | 7005835766995 | 7004729361955 | 7006501865515 | 7006612209905 | 7007063938475 | 6994345111040 | 7005977475085 | 7006649654940 | 7006019049530 | 7005607783565 | 7007233572205 |
|       TEMP_CORE       |   TMP0  |            34 |            36 |            36 |            35 |            35 |            36 |            37 |            37 |            36 |            32 |            33 |            36 |            35 |            33 |            35 |            35 |            34 |            34 |
|     PWR_PKG_ENERGY    |   PWR0  |    95913.6027 |             0 |             0 |             0 |             0 |             0 |             0 |             0 |             0 |             0 |             0 |             0 |             0 |             0 |             0 |             0 |             0 |             0 |
|     PWR_PP0_ENERGY    |   PWR1  |             0 |             0 |             0 |             0 |             0 |             0 |             0 |             0 |             0 |             0 |             0 |             0 |             0 |             0 |             0 |             0 |             0 |             0 |
|    PWR_DRAM_ENERGY    |   PWR3  |     6552.8820 |             0 |             0 |             0 |             0 |             0 |             0 |             0 |             0 |             0 |             0 |             0 |             0 |             0 |             0 |             0 |             0 |             0 |
|  PWR_PLATFORM_ENERGY  |   PWR4  |             0 |             0 |             0 |             0 |             0 |             0 |             0 |             0 |             0 |             0 |             0 |             0 |             0 |             0 |             0 |             0 |             0 |             0 |
|   UNCORE_CLOCKTICKS   | UBOXFIX | 1389675921602 |             0 |             0 |             0 |             0 |             0 |             0 |             0 |             0 |             0 |             0 |             0 |             0 |             0 |             0 |             0 |             0 |             0 |
+-----------------------+---------+---------------+---------------+---------------+---------------+---------------+---------------+---------------+---------------+---------------+---------------+---------------+---------------+---------------+---------------+---------------+---------------+---------------+---------------+

+----------------------------+---------+-----------------+---------------+---------------+--------------+
|            Event           | Counter |       Sum       |      Min      |      Max      |      Avg     |
+----------------------------+---------+-----------------+---------------+---------------+--------------+
|   INSTR_RETIRED_ANY STAT   |  FIXC0  |  48330526030278 | 2553168309686 | 2847969167903 | 2.685029e+12 |
| CPU_CLK_UNHALTED_CORE STAT |  FIXC1  |  25215055773015 | 1395738877937 | 1401446714441 | 1.400836e+12 |
|  CPU_CLK_UNHALTED_REF STAT |  FIXC2  |  37822802399040 | 2093621902368 | 2102183320992 | 2.101267e+12 |
|     TOPDOWN_SLOTS STAT     |  FIXC3  | 126075278865075 | 6978694389685 | 7007233572205 | 7.004182e+12 |
|       TEMP_CORE STAT       |   TMP0  |             629 |            32 |            37 |      34.9444 |
|     PWR_PKG_ENERGY STAT    |   PWR0  |      95913.6027 |             0 |    95913.6027 |    5328.5335 |
|     PWR_PP0_ENERGY STAT    |   PWR1  |               0 |             0 |             0 |            0 |
|    PWR_DRAM_ENERGY STAT    |   PWR3  |       6552.8820 |             0 |     6552.8820 |     364.0490 |
|  PWR_PLATFORM_ENERGY STAT  |   PWR4  |               0 |             0 |             0 |            0 |
|   UNCORE_CLOCKTICKS STAT   | UBOXFIX |   1389675921602 |             0 | 1389675921602 | 7.720422e+10 |
+----------------------------+---------+-----------------+---------------+---------------+--------------+

+----------------------+------------+-----------+-----------+-----------+-----------+-----------+-----------+-----------+-----------+-----------+-------------+-------------+-------------+-------------+-------------+-------------+-------------+-------------+
|        Metric        |  f0404:0:0 | f0404:1:1 | f0404:2:2 | f0404:3:3 | f0404:4:4 | f0404:5:5 | f0404:6:6 | f0404:7:7 | f0404:8:8 | f0404:9:9 | f0404:10:10 | f0404:11:11 | f0404:12:12 | f0404:13:13 | f0404:14:14 | f0404:15:15 | f0404:16:16 | f0404:17:17 |
+----------------------+------------+-----------+-----------+-----------+-----------+-----------+-----------+-----------+-----------+-----------+-------------+-------------+-------------+-------------+-------------+-------------+-------------+-------------+
|  Runtime (RDTSC) [s] |   881.7463 |  881.7476 |  881.7789 |  881.7439 |  881.7382 |  881.7347 |  881.7507 |  881.7518 |  881.7570 |  881.7458 |    881.7510 |    881.7527 |    881.7574 |    881.7510 |    881.7257 |    881.7442 |    881.7564 |    881.7411 |
| Runtime unhalted [s] |   582.9347 |  585.2657 |  585.2842 |  585.2699 |  585.2898 |  585.2725 |  585.2667 |  585.2009 |  585.1080 |  585.2559 |    585.2651 |    585.3032 |    584.2408 |    585.2123 |    585.2695 |    585.2171 |    585.1808 |    585.3170 |
|      Clock [MHz]     |  1596.2106 | 1596.2145 | 1596.1384 | 1596.2161 | 1596.2155 | 1596.2152 | 1596.2150 | 1596.2146 | 1596.2145 | 1596.2146 |   1596.2177 |   1596.2164 |   1596.2140 |   1596.2140 |   1596.2110 |   1596.2133 |   1596.2205 |   1596.2154 |
|  Uncore Clock [MHz]  |  1576.0496 |         0 |         0 |         0 |         0 |         0 |         0 |         0 |         0 |         0 |           0 |           0 |           0 |           0 |           0 |           0 |           0 |           0 |
|          CPI         |     0.4912 |    0.4920 |    0.4960 |    0.5094 |    0.5220 |    0.5253 |    0.5282 |    0.5294 |    0.5275 |    0.5287 |      0.5489 |      0.5474 |      0.5418 |      0.5306 |      0.5197 |      0.5165 |      0.5133 |      0.5324 |
|    Temperature [C]   |         34 |        36 |        36 |        35 |        35 |        36 |        37 |        37 |        36 |        32 |          33 |          36 |          35 |          33 |          35 |          35 |          34 |          34 |
|      Energy [J]      | 95913.6027 |         0 |         0 |         0 |         0 |         0 |         0 |         0 |         0 |         0 |           0 |           0 |           0 |           0 |           0 |           0 |           0 |           0 |
|       Power [W]      |   108.7769 |         0 |         0 |         0 |         0 |         0 |         0 |         0 |         0 |         0 |           0 |           0 |           0 |           0 |           0 |           0 |           0 |           0 |
|    Energy PP0 [J]    |          0 |         0 |         0 |         0 |         0 |         0 |         0 |         0 |         0 |         0 |           0 |           0 |           0 |           0 |           0 |           0 |           0 |           0 |
|     Power PP0 [W]    |          0 |         0 |         0 |         0 |         0 |         0 |         0 |         0 |         0 |         0 |           0 |           0 |           0 |           0 |           0 |           0 |           0 |           0 |
|    Energy DRAM [J]   |  6552.8820 |         0 |         0 |         0 |         0 |         0 |         0 |         0 |         0 |         0 |           0 |           0 |           0 |           0 |           0 |           0 |           0 |           0 |
|    Power DRAM [W]    |     7.4317 |         0 |         0 |         0 |         0 |         0 |         0 |         0 |         0 |         0 |           0 |           0 |           0 |           0 |           0 |           0 |           0 |           0 |
|  Energy PLATFORM [J] |          0 |         0 |         0 |         0 |         0 |         0 |         0 |         0 |         0 |         0 |           0 |           0 |           0 |           0 |           0 |           0 |           0 |           0 |
|  Power PLATFORM [W]  |          0 |         0 |         0 |         0 |         0 |         0 |         0 |         0 |         0 |         0 |           0 |           0 |           0 |           0 |           0 |           0 |           0 |           0 |
+----------------------+------------+-----------+-----------+-----------+-----------+-----------+-----------+-----------+-----------+-----------+-------------+-------------+-------------+-------------+-------------+-------------+-------------+-------------+

+---------------------------+------------+-----------+------------+-----------+-----------+-----------+-----------+
|           Metric          |     Sum    |    Min    |     Max    |    Avg    |  %ile 25  |  %ile 50  |  %ile 75  |
+---------------------------+------------+-----------+------------+-----------+-----------+-----------+-----------+
|  Runtime (RDTSC) [s] STAT | 15871.4744 |  881.7257 |   881.7789 |  881.7486 |  881.7439 |  881.7476 |  881.7527 |
| Runtime unhalted [s] STAT | 10531.1541 |  582.9347 |   585.3170 |  585.0641 |  585.2009 |  585.2651 |  585.2725 |
|      Clock [MHz] STAT     | 28731.7913 | 1596.1384 |  1596.2205 | 1596.2106 | 1596.2140 | 1596.2146 | 1596.2155 |
|  Uncore Clock [MHz] STAT  |  1576.0496 |         0 |  1576.0496 |   87.5583 |         0 |         0 |         0 |
|          CPI STAT         |     9.4003 |    0.4912 |     0.5489 |    0.5222 |    0.5133 |    0.5253 |    0.5306 |
|    Temperature [C] STAT   |        629 |        32 |         37 |   34.9444 |        34 |        35 |        36 |
|      Energy [J] STAT      | 95913.6027 |         0 | 95913.6027 | 5328.5335 |         0 |         0 |         0 |
|       Power [W] STAT      |   108.7769 |         0 |   108.7769 |    6.0432 |         0 |         0 |         0 |
|    Energy PP0 [J] STAT    |          0 |         0 |          0 |         0 |         0 |         0 |         0 |
|     Power PP0 [W] STAT    |          0 |         0 |          0 |         0 |         0 |         0 |         0 |
|    Energy DRAM [J] STAT   |  6552.8820 |         0 |  6552.8820 |  364.0490 |         0 |         0 |         0 |
|    Power DRAM [W] STAT    |     7.4317 |         0 |     7.4317 |    0.4129 |         0 |         0 |         0 |
|  Energy PLATFORM [J] STAT |          0 |         0 |          0 |         0 |         0 |         0 |         0 |
|  Power PLATFORM [W] STAT  |          0 |         0 |          0 |         0 |         0 |         0 |         0 |
+---------------------------+------------+-----------+------------+-----------+-----------+-----------+-----------+

