Group: 1
+-----------------------+---------+---------------+---------------+---------------+---------------+---------------+---------------+---------------+---------------+---------------+---------------+---------------+---------------+---------------+---------------+---------------+---------------+---------------+---------------+
|         Event         | Counter |   f0660:0:0   |   f0660:1:1   |   f0660:2:2   |   f0660:3:3   |   f0660:4:4   |   f0660:5:5   |   f0660:6:6   |   f0660:7:7   |   f0660:8:8   |   f0660:9:9   |  f0660:10:10  |  f0660:11:11  |  f0660:12:12  |  f0660:13:13  |  f0660:14:14  |  f0660:15:15  |  f0660:16:16  |  f0660:17:17  |
+-----------------------+---------+---------------+---------------+---------------+---------------+---------------+---------------+---------------+---------------+---------------+---------------+---------------+---------------+---------------+---------------+---------------+---------------+---------------+---------------+
|   INSTR_RETIRED_ANY   |  FIXC0  | 2320910036177 | 2240199197149 | 2252564147943 | 2234084155992 | 2236024900622 | 2231643617534 | 2124061271494 | 2131717269471 | 2183302389198 | 2229973236980 | 2216044567564 | 2414004803575 | 2436635729075 | 2284025021129 | 2284839126253 | 2356814183190 | 2274735820913 | 2095145419598 |
| CPU_CLK_UNHALTED_CORE |  FIXC1  | 1333430455536 | 1339119545659 | 1338071217197 | 1337995585871 | 1337041946099 | 1337113757361 | 1335574442292 | 1334488858434 | 1335793648170 | 1333774595797 | 1334492786728 | 1333605174264 | 1333493334720 | 1334041591697 | 1333403437257 | 1334131164578 | 1333560473584 | 1333769789763 |
|  CPU_CLK_UNHALTED_REF |  FIXC2  | 1523919480096 | 1530422111040 | 1529225512224 | 1529137508448 | 1528048359456 | 1528130496192 | 1526369252640 | 1525128935328 | 1526619849312 | 1524312207456 | 1525132886592 | 1524120683040 | 1523992469088 | 1524618145920 | 1523890428768 | 1524722282976 | 1524069657312 | 1524309283584 |
|     TOPDOWN_SLOTS     |  FIXC3  | 6667152277680 | 6695597728295 | 6690356085985 | 6689977929355 | 6685209730495 | 6685568786805 | 6677872211460 | 6672444292170 | 6678968240850 | 6668872978985 | 6672463933640 | 6668025871320 | 6667466673600 | 6670207958485 | 6667017186285 | 6670655822890 | 6667802367920 | 6668848948815 |
|       TEMP_CORE       |   TMP0  |            37 |            39 |            37 |            38 |            39 |            38 |            39 |            38 |            37 |            39 |            39 |            40 |            38 |            40 |            39 |            38 |            38 |            38 |
|     PWR_PKG_ENERGY    |   PWR0  |    73115.0567 |             0 |             0 |             0 |             0 |             0 |             0 |             0 |             0 |             0 |             0 |             0 |             0 |             0 |             0 |             0 |             0 |             0 |
|     PWR_PP0_ENERGY    |   PWR1  |             0 |             0 |             0 |             0 |             0 |             0 |             0 |             0 |             0 |             0 |             0 |             0 |             0 |             0 |             0 |             0 |             0 |             0 |
|    PWR_DRAM_ENERGY    |   PWR3  |     4861.5134 |             0 |             0 |             0 |             0 |             0 |             0 |             0 |             0 |             0 |             0 |             0 |             0 |             0 |             0 |             0 |             0 |             0 |
|  PWR_PLATFORM_ENERGY  |   PWR4  |             0 |             0 |             0 |             0 |             0 |             0 |             0 |             0 |             0 |             0 |             0 |             0 |             0 |             0 |             0 |             0 |             0 |             0 |
|   UNCORE_CLOCKTICKS   | UBOXFIX | 1009226697302 |             0 |             0 |             0 |             0 |             0 |             0 |             0 |             0 |             0 |             0 |             0 |             0 |             0 |             0 |             0 |             0 |             0 |
+-----------------------+---------+---------------+---------------+---------------+---------------+---------------+---------------+---------------+---------------+---------------+---------------+---------------+---------------+---------------+---------------+---------------+---------------+---------------+---------------+

+----------------------------+---------+-----------------+---------------+---------------+---------------+
|            Event           | Counter |       Sum       |      Min      |      Max      |      Avg      |
+----------------------------+---------+-----------------+---------------+---------------+---------------+
|   INSTR_RETIRED_ANY STAT   |  FIXC0  |  40546724893857 | 2095145419598 | 2436635729075 |  2.252596e+12 |
| CPU_CLK_UNHALTED_CORE STAT |  FIXC1  |  24032901805007 | 1333403437257 | 1339119545659 |  1.335161e+12 |
|  CPU_CLK_UNHALTED_REF STAT |  FIXC2  |  27466169549472 | 1523890428768 | 1530422111040 | 1525898308304 |
|     TOPDOWN_SLOTS STAT     |  FIXC3  | 120164509025035 | 6667017186285 | 6695597728295 |  6.675806e+12 |
|       TEMP_CORE STAT       |   TMP0  |             691 |            37 |            40 |       38.3889 |
|     PWR_PKG_ENERGY STAT    |   PWR0  |      73115.0567 |             0 |    73115.0567 |     4061.9476 |
|     PWR_PP0_ENERGY STAT    |   PWR1  |               0 |             0 |             0 |             0 |
|    PWR_DRAM_ENERGY STAT    |   PWR3  |       4861.5134 |             0 |     4861.5134 |      270.0841 |
|  PWR_PLATFORM_ENERGY STAT  |   PWR4  |               0 |             0 |             0 |             0 |
|   UNCORE_CLOCKTICKS STAT   | UBOXFIX |   1009226697302 |             0 | 1009226697302 |  5.606815e+10 |
+----------------------------+---------+-----------------+---------------+---------------+---------------+

+----------------------+------------+-----------+-----------+-----------+-----------+-----------+-----------+-----------+-----------+-----------+-------------+-------------+-------------+-------------+-------------+-------------+-------------+-------------+
|        Metric        |  f0660:0:0 | f0660:1:1 | f0660:2:2 | f0660:3:3 | f0660:4:4 | f0660:5:5 | f0660:6:6 | f0660:7:7 | f0660:8:8 | f0660:9:9 | f0660:10:10 | f0660:11:11 | f0660:12:12 | f0660:13:13 | f0660:14:14 | f0660:15:15 | f0660:16:16 | f0660:17:17 |
+----------------------+------------+-----------+-----------+-----------+-----------+-----------+-----------+-----------+-----------+-----------+-------------+-------------+-------------+-------------+-------------+-------------+-------------+-------------+
|  Runtime (RDTSC) [s] |   643.5085 |  643.4255 |  643.4212 |  643.4244 |  643.4278 |  643.4218 |  643.4194 |  643.4613 |  643.4237 |  643.4604 |    643.4308 |    643.5040 |    643.4102 |    643.4704 |    643.4576 |    643.4519 |    643.4800 |    643.4496 |
| Runtime unhalted [s] |   556.9709 |  559.2876 |  558.8495 |  558.8188 |  558.4211 |  558.4501 |  557.8069 |  557.3643 |  557.8994 |  557.0861 |    557.3568 |    557.0537 |    556.9384 |    557.1819 |    556.9077 |    557.2064 |    557.0079 |    557.0551 |
|      Clock [MHz]     |  2094.8178 | 2095.0397 | 2095.0387 | 2095.0374 | 2095.0343 | 2095.0381 | 2095.0419 | 2095.0008 | 2095.0382 | 2094.9258 |   2095.0360 |   2094.7785 |   2095.0372 |   2094.9839 |   2095.0104 |   2095.0299 |   2094.8807 |   2095.0312 |
|  Uncore Clock [MHz]  |  1568.3191 |         0 |         0 |         0 |         0 |         0 |         0 |         0 |         0 |         0 |           0 |           0 |           0 |           0 |           0 |           0 |           0 |           0 |
|          CPI         |     0.5745 |    0.5978 |    0.5940 |    0.5989 |    0.5980 |    0.5992 |    0.6288 |    0.6260 |    0.6118 |    0.5981 |      0.6022 |      0.5524 |      0.5473 |      0.5841 |      0.5836 |      0.5661 |      0.5862 |      0.6366 |
|    Temperature [C]   |         37 |        39 |        37 |        38 |        39 |        38 |        39 |        38 |        37 |        39 |          39 |          40 |          38 |          40 |          39 |          38 |          38 |          38 |
|      Energy [J]      | 73115.0567 |         0 |         0 |         0 |         0 |         0 |         0 |         0 |         0 |         0 |           0 |           0 |           0 |           0 |           0 |           0 |           0 |           0 |
|       Power [W]      |   113.6194 |         0 |         0 |         0 |         0 |         0 |         0 |         0 |         0 |         0 |           0 |           0 |           0 |           0 |           0 |           0 |           0 |           0 |
|    Energy PP0 [J]    |          0 |         0 |         0 |         0 |         0 |         0 |         0 |         0 |         0 |         0 |           0 |           0 |           0 |           0 |           0 |           0 |           0 |           0 |
|     Power PP0 [W]    |          0 |         0 |         0 |         0 |         0 |         0 |         0 |         0 |         0 |         0 |           0 |           0 |           0 |           0 |           0 |           0 |           0 |           0 |
|    Energy DRAM [J]   |  4861.5134 |         0 |         0 |         0 |         0 |         0 |         0 |         0 |         0 |         0 |           0 |           0 |           0 |           0 |           0 |           0 |           0 |           0 |
|    Power DRAM [W]    |     7.5547 |         0 |         0 |         0 |         0 |         0 |         0 |         0 |         0 |         0 |           0 |           0 |           0 |           0 |           0 |           0 |           0 |           0 |
|  Energy PLATFORM [J] |          0 |         0 |         0 |         0 |         0 |         0 |         0 |         0 |         0 |         0 |           0 |           0 |           0 |           0 |           0 |           0 |           0 |           0 |
|  Power PLATFORM [W]  |          0 |         0 |         0 |         0 |         0 |         0 |         0 |         0 |         0 |         0 |           0 |           0 |           0 |           0 |           0 |           0 |           0 |           0 |
+----------------------+------------+-----------+-----------+-----------+-----------+-----------+-----------+-----------+-----------+-----------+-------------+-------------+-------------+-------------+-------------+-------------+-------------+-------------+

+---------------------------+------------+-----------+------------+-----------+-----------+-----------+-----------+
|           Metric          |     Sum    |    Min    |     Max    |    Avg    |  %ile 25  |  %ile 50  |  %ile 75  |
+---------------------------+------------+-----------+------------+-----------+-----------+-----------+-----------+
|  Runtime (RDTSC) [s] STAT | 11582.0485 |  643.4102 |   643.5085 |  643.4471 |  643.4237 |  643.4308 |  643.4613 |
| Runtime unhalted [s] STAT | 10037.6626 |  556.9077 |   559.2876 |  557.6479 |  557.0537 |  557.2064 |  558.4211 |
|      Clock [MHz] STAT     | 37709.8005 | 2094.7785 |  2095.0419 | 2094.9889 | 2094.9839 | 2095.0312 | 2095.0381 |
|  Uncore Clock [MHz] STAT  |  1568.3191 |         0 |  1568.3191 |   87.1288 |         0 |         0 |         0 |
|          CPI STAT         |    10.6856 |    0.5473 |     0.6366 |    0.5936 |    0.5836 |    0.5978 |    0.6022 |
|    Temperature [C] STAT   |        691 |        37 |         40 |   38.3889 |        38 |        38 |        39 |
|      Energy [J] STAT      | 73115.0567 |         0 | 73115.0567 | 4061.9476 |         0 |         0 |         0 |
|       Power [W] STAT      |   113.6194 |         0 |   113.6194 |    6.3122 |         0 |         0 |         0 |
|    Energy PP0 [J] STAT    |          0 |         0 |          0 |         0 |         0 |         0 |         0 |
|     Power PP0 [W] STAT    |          0 |         0 |          0 |         0 |         0 |         0 |         0 |
|    Energy DRAM [J] STAT   |  4861.5134 |         0 |  4861.5134 |  270.0841 |         0 |         0 |         0 |
|    Power DRAM [W] STAT    |     7.5547 |         0 |     7.5547 |    0.4197 |         0 |         0 |         0 |
|  Energy PLATFORM [J] STAT |          0 |         0 |          0 |         0 |         0 |         0 |         0 |
|  Power PLATFORM [W] STAT  |          0 |         0 |          0 |         0 |         0 |         0 |         0 |
+---------------------------+------------+-----------+------------+-----------+-----------+-----------+-----------+

