Group: 1
+-----------------------+---------+---------------+---------------+---------------+---------------+---------------+---------------+---------------+---------------+---------------+---------------+---------------+---------------+---------------+---------------+---------------+---------------+---------------+---------------+
|         Event         | Counter |   f0880:0:0   |   f0880:1:1   |   f0880:2:2   |   f0880:3:3   |   f0880:4:4   |   f0880:5:5   |   f0880:6:6   |   f0880:7:7   |   f0880:8:8   |   f0880:9:9   |  f0880:10:10  |  f0880:11:11  |  f0880:12:12  |  f0880:13:13  |  f0880:14:14  |  f0880:15:15  |  f0880:16:16  |  f0880:17:17  |
+-----------------------+---------+---------------+---------------+---------------+---------------+---------------+---------------+---------------+---------------+---------------+---------------+---------------+---------------+---------------+---------------+---------------+---------------+---------------+---------------+
|   INSTR_RETIRED_ANY   |  FIXC0  | 2436549845979 | 2417076247847 | 2407065847052 | 2366968296920 | 2309822589692 | 2281542717733 | 2277520978751 | 2275368582871 | 2275224458516 | 2273300014012 | 2164014601718 | 2170485143095 | 2177624532990 | 2202893454570 | 2245317670304 | 2264705914608 | 2284874872776 | 2322824327763 |
| CPU_CLK_UNHALTED_CORE |  FIXC1  | 1208482814494 | 1206747856310 | 1209300246685 | 1209257637651 | 1209242048000 | 1209352091082 | 1209410064060 | 1209202065706 | 1209060570010 | 1209305692947 | 1209451767243 | 1209310477349 | 1209311838064 | 1209104850120 | 1209277983277 | 1209225015441 | 1209461367210 | 1209331571935 |
|  CPU_CLK_UNHALTED_REF |  FIXC2  | 2071697695680 | 2068723266624 | 2073099515136 | 2073026171712 | 2072998204800 | 2073186892320 | 2073285932640 | 2072929606752 | 2072685508224 | 2073107096160 | 2073357788352 | 2073111452640 | 2073115912896 | 2072763939552 | 2073056325120 | 2072965445760 | 2073374949408 | 2073148260288 |
|     TOPDOWN_SLOTS     |  FIXC3  | 6042414072470 | 6033739281550 | 6046501233425 | 6046288188255 | 6046210240000 | 6046760455410 | 6047050320300 | 6046010328530 | 6045302850050 | 6046528464735 | 6047258836215 | 6046552386745 | 6046559190320 | 6045524250600 | 6046389916385 | 6046125077205 | 6047306836050 | 6046657859675 |
|       TEMP_CORE       |   TMP0  |            38 |            40 |            39 |            38 |            36 |            38 |            38 |            41 |            37 |            37 |            36 |            38 |            40 |            39 |            39 |            36 |            39 |            37 |
|     PWR_PKG_ENERGY    |   PWR0  |    85535.2000 |             0 |             0 |             0 |             0 |             0 |             0 |             0 |             0 |             0 |             0 |             0 |             0 |             0 |             0 |             0 |             0 |             0 |
|     PWR_PP0_ENERGY    |   PWR1  |             0 |             0 |             0 |             0 |             0 |             0 |             0 |             0 |             0 |             0 |             0 |             0 |             0 |             0 |             0 |             0 |             0 |             0 |
|    PWR_DRAM_ENERGY    |   PWR3  |     5995.0264 |             0 |             0 |             0 |             0 |             0 |             0 |             0 |             0 |             0 |             0 |             0 |             0 |             0 |             0 |             0 |             0 |             0 |
|  PWR_PLATFORM_ENERGY  |   PWR4  |             0 |             0 |             0 |             0 |             0 |             0 |             0 |             0 |             0 |             0 |             0 |             0 |             0 |             0 |             0 |             0 |             0 |             0 |
|   UNCORE_CLOCKTICKS   | UBOXFIX | 1370445517390 |             0 |             0 |             0 |             0 |             0 |             0 |             0 |             0 |             0 |             0 |             0 |             0 |             0 |             0 |             0 |             0 |             0 |
+-----------------------+---------+---------------+---------------+---------------+---------------+---------------+---------------+---------------+---------------+---------------+---------------+---------------+---------------+---------------+---------------+---------------+---------------+---------------+---------------+

+----------------------------+---------+-----------------+---------------+---------------+---------------+
|            Event           | Counter |       Sum       |      Min      |      Max      |      Avg      |
+----------------------------+---------+-----------------+---------------+---------------+---------------+
|   INSTR_RETIRED_ANY STAT   |  FIXC0  |  41153180097197 | 2164014601718 | 2436549845979 |  2.286288e+12 |
| CPU_CLK_UNHALTED_CORE STAT |  FIXC1  |  21763835957584 | 1206747856310 | 1209461367210 |  1.209102e+12 |
|  CPU_CLK_UNHALTED_REF STAT |  FIXC2  |  37309633964064 | 2068723266624 | 2073374949408 | 2072757442448 |
|     TOPDOWN_SLOTS STAT     |  FIXC3  | 108819179787920 | 6033739281550 | 6047306836050 |  6.045510e+12 |
|       TEMP_CORE STAT       |   TMP0  |             686 |            36 |            41 |       38.1111 |
|     PWR_PKG_ENERGY STAT    |   PWR0  |      85535.2000 |             0 |    85535.2000 |     4751.9556 |
|     PWR_PP0_ENERGY STAT    |   PWR1  |               0 |             0 |             0 |             0 |
|    PWR_DRAM_ENERGY STAT    |   PWR3  |       5995.0264 |             0 |     5995.0264 |      333.0570 |
|  PWR_PLATFORM_ENERGY STAT  |   PWR4  |               0 |             0 |             0 |             0 |
|   UNCORE_CLOCKTICKS STAT   | UBOXFIX |   1370445517390 |             0 | 1370445517390 |  7.613586e+10 |
+----------------------------+---------+-----------------+---------------+---------------+---------------+

+----------------------+------------+-----------+-----------+-----------+-----------+-----------+-----------+-----------+-----------+-----------+-------------+-------------+-------------+-------------+-------------+-------------+-------------+-------------+
|        Metric        |  f0880:0:0 | f0880:1:1 | f0880:2:2 | f0880:3:3 | f0880:4:4 | f0880:5:5 | f0880:6:6 | f0880:7:7 | f0880:8:8 | f0880:9:9 | f0880:10:10 | f0880:11:11 | f0880:12:12 | f0880:13:13 | f0880:14:14 | f0880:15:15 | f0880:16:16 | f0880:17:17 |
+----------------------+------------+-----------+-----------+-----------+-----------+-----------+-----------+-----------+-----------+-----------+-------------+-------------+-------------+-------------+-------------+-------------+-------------+-------------+
|  Runtime (RDTSC) [s] |   870.1273 |  870.0063 |  870.1300 |  870.1807 |  870.1209 |  870.2073 |  870.0530 |  870.1259 |  870.1366 |  870.2324 |    870.1161 |    869.9821 |    870.1370 |    870.1056 |    869.8996 |    870.1248 |    869.9652 |    870.0410 |
| Runtime unhalted [s] |   504.7258 |  504.0008 |  505.0693 |  505.0799 |  505.0422 |  505.1366 |  505.1135 |  505.0259 |  504.9672 |  505.1315 |    505.1327 |    505.0714 |    505.0720 |    504.9853 |    505.0579 |    505.0357 |    505.1352 |    505.0805 |
|      Clock [MHz]     |  1396.6870 | 1396.6881 | 1396.6807 | 1396.6026 | 1396.6895 | 1396.5556 | 1396.6866 | 1396.6884 | 1396.6884 | 1396.5162 |   1396.6816 |   1396.6906 |   1396.6892 |   1396.6878 |   1396.6901 |   1396.6902 |   1396.6852 |   1396.6894 |
|  Uncore Clock [MHz]  |  1574.9943 |         0 |         0 |         0 |         0 |         0 |         0 |         0 |         0 |         0 |           0 |           0 |           0 |           0 |           0 |           0 |           0 |           0 |
|          CPI         |     0.4960 |    0.4993 |    0.5024 |    0.5109 |    0.5235 |    0.5301 |    0.5310 |    0.5314 |    0.5314 |    0.5320 |      0.5589 |      0.5572 |      0.5553 |      0.5489 |      0.5386 |      0.5339 |      0.5293 |      0.5206 |
|    Temperature [C]   |         38 |        40 |        39 |        38 |        36 |        38 |        38 |        41 |        37 |        37 |          36 |          38 |          40 |          39 |          39 |          36 |          39 |          37 |
|      Energy [J]      | 85535.2000 |         0 |         0 |         0 |         0 |         0 |         0 |         0 |         0 |         0 |           0 |           0 |           0 |           0 |           0 |           0 |           0 |           0 |
|       Power [W]      |    98.3019 |         0 |         0 |         0 |         0 |         0 |         0 |         0 |         0 |         0 |           0 |           0 |           0 |           0 |           0 |           0 |           0 |           0 |
|    Energy PP0 [J]    |          0 |         0 |         0 |         0 |         0 |         0 |         0 |         0 |         0 |         0 |           0 |           0 |           0 |           0 |           0 |           0 |           0 |           0 |
|     Power PP0 [W]    |          0 |         0 |         0 |         0 |         0 |         0 |         0 |         0 |         0 |         0 |           0 |           0 |           0 |           0 |           0 |           0 |           0 |           0 |
|    Energy DRAM [J]   |  5995.0264 |         0 |         0 |         0 |         0 |         0 |         0 |         0 |         0 |         0 |           0 |           0 |           0 |           0 |           0 |           0 |           0 |           0 |
|    Power DRAM [W]    |     6.8898 |         0 |         0 |         0 |         0 |         0 |         0 |         0 |         0 |         0 |           0 |           0 |           0 |           0 |           0 |           0 |           0 |           0 |
|  Energy PLATFORM [J] |          0 |         0 |         0 |         0 |         0 |         0 |         0 |         0 |         0 |         0 |           0 |           0 |           0 |           0 |           0 |           0 |           0 |           0 |
|  Power PLATFORM [W]  |          0 |         0 |         0 |         0 |         0 |         0 |         0 |         0 |         0 |         0 |           0 |           0 |           0 |           0 |           0 |           0 |           0 |           0 |
+----------------------+------------+-----------+-----------+-----------+-----------+-----------+-----------+-----------+-----------+-----------+-------------+-------------+-------------+-------------+-------------+-------------+-------------+-------------+

+---------------------------+------------+-----------+------------+-----------+-----------+-----------+-----------+
|           Metric          |     Sum    |    Min    |     Max    |    Avg    |  %ile 25  |  %ile 50  |  %ile 75  |
+---------------------------+------------+-----------+------------+-----------+-----------+-----------+-----------+
|  Runtime (RDTSC) [s] STAT | 15661.6918 |  869.8996 |   870.2324 |  870.0940 |  870.0410 |  870.1209 |  870.1366 |
| Runtime unhalted [s] STAT |  9089.8634 |  504.0008 |   505.1366 |  504.9924 |  505.0259 |  505.0693 |  505.1135 |
|      Clock [MHz] STAT     | 25139.9872 | 1396.5162 |  1396.6906 | 1396.6660 | 1396.6816 | 1396.6878 | 1396.6894 |
|  Uncore Clock [MHz] STAT  |  1574.9943 |         0 |  1574.9943 |   87.4997 |         0 |         0 |         0 |
|          CPI STAT         |     9.5307 |    0.4960 |     0.5589 |    0.5295 |    0.5206 |    0.5310 |    0.5386 |
|    Temperature [C] STAT   |        686 |        36 |         41 |   38.1111 |        37 |        38 |        39 |
|      Energy [J] STAT      | 85535.2000 |         0 | 85535.2000 | 4751.9556 |         0 |         0 |         0 |
|       Power [W] STAT      |    98.3019 |         0 |    98.3019 |    5.4612 |         0 |         0 |         0 |
|    Energy PP0 [J] STAT    |          0 |         0 |          0 |         0 |         0 |         0 |         0 |
|     Power PP0 [W] STAT    |          0 |         0 |          0 |         0 |         0 |         0 |         0 |
|    Energy DRAM [J] STAT   |  5995.0264 |         0 |  5995.0264 |  333.0570 |         0 |         0 |         0 |
|    Power DRAM [W] STAT    |     6.8898 |         0 |     6.8898 |    0.3828 |         0 |         0 |         0 |
|  Energy PLATFORM [J] STAT |          0 |         0 |          0 |         0 |         0 |         0 |         0 |
|  Power PLATFORM [W] STAT  |          0 |         0 |          0 |         0 |         0 |         0 |         0 |
+---------------------------+------------+-----------+------------+-----------+-----------+-----------+-----------+

