Group: 1
+-----------------------+---------+---------------+---------------+---------------+---------------+---------------+---------------+---------------+---------------+---------------+---------------+---------------+---------------+---------------+---------------+---------------+---------------+---------------+---------------+
|         Event         | Counter |   f0404:0:0   |   f0404:1:1   |   f0404:2:2   |   f0404:3:3   |   f0404:4:4   |   f0404:5:5   |   f0404:6:6   |   f0404:7:7   |   f0404:8:8   |   f0404:9:9   |  f0404:10:10  |  f0404:11:11  |  f0404:12:12  |  f0404:13:13  |  f0404:14:14  |  f0404:15:15  |  f0404:16:16  |  f0404:17:17  |
+-----------------------+---------+---------------+---------------+---------------+---------------+---------------+---------------+---------------+---------------+---------------+---------------+---------------+---------------+---------------+---------------+---------------+---------------+---------------+---------------+
|   INSTR_RETIRED_ANY   |  FIXC0  | 2851368958722 | 2852335727235 | 2828050553512 | 2757652866701 | 2694257801725 | 2668437119672 | 2659463446563 | 2652858014894 | 2663871805206 | 2654416769998 | 2564680002051 | 2565164419261 | 2593577894853 | 2651686000500 | 2711140909934 | 2727946381907 | 2744345069456 | 2644581632269 |
| CPU_CLK_UNHALTED_CORE |  FIXC1  | 1481115292096 | 1494369362411 | 1494413398123 | 1494009533276 | 1494314798109 | 1494407178108 | 1494311538010 | 1494281403055 | 1494541487781 | 1494568053129 | 1494549901929 | 1494516155108 | 1492210819915 | 1494767827025 | 1494632464623 | 1494746861521 | 1494745181485 | 1494639041238 |
|  CPU_CLK_UNHALTED_REF |  FIXC2  | 1692704423232 | 1707852155616 | 1707902701152 | 1707439926528 | 1707789289824 | 1707893758656 | 1707784441536 | 1707750038016 | 1708049500704 | 1708078861248 | 1708056539328 | 1708020645888 | 1705384162560 | 1708307409792 | 1708154625792 | 1708283703456 | 1708280561280 | 1708159401600 |
|     TOPDOWN_SLOTS     |  FIXC3  | 7405576460480 | 7471846812055 | 7472066990615 | 7470047666380 | 7471573990545 | 7472035890540 | 7471557690050 | 7471407015275 | 7472707438905 | 7472840265645 | 7472749509645 | 7472580775540 | 7461054099575 | 7473839135125 | 7473162323115 | 7473734307605 | 7473725907425 | 7473195206190 |
|       TEMP_CORE       |   TMP0  |            36 |            39 |            39 |            38 |            37 |            39 |            40 |            40 |            39 |            34 |            36 |            38 |            38 |            36 |            37 |            36 |            35 |            36 |
|     PWR_PKG_ENERGY    |   PWR0  |    90383.5390 |             0 |             0 |             0 |             0 |             0 |             0 |             0 |             0 |             0 |             0 |             0 |             0 |             0 |             0 |             0 |             0 |             0 |
|     PWR_PP0_ENERGY    |   PWR1  |             0 |             0 |             0 |             0 |             0 |             0 |             0 |             0 |             0 |             0 |             0 |             0 |             0 |             0 |             0 |             0 |             0 |             0 |
|    PWR_DRAM_ENERGY    |   PWR3  |     5707.6200 |             0 |             0 |             0 |             0 |             0 |             0 |             0 |             0 |             0 |             0 |             0 |             0 |             0 |             0 |             0 |             0 |             0 |
|  PWR_PLATFORM_ENERGY  |   PWR4  |             0 |             0 |             0 |             0 |             0 |             0 |             0 |             0 |             0 |             0 |             0 |             0 |             0 |             0 |             0 |             0 |             0 |             0 |
|   UNCORE_CLOCKTICKS   | UBOXFIX | 1137357634896 |             0 |             0 |             0 |             0 |             0 |             0 |             0 |             0 |             0 |             0 |             0 |             0 |             0 |             0 |             0 |             0 |             0 |
+-----------------------+---------+---------------+---------------+---------------+---------------+---------------+---------------+---------------+---------------+---------------+---------------+---------------+---------------+---------------+---------------+---------------+---------------+---------------+---------------+

+----------------------------+---------+-----------------+---------------+---------------+--------------+
|            Event           | Counter |       Sum       |      Min      |      Max      |      Avg     |
+----------------------------+---------+-----------------+---------------+---------------+--------------+
|   INSTR_RETIRED_ANY STAT   |  FIXC0  |  48485835374459 | 2564680002051 | 2852335727235 | 2.693658e+12 |
| CPU_CLK_UNHALTED_CORE STAT |  FIXC1  |  26885140296942 | 1481115292096 | 1494767827025 | 1.493619e+12 |
|  CPU_CLK_UNHALTED_REF STAT |  FIXC2  |  30725892146208 | 1692704423232 | 1708307409792 | 1.706994e+12 |
|     TOPDOWN_SLOTS STAT     |  FIXC3  | 134425701484710 | 7405576460480 | 7473839135125 | 7.468095e+12 |
|       TEMP_CORE STAT       |   TMP0  |             673 |            34 |            40 |      37.3889 |
|     PWR_PKG_ENERGY STAT    |   PWR0  |      90383.5390 |             0 |    90383.5390 |    5021.3077 |
|     PWR_PP0_ENERGY STAT    |   PWR1  |               0 |             0 |             0 |            0 |
|    PWR_DRAM_ENERGY STAT    |   PWR3  |       5707.6200 |             0 |     5707.6200 |     317.0900 |
|  PWR_PLATFORM_ENERGY STAT  |   PWR4  |               0 |             0 |             0 |            0 |
|   UNCORE_CLOCKTICKS STAT   | UBOXFIX |   1137357634896 |             0 | 1137357634896 |  63186535272 |
+----------------------------+---------+-----------------+---------------+---------------+--------------+

+----------------------+------------+-----------+-----------+-----------+-----------+-----------+-----------+-----------+-----------+-----------+-------------+-------------+-------------+-------------+-------------+-------------+-------------+-------------+
|        Metric        |  f0404:0:0 | f0404:1:1 | f0404:2:2 | f0404:3:3 | f0404:4:4 | f0404:5:5 | f0404:6:6 | f0404:7:7 | f0404:8:8 | f0404:9:9 | f0404:10:10 | f0404:11:11 | f0404:12:12 | f0404:13:13 | f0404:14:14 | f0404:15:15 | f0404:16:16 | f0404:17:17 |
+----------------------+------------+-----------+-----------+-----------+-----------+-----------+-----------+-----------+-----------+-----------+-------------+-------------+-------------+-------------+-------------+-------------+-------------+-------------+
|  Runtime (RDTSC) [s] |   716.5716 |  716.5827 |  716.5695 |  716.5774 |  716.5889 |  716.5692 |  716.5733 |  716.5865 |  716.5844 |  716.5768 |    716.5794 |    716.5704 |    716.5676 |    716.5685 |    716.6795 |    716.5695 |    716.5765 |    716.5584 |
| Runtime unhalted [s] |   618.5910 |  624.1407 |  624.1468 |  623.9760 |  624.1183 |  624.1420 |  624.1070 |  624.0962 |  624.2023 |  624.2118 |    624.2027 |    624.1895 |    623.2247 |    624.2938 |    624.3421 |    624.2856 |    624.2842 |    624.2386 |
|      Clock [MHz]     |  2095.0434 | 2094.9957 | 2095.0367 | 2095.0454 | 2094.9951 | 2095.0465 | 2095.0297 | 2095.0237 | 2095.0295 | 2095.0362 |   2095.0432 |   2095.0369 |   2095.0456 |   2095.0405 |   2094.6863 |   2095.0382 |   2095.0423 |   2095.0463 |
|  Uncore Clock [MHz]  |  1587.2212 |         0 |         0 |         0 |         0 |         0 |         0 |         0 |         0 |         0 |           0 |           0 |           0 |           0 |           0 |           0 |           0 |           0 |
|          CPI         |     0.5194 |    0.5239 |    0.5284 |    0.5418 |    0.5546 |    0.5600 |    0.5619 |    0.5633 |    0.5610 |    0.5630 |      0.5827 |      0.5826 |      0.5753 |      0.5637 |      0.5513 |      0.5479 |      0.5447 |      0.5652 |
|    Temperature [C]   |         36 |        39 |        39 |        38 |        37 |        39 |        40 |        40 |        39 |        34 |          36 |          38 |          38 |          36 |          37 |          36 |          35 |          36 |
|      Energy [J]      | 90383.5390 |         0 |         0 |         0 |         0 |         0 |         0 |         0 |         0 |         0 |           0 |           0 |           0 |           0 |           0 |           0 |           0 |           0 |
|       Power [W]      |   126.1333 |         0 |         0 |         0 |         0 |         0 |         0 |         0 |         0 |         0 |           0 |           0 |           0 |           0 |           0 |           0 |           0 |           0 |
|    Energy PP0 [J]    |          0 |         0 |         0 |         0 |         0 |         0 |         0 |         0 |         0 |         0 |           0 |           0 |           0 |           0 |           0 |           0 |           0 |           0 |
|     Power PP0 [W]    |          0 |         0 |         0 |         0 |         0 |         0 |         0 |         0 |         0 |         0 |           0 |           0 |           0 |           0 |           0 |           0 |           0 |           0 |
|    Energy DRAM [J]   |  5707.6200 |         0 |         0 |         0 |         0 |         0 |         0 |         0 |         0 |         0 |           0 |           0 |           0 |           0 |           0 |           0 |           0 |           0 |
|    Power DRAM [W]    |     7.9652 |         0 |         0 |         0 |         0 |         0 |         0 |         0 |         0 |         0 |           0 |           0 |           0 |           0 |           0 |           0 |           0 |           0 |
|  Energy PLATFORM [J] |          0 |         0 |         0 |         0 |         0 |         0 |         0 |         0 |         0 |         0 |           0 |           0 |           0 |           0 |           0 |           0 |           0 |           0 |
|  Power PLATFORM [W]  |          0 |         0 |         0 |         0 |         0 |         0 |         0 |         0 |         0 |         0 |           0 |           0 |           0 |           0 |           0 |           0 |           0 |           0 |
+----------------------+------------+-----------+-----------+-----------+-----------+-----------+-----------+-----------+-----------+-----------+-------------+-------------+-------------+-------------+-------------+-------------+-------------+-------------+

+---------------------------+------------+-----------+------------+-----------+-----------+-----------+-----------+
|           Metric          |     Sum    |    Min    |     Max    |    Avg    |  %ile 25  |  %ile 50  |  %ile 75  |
+---------------------------+------------+-----------+------------+-----------+-----------+-----------+-----------+
|  Runtime (RDTSC) [s] STAT | 12898.4501 |  716.5584 |   716.6795 |  716.5806 |  716.5695 |  716.5733 |  716.5827 |
| Runtime unhalted [s] STAT | 11228.7933 |  618.5910 |   624.3421 |  623.8218 |  624.1070 |  624.1468 |  624.2386 |
|      Clock [MHz] STAT     | 37710.2612 | 2094.6863 |  2095.0465 | 2095.0145 | 2095.0295 | 2095.0369 | 2095.0434 |
|  Uncore Clock [MHz] STAT  |  1587.2212 |         0 |  1587.2212 |   88.1790 |         0 |         0 |         0 |
|          CPI STAT         |     9.9907 |    0.5194 |     0.5827 |    0.5550 |    0.5447 |    0.5600 |    0.5637 |
|    Temperature [C] STAT   |        673 |        34 |         40 |   37.3889 |        36 |        37 |        39 |
|      Energy [J] STAT      | 90383.5390 |         0 | 90383.5390 | 5021.3077 |         0 |         0 |         0 |
|       Power [W] STAT      |   126.1333 |         0 |   126.1333 |    7.0074 |         0 |         0 |         0 |
|    Energy PP0 [J] STAT    |          0 |         0 |          0 |         0 |         0 |         0 |         0 |
|     Power PP0 [W] STAT    |          0 |         0 |          0 |         0 |         0 |         0 |         0 |
|    Energy DRAM [J] STAT   |  5707.6200 |         0 |  5707.6200 |  317.0900 |         0 |         0 |         0 |
|    Power DRAM [W] STAT    |     7.9652 |         0 |     7.9652 |    0.4425 |         0 |         0 |         0 |
|  Energy PLATFORM [J] STAT |          0 |         0 |          0 |         0 |         0 |         0 |         0 |
|  Power PLATFORM [W] STAT  |          0 |         0 |          0 |         0 |         0 |         0 |         0 |
+---------------------------+------------+-----------+------------+-----------+-----------+-----------+-----------+

