Group: 1
+-----------------------+---------+---------------+---------------+---------------+---------------+---------------+---------------+---------------+---------------+---------------+---------------+---------------+---------------+---------------+---------------+---------------+---------------+---------------+---------------+
|         Event         | Counter |   f0660:0:0   |   f0660:1:1   |   f0660:2:2   |   f0660:3:3   |   f0660:4:4   |   f0660:5:5   |   f0660:6:6   |   f0660:7:7   |   f0660:8:8   |   f0660:9:9   |  f0660:10:10  |  f0660:11:11  |  f0660:12:12  |  f0660:13:13  |  f0660:14:14  |  f0660:15:15  |  f0660:16:16  |  f0660:17:17  |
+-----------------------+---------+---------------+---------------+---------------+---------------+---------------+---------------+---------------+---------------+---------------+---------------+---------------+---------------+---------------+---------------+---------------+---------------+---------------+---------------+
|   INSTR_RETIRED_ANY   |  FIXC0  | 2334700695321 | 2242798706006 | 2248529572630 | 2239690359250 | 2231060617923 | 2213294222519 | 2121171044169 | 2112417503441 | 2181208011992 | 2239533839076 | 2220457260681 | 2400326176848 | 2448140844829 | 2283931873372 | 2279901330452 | 2354172385875 | 2274181038629 | 2077934574798 |
| CPU_CLK_UNHALTED_CORE |  FIXC1  | 1406541146528 | 1413689775915 | 1413155605888 | 1412803826205 | 1411708225439 | 1412177382791 | 1410182005553 | 1409924726120 | 1410744399322 | 1409186073149 | 1409845239470 | 1409011822408 | 1409542823907 | 1408581773492 | 1408859859394 | 1409416321223 | 1408859551143 | 1409374966018 |
|  CPU_CLK_UNHALTED_REF |  FIXC2  | 1250262558336 | 1256617390176 | 1256143876800 | 1255831254432 | 1254858356928 | 1255274197056 | 1253500509312 | 1253272482144 | 1254000137856 | 1252613708160 | 1253202632160 | 1252462205472 | 1252933729536 | 1252078388544 | 1252324237920 | 1252819124064 | 1252323090624 | 1252782989280 |
|     TOPDOWN_SLOTS     |  FIXC3  | 7032705732640 | 7068448879575 | 7065778029440 | 7064019131025 | 7058541127195 | 7060886913955 | 7050910027765 | 7049623630600 | 7053721996610 | 7045930365745 | 7049226197350 | 7045059112040 | 7047714119535 | 7042908867460 | 7044299296970 | 7047081606115 | 7044297755715 | 7046874830090 |
|       TEMP_CORE       |   TMP0  |            42 |            45 |            43 |            44 |            46 |            45 |            45 |            45 |            44 |            46 |            44 |            46 |            44 |            46 |            45 |            44 |            44 |            42 |
|     PWR_PKG_ENERGY    |   PWR0  |    90244.1956 |             0 |             0 |             0 |             0 |             0 |             0 |             0 |             0 |             0 |             0 |             0 |             0 |             0 |             0 |             0 |             0 |             0 |
|     PWR_PP0_ENERGY    |   PWR1  |             0 |             0 |             0 |             0 |             0 |             0 |             0 |             0 |             0 |             0 |             0 |             0 |             0 |             0 |             0 |             0 |             0 |             0 |
|    PWR_DRAM_ENERGY    |   PWR3  |     5581.1434 |             0 |             0 |             0 |             0 |             0 |             0 |             0 |             0 |             0 |             0 |             0 |             0 |             0 |             0 |             0 |             0 |             0 |
|  PWR_PLATFORM_ENERGY  |   PWR4  |             0 |             0 |             0 |             0 |             0 |             0 |             0 |             0 |             0 |             0 |             0 |             0 |             0 |             0 |             0 |             0 |             0 |             0 |
|   UNCORE_CLOCKTICKS   | UBOXFIX | 1158973776664 |             0 |             0 |             0 |             0 |             0 |             0 |             0 |             0 |             0 |             0 |             0 |             0 |             0 |             0 |             0 |             0 |             0 |
+-----------------------+---------+---------------+---------------+---------------+---------------+---------------+---------------+---------------+---------------+---------------+---------------+---------------+---------------+---------------+---------------+---------------+---------------+---------------+---------------+

+----------------------------+---------+-----------------+---------------+---------------+--------------+
|            Event           | Counter |       Sum       |      Min      |      Max      |      Avg     |
+----------------------------+---------+-----------------+---------------+---------------+--------------+
|   INSTR_RETIRED_ANY STAT   |  FIXC0  |  40503450057811 | 2077934574798 | 2448140844829 | 2.250192e+12 |
| CPU_CLK_UNHALTED_CORE STAT |  FIXC1  |  25383605523965 | 1406541146528 | 1413689775915 | 1.410200e+12 |
|  CPU_CLK_UNHALTED_REF STAT |  FIXC2  |  22563300868800 | 1250262558336 | 1256617390176 | 1.253517e+12 |
|     TOPDOWN_SLOTS STAT     |  FIXC3  | 126918027619825 | 7032705732640 | 7068448879575 | 7.051002e+12 |
|       TEMP_CORE STAT       |   TMP0  |             800 |            42 |            46 |      44.4444 |
|     PWR_PKG_ENERGY STAT    |   PWR0  |      90244.1956 |             0 |    90244.1956 |    5013.5664 |
|     PWR_PP0_ENERGY STAT    |   PWR1  |               0 |             0 |             0 |            0 |
|    PWR_DRAM_ENERGY STAT    |   PWR3  |       5581.1434 |             0 |     5581.1434 |     310.0635 |
|  PWR_PLATFORM_ENERGY STAT  |   PWR4  |               0 |             0 |             0 |            0 |
|   UNCORE_CLOCKTICKS STAT   | UBOXFIX |   1158973776664 |             0 | 1158973776664 | 6.438743e+10 |
+----------------------------+---------+-----------------+---------------+---------------+--------------+

+----------------------+------------+-----------+-----------+-----------+-----------+-----------+-----------+-----------+-----------+-----------+-------------+-------------+-------------+-------------+-------------+-------------+-------------+-------------+
|        Metric        |  f0660:0:0 | f0660:1:1 | f0660:2:2 | f0660:3:3 | f0660:4:4 | f0660:5:5 | f0660:6:6 | f0660:7:7 | f0660:8:8 | f0660:9:9 | f0660:10:10 | f0660:11:11 | f0660:12:12 | f0660:13:13 | f0660:14:14 | f0660:15:15 | f0660:16:16 | f0660:17:17 |
+----------------------+------------+-----------+-----------+-----------+-----------+-----------+-----------+-----------+-----------+-----------+-------------+-------------+-------------+-------------+-------------+-------------+-------------+-------------+
|  Runtime (RDTSC) [s] |   528.2661 |  528.2589 |  528.2591 |  528.2551 |  528.2673 |  528.2667 |  528.2448 |  528.2570 |  528.2552 |  528.2457 |    528.2635 |    528.2861 |    528.2587 |    528.2613 |    528.2627 |    528.2508 |    528.2459 |    528.2627 |
| Runtime unhalted [s] |   587.4463 |  590.4330 |  590.2092 |  590.0637 |  589.6115 |  589.8014 |  588.9672 |  588.8603 |  589.2020 |  588.5523 |    588.8283 |    588.5165 |    588.7008 |    588.2990 |    588.4153 |    588.6478 |    588.4151 |    588.6365 |
|      Clock [MHz]     |  2693.6148 | 2693.6091 | 2693.6093 | 2693.6025 | 2693.5760 | 2693.6062 | 2693.6101 | 2693.6061 | 2693.6111 | 2693.6086 |   2693.5989 |   2693.4317 |   2693.6044 |   2693.6088 |   2693.6107 |   2693.6100 |   2693.6130 |   2693.5810 |
|  Uncore Clock [MHz]  |  2193.9204 |         0 |         0 |         0 |         0 |         0 |         0 |         0 |         0 |         0 |           0 |           0 |           0 |           0 |           0 |           0 |           0 |           0 |
|          CPI         |     0.6025 |    0.6303 |    0.6285 |    0.6308 |    0.6328 |    0.6380 |    0.6648 |    0.6674 |    0.6468 |    0.6292 |      0.6349 |      0.5870 |      0.5758 |      0.6167 |      0.6179 |      0.5987 |      0.6195 |      0.6783 |
|    Temperature [C]   |         42 |        45 |        43 |        44 |        46 |        45 |        45 |        45 |        44 |        46 |          44 |          46 |          44 |          46 |          45 |          44 |          44 |          42 |
|      Energy [J]      | 90244.1956 |         0 |         0 |         0 |         0 |         0 |         0 |         0 |         0 |         0 |           0 |           0 |           0 |           0 |           0 |           0 |           0 |           0 |
|       Power [W]      |   170.8309 |         0 |         0 |         0 |         0 |         0 |         0 |         0 |         0 |         0 |           0 |           0 |           0 |           0 |           0 |           0 |           0 |           0 |
|    Energy PP0 [J]    |          0 |         0 |         0 |         0 |         0 |         0 |         0 |         0 |         0 |         0 |           0 |           0 |           0 |           0 |           0 |           0 |           0 |           0 |
|     Power PP0 [W]    |          0 |         0 |         0 |         0 |         0 |         0 |         0 |         0 |         0 |         0 |           0 |           0 |           0 |           0 |           0 |           0 |           0 |           0 |
|    Energy DRAM [J]   |  5581.1434 |         0 |         0 |         0 |         0 |         0 |         0 |         0 |         0 |         0 |           0 |           0 |           0 |           0 |           0 |           0 |           0 |           0 |
|    Power DRAM [W]    |    10.5650 |         0 |         0 |         0 |         0 |         0 |         0 |         0 |         0 |         0 |           0 |           0 |           0 |           0 |           0 |           0 |           0 |           0 |
|  Energy PLATFORM [J] |          0 |         0 |         0 |         0 |         0 |         0 |         0 |         0 |         0 |         0 |           0 |           0 |           0 |           0 |           0 |           0 |           0 |           0 |
|  Power PLATFORM [W]  |          0 |         0 |         0 |         0 |         0 |         0 |         0 |         0 |         0 |         0 |           0 |           0 |           0 |           0 |           0 |           0 |           0 |           0 |
+----------------------+------------+-----------+-----------+-----------+-----------+-----------+-----------+-----------+-----------+-----------+-------------+-------------+-------------+-------------+-------------+-------------+-------------+-------------+

+---------------------------+------------+-----------+------------+-----------+-----------+-----------+-----------+
|           Metric          |     Sum    |    Min    |     Max    |    Avg    |  %ile 25  |  %ile 50  |  %ile 75  |
+---------------------------+------------+-----------+------------+-----------+-----------+-----------+-----------+
|  Runtime (RDTSC) [s] STAT |  9508.6676 |  528.2448 |   528.2861 |  528.2593 |  528.2551 |  528.2589 |  528.2635 |
| Runtime unhalted [s] STAT | 10601.6062 |  587.4463 |   590.4330 |  588.9781 |  588.5165 |  588.7008 |  589.6115 |
|      Clock [MHz] STAT     | 48484.7123 | 2693.4317 |  2693.6148 | 2693.5951 | 2693.6025 | 2693.6086 | 2693.6101 |
|  Uncore Clock [MHz] STAT  |  2193.9204 |         0 |  2193.9204 |  121.8845 |         0 |         0 |         0 |
|          CPI STAT         |    11.2999 |    0.5758 |     0.6783 |    0.6278 |    0.6167 |    0.6292 |    0.6380 |
|    Temperature [C] STAT   |        800 |        42 |         46 |   44.4444 |        44 |        44 |        45 |
|      Energy [J] STAT      | 90244.1956 |         0 | 90244.1956 | 5013.5664 |         0 |         0 |         0 |
|       Power [W] STAT      |   170.8309 |         0 |   170.8309 |    9.4906 |         0 |         0 |         0 |
|    Energy PP0 [J] STAT    |          0 |         0 |          0 |         0 |         0 |         0 |         0 |
|     Power PP0 [W] STAT    |          0 |         0 |          0 |         0 |         0 |         0 |         0 |
|    Energy DRAM [J] STAT   |  5581.1434 |         0 |  5581.1434 |  310.0635 |         0 |         0 |         0 |
|    Power DRAM [W] STAT    |    10.5650 |         0 |    10.5650 |    0.5869 |         0 |         0 |         0 |
|  Energy PLATFORM [J] STAT |          0 |         0 |          0 |         0 |         0 |         0 |         0 |
|  Power PLATFORM [W] STAT  |          0 |         0 |          0 |         0 |         0 |         0 |         0 |
+---------------------------+------------+-----------+------------+-----------+-----------+-----------+-----------+

