Group: 1
+-----------------------+---------+---------------+---------------+---------------+---------------+---------------+---------------+---------------+---------------+---------------+---------------+---------------+---------------+---------------+---------------+---------------+---------------+---------------+---------------+
|         Event         | Counter |   f0880:0:0   |   f0880:1:1   |   f0880:2:2   |   f0880:3:3   |   f0880:4:4   |   f0880:5:5   |   f0880:6:6   |   f0880:7:7   |   f0880:8:8   |   f0880:9:9   |  f0880:10:10  |  f0880:11:11  |  f0880:12:12  |  f0880:13:13  |  f0880:14:14  |  f0880:15:15  |  f0880:16:16  |  f0880:17:17  |
+-----------------------+---------+---------------+---------------+---------------+---------------+---------------+---------------+---------------+---------------+---------------+---------------+---------------+---------------+---------------+---------------+---------------+---------------+---------------+---------------+
|   INSTR_RETIRED_ANY   |  FIXC0  | 2437626674282 | 2416061290674 | 2406585873432 | 2367443629804 | 2315144994887 | 2284637885455 | 2275657197639 | 2275792867229 | 2275397816230 | 2275805376650 | 2164216205456 | 2172020313138 | 2177565496231 | 2201962423830 | 2246517610424 | 2266923748595 | 2288243720335 | 2324937671361 |
| CPU_CLK_UNHALTED_CORE |  FIXC1  | 1248256440310 | 1247013949608 | 1249354394509 | 1249232343869 | 1249249036016 | 1249185889835 | 1249166619552 | 1249143074193 | 1249399149200 | 1249309260026 | 1249428474931 | 1249254158719 | 1249339047222 | 1249294110456 | 1249288597465 | 1249528783730 | 1248930735884 | 1249231122557 |
|  CPU_CLK_UNHALTED_REF |  FIXC2  | 1762237203744 | 1760486050848 | 1763786779392 | 1763616234240 | 1763638634496 | 1763549054592 | 1763522459808 | 1763489630112 | 1763850229440 | 1763723708832 | 1763891928768 | 1763645446080 | 1763765134272 | 1763704995072 | 1763693666592 | 1764035860800 | 1763188551744 | 1763611362432 |
|     TOPDOWN_SLOTS     |  FIXC3  | 6241282201550 | 6235069748040 | 6246771972545 | 6246161719345 | 6246245180080 | 6245929449175 | 6245833097760 | 6245715370965 | 6246995746000 | 6246546300130 | 6247142374655 | 6246270793595 | 6246695236110 | 6246470552280 | 6246442987325 | 6247643918650 | 6244653679420 | 6246155612785 |
|       TEMP_CORE       |   TMP0  |            39 |            41 |            39 |            38 |            38 |            38 |            39 |            42 |            38 |            39 |            37 |            40 |            41 |            39 |            39 |            36 |            41 |            38 |
|     PWR_PKG_ENERGY    |   PWR0  |    79974.5276 |             0 |             0 |             0 |             0 |             0 |             0 |             0 |             0 |             0 |             0 |             0 |             0 |             0 |             0 |             0 |             0 |             0 |
|     PWR_PP0_ENERGY    |   PWR1  |             0 |             0 |             0 |             0 |             0 |             0 |             0 |             0 |             0 |             0 |             0 |             0 |             0 |             0 |             0 |             0 |             0 |             0 |
|    PWR_DRAM_ENERGY    |   PWR3  |     5397.5085 |             0 |             0 |             0 |             0 |             0 |             0 |             0 |             0 |             0 |             0 |             0 |             0 |             0 |             0 |             0 |             0 |             0 |
|  PWR_PLATFORM_ENERGY  |   PWR4  |             0 |             0 |             0 |             0 |             0 |             0 |             0 |             0 |             0 |             0 |             0 |             0 |             0 |             0 |             0 |             0 |             0 |             0 |
|   UNCORE_CLOCKTICKS   | UBOXFIX | 1177220704528 |             0 |             0 |             0 |             0 |             0 |             0 |             0 |             0 |             0 |             0 |             0 |             0 |             0 |             0 |             0 |             0 |             0 |
+-----------------------+---------+---------------+---------------+---------------+---------------+---------------+---------------+---------------+---------------+---------------+---------------+---------------+---------------+---------------+---------------+---------------+---------------+---------------+---------------+

+----------------------------+---------+-----------------+---------------+---------------+---------------+
|            Event           | Counter |       Sum       |      Min      |      Max      |      Avg      |
+----------------------------+---------+-----------------+---------------+---------------+---------------+
|   INSTR_RETIRED_ANY STAT   |  FIXC0  |  41172540795652 | 2164216205456 | 2437626674282 |  2.287363e+12 |
| CPU_CLK_UNHALTED_CORE STAT |  FIXC1  |  22483605188082 | 1247013949608 | 1249528783730 |  1.249089e+12 |
|  CPU_CLK_UNHALTED_REF STAT |  FIXC2  |  31741436931264 | 1760486050848 | 1764035860800 | 1763413162848 |
|     TOPDOWN_SLOTS STAT     |  FIXC3  | 112418025940410 | 6235069748040 | 6247643918650 |  6.245446e+12 |
|       TEMP_CORE STAT       |   TMP0  |             702 |            36 |            42 |            39 |
|     PWR_PKG_ENERGY STAT    |   PWR0  |      79974.5276 |             0 |    79974.5276 |     4443.0293 |
|     PWR_PP0_ENERGY STAT    |   PWR1  |               0 |             0 |             0 |             0 |
|    PWR_DRAM_ENERGY STAT    |   PWR3  |       5397.5085 |             0 |     5397.5085 |      299.8616 |
|  PWR_PLATFORM_ENERGY STAT  |   PWR4  |               0 |             0 |             0 |             0 |
|   UNCORE_CLOCKTICKS STAT   | UBOXFIX |   1177220704528 |             0 | 1177220704528 |  6.540115e+10 |
+----------------------------+---------+-----------------+---------------+---------------+---------------+

+----------------------+------------+-----------+-----------+-----------+-----------+-----------+-----------+-----------+-----------+-----------+-------------+-------------+-------------+-------------+-------------+-------------+-------------+-------------+
|        Metric        |  f0880:0:0 | f0880:1:1 | f0880:2:2 | f0880:3:3 | f0880:4:4 | f0880:5:5 | f0880:6:6 | f0880:7:7 | f0880:8:8 | f0880:9:9 | f0880:10:10 | f0880:11:11 | f0880:12:12 | f0880:13:13 | f0880:14:14 | f0880:15:15 | f0880:16:16 | f0880:17:17 |
+----------------------+------------+-----------+-----------+-----------+-----------+-----------+-----------+-----------+-----------+-----------+-------------+-------------+-------------+-------------+-------------+-------------+-------------+-------------+
|  Runtime (RDTSC) [s] |   740.0363 |  740.0450 |  740.0361 |  740.0427 |  740.0477 |  740.0438 |  740.0432 |  740.0353 |  740.0482 |  740.0459 |    740.0425 |    740.0491 |    740.0460 |    740.0694 |    740.0399 |    740.0512 |    740.0744 |    740.0422 |
| Runtime unhalted [s] |   521.3372 |  520.8189 |  521.7975 |  521.7455 |  521.7590 |  521.7249 |  521.7173 |  521.7076 |  521.8144 |  521.7771 |    521.8344 |    521.7540 |    521.7890 |    521.7953 |    521.7686 |    521.8695 |    521.6417 |    521.7446 |
|      Clock [MHz]     |  1695.9948 | 1695.9899 | 1695.9898 | 1695.9914 | 1695.9713 | 1695.9967 | 1695.9947 | 1695.9939 | 1695.9953 | 1695.9941 |   1695.9699 |   1695.9950 |   1695.9964 |   1695.9119 |   1695.9944 |   1695.9896 |   1695.9212 |   1695.9958 |
|  Uncore Clock [MHz]  |  1590.7608 |         0 |         0 |         0 |         0 |         0 |         0 |         0 |         0 |         0 |           0 |           0 |           0 |           0 |           0 |           0 |           0 |           0 |
|          CPI         |     0.5121 |    0.5161 |    0.5191 |    0.5277 |    0.5396 |    0.5468 |    0.5489 |    0.5489 |    0.5491 |    0.5490 |      0.5773 |      0.5752 |      0.5737 |      0.5674 |      0.5561 |      0.5512 |      0.5458 |      0.5373 |
|    Temperature [C]   |         39 |        41 |        39 |        38 |        38 |        38 |        39 |        42 |        38 |        39 |          37 |          40 |          41 |          39 |          39 |          36 |          41 |          38 |
|      Energy [J]      | 79974.5276 |         0 |         0 |         0 |         0 |         0 |         0 |         0 |         0 |         0 |           0 |           0 |           0 |           0 |           0 |           0 |           0 |           0 |
|       Power [W]      |   108.0684 |         0 |         0 |         0 |         0 |         0 |         0 |         0 |         0 |         0 |           0 |           0 |           0 |           0 |           0 |           0 |           0 |           0 |
|    Energy PP0 [J]    |          0 |         0 |         0 |         0 |         0 |         0 |         0 |         0 |         0 |         0 |           0 |           0 |           0 |           0 |           0 |           0 |           0 |           0 |
|     Power PP0 [W]    |          0 |         0 |         0 |         0 |         0 |         0 |         0 |         0 |         0 |         0 |           0 |           0 |           0 |           0 |           0 |           0 |           0 |           0 |
|    Energy DRAM [J]   |  5397.5085 |         0 |         0 |         0 |         0 |         0 |         0 |         0 |         0 |         0 |           0 |           0 |           0 |           0 |           0 |           0 |           0 |           0 |
|    Power DRAM [W]    |     7.2936 |         0 |         0 |         0 |         0 |         0 |         0 |         0 |         0 |         0 |           0 |           0 |           0 |           0 |           0 |           0 |           0 |           0 |
|  Energy PLATFORM [J] |          0 |         0 |         0 |         0 |         0 |         0 |         0 |         0 |         0 |         0 |           0 |           0 |           0 |           0 |           0 |           0 |           0 |           0 |
|  Power PLATFORM [W]  |          0 |         0 |         0 |         0 |         0 |         0 |         0 |         0 |         0 |         0 |           0 |           0 |           0 |           0 |           0 |           0 |           0 |           0 |
+----------------------+------------+-----------+-----------+-----------+-----------+-----------+-----------+-----------+-----------+-----------+-------------+-------------+-------------+-------------+-------------+-------------+-------------+-------------+

+---------------------------+------------+-----------+------------+-----------+-----------+-----------+-----------+
|           Metric          |     Sum    |    Min    |     Max    |    Avg    |  %ile 25  |  %ile 50  |  %ile 75  |
+---------------------------+------------+-----------+------------+-----------+-----------+-----------+-----------+
|  Runtime (RDTSC) [s] STAT | 13320.8389 |  740.0353 |   740.0744 |  740.0466 |  740.0422 |  740.0438 |  740.0482 |
| Runtime unhalted [s] STAT |  9390.3965 |  520.8189 |   521.8695 |  521.6887 |  521.7173 |  521.7540 |  521.7953 |
|      Clock [MHz] STAT     | 30527.6861 | 1695.9119 |  1695.9967 | 1695.9826 | 1695.9896 | 1695.9939 | 1695.9950 |
|  Uncore Clock [MHz] STAT  |  1590.7608 |         0 |  1590.7608 |   88.3756 |         0 |         0 |         0 |
|          CPI STAT         |     9.8413 |    0.5121 |     0.5773 |    0.5467 |    0.5373 |    0.5489 |    0.5561 |
|    Temperature [C] STAT   |        702 |        36 |         42 |        39 |        38 |        39 |        40 |
|      Energy [J] STAT      | 79974.5276 |         0 | 79974.5276 | 4443.0293 |         0 |         0 |         0 |
|       Power [W] STAT      |   108.0684 |         0 |   108.0684 |    6.0038 |         0 |         0 |         0 |
|    Energy PP0 [J] STAT    |          0 |         0 |          0 |         0 |         0 |         0 |         0 |
|     Power PP0 [W] STAT    |          0 |         0 |          0 |         0 |         0 |         0 |         0 |
|    Energy DRAM [J] STAT   |  5397.5085 |         0 |  5397.5085 |  299.8616 |         0 |         0 |         0 |
|    Power DRAM [W] STAT    |     7.2936 |         0 |     7.2936 |    0.4052 |         0 |         0 |         0 |
|  Energy PLATFORM [J] STAT |          0 |         0 |          0 |         0 |         0 |         0 |         0 |
|  Power PLATFORM [W] STAT  |          0 |         0 |          0 |         0 |         0 |         0 |         0 |
+---------------------------+------------+-----------+------------+-----------+-----------+-----------+-----------+

