### This is /home/hpc/unrz/unrz104h/Projects/CPU-GPU-Energy-Study/FIRESTARTER-scripts/benchX-freq.sh
#!/bin/bash

set -eu

if [ $# -ne 4 ]; then
    echo "Usage: ${0} [result-dir] [freq-start] [freq-end] [freq-step]"
    exit 1
fi

function reset_clocks() {
    echo "Resetting clocks..."
    sudo nvidia-smi -rgc
    echo "Done!"
}

trap 'reset_clocks' 15

RESULT_DIR="$(readlink -f "${1}")"
rm -fr "${RESULT_DIR}"
mkdir -p "${RESULT_DIR}"

FREQ_START="${2}"
FREQ_END="${3}"
FREQ_STEP="${4}"

LOG_FILE="${RESULT_DIR}/firestarter-bench-`date +%Y%m%d`-`hostname -s`.$$.log"
echo "Saving bench log also to log file ..."
echo "Please be patient ..."
exec > >( tee "${LOG_FILE}" ) 2>&1

# save script for reference :)
echo "### This is ${0}"
cat "${0}"

echo "Start: `date`  / `date +%s`"

echo "########################################"

BINARY=/home/hpc/unrz/unrz104h/Projects/FIRESTARTER/sources/build/src/FIRESTARTER_CUDA

#cat /proc/cpuinfo

module load cuda/12.9.0

export CUDA_VISIBLE_DEVICES=0
nvidia-smi -i ${CUDA_VISIBLE_DEVICES}

for ((FREQ=FREQ_START; FREQ<=FREQ_END; FREQ+=FREQ_STEP)); do
    if (( FREQ > FREQ_END )); then
        FREQ=${FREQ_END}
    fi
    # === PARSE GPU CLOCK SETTINGS ===
    GPU_GRAPHICS_CLOCK="${FREQ}"

    # === SET GPU CLOCKS ===  
    echo "SETTING GPU CLOCKS TO GRAPHICS=${GPU_GRAPHICS_CLOCK}"
    sudo /usr/bin/nvidia-smi --lock-gpu-clocks="${GPU_GRAPHICS_CLOCK},${GPU_GRAPHICS_CLOCK}"

    SUB_RESULT_DIR="${RESULT_DIR}/${GPU_GRAPHICS_CLOCK}"
    mkdir -p "${SUB_RESULT_DIR}"

    NVLOG_FILE="${SUB_RESULT_DIR}/${GPU_GRAPHICS_CLOCK}_powerlog.csv"
    FSLOG_FILE="${SUB_RESULT_DIR}/${GPU_GRAPHICS_CLOCK}_pid-$$.fsout"

    echo "Nvidia Log: ${NVLOG_FILE}"
    echo "FIRESTARTER Log: ${FSLOG_FILE}"

    nvidia-smi -i "${CUDA_VISIBLE_DEVICES}" --loop-ms=100 --query-gpu=timestamp,power.draw,utilization.gpu --format=csv > "${NVLOG_FILE}" & POWER_PID=$!
    "${BINARY}" --report -n 1 -l 1 -t 60 --period 1000000 > "${FSLOG_FILE}"
    kill "${POWER_PID}"

    echo "End: `date`  / `date +%s`"
done

reset_clocks
Start: Thu May  7 15:53:36 CEST 2026  / 1778162016
########################################
Thu May  7 15:53:37 2026       
+-----------------------------------------------------------------------------------------+
| NVIDIA-SMI 595.71.05              Driver Version: 595.71.05      CUDA Version: 13.2     |
+-----------------------------------------+------------------------+----------------------+
| GPU  Name                 Persistence-M | Bus-Id          Disp.A | Volatile Uncorr. ECC |
| Fan  Temp   Perf          Pwr:Usage/Cap |           Memory-Usage | GPU-Util  Compute M. |
|                                         |                        |               MIG M. |
|=========================================+========================+======================|
|   0  NVIDIA A40                     On  |   00000000:A1:00.0 Off |                  Off |
|  0%   40C    P0             58W /  300W |       0MiB /  49140MiB |      0%      Default |
|                                         |                        |                  N/A |
+-----------------------------------------+------------------------+----------------------+

+-----------------------------------------------------------------------------------------+
| Processes:                                                                              |
|  GPU   GI   CI              PID   Type   Process name                        GPU Memory |
|        ID   ID                                                               Usage      |
|=========================================================================================|
|  No running processes found                                                             |
+-----------------------------------------------------------------------------------------+
SETTING GPU CLOCKS TO GRAPHICS=210
GPU clocks set to "(gpuClkMin 210, gpuClkMax 210)" for GPU 00000000:A1:00.0
All done.
Nvidia Log: /home/hpc/unrz/unrz104h/Projects/CPU-GPU-Energy-Study/FIRESTARTER-A40-frequency/210/210_powerlog.csv
FIRESTARTER Log: /home/hpc/unrz/unrz104h/Projects/CPU-GPU-Energy-Study/FIRESTARTER-A40-frequency/210/210_pid-1108538.fsout
Warning: AMD Family 25, Model 1, Stepping 1 is not supported by this version of FIRESTARTER!
Check project website for updates.
Warning: Using function FUNC_HSW_COREI_FMA_1T as fallback.
You can use the parameter --function to try other functions.
End: Thu May  7 15:56:24 CEST 2026  / 1778162184
SETTING GPU CLOCKS TO GRAPHICS=225
GPU clocks set to "(gpuClkMin 225, gpuClkMax 225)" for GPU 00000000:A1:00.0
All done.
Nvidia Log: /home/hpc/unrz/unrz104h/Projects/CPU-GPU-Energy-Study/FIRESTARTER-A40-frequency/225/225_powerlog.csv
FIRESTARTER Log: /home/hpc/unrz/unrz104h/Projects/CPU-GPU-Energy-Study/FIRESTARTER-A40-frequency/225/225_pid-1108538.fsout
Warning: AMD Family 25, Model 1, Stepping 1 is not supported by this version of FIRESTARTER!
Check project website for updates.
Warning: Using function FUNC_HSW_COREI_FMA_1T as fallback.
You can use the parameter --function to try other functions.
End: Thu May  7 15:59:01 CEST 2026  / 1778162341
SETTING GPU CLOCKS TO GRAPHICS=240
GPU clocks set to "(gpuClkMin 240, gpuClkMax 240)" for GPU 00000000:A1:00.0
All done.
Nvidia Log: /home/hpc/unrz/unrz104h/Projects/CPU-GPU-Energy-Study/FIRESTARTER-A40-frequency/240/240_powerlog.csv
FIRESTARTER Log: /home/hpc/unrz/unrz104h/Projects/CPU-GPU-Energy-Study/FIRESTARTER-A40-frequency/240/240_pid-1108538.fsout
Warning: AMD Family 25, Model 1, Stepping 1 is not supported by this version of FIRESTARTER!
Check project website for updates.
Warning: Using function FUNC_HSW_COREI_FMA_1T as fallback.
You can use the parameter --function to try other functions.
End: Thu May  7 16:01:28 CEST 2026  / 1778162488
SETTING GPU CLOCKS TO GRAPHICS=255
GPU clocks set to "(gpuClkMin 255, gpuClkMax 255)" for GPU 00000000:A1:00.0
All done.
Nvidia Log: /home/hpc/unrz/unrz104h/Projects/CPU-GPU-Energy-Study/FIRESTARTER-A40-frequency/255/255_powerlog.csv
FIRESTARTER Log: /home/hpc/unrz/unrz104h/Projects/CPU-GPU-Energy-Study/FIRESTARTER-A40-frequency/255/255_pid-1108538.fsout
Warning: AMD Family 25, Model 1, Stepping 1 is not supported by this version of FIRESTARTER!
Check project website for updates.
Warning: Using function FUNC_HSW_COREI_FMA_1T as fallback.
You can use the parameter --function to try other functions.
End: Thu May  7 16:03:47 CEST 2026  / 1778162627
SETTING GPU CLOCKS TO GRAPHICS=270
GPU clocks set to "(gpuClkMin 270, gpuClkMax 270)" for GPU 00000000:A1:00.0
All done.
Nvidia Log: /home/hpc/unrz/unrz104h/Projects/CPU-GPU-Energy-Study/FIRESTARTER-A40-frequency/270/270_powerlog.csv
FIRESTARTER Log: /home/hpc/unrz/unrz104h/Projects/CPU-GPU-Energy-Study/FIRESTARTER-A40-frequency/270/270_pid-1108538.fsout
Warning: AMD Family 25, Model 1, Stepping 1 is not supported by this version of FIRESTARTER!
Check project website for updates.
Warning: Using function FUNC_HSW_COREI_FMA_1T as fallback.
You can use the parameter --function to try other functions.
End: Thu May  7 16:05:58 CEST 2026  / 1778162758
SETTING GPU CLOCKS TO GRAPHICS=285
GPU clocks set to "(gpuClkMin 285, gpuClkMax 285)" for GPU 00000000:A1:00.0
All done.
Nvidia Log: /home/hpc/unrz/unrz104h/Projects/CPU-GPU-Energy-Study/FIRESTARTER-A40-frequency/285/285_powerlog.csv
FIRESTARTER Log: /home/hpc/unrz/unrz104h/Projects/CPU-GPU-Energy-Study/FIRESTARTER-A40-frequency/285/285_pid-1108538.fsout
Warning: AMD Family 25, Model 1, Stepping 1 is not supported by this version of FIRESTARTER!
Check project website for updates.
Warning: Using function FUNC_HSW_COREI_FMA_1T as fallback.
You can use the parameter --function to try other functions.
End: Thu May  7 16:08:02 CEST 2026  / 1778162882
SETTING GPU CLOCKS TO GRAPHICS=300
GPU clocks set to "(gpuClkMin 300, gpuClkMax 300)" for GPU 00000000:A1:00.0
All done.
Nvidia Log: /home/hpc/unrz/unrz104h/Projects/CPU-GPU-Energy-Study/FIRESTARTER-A40-frequency/300/300_powerlog.csv
FIRESTARTER Log: /home/hpc/unrz/unrz104h/Projects/CPU-GPU-Energy-Study/FIRESTARTER-A40-frequency/300/300_pid-1108538.fsout
Warning: AMD Family 25, Model 1, Stepping 1 is not supported by this version of FIRESTARTER!
Check project website for updates.
Warning: Using function FUNC_HSW_COREI_FMA_1T as fallback.
You can use the parameter --function to try other functions.
End: Thu May  7 16:10:00 CEST 2026  / 1778163000
SETTING GPU CLOCKS TO GRAPHICS=315
GPU clocks set to "(gpuClkMin 315, gpuClkMax 315)" for GPU 00000000:A1:00.0
All done.
Nvidia Log: /home/hpc/unrz/unrz104h/Projects/CPU-GPU-Energy-Study/FIRESTARTER-A40-frequency/315/315_powerlog.csv
FIRESTARTER Log: /home/hpc/unrz/unrz104h/Projects/CPU-GPU-Energy-Study/FIRESTARTER-A40-frequency/315/315_pid-1108538.fsout
Warning: AMD Family 25, Model 1, Stepping 1 is not supported by this version of FIRESTARTER!
Check project website for updates.
Warning: Using function FUNC_HSW_COREI_FMA_1T as fallback.
You can use the parameter --function to try other functions.
End: Thu May  7 16:11:53 CEST 2026  / 1778163113
SETTING GPU CLOCKS TO GRAPHICS=330
GPU clocks set to "(gpuClkMin 330, gpuClkMax 330)" for GPU 00000000:A1:00.0
All done.
Nvidia Log: /home/hpc/unrz/unrz104h/Projects/CPU-GPU-Energy-Study/FIRESTARTER-A40-frequency/330/330_powerlog.csv
FIRESTARTER Log: /home/hpc/unrz/unrz104h/Projects/CPU-GPU-Energy-Study/FIRESTARTER-A40-frequency/330/330_pid-1108538.fsout
Warning: AMD Family 25, Model 1, Stepping 1 is not supported by this version of FIRESTARTER!
Check project website for updates.
Warning: Using function FUNC_HSW_COREI_FMA_1T as fallback.
You can use the parameter --function to try other functions.
End: Thu May  7 16:13:41 CEST 2026  / 1778163221
SETTING GPU CLOCKS TO GRAPHICS=345
GPU clocks set to "(gpuClkMin 345, gpuClkMax 345)" for GPU 00000000:A1:00.0
All done.
Nvidia Log: /home/hpc/unrz/unrz104h/Projects/CPU-GPU-Energy-Study/FIRESTARTER-A40-frequency/345/345_powerlog.csv
FIRESTARTER Log: /home/hpc/unrz/unrz104h/Projects/CPU-GPU-Energy-Study/FIRESTARTER-A40-frequency/345/345_pid-1108538.fsout
Warning: AMD Family 25, Model 1, Stepping 1 is not supported by this version of FIRESTARTER!
Check project website for updates.
Warning: Using function FUNC_HSW_COREI_FMA_1T as fallback.
You can use the parameter --function to try other functions.
End: Thu May  7 16:15:24 CEST 2026  / 1778163324
SETTING GPU CLOCKS TO GRAPHICS=360
GPU clocks set to "(gpuClkMin 360, gpuClkMax 360)" for GPU 00000000:A1:00.0
All done.
Nvidia Log: /home/hpc/unrz/unrz104h/Projects/CPU-GPU-Energy-Study/FIRESTARTER-A40-frequency/360/360_powerlog.csv
FIRESTARTER Log: /home/hpc/unrz/unrz104h/Projects/CPU-GPU-Energy-Study/FIRESTARTER-A40-frequency/360/360_pid-1108538.fsout
Warning: AMD Family 25, Model 1, Stepping 1 is not supported by this version of FIRESTARTER!
Check project website for updates.
Warning: Using function FUNC_HSW_COREI_FMA_1T as fallback.
You can use the parameter --function to try other functions.
End: Thu May  7 16:17:03 CEST 2026  / 1778163423
SETTING GPU CLOCKS TO GRAPHICS=375
GPU clocks set to "(gpuClkMin 375, gpuClkMax 375)" for GPU 00000000:A1:00.0
All done.
Nvidia Log: /home/hpc/unrz/unrz104h/Projects/CPU-GPU-Energy-Study/FIRESTARTER-A40-frequency/375/375_powerlog.csv
FIRESTARTER Log: /home/hpc/unrz/unrz104h/Projects/CPU-GPU-Energy-Study/FIRESTARTER-A40-frequency/375/375_pid-1108538.fsout
Warning: AMD Family 25, Model 1, Stepping 1 is not supported by this version of FIRESTARTER!
Check project website for updates.
Warning: Using function FUNC_HSW_COREI_FMA_1T as fallback.
You can use the parameter --function to try other functions.
End: Thu May  7 16:18:39 CEST 2026  / 1778163519
SETTING GPU CLOCKS TO GRAPHICS=390
GPU clocks set to "(gpuClkMin 390, gpuClkMax 390)" for GPU 00000000:A1:00.0
All done.
Nvidia Log: /home/hpc/unrz/unrz104h/Projects/CPU-GPU-Energy-Study/FIRESTARTER-A40-frequency/390/390_powerlog.csv
FIRESTARTER Log: /home/hpc/unrz/unrz104h/Projects/CPU-GPU-Energy-Study/FIRESTARTER-A40-frequency/390/390_pid-1108538.fsout
Warning: AMD Family 25, Model 1, Stepping 1 is not supported by this version of FIRESTARTER!
Check project website for updates.
Warning: Using function FUNC_HSW_COREI_FMA_1T as fallback.
You can use the parameter --function to try other functions.
End: Thu May  7 16:20:10 CEST 2026  / 1778163610
SETTING GPU CLOCKS TO GRAPHICS=405
GPU clocks set to "(gpuClkMin 405, gpuClkMax 405)" for GPU 00000000:A1:00.0
All done.
Nvidia Log: /home/hpc/unrz/unrz104h/Projects/CPU-GPU-Energy-Study/FIRESTARTER-A40-frequency/405/405_powerlog.csv
FIRESTARTER Log: /home/hpc/unrz/unrz104h/Projects/CPU-GPU-Energy-Study/FIRESTARTER-A40-frequency/405/405_pid-1108538.fsout
Warning: AMD Family 25, Model 1, Stepping 1 is not supported by this version of FIRESTARTER!
Check project website for updates.
Warning: Using function FUNC_HSW_COREI_FMA_1T as fallback.
You can use the parameter --function to try other functions.
End: Thu May  7 16:21:39 CEST 2026  / 1778163699
SETTING GPU CLOCKS TO GRAPHICS=420
GPU clocks set to "(gpuClkMin 420, gpuClkMax 420)" for GPU 00000000:A1:00.0
All done.
Nvidia Log: /home/hpc/unrz/unrz104h/Projects/CPU-GPU-Energy-Study/FIRESTARTER-A40-frequency/420/420_powerlog.csv
FIRESTARTER Log: /home/hpc/unrz/unrz104h/Projects/CPU-GPU-Energy-Study/FIRESTARTER-A40-frequency/420/420_pid-1108538.fsout
Warning: AMD Family 25, Model 1, Stepping 1 is not supported by this version of FIRESTARTER!
Check project website for updates.
Warning: Using function FUNC_HSW_COREI_FMA_1T as fallback.
You can use the parameter --function to try other functions.
End: Thu May  7 16:23:04 CEST 2026  / 1778163784
SETTING GPU CLOCKS TO GRAPHICS=435
GPU clocks set to "(gpuClkMin 435, gpuClkMax 435)" for GPU 00000000:A1:00.0
All done.
Nvidia Log: /home/hpc/unrz/unrz104h/Projects/CPU-GPU-Energy-Study/FIRESTARTER-A40-frequency/435/435_powerlog.csv
FIRESTARTER Log: /home/hpc/unrz/unrz104h/Projects/CPU-GPU-Energy-Study/FIRESTARTER-A40-frequency/435/435_pid-1108538.fsout
Warning: AMD Family 25, Model 1, Stepping 1 is not supported by this version of FIRESTARTER!
Check project website for updates.
Warning: Using function FUNC_HSW_COREI_FMA_1T as fallback.
You can use the parameter --function to try other functions.
End: Thu May  7 16:24:26 CEST 2026  / 1778163866
SETTING GPU CLOCKS TO GRAPHICS=450
GPU clocks set to "(gpuClkMin 450, gpuClkMax 450)" for GPU 00000000:A1:00.0
All done.
Nvidia Log: /home/hpc/unrz/unrz104h/Projects/CPU-GPU-Energy-Study/FIRESTARTER-A40-frequency/450/450_powerlog.csv
FIRESTARTER Log: /home/hpc/unrz/unrz104h/Projects/CPU-GPU-Energy-Study/FIRESTARTER-A40-frequency/450/450_pid-1108538.fsout
Warning: AMD Family 25, Model 1, Stepping 1 is not supported by this version of FIRESTARTER!
Check project website for updates.
Warning: Using function FUNC_HSW_COREI_FMA_1T as fallback.
You can use the parameter --function to try other functions.
End: Thu May  7 16:25:46 CEST 2026  / 1778163946
SETTING GPU CLOCKS TO GRAPHICS=465
GPU clocks set to "(gpuClkMin 465, gpuClkMax 465)" for GPU 00000000:A1:00.0
All done.
Nvidia Log: /home/hpc/unrz/unrz104h/Projects/CPU-GPU-Energy-Study/FIRESTARTER-A40-frequency/465/465_powerlog.csv
FIRESTARTER Log: /home/hpc/unrz/unrz104h/Projects/CPU-GPU-Energy-Study/FIRESTARTER-A40-frequency/465/465_pid-1108538.fsout
Warning: AMD Family 25, Model 1, Stepping 1 is not supported by this version of FIRESTARTER!
Check project website for updates.
Warning: Using function FUNC_HSW_COREI_FMA_1T as fallback.
You can use the parameter --function to try other functions.
End: Thu May  7 16:27:04 CEST 2026  / 1778164024
SETTING GPU CLOCKS TO GRAPHICS=480
GPU clocks set to "(gpuClkMin 480, gpuClkMax 480)" for GPU 00000000:A1:00.0
All done.
Nvidia Log: /home/hpc/unrz/unrz104h/Projects/CPU-GPU-Energy-Study/FIRESTARTER-A40-frequency/480/480_powerlog.csv
FIRESTARTER Log: /home/hpc/unrz/unrz104h/Projects/CPU-GPU-Energy-Study/FIRESTARTER-A40-frequency/480/480_pid-1108538.fsout
Warning: AMD Family 25, Model 1, Stepping 1 is not supported by this version of FIRESTARTER!
Check project website for updates.
Warning: Using function FUNC_HSW_COREI_FMA_1T as fallback.
You can use the parameter --function to try other functions.
End: Thu May  7 16:28:19 CEST 2026  / 1778164099
SETTING GPU CLOCKS TO GRAPHICS=495
GPU clocks set to "(gpuClkMin 495, gpuClkMax 495)" for GPU 00000000:A1:00.0
All done.
Nvidia Log: /home/hpc/unrz/unrz104h/Projects/CPU-GPU-Energy-Study/FIRESTARTER-A40-frequency/495/495_powerlog.csv
FIRESTARTER Log: /home/hpc/unrz/unrz104h/Projects/CPU-GPU-Energy-Study/FIRESTARTER-A40-frequency/495/495_pid-1108538.fsout
Warning: AMD Family 25, Model 1, Stepping 1 is not supported by this version of FIRESTARTER!
Check project website for updates.
Warning: Using function FUNC_HSW_COREI_FMA_1T as fallback.
You can use the parameter --function to try other functions.
End: Thu May  7 16:29:32 CEST 2026  / 1778164172
SETTING GPU CLOCKS TO GRAPHICS=510
GPU clocks set to "(gpuClkMin 510, gpuClkMax 510)" for GPU 00000000:A1:00.0
All done.
Nvidia Log: /home/hpc/unrz/unrz104h/Projects/CPU-GPU-Energy-Study/FIRESTARTER-A40-frequency/510/510_powerlog.csv
FIRESTARTER Log: /home/hpc/unrz/unrz104h/Projects/CPU-GPU-Energy-Study/FIRESTARTER-A40-frequency/510/510_pid-1108538.fsout
Warning: AMD Family 25, Model 1, Stepping 1 is not supported by this version of FIRESTARTER!
Check project website for updates.
Warning: Using function FUNC_HSW_COREI_FMA_1T as fallback.
You can use the parameter --function to try other functions.
End: Thu May  7 16:30:42 CEST 2026  / 1778164242
SETTING GPU CLOCKS TO GRAPHICS=525
GPU clocks set to "(gpuClkMin 525, gpuClkMax 525)" for GPU 00000000:A1:00.0
All done.
Nvidia Log: /home/hpc/unrz/unrz104h/Projects/CPU-GPU-Energy-Study/FIRESTARTER-A40-frequency/525/525_powerlog.csv
FIRESTARTER Log: /home/hpc/unrz/unrz104h/Projects/CPU-GPU-Energy-Study/FIRESTARTER-A40-frequency/525/525_pid-1108538.fsout
Warning: AMD Family 25, Model 1, Stepping 1 is not supported by this version of FIRESTARTER!
Check project website for updates.
Warning: Using function FUNC_HSW_COREI_FMA_1T as fallback.
You can use the parameter --function to try other functions.
End: Thu May  7 16:31:51 CEST 2026  / 1778164311
SETTING GPU CLOCKS TO GRAPHICS=540
GPU clocks set to "(gpuClkMin 540, gpuClkMax 540)" for GPU 00000000:A1:00.0
All done.
Nvidia Log: /home/hpc/unrz/unrz104h/Projects/CPU-GPU-Energy-Study/FIRESTARTER-A40-frequency/540/540_powerlog.csv
FIRESTARTER Log: /home/hpc/unrz/unrz104h/Projects/CPU-GPU-Energy-Study/FIRESTARTER-A40-frequency/540/540_pid-1108538.fsout
Warning: AMD Family 25, Model 1, Stepping 1 is not supported by this version of FIRESTARTER!
Check project website for updates.
Warning: Using function FUNC_HSW_COREI_FMA_1T as fallback.
You can use the parameter --function to try other functions.
End: Thu May  7 16:32:59 CEST 2026  / 1778164379
SETTING GPU CLOCKS TO GRAPHICS=555
GPU clocks set to "(gpuClkMin 555, gpuClkMax 555)" for GPU 00000000:A1:00.0
All done.
Nvidia Log: /home/hpc/unrz/unrz104h/Projects/CPU-GPU-Energy-Study/FIRESTARTER-A40-frequency/555/555_powerlog.csv
FIRESTARTER Log: /home/hpc/unrz/unrz104h/Projects/CPU-GPU-Energy-Study/FIRESTARTER-A40-frequency/555/555_pid-1108538.fsout
Warning: AMD Family 25, Model 1, Stepping 1 is not supported by this version of FIRESTARTER!
Check project website for updates.
Warning: Using function FUNC_HSW_COREI_FMA_1T as fallback.
You can use the parameter --function to try other functions.
End: Thu May  7 16:34:04 CEST 2026  / 1778164444
SETTING GPU CLOCKS TO GRAPHICS=570
GPU clocks set to "(gpuClkMin 570, gpuClkMax 570)" for GPU 00000000:A1:00.0
All done.
Nvidia Log: /home/hpc/unrz/unrz104h/Projects/CPU-GPU-Energy-Study/FIRESTARTER-A40-frequency/570/570_powerlog.csv
FIRESTARTER Log: /home/hpc/unrz/unrz104h/Projects/CPU-GPU-Energy-Study/FIRESTARTER-A40-frequency/570/570_pid-1108538.fsout
Warning: AMD Family 25, Model 1, Stepping 1 is not supported by this version of FIRESTARTER!
Check project website for updates.
Warning: Using function FUNC_HSW_COREI_FMA_1T as fallback.
You can use the parameter --function to try other functions.
End: Thu May  7 16:35:08 CEST 2026  / 1778164508
SETTING GPU CLOCKS TO GRAPHICS=585
GPU clocks set to "(gpuClkMin 585, gpuClkMax 585)" for GPU 00000000:A1:00.0
All done.
Nvidia Log: /home/hpc/unrz/unrz104h/Projects/CPU-GPU-Energy-Study/FIRESTARTER-A40-frequency/585/585_powerlog.csv
FIRESTARTER Log: /home/hpc/unrz/unrz104h/Projects/CPU-GPU-Energy-Study/FIRESTARTER-A40-frequency/585/585_pid-1108538.fsout
Warning: AMD Family 25, Model 1, Stepping 1 is not supported by this version of FIRESTARTER!
Check project website for updates.
Warning: Using function FUNC_HSW_COREI_FMA_1T as fallback.
You can use the parameter --function to try other functions.
End: Thu May  7 16:37:10 CEST 2026  / 1778164630
SETTING GPU CLOCKS TO GRAPHICS=600
GPU clocks set to "(gpuClkMin 600, gpuClkMax 600)" for GPU 00000000:A1:00.0
All done.
Nvidia Log: /home/hpc/unrz/unrz104h/Projects/CPU-GPU-Energy-Study/FIRESTARTER-A40-frequency/600/600_powerlog.csv
FIRESTARTER Log: /home/hpc/unrz/unrz104h/Projects/CPU-GPU-Energy-Study/FIRESTARTER-A40-frequency/600/600_pid-1108538.fsout
Warning: AMD Family 25, Model 1, Stepping 1 is not supported by this version of FIRESTARTER!
Check project website for updates.
Warning: Using function FUNC_HSW_COREI_FMA_1T as fallback.
You can use the parameter --function to try other functions.
End: Thu May  7 16:39:09 CEST 2026  / 1778164749
SETTING GPU CLOCKS TO GRAPHICS=615
GPU clocks set to "(gpuClkMin 615, gpuClkMax 615)" for GPU 00000000:A1:00.0
All done.
Nvidia Log: /home/hpc/unrz/unrz104h/Projects/CPU-GPU-Energy-Study/FIRESTARTER-A40-frequency/615/615_powerlog.csv
FIRESTARTER Log: /home/hpc/unrz/unrz104h/Projects/CPU-GPU-Energy-Study/FIRESTARTER-A40-frequency/615/615_pid-1108538.fsout
Warning: AMD Family 25, Model 1, Stepping 1 is not supported by this version of FIRESTARTER!
Check project website for updates.
Warning: Using function FUNC_HSW_COREI_FMA_1T as fallback.
You can use the parameter --function to try other functions.
End: Thu May  7 16:41:05 CEST 2026  / 1778164865
SETTING GPU CLOCKS TO GRAPHICS=630
GPU clocks set to "(gpuClkMin 630, gpuClkMax 630)" for GPU 00000000:A1:00.0
All done.
Nvidia Log: /home/hpc/unrz/unrz104h/Projects/CPU-GPU-Energy-Study/FIRESTARTER-A40-frequency/630/630_powerlog.csv
FIRESTARTER Log: /home/hpc/unrz/unrz104h/Projects/CPU-GPU-Energy-Study/FIRESTARTER-A40-frequency/630/630_pid-1108538.fsout
Warning: AMD Family 25, Model 1, Stepping 1 is not supported by this version of FIRESTARTER!
Check project website for updates.
Warning: Using function FUNC_HSW_COREI_FMA_1T as fallback.
You can use the parameter --function to try other functions.
End: Thu May  7 16:42:59 CEST 2026  / 1778164979
SETTING GPU CLOCKS TO GRAPHICS=645
GPU clocks set to "(gpuClkMin 645, gpuClkMax 645)" for GPU 00000000:A1:00.0
All done.
Nvidia Log: /home/hpc/unrz/unrz104h/Projects/CPU-GPU-Energy-Study/FIRESTARTER-A40-frequency/645/645_powerlog.csv
FIRESTARTER Log: /home/hpc/unrz/unrz104h/Projects/CPU-GPU-Energy-Study/FIRESTARTER-A40-frequency/645/645_pid-1108538.fsout
Warning: AMD Family 25, Model 1, Stepping 1 is not supported by this version of FIRESTARTER!
Check project website for updates.
Warning: Using function FUNC_HSW_COREI_FMA_1T as fallback.
You can use the parameter --function to try other functions.
End: Thu May  7 16:44:50 CEST 2026  / 1778165090
SETTING GPU CLOCKS TO GRAPHICS=660
GPU clocks set to "(gpuClkMin 660, gpuClkMax 660)" for GPU 00000000:A1:00.0
All done.
Nvidia Log: /home/hpc/unrz/unrz104h/Projects/CPU-GPU-Energy-Study/FIRESTARTER-A40-frequency/660/660_powerlog.csv
FIRESTARTER Log: /home/hpc/unrz/unrz104h/Projects/CPU-GPU-Energy-Study/FIRESTARTER-A40-frequency/660/660_pid-1108538.fsout
Warning: AMD Family 25, Model 1, Stepping 1 is not supported by this version of FIRESTARTER!
Check project website for updates.
Warning: Using function FUNC_HSW_COREI_FMA_1T as fallback.
You can use the parameter --function to try other functions.
End: Thu May  7 16:46:38 CEST 2026  / 1778165198
SETTING GPU CLOCKS TO GRAPHICS=675
GPU clocks set to "(gpuClkMin 675, gpuClkMax 675)" for GPU 00000000:A1:00.0
All done.
Nvidia Log: /home/hpc/unrz/unrz104h/Projects/CPU-GPU-Energy-Study/FIRESTARTER-A40-frequency/675/675_powerlog.csv
FIRESTARTER Log: /home/hpc/unrz/unrz104h/Projects/CPU-GPU-Energy-Study/FIRESTARTER-A40-frequency/675/675_pid-1108538.fsout
Warning: AMD Family 25, Model 1, Stepping 1 is not supported by this version of FIRESTARTER!
Check project website for updates.
Warning: Using function FUNC_HSW_COREI_FMA_1T as fallback.
You can use the parameter --function to try other functions.
End: Thu May  7 16:48:24 CEST 2026  / 1778165304
SETTING GPU CLOCKS TO GRAPHICS=690
GPU clocks set to "(gpuClkMin 690, gpuClkMax 690)" for GPU 00000000:A1:00.0
All done.
Nvidia Log: /home/hpc/unrz/unrz104h/Projects/CPU-GPU-Energy-Study/FIRESTARTER-A40-frequency/690/690_powerlog.csv
FIRESTARTER Log: /home/hpc/unrz/unrz104h/Projects/CPU-GPU-Energy-Study/FIRESTARTER-A40-frequency/690/690_pid-1108538.fsout
Warning: AMD Family 25, Model 1, Stepping 1 is not supported by this version of FIRESTARTER!
Check project website for updates.
Warning: Using function FUNC_HSW_COREI_FMA_1T as fallback.
You can use the parameter --function to try other functions.
End: Thu May  7 16:50:08 CEST 2026  / 1778165408
SETTING GPU CLOCKS TO GRAPHICS=705
GPU clocks set to "(gpuClkMin 705, gpuClkMax 705)" for GPU 00000000:A1:00.0
All done.
Nvidia Log: /home/hpc/unrz/unrz104h/Projects/CPU-GPU-Energy-Study/FIRESTARTER-A40-frequency/705/705_powerlog.csv
FIRESTARTER Log: /home/hpc/unrz/unrz104h/Projects/CPU-GPU-Energy-Study/FIRESTARTER-A40-frequency/705/705_pid-1108538.fsout
Warning: AMD Family 25, Model 1, Stepping 1 is not supported by this version of FIRESTARTER!
Check project website for updates.
Warning: Using function FUNC_HSW_COREI_FMA_1T as fallback.
You can use the parameter --function to try other functions.
End: Thu May  7 16:51:50 CEST 2026  / 1778165510
SETTING GPU CLOCKS TO GRAPHICS=720
GPU clocks set to "(gpuClkMin 720, gpuClkMax 720)" for GPU 00000000:A1:00.0
All done.
Nvidia Log: /home/hpc/unrz/unrz104h/Projects/CPU-GPU-Energy-Study/FIRESTARTER-A40-frequency/720/720_powerlog.csv
FIRESTARTER Log: /home/hpc/unrz/unrz104h/Projects/CPU-GPU-Energy-Study/FIRESTARTER-A40-frequency/720/720_pid-1108538.fsout
Warning: AMD Family 25, Model 1, Stepping 1 is not supported by this version of FIRESTARTER!
Check project website for updates.
Warning: Using function FUNC_HSW_COREI_FMA_1T as fallback.
You can use the parameter --function to try other functions.
End: Thu May  7 16:53:29 CEST 2026  / 1778165609
SETTING GPU CLOCKS TO GRAPHICS=735
GPU clocks set to "(gpuClkMin 735, gpuClkMax 735)" for GPU 00000000:A1:00.0
All done.
Nvidia Log: /home/hpc/unrz/unrz104h/Projects/CPU-GPU-Energy-Study/FIRESTARTER-A40-frequency/735/735_powerlog.csv
FIRESTARTER Log: /home/hpc/unrz/unrz104h/Projects/CPU-GPU-Energy-Study/FIRESTARTER-A40-frequency/735/735_pid-1108538.fsout
Warning: AMD Family 25, Model 1, Stepping 1 is not supported by this version of FIRESTARTER!
Check project website for updates.
Warning: Using function FUNC_HSW_COREI_FMA_1T as fallback.
You can use the parameter --function to try other functions.
End: Thu May  7 16:55:07 CEST 2026  / 1778165707
SETTING GPU CLOCKS TO GRAPHICS=750
GPU clocks set to "(gpuClkMin 750, gpuClkMax 750)" for GPU 00000000:A1:00.0
All done.
Nvidia Log: /home/hpc/unrz/unrz104h/Projects/CPU-GPU-Energy-Study/FIRESTARTER-A40-frequency/750/750_powerlog.csv
FIRESTARTER Log: /home/hpc/unrz/unrz104h/Projects/CPU-GPU-Energy-Study/FIRESTARTER-A40-frequency/750/750_pid-1108538.fsout
Warning: AMD Family 25, Model 1, Stepping 1 is not supported by this version of FIRESTARTER!
Check project website for updates.
Warning: Using function FUNC_HSW_COREI_FMA_1T as fallback.
You can use the parameter --function to try other functions.
End: Thu May  7 16:56:42 CEST 2026  / 1778165802
SETTING GPU CLOCKS TO GRAPHICS=765
GPU clocks set to "(gpuClkMin 765, gpuClkMax 765)" for GPU 00000000:A1:00.0
All done.
Nvidia Log: /home/hpc/unrz/unrz104h/Projects/CPU-GPU-Energy-Study/FIRESTARTER-A40-frequency/765/765_powerlog.csv
FIRESTARTER Log: /home/hpc/unrz/unrz104h/Projects/CPU-GPU-Energy-Study/FIRESTARTER-A40-frequency/765/765_pid-1108538.fsout
Warning: AMD Family 25, Model 1, Stepping 1 is not supported by this version of FIRESTARTER!
Check project website for updates.
Warning: Using function FUNC_HSW_COREI_FMA_1T as fallback.
You can use the parameter --function to try other functions.
End: Thu May  7 16:58:16 CEST 2026  / 1778165896
SETTING GPU CLOCKS TO GRAPHICS=780
GPU clocks set to "(gpuClkMin 780, gpuClkMax 780)" for GPU 00000000:A1:00.0
All done.
Nvidia Log: /home/hpc/unrz/unrz104h/Projects/CPU-GPU-Energy-Study/FIRESTARTER-A40-frequency/780/780_powerlog.csv
FIRESTARTER Log: /home/hpc/unrz/unrz104h/Projects/CPU-GPU-Energy-Study/FIRESTARTER-A40-frequency/780/780_pid-1108538.fsout
Warning: AMD Family 25, Model 1, Stepping 1 is not supported by this version of FIRESTARTER!
Check project website for updates.
Warning: Using function FUNC_HSW_COREI_FMA_1T as fallback.
You can use the parameter --function to try other functions.
End: Thu May  7 16:59:48 CEST 2026  / 1778165988
SETTING GPU CLOCKS TO GRAPHICS=795
GPU clocks set to "(gpuClkMin 795, gpuClkMax 795)" for GPU 00000000:A1:00.0
All done.
Nvidia Log: /home/hpc/unrz/unrz104h/Projects/CPU-GPU-Energy-Study/FIRESTARTER-A40-frequency/795/795_powerlog.csv
FIRESTARTER Log: /home/hpc/unrz/unrz104h/Projects/CPU-GPU-Energy-Study/FIRESTARTER-A40-frequency/795/795_pid-1108538.fsout
Warning: AMD Family 25, Model 1, Stepping 1 is not supported by this version of FIRESTARTER!
Check project website for updates.
Warning: Using function FUNC_HSW_COREI_FMA_1T as fallback.
You can use the parameter --function to try other functions.
End: Thu May  7 17:01:19 CEST 2026  / 1778166079
SETTING GPU CLOCKS TO GRAPHICS=810
GPU clocks set to "(gpuClkMin 810, gpuClkMax 810)" for GPU 00000000:A1:00.0
All done.
Nvidia Log: /home/hpc/unrz/unrz104h/Projects/CPU-GPU-Energy-Study/FIRESTARTER-A40-frequency/810/810_powerlog.csv
FIRESTARTER Log: /home/hpc/unrz/unrz104h/Projects/CPU-GPU-Energy-Study/FIRESTARTER-A40-frequency/810/810_pid-1108538.fsout
Warning: AMD Family 25, Model 1, Stepping 1 is not supported by this version of FIRESTARTER!
Check project website for updates.
Warning: Using function FUNC_HSW_COREI_FMA_1T as fallback.
You can use the parameter --function to try other functions.
End: Thu May  7 17:02:48 CEST 2026  / 1778166168
SETTING GPU CLOCKS TO GRAPHICS=825
GPU clocks set to "(gpuClkMin 825, gpuClkMax 825)" for GPU 00000000:A1:00.0
All done.
Nvidia Log: /home/hpc/unrz/unrz104h/Projects/CPU-GPU-Energy-Study/FIRESTARTER-A40-frequency/825/825_powerlog.csv
FIRESTARTER Log: /home/hpc/unrz/unrz104h/Projects/CPU-GPU-Energy-Study/FIRESTARTER-A40-frequency/825/825_pid-1108538.fsout
Warning: AMD Family 25, Model 1, Stepping 1 is not supported by this version of FIRESTARTER!
Check project website for updates.
Warning: Using function FUNC_HSW_COREI_FMA_1T as fallback.
You can use the parameter --function to try other functions.
End: Thu May  7 17:04:15 CEST 2026  / 1778166255
SETTING GPU CLOCKS TO GRAPHICS=840
GPU clocks set to "(gpuClkMin 840, gpuClkMax 840)" for GPU 00000000:A1:00.0
All done.
Nvidia Log: /home/hpc/unrz/unrz104h/Projects/CPU-GPU-Energy-Study/FIRESTARTER-A40-frequency/840/840_powerlog.csv
FIRESTARTER Log: /home/hpc/unrz/unrz104h/Projects/CPU-GPU-Energy-Study/FIRESTARTER-A40-frequency/840/840_pid-1108538.fsout
Warning: AMD Family 25, Model 1, Stepping 1 is not supported by this version of FIRESTARTER!
Check project website for updates.
Warning: Using function FUNC_HSW_COREI_FMA_1T as fallback.
You can use the parameter --function to try other functions.
End: Thu May  7 17:05:41 CEST 2026  / 1778166341
SETTING GPU CLOCKS TO GRAPHICS=855
GPU clocks set to "(gpuClkMin 855, gpuClkMax 855)" for GPU 00000000:A1:00.0
All done.
Nvidia Log: /home/hpc/unrz/unrz104h/Projects/CPU-GPU-Energy-Study/FIRESTARTER-A40-frequency/855/855_powerlog.csv
FIRESTARTER Log: /home/hpc/unrz/unrz104h/Projects/CPU-GPU-Energy-Study/FIRESTARTER-A40-frequency/855/855_pid-1108538.fsout
Warning: AMD Family 25, Model 1, Stepping 1 is not supported by this version of FIRESTARTER!
Check project website for updates.
Warning: Using function FUNC_HSW_COREI_FMA_1T as fallback.
You can use the parameter --function to try other functions.
End: Thu May  7 17:07:05 CEST 2026  / 1778166425
SETTING GPU CLOCKS TO GRAPHICS=870
GPU clocks set to "(gpuClkMin 870, gpuClkMax 870)" for GPU 00000000:A1:00.0
All done.
Nvidia Log: /home/hpc/unrz/unrz104h/Projects/CPU-GPU-Energy-Study/FIRESTARTER-A40-frequency/870/870_powerlog.csv
FIRESTARTER Log: /home/hpc/unrz/unrz104h/Projects/CPU-GPU-Energy-Study/FIRESTARTER-A40-frequency/870/870_pid-1108538.fsout
Warning: AMD Family 25, Model 1, Stepping 1 is not supported by this version of FIRESTARTER!
Check project website for updates.
Warning: Using function FUNC_HSW_COREI_FMA_1T as fallback.
You can use the parameter --function to try other functions.
End: Thu May  7 17:08:28 CEST 2026  / 1778166508
SETTING GPU CLOCKS TO GRAPHICS=885
GPU clocks set to "(gpuClkMin 885, gpuClkMax 885)" for GPU 00000000:A1:00.0
All done.
Nvidia Log: /home/hpc/unrz/unrz104h/Projects/CPU-GPU-Energy-Study/FIRESTARTER-A40-frequency/885/885_powerlog.csv
FIRESTARTER Log: /home/hpc/unrz/unrz104h/Projects/CPU-GPU-Energy-Study/FIRESTARTER-A40-frequency/885/885_pid-1108538.fsout
Warning: AMD Family 25, Model 1, Stepping 1 is not supported by this version of FIRESTARTER!
Check project website for updates.
Warning: Using function FUNC_HSW_COREI_FMA_1T as fallback.
You can use the parameter --function to try other functions.
End: Thu May  7 17:09:50 CEST 2026  / 1778166590
SETTING GPU CLOCKS TO GRAPHICS=900
GPU clocks set to "(gpuClkMin 900, gpuClkMax 900)" for GPU 00000000:A1:00.0
All done.
Nvidia Log: /home/hpc/unrz/unrz104h/Projects/CPU-GPU-Energy-Study/FIRESTARTER-A40-frequency/900/900_powerlog.csv
FIRESTARTER Log: /home/hpc/unrz/unrz104h/Projects/CPU-GPU-Energy-Study/FIRESTARTER-A40-frequency/900/900_pid-1108538.fsout
Warning: AMD Family 25, Model 1, Stepping 1 is not supported by this version of FIRESTARTER!
Check project website for updates.
Warning: Using function FUNC_HSW_COREI_FMA_1T as fallback.
You can use the parameter --function to try other functions.
End: Thu May  7 17:11:10 CEST 2026  / 1778166670
SETTING GPU CLOCKS TO GRAPHICS=915
GPU clocks set to "(gpuClkMin 915, gpuClkMax 915)" for GPU 00000000:A1:00.0
All done.
Nvidia Log: /home/hpc/unrz/unrz104h/Projects/CPU-GPU-Energy-Study/FIRESTARTER-A40-frequency/915/915_powerlog.csv
FIRESTARTER Log: /home/hpc/unrz/unrz104h/Projects/CPU-GPU-Energy-Study/FIRESTARTER-A40-frequency/915/915_pid-1108538.fsout
Warning: AMD Family 25, Model 1, Stepping 1 is not supported by this version of FIRESTARTER!
Check project website for updates.
Warning: Using function FUNC_HSW_COREI_FMA_1T as fallback.
You can use the parameter --function to try other functions.
End: Thu May  7 17:12:29 CEST 2026  / 1778166749
SETTING GPU CLOCKS TO GRAPHICS=930
GPU clocks set to "(gpuClkMin 930, gpuClkMax 930)" for GPU 00000000:A1:00.0
All done.
Nvidia Log: /home/hpc/unrz/unrz104h/Projects/CPU-GPU-Energy-Study/FIRESTARTER-A40-frequency/930/930_powerlog.csv
FIRESTARTER Log: /home/hpc/unrz/unrz104h/Projects/CPU-GPU-Energy-Study/FIRESTARTER-A40-frequency/930/930_pid-1108538.fsout
Warning: AMD Family 25, Model 1, Stepping 1 is not supported by this version of FIRESTARTER!
Check project website for updates.
Warning: Using function FUNC_HSW_COREI_FMA_1T as fallback.
You can use the parameter --function to try other functions.
End: Thu May  7 17:13:46 CEST 2026  / 1778166826
SETTING GPU CLOCKS TO GRAPHICS=945
GPU clocks set to "(gpuClkMin 945, gpuClkMax 945)" for GPU 00000000:A1:00.0
All done.
Nvidia Log: /home/hpc/unrz/unrz104h/Projects/CPU-GPU-Energy-Study/FIRESTARTER-A40-frequency/945/945_powerlog.csv
FIRESTARTER Log: /home/hpc/unrz/unrz104h/Projects/CPU-GPU-Energy-Study/FIRESTARTER-A40-frequency/945/945_pid-1108538.fsout
Warning: AMD Family 25, Model 1, Stepping 1 is not supported by this version of FIRESTARTER!
Check project website for updates.
Warning: Using function FUNC_HSW_COREI_FMA_1T as fallback.
You can use the parameter --function to try other functions.
End: Thu May  7 17:15:03 CEST 2026  / 1778166903
SETTING GPU CLOCKS TO GRAPHICS=960
GPU clocks set to "(gpuClkMin 960, gpuClkMax 960)" for GPU 00000000:A1:00.0
All done.
Nvidia Log: /home/hpc/unrz/unrz104h/Projects/CPU-GPU-Energy-Study/FIRESTARTER-A40-frequency/960/960_powerlog.csv
FIRESTARTER Log: /home/hpc/unrz/unrz104h/Projects/CPU-GPU-Energy-Study/FIRESTARTER-A40-frequency/960/960_pid-1108538.fsout
Warning: AMD Family 25, Model 1, Stepping 1 is not supported by this version of FIRESTARTER!
Check project website for updates.
Warning: Using function FUNC_HSW_COREI_FMA_1T as fallback.
You can use the parameter --function to try other functions.
End: Thu May  7 17:16:18 CEST 2026  / 1778166978
SETTING GPU CLOCKS TO GRAPHICS=975
GPU clocks set to "(gpuClkMin 975, gpuClkMax 975)" for GPU 00000000:A1:00.0
All done.
Nvidia Log: /home/hpc/unrz/unrz104h/Projects/CPU-GPU-Energy-Study/FIRESTARTER-A40-frequency/975/975_powerlog.csv
FIRESTARTER Log: /home/hpc/unrz/unrz104h/Projects/CPU-GPU-Energy-Study/FIRESTARTER-A40-frequency/975/975_pid-1108538.fsout
Warning: AMD Family 25, Model 1, Stepping 1 is not supported by this version of FIRESTARTER!
Check project website for updates.
Warning: Using function FUNC_HSW_COREI_FMA_1T as fallback.
You can use the parameter --function to try other functions.
End: Thu May  7 17:17:33 CEST 2026  / 1778167053
SETTING GPU CLOCKS TO GRAPHICS=990
GPU clocks set to "(gpuClkMin 990, gpuClkMax 990)" for GPU 00000000:A1:00.0
All done.
Nvidia Log: /home/hpc/unrz/unrz104h/Projects/CPU-GPU-Energy-Study/FIRESTARTER-A40-frequency/990/990_powerlog.csv
FIRESTARTER Log: /home/hpc/unrz/unrz104h/Projects/CPU-GPU-Energy-Study/FIRESTARTER-A40-frequency/990/990_pid-1108538.fsout
Warning: AMD Family 25, Model 1, Stepping 1 is not supported by this version of FIRESTARTER!
Check project website for updates.
Warning: Using function FUNC_HSW_COREI_FMA_1T as fallback.
You can use the parameter --function to try other functions.
End: Thu May  7 17:18:46 CEST 2026  / 1778167126
SETTING GPU CLOCKS TO GRAPHICS=1005
GPU clocks set to "(gpuClkMin 1005, gpuClkMax 1005)" for GPU 00000000:A1:00.0
All done.
Nvidia Log: /home/hpc/unrz/unrz104h/Projects/CPU-GPU-Energy-Study/FIRESTARTER-A40-frequency/1005/1005_powerlog.csv
FIRESTARTER Log: /home/hpc/unrz/unrz104h/Projects/CPU-GPU-Energy-Study/FIRESTARTER-A40-frequency/1005/1005_pid-1108538.fsout
Warning: AMD Family 25, Model 1, Stepping 1 is not supported by this version of FIRESTARTER!
Check project website for updates.
Warning: Using function FUNC_HSW_COREI_FMA_1T as fallback.
You can use the parameter --function to try other functions.
End: Thu May  7 17:19:58 CEST 2026  / 1778167198
SETTING GPU CLOCKS TO GRAPHICS=1020
GPU clocks set to "(gpuClkMin 1020, gpuClkMax 1020)" for GPU 00000000:A1:00.0
All done.
Nvidia Log: /home/hpc/unrz/unrz104h/Projects/CPU-GPU-Energy-Study/FIRESTARTER-A40-frequency/1020/1020_powerlog.csv
FIRESTARTER Log: /home/hpc/unrz/unrz104h/Projects/CPU-GPU-Energy-Study/FIRESTARTER-A40-frequency/1020/1020_pid-1108538.fsout
Warning: AMD Family 25, Model 1, Stepping 1 is not supported by this version of FIRESTARTER!
Check project website for updates.
Warning: Using function FUNC_HSW_COREI_FMA_1T as fallback.
You can use the parameter --function to try other functions.
End: Thu May  7 17:21:09 CEST 2026  / 1778167269
SETTING GPU CLOCKS TO GRAPHICS=1035
GPU clocks set to "(gpuClkMin 1035, gpuClkMax 1035)" for GPU 00000000:A1:00.0
All done.
Nvidia Log: /home/hpc/unrz/unrz104h/Projects/CPU-GPU-Energy-Study/FIRESTARTER-A40-frequency/1035/1035_powerlog.csv
FIRESTARTER Log: /home/hpc/unrz/unrz104h/Projects/CPU-GPU-Energy-Study/FIRESTARTER-A40-frequency/1035/1035_pid-1108538.fsout
Warning: AMD Family 25, Model 1, Stepping 1 is not supported by this version of FIRESTARTER!
Check project website for updates.
Warning: Using function FUNC_HSW_COREI_FMA_1T as fallback.
You can use the parameter --function to try other functions.
End: Thu May  7 17:22:19 CEST 2026  / 1778167339
SETTING GPU CLOCKS TO GRAPHICS=1050
GPU clocks set to "(gpuClkMin 1050, gpuClkMax 1050)" for GPU 00000000:A1:00.0
All done.
Nvidia Log: /home/hpc/unrz/unrz104h/Projects/CPU-GPU-Energy-Study/FIRESTARTER-A40-frequency/1050/1050_powerlog.csv
FIRESTARTER Log: /home/hpc/unrz/unrz104h/Projects/CPU-GPU-Energy-Study/FIRESTARTER-A40-frequency/1050/1050_pid-1108538.fsout
Warning: AMD Family 25, Model 1, Stepping 1 is not supported by this version of FIRESTARTER!
Check project website for updates.
Warning: Using function FUNC_HSW_COREI_FMA_1T as fallback.
You can use the parameter --function to try other functions.
End: Thu May  7 17:23:28 CEST 2026  / 1778167408
SETTING GPU CLOCKS TO GRAPHICS=1065
GPU clocks set to "(gpuClkMin 1065, gpuClkMax 1065)" for GPU 00000000:A1:00.0
All done.
Nvidia Log: /home/hpc/unrz/unrz104h/Projects/CPU-GPU-Energy-Study/FIRESTARTER-A40-frequency/1065/1065_powerlog.csv
FIRESTARTER Log: /home/hpc/unrz/unrz104h/Projects/CPU-GPU-Energy-Study/FIRESTARTER-A40-frequency/1065/1065_pid-1108538.fsout
Warning: AMD Family 25, Model 1, Stepping 1 is not supported by this version of FIRESTARTER!
Check project website for updates.
Warning: Using function FUNC_HSW_COREI_FMA_1T as fallback.
You can use the parameter --function to try other functions.
End: Thu May  7 17:24:37 CEST 2026  / 1778167477
SETTING GPU CLOCKS TO GRAPHICS=1080
GPU clocks set to "(gpuClkMin 1080, gpuClkMax 1080)" for GPU 00000000:A1:00.0
All done.
Nvidia Log: /home/hpc/unrz/unrz104h/Projects/CPU-GPU-Energy-Study/FIRESTARTER-A40-frequency/1080/1080_powerlog.csv
FIRESTARTER Log: /home/hpc/unrz/unrz104h/Projects/CPU-GPU-Energy-Study/FIRESTARTER-A40-frequency/1080/1080_pid-1108538.fsout
Warning: AMD Family 25, Model 1, Stepping 1 is not supported by this version of FIRESTARTER!
Check project website for updates.
Warning: Using function FUNC_HSW_COREI_FMA_1T as fallback.
You can use the parameter --function to try other functions.
End: Thu May  7 17:25:51 CEST 2026  / 1778167551
SETTING GPU CLOCKS TO GRAPHICS=1095
GPU clocks set to "(gpuClkMin 1095, gpuClkMax 1095)" for GPU 00000000:A1:00.0
All done.
Nvidia Log: /home/hpc/unrz/unrz104h/Projects/CPU-GPU-Energy-Study/FIRESTARTER-A40-frequency/1095/1095_powerlog.csv
FIRESTARTER Log: /home/hpc/unrz/unrz104h/Projects/CPU-GPU-Energy-Study/FIRESTARTER-A40-frequency/1095/1095_pid-1108538.fsout
Warning: AMD Family 25, Model 1, Stepping 1 is not supported by this version of FIRESTARTER!
Check project website for updates.
Warning: Using function FUNC_HSW_COREI_FMA_1T as fallback.
You can use the parameter --function to try other functions.
End: Thu May  7 17:26:58 CEST 2026  / 1778167618
SETTING GPU CLOCKS TO GRAPHICS=1110
GPU clocks set to "(gpuClkMin 1110, gpuClkMax 1110)" for GPU 00000000:A1:00.0
All done.
Nvidia Log: /home/hpc/unrz/unrz104h/Projects/CPU-GPU-Energy-Study/FIRESTARTER-A40-frequency/1110/1110_powerlog.csv
FIRESTARTER Log: /home/hpc/unrz/unrz104h/Projects/CPU-GPU-Energy-Study/FIRESTARTER-A40-frequency/1110/1110_pid-1108538.fsout
Warning: AMD Family 25, Model 1, Stepping 1 is not supported by this version of FIRESTARTER!
Check project website for updates.
Warning: Using function FUNC_HSW_COREI_FMA_1T as fallback.
You can use the parameter --function to try other functions.
End: Thu May  7 17:28:04 CEST 2026  / 1778167684
SETTING GPU CLOCKS TO GRAPHICS=1125
GPU clocks set to "(gpuClkMin 1125, gpuClkMax 1125)" for GPU 00000000:A1:00.0
All done.
Nvidia Log: /home/hpc/unrz/unrz104h/Projects/CPU-GPU-Energy-Study/FIRESTARTER-A40-frequency/1125/1125_powerlog.csv
FIRESTARTER Log: /home/hpc/unrz/unrz104h/Projects/CPU-GPU-Energy-Study/FIRESTARTER-A40-frequency/1125/1125_pid-1108538.fsout
Warning: AMD Family 25, Model 1, Stepping 1 is not supported by this version of FIRESTARTER!
Check project website for updates.
Warning: Using function FUNC_HSW_COREI_FMA_1T as fallback.
You can use the parameter --function to try other functions.
End: Thu May  7 17:29:09 CEST 2026  / 1778167749
SETTING GPU CLOCKS TO GRAPHICS=1140
GPU clocks set to "(gpuClkMin 1140, gpuClkMax 1140)" for GPU 00000000:A1:00.0
All done.
Nvidia Log: /home/hpc/unrz/unrz104h/Projects/CPU-GPU-Energy-Study/FIRESTARTER-A40-frequency/1140/1140_powerlog.csv
FIRESTARTER Log: /home/hpc/unrz/unrz104h/Projects/CPU-GPU-Energy-Study/FIRESTARTER-A40-frequency/1140/1140_pid-1108538.fsout
Warning: AMD Family 25, Model 1, Stepping 1 is not supported by this version of FIRESTARTER!
Check project website for updates.
Warning: Using function FUNC_HSW_COREI_FMA_1T as fallback.
You can use the parameter --function to try other functions.
End: Thu May  7 17:30:13 CEST 2026  / 1778167813
SETTING GPU CLOCKS TO GRAPHICS=1155
GPU clocks set to "(gpuClkMin 1155, gpuClkMax 1155)" for GPU 00000000:A1:00.0
All done.
Nvidia Log: /home/hpc/unrz/unrz104h/Projects/CPU-GPU-Energy-Study/FIRESTARTER-A40-frequency/1155/1155_powerlog.csv
FIRESTARTER Log: /home/hpc/unrz/unrz104h/Projects/CPU-GPU-Energy-Study/FIRESTARTER-A40-frequency/1155/1155_pid-1108538.fsout
Warning: AMD Family 25, Model 1, Stepping 1 is not supported by this version of FIRESTARTER!
Check project website for updates.
Warning: Using function FUNC_HSW_COREI_FMA_1T as fallback.
You can use the parameter --function to try other functions.
End: Thu May  7 17:31:16 CEST 2026  / 1778167876
SETTING GPU CLOCKS TO GRAPHICS=1170
GPU clocks set to "(gpuClkMin 1170, gpuClkMax 1170)" for GPU 00000000:A1:00.0
All done.
Nvidia Log: /home/hpc/unrz/unrz104h/Projects/CPU-GPU-Energy-Study/FIRESTARTER-A40-frequency/1170/1170_powerlog.csv
FIRESTARTER Log: /home/hpc/unrz/unrz104h/Projects/CPU-GPU-Energy-Study/FIRESTARTER-A40-frequency/1170/1170_pid-1108538.fsout
Warning: AMD Family 25, Model 1, Stepping 1 is not supported by this version of FIRESTARTER!
Check project website for updates.
Warning: Using function FUNC_HSW_COREI_FMA_1T as fallback.
You can use the parameter --function to try other functions.
End: Thu May  7 17:32:48 CEST 2026  / 1778167968
SETTING GPU CLOCKS TO GRAPHICS=1185
GPU clocks set to "(gpuClkMin 1185, gpuClkMax 1185)" for GPU 00000000:A1:00.0
All done.
Nvidia Log: /home/hpc/unrz/unrz104h/Projects/CPU-GPU-Energy-Study/FIRESTARTER-A40-frequency/1185/1185_powerlog.csv
FIRESTARTER Log: /home/hpc/unrz/unrz104h/Projects/CPU-GPU-Energy-Study/FIRESTARTER-A40-frequency/1185/1185_pid-1108538.fsout
Warning: AMD Family 25, Model 1, Stepping 1 is not supported by this version of FIRESTARTER!
Check project website for updates.
Warning: Using function FUNC_HSW_COREI_FMA_1T as fallback.
You can use the parameter --function to try other functions.
End: Thu May  7 17:34:19 CEST 2026  / 1778168059
SETTING GPU CLOCKS TO GRAPHICS=1200
GPU clocks set to "(gpuClkMin 1200, gpuClkMax 1200)" for GPU 00000000:A1:00.0
All done.
Nvidia Log: /home/hpc/unrz/unrz104h/Projects/CPU-GPU-Energy-Study/FIRESTARTER-A40-frequency/1200/1200_powerlog.csv
FIRESTARTER Log: /home/hpc/unrz/unrz104h/Projects/CPU-GPU-Energy-Study/FIRESTARTER-A40-frequency/1200/1200_pid-1108538.fsout
Warning: AMD Family 25, Model 1, Stepping 1 is not supported by this version of FIRESTARTER!
Check project website for updates.
Warning: Using function FUNC_HSW_COREI_FMA_1T as fallback.
You can use the parameter --function to try other functions.
End: Thu May  7 17:35:48 CEST 2026  / 1778168148
SETTING GPU CLOCKS TO GRAPHICS=1215
GPU clocks set to "(gpuClkMin 1215, gpuClkMax 1215)" for GPU 00000000:A1:00.0
All done.
Nvidia Log: /home/hpc/unrz/unrz104h/Projects/CPU-GPU-Energy-Study/FIRESTARTER-A40-frequency/1215/1215_powerlog.csv
FIRESTARTER Log: /home/hpc/unrz/unrz104h/Projects/CPU-GPU-Energy-Study/FIRESTARTER-A40-frequency/1215/1215_pid-1108538.fsout
Warning: AMD Family 25, Model 1, Stepping 1 is not supported by this version of FIRESTARTER!
Check project website for updates.
Warning: Using function FUNC_HSW_COREI_FMA_1T as fallback.
You can use the parameter --function to try other functions.
End: Thu May  7 17:37:16 CEST 2026  / 1778168236
SETTING GPU CLOCKS TO GRAPHICS=1230
GPU clocks set to "(gpuClkMin 1230, gpuClkMax 1230)" for GPU 00000000:A1:00.0
All done.
Nvidia Log: /home/hpc/unrz/unrz104h/Projects/CPU-GPU-Energy-Study/FIRESTARTER-A40-frequency/1230/1230_powerlog.csv
FIRESTARTER Log: /home/hpc/unrz/unrz104h/Projects/CPU-GPU-Energy-Study/FIRESTARTER-A40-frequency/1230/1230_pid-1108538.fsout
Warning: AMD Family 25, Model 1, Stepping 1 is not supported by this version of FIRESTARTER!
Check project website for updates.
Warning: Using function FUNC_HSW_COREI_FMA_1T as fallback.
You can use the parameter --function to try other functions.
End: Thu May  7 17:38:44 CEST 2026  / 1778168324
SETTING GPU CLOCKS TO GRAPHICS=1245
GPU clocks set to "(gpuClkMin 1245, gpuClkMax 1245)" for GPU 00000000:A1:00.0
All done.
Nvidia Log: /home/hpc/unrz/unrz104h/Projects/CPU-GPU-Energy-Study/FIRESTARTER-A40-frequency/1245/1245_powerlog.csv
FIRESTARTER Log: /home/hpc/unrz/unrz104h/Projects/CPU-GPU-Energy-Study/FIRESTARTER-A40-frequency/1245/1245_pid-1108538.fsout
Warning: AMD Family 25, Model 1, Stepping 1 is not supported by this version of FIRESTARTER!
Check project website for updates.
Warning: Using function FUNC_HSW_COREI_FMA_1T as fallback.
You can use the parameter --function to try other functions.
End: Thu May  7 17:40:10 CEST 2026  / 1778168410
SETTING GPU CLOCKS TO GRAPHICS=1260
GPU clocks set to "(gpuClkMin 1260, gpuClkMax 1260)" for GPU 00000000:A1:00.0
All done.
Nvidia Log: /home/hpc/unrz/unrz104h/Projects/CPU-GPU-Energy-Study/FIRESTARTER-A40-frequency/1260/1260_powerlog.csv
FIRESTARTER Log: /home/hpc/unrz/unrz104h/Projects/CPU-GPU-Energy-Study/FIRESTARTER-A40-frequency/1260/1260_pid-1108538.fsout
Warning: AMD Family 25, Model 1, Stepping 1 is not supported by this version of FIRESTARTER!
Check project website for updates.
Warning: Using function FUNC_HSW_COREI_FMA_1T as fallback.
You can use the parameter --function to try other functions.
End: Thu May  7 17:41:35 CEST 2026  / 1778168495
SETTING GPU CLOCKS TO GRAPHICS=1275
GPU clocks set to "(gpuClkMin 1275, gpuClkMax 1275)" for GPU 00000000:A1:00.0
All done.
Nvidia Log: /home/hpc/unrz/unrz104h/Projects/CPU-GPU-Energy-Study/FIRESTARTER-A40-frequency/1275/1275_powerlog.csv
FIRESTARTER Log: /home/hpc/unrz/unrz104h/Projects/CPU-GPU-Energy-Study/FIRESTARTER-A40-frequency/1275/1275_pid-1108538.fsout
Warning: AMD Family 25, Model 1, Stepping 1 is not supported by this version of FIRESTARTER!
Check project website for updates.
Warning: Using function FUNC_HSW_COREI_FMA_1T as fallback.
You can use the parameter --function to try other functions.
End: Thu May  7 17:42:59 CEST 2026  / 1778168579
SETTING GPU CLOCKS TO GRAPHICS=1290
GPU clocks set to "(gpuClkMin 1290, gpuClkMax 1290)" for GPU 00000000:A1:00.0
All done.
Nvidia Log: /home/hpc/unrz/unrz104h/Projects/CPU-GPU-Energy-Study/FIRESTARTER-A40-frequency/1290/1290_powerlog.csv
FIRESTARTER Log: /home/hpc/unrz/unrz104h/Projects/CPU-GPU-Energy-Study/FIRESTARTER-A40-frequency/1290/1290_pid-1108538.fsout
Warning: AMD Family 25, Model 1, Stepping 1 is not supported by this version of FIRESTARTER!
Check project website for updates.
Warning: Using function FUNC_HSW_COREI_FMA_1T as fallback.
You can use the parameter --function to try other functions.
End: Thu May  7 17:44:22 CEST 2026  / 1778168662
SETTING GPU CLOCKS TO GRAPHICS=1305
GPU clocks set to "(gpuClkMin 1305, gpuClkMax 1305)" for GPU 00000000:A1:00.0
All done.
Nvidia Log: /home/hpc/unrz/unrz104h/Projects/CPU-GPU-Energy-Study/FIRESTARTER-A40-frequency/1305/1305_powerlog.csv
FIRESTARTER Log: /home/hpc/unrz/unrz104h/Projects/CPU-GPU-Energy-Study/FIRESTARTER-A40-frequency/1305/1305_pid-1108538.fsout
Warning: AMD Family 25, Model 1, Stepping 1 is not supported by this version of FIRESTARTER!
Check project website for updates.
Warning: Using function FUNC_HSW_COREI_FMA_1T as fallback.
You can use the parameter --function to try other functions.
End: Thu May  7 17:45:44 CEST 2026  / 1778168744
SETTING GPU CLOCKS TO GRAPHICS=1320
GPU clocks set to "(gpuClkMin 1320, gpuClkMax 1320)" for GPU 00000000:A1:00.0
All done.
Nvidia Log: /home/hpc/unrz/unrz104h/Projects/CPU-GPU-Energy-Study/FIRESTARTER-A40-frequency/1320/1320_powerlog.csv
FIRESTARTER Log: /home/hpc/unrz/unrz104h/Projects/CPU-GPU-Energy-Study/FIRESTARTER-A40-frequency/1320/1320_pid-1108538.fsout
Warning: AMD Family 25, Model 1, Stepping 1 is not supported by this version of FIRESTARTER!
Check project website for updates.
Warning: Using function FUNC_HSW_COREI_FMA_1T as fallback.
You can use the parameter --function to try other functions.
End: Thu May  7 17:47:05 CEST 2026  / 1778168825
SETTING GPU CLOCKS TO GRAPHICS=1335
GPU clocks set to "(gpuClkMin 1335, gpuClkMax 1335)" for GPU 00000000:A1:00.0
All done.
Nvidia Log: /home/hpc/unrz/unrz104h/Projects/CPU-GPU-Energy-Study/FIRESTARTER-A40-frequency/1335/1335_powerlog.csv
FIRESTARTER Log: /home/hpc/unrz/unrz104h/Projects/CPU-GPU-Energy-Study/FIRESTARTER-A40-frequency/1335/1335_pid-1108538.fsout
Warning: AMD Family 25, Model 1, Stepping 1 is not supported by this version of FIRESTARTER!
Check project website for updates.
Warning: Using function FUNC_HSW_COREI_FMA_1T as fallback.
You can use the parameter --function to try other functions.
End: Thu May  7 17:48:26 CEST 2026  / 1778168906
SETTING GPU CLOCKS TO GRAPHICS=1350
GPU clocks set to "(gpuClkMin 1350, gpuClkMax 1350)" for GPU 00000000:A1:00.0
All done.
Nvidia Log: /home/hpc/unrz/unrz104h/Projects/CPU-GPU-Energy-Study/FIRESTARTER-A40-frequency/1350/1350_powerlog.csv
FIRESTARTER Log: /home/hpc/unrz/unrz104h/Projects/CPU-GPU-Energy-Study/FIRESTARTER-A40-frequency/1350/1350_pid-1108538.fsout
Warning: AMD Family 25, Model 1, Stepping 1 is not supported by this version of FIRESTARTER!
Check project website for updates.
Warning: Using function FUNC_HSW_COREI_FMA_1T as fallback.
You can use the parameter --function to try other functions.
End: Thu May  7 17:49:46 CEST 2026  / 1778168986
SETTING GPU CLOCKS TO GRAPHICS=1365
GPU clocks set to "(gpuClkMin 1365, gpuClkMax 1365)" for GPU 00000000:A1:00.0
All done.
Nvidia Log: /home/hpc/unrz/unrz104h/Projects/CPU-GPU-Energy-Study/FIRESTARTER-A40-frequency/1365/1365_powerlog.csv
FIRESTARTER Log: /home/hpc/unrz/unrz104h/Projects/CPU-GPU-Energy-Study/FIRESTARTER-A40-frequency/1365/1365_pid-1108538.fsout
Warning: AMD Family 25, Model 1, Stepping 1 is not supported by this version of FIRESTARTER!
Check project website for updates.
Warning: Using function FUNC_HSW_COREI_FMA_1T as fallback.
You can use the parameter --function to try other functions.
End: Thu May  7 17:51:07 CEST 2026  / 1778169067
SETTING GPU CLOCKS TO GRAPHICS=1380
GPU clocks set to "(gpuClkMin 1380, gpuClkMax 1380)" for GPU 00000000:A1:00.0
All done.
Nvidia Log: /home/hpc/unrz/unrz104h/Projects/CPU-GPU-Energy-Study/FIRESTARTER-A40-frequency/1380/1380_powerlog.csv
FIRESTARTER Log: /home/hpc/unrz/unrz104h/Projects/CPU-GPU-Energy-Study/FIRESTARTER-A40-frequency/1380/1380_pid-1108538.fsout
Warning: AMD Family 25, Model 1, Stepping 1 is not supported by this version of FIRESTARTER!
Check project website for updates.
Warning: Using function FUNC_HSW_COREI_FMA_1T as fallback.
You can use the parameter --function to try other functions.
End: Thu May  7 17:52:27 CEST 2026  / 1778169147
SETTING GPU CLOCKS TO GRAPHICS=1395
GPU clocks set to "(gpuClkMin 1395, gpuClkMax 1395)" for GPU 00000000:A1:00.0
All done.
Nvidia Log: /home/hpc/unrz/unrz104h/Projects/CPU-GPU-Energy-Study/FIRESTARTER-A40-frequency/1395/1395_powerlog.csv
FIRESTARTER Log: /home/hpc/unrz/unrz104h/Projects/CPU-GPU-Energy-Study/FIRESTARTER-A40-frequency/1395/1395_pid-1108538.fsout
Warning: AMD Family 25, Model 1, Stepping 1 is not supported by this version of FIRESTARTER!
Check project website for updates.
Warning: Using function FUNC_HSW_COREI_FMA_1T as fallback.
You can use the parameter --function to try other functions.
End: Thu May  7 17:53:47 CEST 2026  / 1778169227
SETTING GPU CLOCKS TO GRAPHICS=1410
GPU clocks set to "(gpuClkMin 1410, gpuClkMax 1410)" for GPU 00000000:A1:00.0
All done.
Nvidia Log: /home/hpc/unrz/unrz104h/Projects/CPU-GPU-Energy-Study/FIRESTARTER-A40-frequency/1410/1410_powerlog.csv
FIRESTARTER Log: /home/hpc/unrz/unrz104h/Projects/CPU-GPU-Energy-Study/FIRESTARTER-A40-frequency/1410/1410_pid-1108538.fsout
Warning: AMD Family 25, Model 1, Stepping 1 is not supported by this version of FIRESTARTER!
Check project website for updates.
Warning: Using function FUNC_HSW_COREI_FMA_1T as fallback.
You can use the parameter --function to try other functions.
End: Thu May  7 17:55:08 CEST 2026  / 1778169308
SETTING GPU CLOCKS TO GRAPHICS=1425
GPU clocks set to "(gpuClkMin 1425, gpuClkMax 1425)" for GPU 00000000:A1:00.0
All done.
Nvidia Log: /home/hpc/unrz/unrz104h/Projects/CPU-GPU-Energy-Study/FIRESTARTER-A40-frequency/1425/1425_powerlog.csv
FIRESTARTER Log: /home/hpc/unrz/unrz104h/Projects/CPU-GPU-Energy-Study/FIRESTARTER-A40-frequency/1425/1425_pid-1108538.fsout
Warning: AMD Family 25, Model 1, Stepping 1 is not supported by this version of FIRESTARTER!
Check project website for updates.
Warning: Using function FUNC_HSW_COREI_FMA_1T as fallback.
You can use the parameter --function to try other functions.
End: Thu May  7 17:56:28 CEST 2026  / 1778169388
SETTING GPU CLOCKS TO GRAPHICS=1440
GPU clocks set to "(gpuClkMin 1440, gpuClkMax 1440)" for GPU 00000000:A1:00.0
All done.
Nvidia Log: /home/hpc/unrz/unrz104h/Projects/CPU-GPU-Energy-Study/FIRESTARTER-A40-frequency/1440/1440_powerlog.csv
FIRESTARTER Log: /home/hpc/unrz/unrz104h/Projects/CPU-GPU-Energy-Study/FIRESTARTER-A40-frequency/1440/1440_pid-1108538.fsout
Warning: AMD Family 25, Model 1, Stepping 1 is not supported by this version of FIRESTARTER!
Check project website for updates.
Warning: Using function FUNC_HSW_COREI_FMA_1T as fallback.
You can use the parameter --function to try other functions.
End: Thu May  7 17:57:49 CEST 2026  / 1778169469
SETTING GPU CLOCKS TO GRAPHICS=1455
GPU clocks set to "(gpuClkMin 1455, gpuClkMax 1455)" for GPU 00000000:A1:00.0
All done.
Nvidia Log: /home/hpc/unrz/unrz104h/Projects/CPU-GPU-Energy-Study/FIRESTARTER-A40-frequency/1455/1455_powerlog.csv
FIRESTARTER Log: /home/hpc/unrz/unrz104h/Projects/CPU-GPU-Energy-Study/FIRESTARTER-A40-frequency/1455/1455_pid-1108538.fsout
Warning: AMD Family 25, Model 1, Stepping 1 is not supported by this version of FIRESTARTER!
Check project website for updates.
Warning: Using function FUNC_HSW_COREI_FMA_1T as fallback.
You can use the parameter --function to try other functions.
End: Thu May  7 17:59:09 CEST 2026  / 1778169549
SETTING GPU CLOCKS TO GRAPHICS=1470
GPU clocks set to "(gpuClkMin 1470, gpuClkMax 1470)" for GPU 00000000:A1:00.0
All done.
Nvidia Log: /home/hpc/unrz/unrz104h/Projects/CPU-GPU-Energy-Study/FIRESTARTER-A40-frequency/1470/1470_powerlog.csv
FIRESTARTER Log: /home/hpc/unrz/unrz104h/Projects/CPU-GPU-Energy-Study/FIRESTARTER-A40-frequency/1470/1470_pid-1108538.fsout
Warning: AMD Family 25, Model 1, Stepping 1 is not supported by this version of FIRESTARTER!
Check project website for updates.
Warning: Using function FUNC_HSW_COREI_FMA_1T as fallback.
You can use the parameter --function to try other functions.
End: Thu May  7 18:00:30 CEST 2026  / 1778169630
SETTING GPU CLOCKS TO GRAPHICS=1485
GPU clocks set to "(gpuClkMin 1485, gpuClkMax 1485)" for GPU 00000000:A1:00.0
All done.
Nvidia Log: /home/hpc/unrz/unrz104h/Projects/CPU-GPU-Energy-Study/FIRESTARTER-A40-frequency/1485/1485_powerlog.csv
FIRESTARTER Log: /home/hpc/unrz/unrz104h/Projects/CPU-GPU-Energy-Study/FIRESTARTER-A40-frequency/1485/1485_pid-1108538.fsout
Warning: AMD Family 25, Model 1, Stepping 1 is not supported by this version of FIRESTARTER!
Check project website for updates.
Warning: Using function FUNC_HSW_COREI_FMA_1T as fallback.
You can use the parameter --function to try other functions.
End: Thu May  7 18:01:50 CEST 2026  / 1778169710
SETTING GPU CLOCKS TO GRAPHICS=1500
GPU clocks set to "(gpuClkMin 1500, gpuClkMax 1500)" for GPU 00000000:A1:00.0
All done.
Nvidia Log: /home/hpc/unrz/unrz104h/Projects/CPU-GPU-Energy-Study/FIRESTARTER-A40-frequency/1500/1500_powerlog.csv
FIRESTARTER Log: /home/hpc/unrz/unrz104h/Projects/CPU-GPU-Energy-Study/FIRESTARTER-A40-frequency/1500/1500_pid-1108538.fsout
Warning: AMD Family 25, Model 1, Stepping 1 is not supported by this version of FIRESTARTER!
Check project website for updates.
Warning: Using function FUNC_HSW_COREI_FMA_1T as fallback.
You can use the parameter --function to try other functions.
End: Thu May  7 18:03:11 CEST 2026  / 1778169791
SETTING GPU CLOCKS TO GRAPHICS=1515
GPU clocks set to "(gpuClkMin 1515, gpuClkMax 1515)" for GPU 00000000:A1:00.0
All done.
Nvidia Log: /home/hpc/unrz/unrz104h/Projects/CPU-GPU-Energy-Study/FIRESTARTER-A40-frequency/1515/1515_powerlog.csv
FIRESTARTER Log: /home/hpc/unrz/unrz104h/Projects/CPU-GPU-Energy-Study/FIRESTARTER-A40-frequency/1515/1515_pid-1108538.fsout
Warning: AMD Family 25, Model 1, Stepping 1 is not supported by this version of FIRESTARTER!
Check project website for updates.
Warning: Using function FUNC_HSW_COREI_FMA_1T as fallback.
You can use the parameter --function to try other functions.
End: Thu May  7 18:04:31 CEST 2026  / 1778169871
SETTING GPU CLOCKS TO GRAPHICS=1530
GPU clocks set to "(gpuClkMin 1530, gpuClkMax 1530)" for GPU 00000000:A1:00.0
All done.
Nvidia Log: /home/hpc/unrz/unrz104h/Projects/CPU-GPU-Energy-Study/FIRESTARTER-A40-frequency/1530/1530_powerlog.csv
FIRESTARTER Log: /home/hpc/unrz/unrz104h/Projects/CPU-GPU-Energy-Study/FIRESTARTER-A40-frequency/1530/1530_pid-1108538.fsout
Warning: AMD Family 25, Model 1, Stepping 1 is not supported by this version of FIRESTARTER!
Check project website for updates.
Warning: Using function FUNC_HSW_COREI_FMA_1T as fallback.
You can use the parameter --function to try other functions.
End: Thu May  7 18:05:52 CEST 2026  / 1778169952
SETTING GPU CLOCKS TO GRAPHICS=1545
GPU clocks set to "(gpuClkMin 1545, gpuClkMax 1545)" for GPU 00000000:A1:00.0
All done.
Nvidia Log: /home/hpc/unrz/unrz104h/Projects/CPU-GPU-Energy-Study/FIRESTARTER-A40-frequency/1545/1545_powerlog.csv
FIRESTARTER Log: /home/hpc/unrz/unrz104h/Projects/CPU-GPU-Energy-Study/FIRESTARTER-A40-frequency/1545/1545_pid-1108538.fsout
Warning: AMD Family 25, Model 1, Stepping 1 is not supported by this version of FIRESTARTER!
Check project website for updates.
Warning: Using function FUNC_HSW_COREI_FMA_1T as fallback.
You can use the parameter --function to try other functions.
End: Thu May  7 18:07:12 CEST 2026  / 1778170032
SETTING GPU CLOCKS TO GRAPHICS=1560
GPU clocks set to "(gpuClkMin 1560, gpuClkMax 1560)" for GPU 00000000:A1:00.0
All done.
Nvidia Log: /home/hpc/unrz/unrz104h/Projects/CPU-GPU-Energy-Study/FIRESTARTER-A40-frequency/1560/1560_powerlog.csv
FIRESTARTER Log: /home/hpc/unrz/unrz104h/Projects/CPU-GPU-Energy-Study/FIRESTARTER-A40-frequency/1560/1560_pid-1108538.fsout
Warning: AMD Family 25, Model 1, Stepping 1 is not supported by this version of FIRESTARTER!
Check project website for updates.
Warning: Using function FUNC_HSW_COREI_FMA_1T as fallback.
You can use the parameter --function to try other functions.
End: Thu May  7 18:08:33 CEST 2026  / 1778170113
SETTING GPU CLOCKS TO GRAPHICS=1575
GPU clocks set to "(gpuClkMin 1575, gpuClkMax 1575)" for GPU 00000000:A1:00.0
All done.
Nvidia Log: /home/hpc/unrz/unrz104h/Projects/CPU-GPU-Energy-Study/FIRESTARTER-A40-frequency/1575/1575_powerlog.csv
FIRESTARTER Log: /home/hpc/unrz/unrz104h/Projects/CPU-GPU-Energy-Study/FIRESTARTER-A40-frequency/1575/1575_pid-1108538.fsout
Warning: AMD Family 25, Model 1, Stepping 1 is not supported by this version of FIRESTARTER!
Check project website for updates.
Warning: Using function FUNC_HSW_COREI_FMA_1T as fallback.
You can use the parameter --function to try other functions.
End: Thu May  7 18:09:53 CEST 2026  / 1778170193
SETTING GPU CLOCKS TO GRAPHICS=1590
GPU clocks set to "(gpuClkMin 1590, gpuClkMax 1590)" for GPU 00000000:A1:00.0
All done.
Nvidia Log: /home/hpc/unrz/unrz104h/Projects/CPU-GPU-Energy-Study/FIRESTARTER-A40-frequency/1590/1590_powerlog.csv
FIRESTARTER Log: /home/hpc/unrz/unrz104h/Projects/CPU-GPU-Energy-Study/FIRESTARTER-A40-frequency/1590/1590_pid-1108538.fsout
Warning: AMD Family 25, Model 1, Stepping 1 is not supported by this version of FIRESTARTER!
Check project website for updates.
Warning: Using function FUNC_HSW_COREI_FMA_1T as fallback.
You can use the parameter --function to try other functions.
End: Thu May  7 18:11:14 CEST 2026  / 1778170274
SETTING GPU CLOCKS TO GRAPHICS=1605
GPU clocks set to "(gpuClkMin 1605, gpuClkMax 1605)" for GPU 00000000:A1:00.0
All done.
Nvidia Log: /home/hpc/unrz/unrz104h/Projects/CPU-GPU-Energy-Study/FIRESTARTER-A40-frequency/1605/1605_powerlog.csv
FIRESTARTER Log: /home/hpc/unrz/unrz104h/Projects/CPU-GPU-Energy-Study/FIRESTARTER-A40-frequency/1605/1605_pid-1108538.fsout
Warning: AMD Family 25, Model 1, Stepping 1 is not supported by this version of FIRESTARTER!
Check project website for updates.
Warning: Using function FUNC_HSW_COREI_FMA_1T as fallback.
You can use the parameter --function to try other functions.
End: Thu May  7 18:12:34 CEST 2026  / 1778170354
SETTING GPU CLOCKS TO GRAPHICS=1620
GPU clocks set to "(gpuClkMin 1620, gpuClkMax 1620)" for GPU 00000000:A1:00.0
All done.
Nvidia Log: /home/hpc/unrz/unrz104h/Projects/CPU-GPU-Energy-Study/FIRESTARTER-A40-frequency/1620/1620_powerlog.csv
FIRESTARTER Log: /home/hpc/unrz/unrz104h/Projects/CPU-GPU-Energy-Study/FIRESTARTER-A40-frequency/1620/1620_pid-1108538.fsout
Warning: AMD Family 25, Model 1, Stepping 1 is not supported by this version of FIRESTARTER!
Check project website for updates.
Warning: Using function FUNC_HSW_COREI_FMA_1T as fallback.
You can use the parameter --function to try other functions.
End: Thu May  7 18:13:55 CEST 2026  / 1778170435
SETTING GPU CLOCKS TO GRAPHICS=1635
GPU clocks set to "(gpuClkMin 1635, gpuClkMax 1635)" for GPU 00000000:A1:00.0
All done.
Nvidia Log: /home/hpc/unrz/unrz104h/Projects/CPU-GPU-Energy-Study/FIRESTARTER-A40-frequency/1635/1635_powerlog.csv
FIRESTARTER Log: /home/hpc/unrz/unrz104h/Projects/CPU-GPU-Energy-Study/FIRESTARTER-A40-frequency/1635/1635_pid-1108538.fsout
Warning: AMD Family 25, Model 1, Stepping 1 is not supported by this version of FIRESTARTER!
Check project website for updates.
Warning: Using function FUNC_HSW_COREI_FMA_1T as fallback.
You can use the parameter --function to try other functions.
End: Thu May  7 18:15:15 CEST 2026  / 1778170515
SETTING GPU CLOCKS TO GRAPHICS=1650
GPU clocks set to "(gpuClkMin 1650, gpuClkMax 1650)" for GPU 00000000:A1:00.0
All done.
Nvidia Log: /home/hpc/unrz/unrz104h/Projects/CPU-GPU-Energy-Study/FIRESTARTER-A40-frequency/1650/1650_powerlog.csv
FIRESTARTER Log: /home/hpc/unrz/unrz104h/Projects/CPU-GPU-Energy-Study/FIRESTARTER-A40-frequency/1650/1650_pid-1108538.fsout
Warning: AMD Family 25, Model 1, Stepping 1 is not supported by this version of FIRESTARTER!
Check project website for updates.
Warning: Using function FUNC_HSW_COREI_FMA_1T as fallback.
You can use the parameter --function to try other functions.
End: Thu May  7 18:16:36 CEST 2026  / 1778170596
SETTING GPU CLOCKS TO GRAPHICS=1665
GPU clocks set to "(gpuClkMin 1665, gpuClkMax 1665)" for GPU 00000000:A1:00.0
All done.
Nvidia Log: /home/hpc/unrz/unrz104h/Projects/CPU-GPU-Energy-Study/FIRESTARTER-A40-frequency/1665/1665_powerlog.csv
FIRESTARTER Log: /home/hpc/unrz/unrz104h/Projects/CPU-GPU-Energy-Study/FIRESTARTER-A40-frequency/1665/1665_pid-1108538.fsout
Warning: AMD Family 25, Model 1, Stepping 1 is not supported by this version of FIRESTARTER!
Check project website for updates.
Warning: Using function FUNC_HSW_COREI_FMA_1T as fallback.
You can use the parameter --function to try other functions.
End: Thu May  7 18:17:56 CEST 2026  / 1778170676
SETTING GPU CLOCKS TO GRAPHICS=1680
GPU clocks set to "(gpuClkMin 1680, gpuClkMax 1680)" for GPU 00000000:A1:00.0
All done.
Nvidia Log: /home/hpc/unrz/unrz104h/Projects/CPU-GPU-Energy-Study/FIRESTARTER-A40-frequency/1680/1680_powerlog.csv
FIRESTARTER Log: /home/hpc/unrz/unrz104h/Projects/CPU-GPU-Energy-Study/FIRESTARTER-A40-frequency/1680/1680_pid-1108538.fsout
Warning: AMD Family 25, Model 1, Stepping 1 is not supported by this version of FIRESTARTER!
Check project website for updates.
Warning: Using function FUNC_HSW_COREI_FMA_1T as fallback.
You can use the parameter --function to try other functions.
End: Thu May  7 18:19:16 CEST 2026  / 1778170756
SETTING GPU CLOCKS TO GRAPHICS=1695
GPU clocks set to "(gpuClkMin 1695, gpuClkMax 1695)" for GPU 00000000:A1:00.0
All done.
Nvidia Log: /home/hpc/unrz/unrz104h/Projects/CPU-GPU-Energy-Study/FIRESTARTER-A40-frequency/1695/1695_powerlog.csv
FIRESTARTER Log: /home/hpc/unrz/unrz104h/Projects/CPU-GPU-Energy-Study/FIRESTARTER-A40-frequency/1695/1695_pid-1108538.fsout
Warning: AMD Family 25, Model 1, Stepping 1 is not supported by this version of FIRESTARTER!
Check project website for updates.
Warning: Using function FUNC_HSW_COREI_FMA_1T as fallback.
You can use the parameter --function to try other functions.
End: Thu May  7 18:20:37 CEST 2026  / 1778170837
SETTING GPU CLOCKS TO GRAPHICS=1710
GPU clocks set to "(gpuClkMin 1710, gpuClkMax 1710)" for GPU 00000000:A1:00.0
All done.
Nvidia Log: /home/hpc/unrz/unrz104h/Projects/CPU-GPU-Energy-Study/FIRESTARTER-A40-frequency/1710/1710_powerlog.csv
FIRESTARTER Log: /home/hpc/unrz/unrz104h/Projects/CPU-GPU-Energy-Study/FIRESTARTER-A40-frequency/1710/1710_pid-1108538.fsout
Warning: AMD Family 25, Model 1, Stepping 1 is not supported by this version of FIRESTARTER!
Check project website for updates.
Warning: Using function FUNC_HSW_COREI_FMA_1T as fallback.
You can use the parameter --function to try other functions.
End: Thu May  7 18:21:57 CEST 2026  / 1778170917
SETTING GPU CLOCKS TO GRAPHICS=1725
GPU clocks set to "(gpuClkMin 1725, gpuClkMax 1725)" for GPU 00000000:A1:00.0
All done.
Nvidia Log: /home/hpc/unrz/unrz104h/Projects/CPU-GPU-Energy-Study/FIRESTARTER-A40-frequency/1725/1725_powerlog.csv
FIRESTARTER Log: /home/hpc/unrz/unrz104h/Projects/CPU-GPU-Energy-Study/FIRESTARTER-A40-frequency/1725/1725_pid-1108538.fsout
Warning: AMD Family 25, Model 1, Stepping 1 is not supported by this version of FIRESTARTER!
Check project website for updates.
Warning: Using function FUNC_HSW_COREI_FMA_1T as fallback.
You can use the parameter --function to try other functions.
End: Thu May  7 18:23:18 CEST 2026  / 1778170998
SETTING GPU CLOCKS TO GRAPHICS=1740
GPU clocks set to "(gpuClkMin 1740, gpuClkMax 1740)" for GPU 00000000:A1:00.0
All done.
Nvidia Log: /home/hpc/unrz/unrz104h/Projects/CPU-GPU-Energy-Study/FIRESTARTER-A40-frequency/1740/1740_powerlog.csv
FIRESTARTER Log: /home/hpc/unrz/unrz104h/Projects/CPU-GPU-Energy-Study/FIRESTARTER-A40-frequency/1740/1740_pid-1108538.fsout
Warning: AMD Family 25, Model 1, Stepping 1 is not supported by this version of FIRESTARTER!
Check project website for updates.
Warning: Using function FUNC_HSW_COREI_FMA_1T as fallback.
You can use the parameter --function to try other functions.
End: Thu May  7 18:24:38 CEST 2026  / 1778171078
Resetting clocks...
All done.
Done!
