### This is /home/hpc/unrz/unrz104h/Projects/CPU-GPU-Energy-Study/FIRESTARTER-scripts/benchX-freq.sh
#!/bin/bash

set -eu

if [ $# -ne 4 ]; then
    echo "Usage: ${0} [result-dir] [freq-start] [freq-end] [freq-step]"
    exit 1
fi

function reset_clocks() {
    echo "Resetting clocks..."
    sudo nvidia-smi -rgc
    echo "Done!"
}

trap 'reset_clocks' 15

RESULT_DIR="$(readlink -f "${1}")"
rm -fr "${RESULT_DIR}"
mkdir -p "${RESULT_DIR}"

FREQ_START="${2}"
FREQ_END="${3}"
FREQ_STEP="${4}"

LOG_FILE="${RESULT_DIR}/firestarter-bench-`date +%Y%m%d`-`hostname -s`.$$.log"
echo "Saving bench log also to log file ..."
echo "Please be patient ..."
exec > >( tee "${LOG_FILE}" ) 2>&1

# save script for reference :)
echo "### This is ${0}"
cat "${0}"

echo "Start: `date`  / `date +%s`"

echo "########################################"

BINARY=/home/hpc/unrz/unrz104h/Projects/FIRESTARTER/sources/build/src/FIRESTARTER_CUDA

#cat /proc/cpuinfo

export CUDA_VISIBLE_DEVICES=0
nvidia-smi -i ${CUDA_VISIBLE_DEVICES}

for ((FREQ=FREQ_START; FREQ<=FREQ_END; FREQ+=FREQ_STEP)); do
    if (( FREQ > FREQ_END )); then
        FREQ=${FREQ_END}
    fi
    # === PARSE GPU CLOCK SETTINGS ===
    GPU_GRAPHICS_CLOCK="${FREQ}"

    # === SET GPU CLOCKS ===  
    echo "SETTING GPU CLOCKS TO GRAPHICS=${GPU_GRAPHICS_CLOCK}"
    sudo /usr/bin/nvidia-smi --lock-gpu-clocks="${GPU_GRAPHICS_CLOCK},${GPU_GRAPHICS_CLOCK}"

    SUB_RESULT_DIR="${RESULT_DIR}/${GPU_GRAPHICS_CLOCK}"
    mkdir -p "${SUB_RESULT_DIR}"

    NVLOG_FILE="${SUB_RESULT_DIR}/${GPU_GRAPHICS_CLOCK}_powerlog.csv"
    FSLOG_FILE="${SUB_RESULT_DIR}/${GPU_GRAPHICS_CLOCK}_pid-$$.fsout"

    echo "Nvidia Log: ${NVLOG_FILE}"
    echo "FIRESTARTER Log: ${FSLOG_FILE}"

    nvidia-smi -i "${CUDA_VISIBLE_DEVICES}" --loop-ms=100 --query-gpu=timestamp,power.draw,utilization.gpu --format=csv > "${NVLOG_FILE}" & POWER_PID=$!
    "${BINARY}" -n 1 -l 1 -t 60 --period 1000000 > "${FSLOG_FILE}"
    kill "${POWER_PID}"

    echo "End: `date`  / `date +%s`"
done

reset_clocks
Start: Mon May  4 12:09:38 CEST 2026  / 1777889378
########################################
Mon May  4 12:09:38 2026       
+-----------------------------------------------------------------------------------------+
| NVIDIA-SMI 595.71.05              Driver Version: 595.71.05      CUDA Version: 13.2     |
+-----------------------------------------+------------------------+----------------------+
| GPU  Name                 Persistence-M | Bus-Id          Disp.A | Volatile Uncorr. ECC |
| Fan  Temp   Perf          Pwr:Usage/Cap |           Memory-Usage | GPU-Util  Compute M. |
|                                         |                        |               MIG M. |
|=========================================+========================+======================|
|   0  NVIDIA A40                     On  |   00000000:A1:00.0 Off |                  Off |
|  0%   32C    P0             35W /  300W |       0MiB /  49140MiB |      0%      Default |
|                                         |                        |                  N/A |
+-----------------------------------------+------------------------+----------------------+

+-----------------------------------------------------------------------------------------+
| Processes:                                                                              |
|  GPU   GI   CI              PID   Type   Process name                        GPU Memory |
|        ID   ID                                                               Usage      |
|=========================================================================================|
|  No running processes found                                                             |
+-----------------------------------------------------------------------------------------+
SETTING GPU CLOCKS TO GRAPHICS=210
GPU clocks set to "(gpuClkMin 210, gpuClkMax 210)" for GPU 00000000:A1:00.0
All done.
Nvidia Log: /home/hpc/unrz/unrz104h/Projects/CPU-GPU-Energy-Study/FIRESTARTER-A40-frequency/210/210_powerlog.csv
FIRESTARTER Log: /home/hpc/unrz/unrz104h/Projects/CPU-GPU-Energy-Study/FIRESTARTER-A40-frequency/210/210_pid-2071812.fsout
Warning: AMD Family 25, Model 1, Stepping 1 is not supported by this version of FIRESTARTER!
Check project website for updates.
Warning: Using function FUNC_HSW_COREI_FMA_1T as fallback.
You can use the parameter --function to try other functions.
End: Mon May  4 12:12:26 CEST 2026  / 1777889546
SETTING GPU CLOCKS TO GRAPHICS=225
GPU clocks set to "(gpuClkMin 225, gpuClkMax 225)" for GPU 00000000:A1:00.0
All done.
Nvidia Log: /home/hpc/unrz/unrz104h/Projects/CPU-GPU-Energy-Study/FIRESTARTER-A40-frequency/225/225_powerlog.csv
FIRESTARTER Log: /home/hpc/unrz/unrz104h/Projects/CPU-GPU-Energy-Study/FIRESTARTER-A40-frequency/225/225_pid-2071812.fsout
Warning: AMD Family 25, Model 1, Stepping 1 is not supported by this version of FIRESTARTER!
Check project website for updates.
Warning: Using function FUNC_HSW_COREI_FMA_1T as fallback.
You can use the parameter --function to try other functions.
End: Mon May  4 12:15:02 CEST 2026  / 1777889702
SETTING GPU CLOCKS TO GRAPHICS=240
GPU clocks set to "(gpuClkMin 240, gpuClkMax 240)" for GPU 00000000:A1:00.0
All done.
Nvidia Log: /home/hpc/unrz/unrz104h/Projects/CPU-GPU-Energy-Study/FIRESTARTER-A40-frequency/240/240_powerlog.csv
FIRESTARTER Log: /home/hpc/unrz/unrz104h/Projects/CPU-GPU-Energy-Study/FIRESTARTER-A40-frequency/240/240_pid-2071812.fsout
Warning: AMD Family 25, Model 1, Stepping 1 is not supported by this version of FIRESTARTER!
Check project website for updates.
Warning: Using function FUNC_HSW_COREI_FMA_1T as fallback.
You can use the parameter --function to try other functions.
End: Mon May  4 12:17:29 CEST 2026  / 1777889849
SETTING GPU CLOCKS TO GRAPHICS=255
GPU clocks set to "(gpuClkMin 255, gpuClkMax 255)" for GPU 00000000:A1:00.0
All done.
Nvidia Log: /home/hpc/unrz/unrz104h/Projects/CPU-GPU-Energy-Study/FIRESTARTER-A40-frequency/255/255_powerlog.csv
FIRESTARTER Log: /home/hpc/unrz/unrz104h/Projects/CPU-GPU-Energy-Study/FIRESTARTER-A40-frequency/255/255_pid-2071812.fsout
Warning: AMD Family 25, Model 1, Stepping 1 is not supported by this version of FIRESTARTER!
Check project website for updates.
Warning: Using function FUNC_HSW_COREI_FMA_1T as fallback.
You can use the parameter --function to try other functions.
End: Mon May  4 12:19:48 CEST 2026  / 1777889988
SETTING GPU CLOCKS TO GRAPHICS=270
GPU clocks set to "(gpuClkMin 270, gpuClkMax 270)" for GPU 00000000:A1:00.0
All done.
Nvidia Log: /home/hpc/unrz/unrz104h/Projects/CPU-GPU-Energy-Study/FIRESTARTER-A40-frequency/270/270_powerlog.csv
FIRESTARTER Log: /home/hpc/unrz/unrz104h/Projects/CPU-GPU-Energy-Study/FIRESTARTER-A40-frequency/270/270_pid-2071812.fsout
Warning: AMD Family 25, Model 1, Stepping 1 is not supported by this version of FIRESTARTER!
Check project website for updates.
Warning: Using function FUNC_HSW_COREI_FMA_1T as fallback.
You can use the parameter --function to try other functions.
End: Mon May  4 12:21:59 CEST 2026  / 1777890119
SETTING GPU CLOCKS TO GRAPHICS=285
GPU clocks set to "(gpuClkMin 285, gpuClkMax 285)" for GPU 00000000:A1:00.0
All done.
Nvidia Log: /home/hpc/unrz/unrz104h/Projects/CPU-GPU-Energy-Study/FIRESTARTER-A40-frequency/285/285_powerlog.csv
FIRESTARTER Log: /home/hpc/unrz/unrz104h/Projects/CPU-GPU-Energy-Study/FIRESTARTER-A40-frequency/285/285_pid-2071812.fsout
Warning: AMD Family 25, Model 1, Stepping 1 is not supported by this version of FIRESTARTER!
Check project website for updates.
Warning: Using function FUNC_HSW_COREI_FMA_1T as fallback.
You can use the parameter --function to try other functions.
End: Mon May  4 12:24:03 CEST 2026  / 1777890243
SETTING GPU CLOCKS TO GRAPHICS=300
GPU clocks set to "(gpuClkMin 300, gpuClkMax 300)" for GPU 00000000:A1:00.0
All done.
Nvidia Log: /home/hpc/unrz/unrz104h/Projects/CPU-GPU-Energy-Study/FIRESTARTER-A40-frequency/300/300_powerlog.csv
FIRESTARTER Log: /home/hpc/unrz/unrz104h/Projects/CPU-GPU-Energy-Study/FIRESTARTER-A40-frequency/300/300_pid-2071812.fsout
Warning: AMD Family 25, Model 1, Stepping 1 is not supported by this version of FIRESTARTER!
Check project website for updates.
Warning: Using function FUNC_HSW_COREI_FMA_1T as fallback.
You can use the parameter --function to try other functions.
End: Mon May  4 12:26:01 CEST 2026  / 1777890361
SETTING GPU CLOCKS TO GRAPHICS=315
GPU clocks set to "(gpuClkMin 315, gpuClkMax 315)" for GPU 00000000:A1:00.0
All done.
Nvidia Log: /home/hpc/unrz/unrz104h/Projects/CPU-GPU-Energy-Study/FIRESTARTER-A40-frequency/315/315_powerlog.csv
FIRESTARTER Log: /home/hpc/unrz/unrz104h/Projects/CPU-GPU-Energy-Study/FIRESTARTER-A40-frequency/315/315_pid-2071812.fsout
Warning: AMD Family 25, Model 1, Stepping 1 is not supported by this version of FIRESTARTER!
Check project website for updates.
Warning: Using function FUNC_HSW_COREI_FMA_1T as fallback.
You can use the parameter --function to try other functions.
End: Mon May  4 12:27:54 CEST 2026  / 1777890474
SETTING GPU CLOCKS TO GRAPHICS=330
GPU clocks set to "(gpuClkMin 330, gpuClkMax 330)" for GPU 00000000:A1:00.0
All done.
Nvidia Log: /home/hpc/unrz/unrz104h/Projects/CPU-GPU-Energy-Study/FIRESTARTER-A40-frequency/330/330_powerlog.csv
FIRESTARTER Log: /home/hpc/unrz/unrz104h/Projects/CPU-GPU-Energy-Study/FIRESTARTER-A40-frequency/330/330_pid-2071812.fsout
Warning: AMD Family 25, Model 1, Stepping 1 is not supported by this version of FIRESTARTER!
Check project website for updates.
Warning: Using function FUNC_HSW_COREI_FMA_1T as fallback.
You can use the parameter --function to try other functions.
End: Mon May  4 12:29:42 CEST 2026  / 1777890582
SETTING GPU CLOCKS TO GRAPHICS=345
GPU clocks set to "(gpuClkMin 345, gpuClkMax 345)" for GPU 00000000:A1:00.0
All done.
Nvidia Log: /home/hpc/unrz/unrz104h/Projects/CPU-GPU-Energy-Study/FIRESTARTER-A40-frequency/345/345_powerlog.csv
FIRESTARTER Log: /home/hpc/unrz/unrz104h/Projects/CPU-GPU-Energy-Study/FIRESTARTER-A40-frequency/345/345_pid-2071812.fsout
Warning: AMD Family 25, Model 1, Stepping 1 is not supported by this version of FIRESTARTER!
Check project website for updates.
Warning: Using function FUNC_HSW_COREI_FMA_1T as fallback.
You can use the parameter --function to try other functions.
End: Mon May  4 12:31:25 CEST 2026  / 1777890685
SETTING GPU CLOCKS TO GRAPHICS=360
GPU clocks set to "(gpuClkMin 360, gpuClkMax 360)" for GPU 00000000:A1:00.0
All done.
Nvidia Log: /home/hpc/unrz/unrz104h/Projects/CPU-GPU-Energy-Study/FIRESTARTER-A40-frequency/360/360_powerlog.csv
FIRESTARTER Log: /home/hpc/unrz/unrz104h/Projects/CPU-GPU-Energy-Study/FIRESTARTER-A40-frequency/360/360_pid-2071812.fsout
Warning: AMD Family 25, Model 1, Stepping 1 is not supported by this version of FIRESTARTER!
Check project website for updates.
Warning: Using function FUNC_HSW_COREI_FMA_1T as fallback.
You can use the parameter --function to try other functions.
End: Mon May  4 12:33:04 CEST 2026  / 1777890784
SETTING GPU CLOCKS TO GRAPHICS=375
GPU clocks set to "(gpuClkMin 375, gpuClkMax 375)" for GPU 00000000:A1:00.0
All done.
Nvidia Log: /home/hpc/unrz/unrz104h/Projects/CPU-GPU-Energy-Study/FIRESTARTER-A40-frequency/375/375_powerlog.csv
FIRESTARTER Log: /home/hpc/unrz/unrz104h/Projects/CPU-GPU-Energy-Study/FIRESTARTER-A40-frequency/375/375_pid-2071812.fsout
Warning: AMD Family 25, Model 1, Stepping 1 is not supported by this version of FIRESTARTER!
Check project website for updates.
Warning: Using function FUNC_HSW_COREI_FMA_1T as fallback.
You can use the parameter --function to try other functions.
End: Mon May  4 12:34:39 CEST 2026  / 1777890879
SETTING GPU CLOCKS TO GRAPHICS=390
GPU clocks set to "(gpuClkMin 390, gpuClkMax 390)" for GPU 00000000:A1:00.0
All done.
Nvidia Log: /home/hpc/unrz/unrz104h/Projects/CPU-GPU-Energy-Study/FIRESTARTER-A40-frequency/390/390_powerlog.csv
FIRESTARTER Log: /home/hpc/unrz/unrz104h/Projects/CPU-GPU-Energy-Study/FIRESTARTER-A40-frequency/390/390_pid-2071812.fsout
Warning: AMD Family 25, Model 1, Stepping 1 is not supported by this version of FIRESTARTER!
Check project website for updates.
Warning: Using function FUNC_HSW_COREI_FMA_1T as fallback.
You can use the parameter --function to try other functions.
End: Mon May  4 12:36:11 CEST 2026  / 1777890971
SETTING GPU CLOCKS TO GRAPHICS=405
GPU clocks set to "(gpuClkMin 405, gpuClkMax 405)" for GPU 00000000:A1:00.0
All done.
Nvidia Log: /home/hpc/unrz/unrz104h/Projects/CPU-GPU-Energy-Study/FIRESTARTER-A40-frequency/405/405_powerlog.csv
FIRESTARTER Log: /home/hpc/unrz/unrz104h/Projects/CPU-GPU-Energy-Study/FIRESTARTER-A40-frequency/405/405_pid-2071812.fsout
Warning: AMD Family 25, Model 1, Stepping 1 is not supported by this version of FIRESTARTER!
Check project website for updates.
Warning: Using function FUNC_HSW_COREI_FMA_1T as fallback.
You can use the parameter --function to try other functions.
End: Mon May  4 12:37:39 CEST 2026  / 1777891059
SETTING GPU CLOCKS TO GRAPHICS=420
GPU clocks set to "(gpuClkMin 420, gpuClkMax 420)" for GPU 00000000:A1:00.0
All done.
Nvidia Log: /home/hpc/unrz/unrz104h/Projects/CPU-GPU-Energy-Study/FIRESTARTER-A40-frequency/420/420_powerlog.csv
FIRESTARTER Log: /home/hpc/unrz/unrz104h/Projects/CPU-GPU-Energy-Study/FIRESTARTER-A40-frequency/420/420_pid-2071812.fsout
Warning: AMD Family 25, Model 1, Stepping 1 is not supported by this version of FIRESTARTER!
Check project website for updates.
Warning: Using function FUNC_HSW_COREI_FMA_1T as fallback.
You can use the parameter --function to try other functions.
End: Mon May  4 12:39:05 CEST 2026  / 1777891145
SETTING GPU CLOCKS TO GRAPHICS=435
GPU clocks set to "(gpuClkMin 435, gpuClkMax 435)" for GPU 00000000:A1:00.0
All done.
Nvidia Log: /home/hpc/unrz/unrz104h/Projects/CPU-GPU-Energy-Study/FIRESTARTER-A40-frequency/435/435_powerlog.csv
FIRESTARTER Log: /home/hpc/unrz/unrz104h/Projects/CPU-GPU-Energy-Study/FIRESTARTER-A40-frequency/435/435_pid-2071812.fsout
Warning: AMD Family 25, Model 1, Stepping 1 is not supported by this version of FIRESTARTER!
Check project website for updates.
Warning: Using function FUNC_HSW_COREI_FMA_1T as fallback.
You can use the parameter --function to try other functions.
End: Mon May  4 12:40:27 CEST 2026  / 1777891227
SETTING GPU CLOCKS TO GRAPHICS=450
GPU clocks set to "(gpuClkMin 450, gpuClkMax 450)" for GPU 00000000:A1:00.0
All done.
Nvidia Log: /home/hpc/unrz/unrz104h/Projects/CPU-GPU-Energy-Study/FIRESTARTER-A40-frequency/450/450_powerlog.csv
FIRESTARTER Log: /home/hpc/unrz/unrz104h/Projects/CPU-GPU-Energy-Study/FIRESTARTER-A40-frequency/450/450_pid-2071812.fsout
Warning: AMD Family 25, Model 1, Stepping 1 is not supported by this version of FIRESTARTER!
Check project website for updates.
Warning: Using function FUNC_HSW_COREI_FMA_1T as fallback.
You can use the parameter --function to try other functions.
End: Mon May  4 12:41:47 CEST 2026  / 1777891307
SETTING GPU CLOCKS TO GRAPHICS=465
GPU clocks set to "(gpuClkMin 465, gpuClkMax 465)" for GPU 00000000:A1:00.0
All done.
Nvidia Log: /home/hpc/unrz/unrz104h/Projects/CPU-GPU-Energy-Study/FIRESTARTER-A40-frequency/465/465_powerlog.csv
FIRESTARTER Log: /home/hpc/unrz/unrz104h/Projects/CPU-GPU-Energy-Study/FIRESTARTER-A40-frequency/465/465_pid-2071812.fsout
Warning: AMD Family 25, Model 1, Stepping 1 is not supported by this version of FIRESTARTER!
Check project website for updates.
Warning: Using function FUNC_HSW_COREI_FMA_1T as fallback.
You can use the parameter --function to try other functions.
End: Mon May  4 12:43:04 CEST 2026  / 1777891384
SETTING GPU CLOCKS TO GRAPHICS=480
GPU clocks set to "(gpuClkMin 480, gpuClkMax 480)" for GPU 00000000:A1:00.0
All done.
Nvidia Log: /home/hpc/unrz/unrz104h/Projects/CPU-GPU-Energy-Study/FIRESTARTER-A40-frequency/480/480_powerlog.csv
FIRESTARTER Log: /home/hpc/unrz/unrz104h/Projects/CPU-GPU-Energy-Study/FIRESTARTER-A40-frequency/480/480_pid-2071812.fsout
Warning: AMD Family 25, Model 1, Stepping 1 is not supported by this version of FIRESTARTER!
Check project website for updates.
Warning: Using function FUNC_HSW_COREI_FMA_1T as fallback.
You can use the parameter --function to try other functions.
End: Mon May  4 12:44:19 CEST 2026  / 1777891459
SETTING GPU CLOCKS TO GRAPHICS=495
GPU clocks set to "(gpuClkMin 495, gpuClkMax 495)" for GPU 00000000:A1:00.0
All done.
Nvidia Log: /home/hpc/unrz/unrz104h/Projects/CPU-GPU-Energy-Study/FIRESTARTER-A40-frequency/495/495_powerlog.csv
FIRESTARTER Log: /home/hpc/unrz/unrz104h/Projects/CPU-GPU-Energy-Study/FIRESTARTER-A40-frequency/495/495_pid-2071812.fsout
Warning: AMD Family 25, Model 1, Stepping 1 is not supported by this version of FIRESTARTER!
Check project website for updates.
Warning: Using function FUNC_HSW_COREI_FMA_1T as fallback.
You can use the parameter --function to try other functions.
End: Mon May  4 12:45:32 CEST 2026  / 1777891532
SETTING GPU CLOCKS TO GRAPHICS=510
GPU clocks set to "(gpuClkMin 510, gpuClkMax 510)" for GPU 00000000:A1:00.0
All done.
Nvidia Log: /home/hpc/unrz/unrz104h/Projects/CPU-GPU-Energy-Study/FIRESTARTER-A40-frequency/510/510_powerlog.csv
FIRESTARTER Log: /home/hpc/unrz/unrz104h/Projects/CPU-GPU-Energy-Study/FIRESTARTER-A40-frequency/510/510_pid-2071812.fsout
Warning: AMD Family 25, Model 1, Stepping 1 is not supported by this version of FIRESTARTER!
Check project website for updates.
Warning: Using function FUNC_HSW_COREI_FMA_1T as fallback.
You can use the parameter --function to try other functions.
End: Mon May  4 12:46:43 CEST 2026  / 1777891603
SETTING GPU CLOCKS TO GRAPHICS=525
GPU clocks set to "(gpuClkMin 525, gpuClkMax 525)" for GPU 00000000:A1:00.0
All done.
Nvidia Log: /home/hpc/unrz/unrz104h/Projects/CPU-GPU-Energy-Study/FIRESTARTER-A40-frequency/525/525_powerlog.csv
FIRESTARTER Log: /home/hpc/unrz/unrz104h/Projects/CPU-GPU-Energy-Study/FIRESTARTER-A40-frequency/525/525_pid-2071812.fsout
Warning: AMD Family 25, Model 1, Stepping 1 is not supported by this version of FIRESTARTER!
Check project website for updates.
Warning: Using function FUNC_HSW_COREI_FMA_1T as fallback.
You can use the parameter --function to try other functions.
End: Mon May  4 12:47:51 CEST 2026  / 1777891671
SETTING GPU CLOCKS TO GRAPHICS=540
GPU clocks set to "(gpuClkMin 540, gpuClkMax 540)" for GPU 00000000:A1:00.0
All done.
Nvidia Log: /home/hpc/unrz/unrz104h/Projects/CPU-GPU-Energy-Study/FIRESTARTER-A40-frequency/540/540_powerlog.csv
FIRESTARTER Log: /home/hpc/unrz/unrz104h/Projects/CPU-GPU-Energy-Study/FIRESTARTER-A40-frequency/540/540_pid-2071812.fsout
Warning: AMD Family 25, Model 1, Stepping 1 is not supported by this version of FIRESTARTER!
Check project website for updates.
Warning: Using function FUNC_HSW_COREI_FMA_1T as fallback.
You can use the parameter --function to try other functions.
End: Mon May  4 12:48:58 CEST 2026  / 1777891738
SETTING GPU CLOCKS TO GRAPHICS=555
GPU clocks set to "(gpuClkMin 555, gpuClkMax 555)" for GPU 00000000:A1:00.0
All done.
Nvidia Log: /home/hpc/unrz/unrz104h/Projects/CPU-GPU-Energy-Study/FIRESTARTER-A40-frequency/555/555_powerlog.csv
FIRESTARTER Log: /home/hpc/unrz/unrz104h/Projects/CPU-GPU-Energy-Study/FIRESTARTER-A40-frequency/555/555_pid-2071812.fsout
Warning: AMD Family 25, Model 1, Stepping 1 is not supported by this version of FIRESTARTER!
Check project website for updates.
Warning: Using function FUNC_HSW_COREI_FMA_1T as fallback.
You can use the parameter --function to try other functions.
End: Mon May  4 12:50:03 CEST 2026  / 1777891803
SETTING GPU CLOCKS TO GRAPHICS=570
GPU clocks set to "(gpuClkMin 570, gpuClkMax 570)" for GPU 00000000:A1:00.0
All done.
Nvidia Log: /home/hpc/unrz/unrz104h/Projects/CPU-GPU-Energy-Study/FIRESTARTER-A40-frequency/570/570_powerlog.csv
FIRESTARTER Log: /home/hpc/unrz/unrz104h/Projects/CPU-GPU-Energy-Study/FIRESTARTER-A40-frequency/570/570_pid-2071812.fsout
Warning: AMD Family 25, Model 1, Stepping 1 is not supported by this version of FIRESTARTER!
Check project website for updates.
Warning: Using function FUNC_HSW_COREI_FMA_1T as fallback.
You can use the parameter --function to try other functions.
End: Mon May  4 12:51:07 CEST 2026  / 1777891867
SETTING GPU CLOCKS TO GRAPHICS=585
GPU clocks set to "(gpuClkMin 585, gpuClkMax 585)" for GPU 00000000:A1:00.0
All done.
Nvidia Log: /home/hpc/unrz/unrz104h/Projects/CPU-GPU-Energy-Study/FIRESTARTER-A40-frequency/585/585_powerlog.csv
FIRESTARTER Log: /home/hpc/unrz/unrz104h/Projects/CPU-GPU-Energy-Study/FIRESTARTER-A40-frequency/585/585_pid-2071812.fsout
Warning: AMD Family 25, Model 1, Stepping 1 is not supported by this version of FIRESTARTER!
Check project website for updates.
Warning: Using function FUNC_HSW_COREI_FMA_1T as fallback.
You can use the parameter --function to try other functions.
End: Mon May  4 12:53:09 CEST 2026  / 1777891989
SETTING GPU CLOCKS TO GRAPHICS=600
GPU clocks set to "(gpuClkMin 600, gpuClkMax 600)" for GPU 00000000:A1:00.0
All done.
Nvidia Log: /home/hpc/unrz/unrz104h/Projects/CPU-GPU-Energy-Study/FIRESTARTER-A40-frequency/600/600_powerlog.csv
FIRESTARTER Log: /home/hpc/unrz/unrz104h/Projects/CPU-GPU-Energy-Study/FIRESTARTER-A40-frequency/600/600_pid-2071812.fsout
Warning: AMD Family 25, Model 1, Stepping 1 is not supported by this version of FIRESTARTER!
Check project website for updates.
Warning: Using function FUNC_HSW_COREI_FMA_1T as fallback.
You can use the parameter --function to try other functions.
End: Mon May  4 12:55:08 CEST 2026  / 1777892108
SETTING GPU CLOCKS TO GRAPHICS=615
GPU clocks set to "(gpuClkMin 615, gpuClkMax 615)" for GPU 00000000:A1:00.0
All done.
Nvidia Log: /home/hpc/unrz/unrz104h/Projects/CPU-GPU-Energy-Study/FIRESTARTER-A40-frequency/615/615_powerlog.csv
FIRESTARTER Log: /home/hpc/unrz/unrz104h/Projects/CPU-GPU-Energy-Study/FIRESTARTER-A40-frequency/615/615_pid-2071812.fsout
Warning: AMD Family 25, Model 1, Stepping 1 is not supported by this version of FIRESTARTER!
Check project website for updates.
Warning: Using function FUNC_HSW_COREI_FMA_1T as fallback.
You can use the parameter --function to try other functions.
End: Mon May  4 12:57:04 CEST 2026  / 1777892224
SETTING GPU CLOCKS TO GRAPHICS=630
GPU clocks set to "(gpuClkMin 630, gpuClkMax 630)" for GPU 00000000:A1:00.0
All done.
Nvidia Log: /home/hpc/unrz/unrz104h/Projects/CPU-GPU-Energy-Study/FIRESTARTER-A40-frequency/630/630_powerlog.csv
FIRESTARTER Log: /home/hpc/unrz/unrz104h/Projects/CPU-GPU-Energy-Study/FIRESTARTER-A40-frequency/630/630_pid-2071812.fsout
Warning: AMD Family 25, Model 1, Stepping 1 is not supported by this version of FIRESTARTER!
Check project website for updates.
Warning: Using function FUNC_HSW_COREI_FMA_1T as fallback.
You can use the parameter --function to try other functions.
End: Mon May  4 12:58:58 CEST 2026  / 1777892338
SETTING GPU CLOCKS TO GRAPHICS=645
GPU clocks set to "(gpuClkMin 645, gpuClkMax 645)" for GPU 00000000:A1:00.0
All done.
Nvidia Log: /home/hpc/unrz/unrz104h/Projects/CPU-GPU-Energy-Study/FIRESTARTER-A40-frequency/645/645_powerlog.csv
FIRESTARTER Log: /home/hpc/unrz/unrz104h/Projects/CPU-GPU-Energy-Study/FIRESTARTER-A40-frequency/645/645_pid-2071812.fsout
Warning: AMD Family 25, Model 1, Stepping 1 is not supported by this version of FIRESTARTER!
Check project website for updates.
Warning: Using function FUNC_HSW_COREI_FMA_1T as fallback.
You can use the parameter --function to try other functions.
End: Mon May  4 13:00:49 CEST 2026  / 1777892449
SETTING GPU CLOCKS TO GRAPHICS=660
GPU clocks set to "(gpuClkMin 660, gpuClkMax 660)" for GPU 00000000:A1:00.0
All done.
Nvidia Log: /home/hpc/unrz/unrz104h/Projects/CPU-GPU-Energy-Study/FIRESTARTER-A40-frequency/660/660_powerlog.csv
FIRESTARTER Log: /home/hpc/unrz/unrz104h/Projects/CPU-GPU-Energy-Study/FIRESTARTER-A40-frequency/660/660_pid-2071812.fsout
Warning: AMD Family 25, Model 1, Stepping 1 is not supported by this version of FIRESTARTER!
Check project website for updates.
Warning: Using function FUNC_HSW_COREI_FMA_1T as fallback.
You can use the parameter --function to try other functions.
End: Mon May  4 13:02:37 CEST 2026  / 1777892557
SETTING GPU CLOCKS TO GRAPHICS=675
GPU clocks set to "(gpuClkMin 675, gpuClkMax 675)" for GPU 00000000:A1:00.0
All done.
Nvidia Log: /home/hpc/unrz/unrz104h/Projects/CPU-GPU-Energy-Study/FIRESTARTER-A40-frequency/675/675_powerlog.csv
FIRESTARTER Log: /home/hpc/unrz/unrz104h/Projects/CPU-GPU-Energy-Study/FIRESTARTER-A40-frequency/675/675_pid-2071812.fsout
Warning: AMD Family 25, Model 1, Stepping 1 is not supported by this version of FIRESTARTER!
Check project website for updates.
Warning: Using function FUNC_HSW_COREI_FMA_1T as fallback.
You can use the parameter --function to try other functions.
End: Mon May  4 13:04:23 CEST 2026  / 1777892663
SETTING GPU CLOCKS TO GRAPHICS=690
GPU clocks set to "(gpuClkMin 690, gpuClkMax 690)" for GPU 00000000:A1:00.0
All done.
Nvidia Log: /home/hpc/unrz/unrz104h/Projects/CPU-GPU-Energy-Study/FIRESTARTER-A40-frequency/690/690_powerlog.csv
FIRESTARTER Log: /home/hpc/unrz/unrz104h/Projects/CPU-GPU-Energy-Study/FIRESTARTER-A40-frequency/690/690_pid-2071812.fsout
Warning: AMD Family 25, Model 1, Stepping 1 is not supported by this version of FIRESTARTER!
Check project website for updates.
Warning: Using function FUNC_HSW_COREI_FMA_1T as fallback.
You can use the parameter --function to try other functions.
End: Mon May  4 13:06:07 CEST 2026  / 1777892767
SETTING GPU CLOCKS TO GRAPHICS=705
GPU clocks set to "(gpuClkMin 705, gpuClkMax 705)" for GPU 00000000:A1:00.0
All done.
Nvidia Log: /home/hpc/unrz/unrz104h/Projects/CPU-GPU-Energy-Study/FIRESTARTER-A40-frequency/705/705_powerlog.csv
FIRESTARTER Log: /home/hpc/unrz/unrz104h/Projects/CPU-GPU-Energy-Study/FIRESTARTER-A40-frequency/705/705_pid-2071812.fsout
Warning: AMD Family 25, Model 1, Stepping 1 is not supported by this version of FIRESTARTER!
Check project website for updates.
Warning: Using function FUNC_HSW_COREI_FMA_1T as fallback.
You can use the parameter --function to try other functions.
End: Mon May  4 13:07:49 CEST 2026  / 1777892869
SETTING GPU CLOCKS TO GRAPHICS=720
GPU clocks set to "(gpuClkMin 720, gpuClkMax 720)" for GPU 00000000:A1:00.0
All done.
Nvidia Log: /home/hpc/unrz/unrz104h/Projects/CPU-GPU-Energy-Study/FIRESTARTER-A40-frequency/720/720_powerlog.csv
FIRESTARTER Log: /home/hpc/unrz/unrz104h/Projects/CPU-GPU-Energy-Study/FIRESTARTER-A40-frequency/720/720_pid-2071812.fsout
Warning: AMD Family 25, Model 1, Stepping 1 is not supported by this version of FIRESTARTER!
Check project website for updates.
Warning: Using function FUNC_HSW_COREI_FMA_1T as fallback.
You can use the parameter --function to try other functions.
End: Mon May  4 13:09:28 CEST 2026  / 1777892968
SETTING GPU CLOCKS TO GRAPHICS=735
GPU clocks set to "(gpuClkMin 735, gpuClkMax 735)" for GPU 00000000:A1:00.0
All done.
Nvidia Log: /home/hpc/unrz/unrz104h/Projects/CPU-GPU-Energy-Study/FIRESTARTER-A40-frequency/735/735_powerlog.csv
FIRESTARTER Log: /home/hpc/unrz/unrz104h/Projects/CPU-GPU-Energy-Study/FIRESTARTER-A40-frequency/735/735_pid-2071812.fsout
Warning: AMD Family 25, Model 1, Stepping 1 is not supported by this version of FIRESTARTER!
Check project website for updates.
Warning: Using function FUNC_HSW_COREI_FMA_1T as fallback.
You can use the parameter --function to try other functions.
End: Mon May  4 13:11:06 CEST 2026  / 1777893066
SETTING GPU CLOCKS TO GRAPHICS=750
GPU clocks set to "(gpuClkMin 750, gpuClkMax 750)" for GPU 00000000:A1:00.0
All done.
Nvidia Log: /home/hpc/unrz/unrz104h/Projects/CPU-GPU-Energy-Study/FIRESTARTER-A40-frequency/750/750_powerlog.csv
FIRESTARTER Log: /home/hpc/unrz/unrz104h/Projects/CPU-GPU-Energy-Study/FIRESTARTER-A40-frequency/750/750_pid-2071812.fsout
Warning: AMD Family 25, Model 1, Stepping 1 is not supported by this version of FIRESTARTER!
Check project website for updates.
Warning: Using function FUNC_HSW_COREI_FMA_1T as fallback.
You can use the parameter --function to try other functions.
End: Mon May  4 13:12:42 CEST 2026  / 1777893162
SETTING GPU CLOCKS TO GRAPHICS=765
GPU clocks set to "(gpuClkMin 765, gpuClkMax 765)" for GPU 00000000:A1:00.0
All done.
Nvidia Log: /home/hpc/unrz/unrz104h/Projects/CPU-GPU-Energy-Study/FIRESTARTER-A40-frequency/765/765_powerlog.csv
FIRESTARTER Log: /home/hpc/unrz/unrz104h/Projects/CPU-GPU-Energy-Study/FIRESTARTER-A40-frequency/765/765_pid-2071812.fsout
Warning: AMD Family 25, Model 1, Stepping 1 is not supported by this version of FIRESTARTER!
Check project website for updates.
Warning: Using function FUNC_HSW_COREI_FMA_1T as fallback.
You can use the parameter --function to try other functions.
End: Mon May  4 13:14:16 CEST 2026  / 1777893256
SETTING GPU CLOCKS TO GRAPHICS=780
GPU clocks set to "(gpuClkMin 780, gpuClkMax 780)" for GPU 00000000:A1:00.0
All done.
Nvidia Log: /home/hpc/unrz/unrz104h/Projects/CPU-GPU-Energy-Study/FIRESTARTER-A40-frequency/780/780_powerlog.csv
FIRESTARTER Log: /home/hpc/unrz/unrz104h/Projects/CPU-GPU-Energy-Study/FIRESTARTER-A40-frequency/780/780_pid-2071812.fsout
Warning: AMD Family 25, Model 1, Stepping 1 is not supported by this version of FIRESTARTER!
Check project website for updates.
Warning: Using function FUNC_HSW_COREI_FMA_1T as fallback.
You can use the parameter --function to try other functions.
End: Mon May  4 13:15:48 CEST 2026  / 1777893348
SETTING GPU CLOCKS TO GRAPHICS=795
GPU clocks set to "(gpuClkMin 795, gpuClkMax 795)" for GPU 00000000:A1:00.0
All done.
Nvidia Log: /home/hpc/unrz/unrz104h/Projects/CPU-GPU-Energy-Study/FIRESTARTER-A40-frequency/795/795_powerlog.csv
FIRESTARTER Log: /home/hpc/unrz/unrz104h/Projects/CPU-GPU-Energy-Study/FIRESTARTER-A40-frequency/795/795_pid-2071812.fsout
Warning: AMD Family 25, Model 1, Stepping 1 is not supported by this version of FIRESTARTER!
Check project website for updates.
Warning: Using function FUNC_HSW_COREI_FMA_1T as fallback.
You can use the parameter --function to try other functions.
End: Mon May  4 13:17:18 CEST 2026  / 1777893438
SETTING GPU CLOCKS TO GRAPHICS=810
GPU clocks set to "(gpuClkMin 810, gpuClkMax 810)" for GPU 00000000:A1:00.0
All done.
Nvidia Log: /home/hpc/unrz/unrz104h/Projects/CPU-GPU-Energy-Study/FIRESTARTER-A40-frequency/810/810_powerlog.csv
FIRESTARTER Log: /home/hpc/unrz/unrz104h/Projects/CPU-GPU-Energy-Study/FIRESTARTER-A40-frequency/810/810_pid-2071812.fsout
Warning: AMD Family 25, Model 1, Stepping 1 is not supported by this version of FIRESTARTER!
Check project website for updates.
Warning: Using function FUNC_HSW_COREI_FMA_1T as fallback.
You can use the parameter --function to try other functions.
End: Mon May  4 13:18:47 CEST 2026  / 1777893527
SETTING GPU CLOCKS TO GRAPHICS=825
GPU clocks set to "(gpuClkMin 825, gpuClkMax 825)" for GPU 00000000:A1:00.0
All done.
Nvidia Log: /home/hpc/unrz/unrz104h/Projects/CPU-GPU-Energy-Study/FIRESTARTER-A40-frequency/825/825_powerlog.csv
FIRESTARTER Log: /home/hpc/unrz/unrz104h/Projects/CPU-GPU-Energy-Study/FIRESTARTER-A40-frequency/825/825_pid-2071812.fsout
Warning: AMD Family 25, Model 1, Stepping 1 is not supported by this version of FIRESTARTER!
Check project website for updates.
Warning: Using function FUNC_HSW_COREI_FMA_1T as fallback.
You can use the parameter --function to try other functions.
End: Mon May  4 13:20:14 CEST 2026  / 1777893614
SETTING GPU CLOCKS TO GRAPHICS=840
GPU clocks set to "(gpuClkMin 840, gpuClkMax 840)" for GPU 00000000:A1:00.0
All done.
Nvidia Log: /home/hpc/unrz/unrz104h/Projects/CPU-GPU-Energy-Study/FIRESTARTER-A40-frequency/840/840_powerlog.csv
FIRESTARTER Log: /home/hpc/unrz/unrz104h/Projects/CPU-GPU-Energy-Study/FIRESTARTER-A40-frequency/840/840_pid-2071812.fsout
Warning: AMD Family 25, Model 1, Stepping 1 is not supported by this version of FIRESTARTER!
Check project website for updates.
Warning: Using function FUNC_HSW_COREI_FMA_1T as fallback.
You can use the parameter --function to try other functions.
End: Mon May  4 13:21:40 CEST 2026  / 1777893700
SETTING GPU CLOCKS TO GRAPHICS=855
GPU clocks set to "(gpuClkMin 855, gpuClkMax 855)" for GPU 00000000:A1:00.0
All done.
Nvidia Log: /home/hpc/unrz/unrz104h/Projects/CPU-GPU-Energy-Study/FIRESTARTER-A40-frequency/855/855_powerlog.csv
FIRESTARTER Log: /home/hpc/unrz/unrz104h/Projects/CPU-GPU-Energy-Study/FIRESTARTER-A40-frequency/855/855_pid-2071812.fsout
Warning: AMD Family 25, Model 1, Stepping 1 is not supported by this version of FIRESTARTER!
Check project website for updates.
Warning: Using function FUNC_HSW_COREI_FMA_1T as fallback.
You can use the parameter --function to try other functions.
End: Mon May  4 13:23:04 CEST 2026  / 1777893784
SETTING GPU CLOCKS TO GRAPHICS=870
GPU clocks set to "(gpuClkMin 870, gpuClkMax 870)" for GPU 00000000:A1:00.0
All done.
Nvidia Log: /home/hpc/unrz/unrz104h/Projects/CPU-GPU-Energy-Study/FIRESTARTER-A40-frequency/870/870_powerlog.csv
FIRESTARTER Log: /home/hpc/unrz/unrz104h/Projects/CPU-GPU-Energy-Study/FIRESTARTER-A40-frequency/870/870_pid-2071812.fsout
Warning: AMD Family 25, Model 1, Stepping 1 is not supported by this version of FIRESTARTER!
Check project website for updates.
Warning: Using function FUNC_HSW_COREI_FMA_1T as fallback.
You can use the parameter --function to try other functions.
End: Mon May  4 13:24:27 CEST 2026  / 1777893867
SETTING GPU CLOCKS TO GRAPHICS=885
GPU clocks set to "(gpuClkMin 885, gpuClkMax 885)" for GPU 00000000:A1:00.0
All done.
Nvidia Log: /home/hpc/unrz/unrz104h/Projects/CPU-GPU-Energy-Study/FIRESTARTER-A40-frequency/885/885_powerlog.csv
FIRESTARTER Log: /home/hpc/unrz/unrz104h/Projects/CPU-GPU-Energy-Study/FIRESTARTER-A40-frequency/885/885_pid-2071812.fsout
Warning: AMD Family 25, Model 1, Stepping 1 is not supported by this version of FIRESTARTER!
Check project website for updates.
Warning: Using function FUNC_HSW_COREI_FMA_1T as fallback.
You can use the parameter --function to try other functions.
End: Mon May  4 13:25:49 CEST 2026  / 1777893949
SETTING GPU CLOCKS TO GRAPHICS=900
GPU clocks set to "(gpuClkMin 900, gpuClkMax 900)" for GPU 00000000:A1:00.0
All done.
Nvidia Log: /home/hpc/unrz/unrz104h/Projects/CPU-GPU-Energy-Study/FIRESTARTER-A40-frequency/900/900_powerlog.csv
FIRESTARTER Log: /home/hpc/unrz/unrz104h/Projects/CPU-GPU-Energy-Study/FIRESTARTER-A40-frequency/900/900_pid-2071812.fsout
Warning: AMD Family 25, Model 1, Stepping 1 is not supported by this version of FIRESTARTER!
Check project website for updates.
Warning: Using function FUNC_HSW_COREI_FMA_1T as fallback.
You can use the parameter --function to try other functions.
End: Mon May  4 13:27:09 CEST 2026  / 1777894029
SETTING GPU CLOCKS TO GRAPHICS=915
GPU clocks set to "(gpuClkMin 915, gpuClkMax 915)" for GPU 00000000:A1:00.0
All done.
Nvidia Log: /home/hpc/unrz/unrz104h/Projects/CPU-GPU-Energy-Study/FIRESTARTER-A40-frequency/915/915_powerlog.csv
FIRESTARTER Log: /home/hpc/unrz/unrz104h/Projects/CPU-GPU-Energy-Study/FIRESTARTER-A40-frequency/915/915_pid-2071812.fsout
Warning: AMD Family 25, Model 1, Stepping 1 is not supported by this version of FIRESTARTER!
Check project website for updates.
Warning: Using function FUNC_HSW_COREI_FMA_1T as fallback.
You can use the parameter --function to try other functions.
End: Mon May  4 13:28:28 CEST 2026  / 1777894108
SETTING GPU CLOCKS TO GRAPHICS=930
GPU clocks set to "(gpuClkMin 930, gpuClkMax 930)" for GPU 00000000:A1:00.0
All done.
Nvidia Log: /home/hpc/unrz/unrz104h/Projects/CPU-GPU-Energy-Study/FIRESTARTER-A40-frequency/930/930_powerlog.csv
FIRESTARTER Log: /home/hpc/unrz/unrz104h/Projects/CPU-GPU-Energy-Study/FIRESTARTER-A40-frequency/930/930_pid-2071812.fsout
Warning: AMD Family 25, Model 1, Stepping 1 is not supported by this version of FIRESTARTER!
Check project website for updates.
Warning: Using function FUNC_HSW_COREI_FMA_1T as fallback.
You can use the parameter --function to try other functions.
End: Mon May  4 13:29:45 CEST 2026  / 1777894185
SETTING GPU CLOCKS TO GRAPHICS=945
GPU clocks set to "(gpuClkMin 945, gpuClkMax 945)" for GPU 00000000:A1:00.0
All done.
Nvidia Log: /home/hpc/unrz/unrz104h/Projects/CPU-GPU-Energy-Study/FIRESTARTER-A40-frequency/945/945_powerlog.csv
FIRESTARTER Log: /home/hpc/unrz/unrz104h/Projects/CPU-GPU-Energy-Study/FIRESTARTER-A40-frequency/945/945_pid-2071812.fsout
Warning: AMD Family 25, Model 1, Stepping 1 is not supported by this version of FIRESTARTER!
Check project website for updates.
Warning: Using function FUNC_HSW_COREI_FMA_1T as fallback.
You can use the parameter --function to try other functions.
End: Mon May  4 13:31:02 CEST 2026  / 1777894262
SETTING GPU CLOCKS TO GRAPHICS=960
GPU clocks set to "(gpuClkMin 960, gpuClkMax 960)" for GPU 00000000:A1:00.0
All done.
Nvidia Log: /home/hpc/unrz/unrz104h/Projects/CPU-GPU-Energy-Study/FIRESTARTER-A40-frequency/960/960_powerlog.csv
FIRESTARTER Log: /home/hpc/unrz/unrz104h/Projects/CPU-GPU-Energy-Study/FIRESTARTER-A40-frequency/960/960_pid-2071812.fsout
Warning: AMD Family 25, Model 1, Stepping 1 is not supported by this version of FIRESTARTER!
Check project website for updates.
Warning: Using function FUNC_HSW_COREI_FMA_1T as fallback.
You can use the parameter --function to try other functions.
End: Mon May  4 13:32:17 CEST 2026  / 1777894337
SETTING GPU CLOCKS TO GRAPHICS=975
GPU clocks set to "(gpuClkMin 975, gpuClkMax 975)" for GPU 00000000:A1:00.0
All done.
Nvidia Log: /home/hpc/unrz/unrz104h/Projects/CPU-GPU-Energy-Study/FIRESTARTER-A40-frequency/975/975_powerlog.csv
FIRESTARTER Log: /home/hpc/unrz/unrz104h/Projects/CPU-GPU-Energy-Study/FIRESTARTER-A40-frequency/975/975_pid-2071812.fsout
Warning: AMD Family 25, Model 1, Stepping 1 is not supported by this version of FIRESTARTER!
Check project website for updates.
Warning: Using function FUNC_HSW_COREI_FMA_1T as fallback.
You can use the parameter --function to try other functions.
End: Mon May  4 13:33:32 CEST 2026  / 1777894412
SETTING GPU CLOCKS TO GRAPHICS=990
GPU clocks set to "(gpuClkMin 990, gpuClkMax 990)" for GPU 00000000:A1:00.0
All done.
Nvidia Log: /home/hpc/unrz/unrz104h/Projects/CPU-GPU-Energy-Study/FIRESTARTER-A40-frequency/990/990_powerlog.csv
FIRESTARTER Log: /home/hpc/unrz/unrz104h/Projects/CPU-GPU-Energy-Study/FIRESTARTER-A40-frequency/990/990_pid-2071812.fsout
Warning: AMD Family 25, Model 1, Stepping 1 is not supported by this version of FIRESTARTER!
Check project website for updates.
Warning: Using function FUNC_HSW_COREI_FMA_1T as fallback.
You can use the parameter --function to try other functions.
End: Mon May  4 13:34:45 CEST 2026  / 1777894485
SETTING GPU CLOCKS TO GRAPHICS=1005
GPU clocks set to "(gpuClkMin 1005, gpuClkMax 1005)" for GPU 00000000:A1:00.0
All done.
Nvidia Log: /home/hpc/unrz/unrz104h/Projects/CPU-GPU-Energy-Study/FIRESTARTER-A40-frequency/1005/1005_powerlog.csv
FIRESTARTER Log: /home/hpc/unrz/unrz104h/Projects/CPU-GPU-Energy-Study/FIRESTARTER-A40-frequency/1005/1005_pid-2071812.fsout
Warning: AMD Family 25, Model 1, Stepping 1 is not supported by this version of FIRESTARTER!
Check project website for updates.
Warning: Using function FUNC_HSW_COREI_FMA_1T as fallback.
You can use the parameter --function to try other functions.
End: Mon May  4 13:35:57 CEST 2026  / 1777894557
SETTING GPU CLOCKS TO GRAPHICS=1020
GPU clocks set to "(gpuClkMin 1020, gpuClkMax 1020)" for GPU 00000000:A1:00.0
All done.
Nvidia Log: /home/hpc/unrz/unrz104h/Projects/CPU-GPU-Energy-Study/FIRESTARTER-A40-frequency/1020/1020_powerlog.csv
FIRESTARTER Log: /home/hpc/unrz/unrz104h/Projects/CPU-GPU-Energy-Study/FIRESTARTER-A40-frequency/1020/1020_pid-2071812.fsout
Warning: AMD Family 25, Model 1, Stepping 1 is not supported by this version of FIRESTARTER!
Check project website for updates.
Warning: Using function FUNC_HSW_COREI_FMA_1T as fallback.
You can use the parameter --function to try other functions.
End: Mon May  4 13:37:08 CEST 2026  / 1777894628
SETTING GPU CLOCKS TO GRAPHICS=1035
GPU clocks set to "(gpuClkMin 1035, gpuClkMax 1035)" for GPU 00000000:A1:00.0
All done.
Nvidia Log: /home/hpc/unrz/unrz104h/Projects/CPU-GPU-Energy-Study/FIRESTARTER-A40-frequency/1035/1035_powerlog.csv
FIRESTARTER Log: /home/hpc/unrz/unrz104h/Projects/CPU-GPU-Energy-Study/FIRESTARTER-A40-frequency/1035/1035_pid-2071812.fsout
Warning: AMD Family 25, Model 1, Stepping 1 is not supported by this version of FIRESTARTER!
Check project website for updates.
Warning: Using function FUNC_HSW_COREI_FMA_1T as fallback.
You can use the parameter --function to try other functions.
End: Mon May  4 13:38:18 CEST 2026  / 1777894698
SETTING GPU CLOCKS TO GRAPHICS=1050
GPU clocks set to "(gpuClkMin 1050, gpuClkMax 1050)" for GPU 00000000:A1:00.0
All done.
Nvidia Log: /home/hpc/unrz/unrz104h/Projects/CPU-GPU-Energy-Study/FIRESTARTER-A40-frequency/1050/1050_powerlog.csv
FIRESTARTER Log: /home/hpc/unrz/unrz104h/Projects/CPU-GPU-Energy-Study/FIRESTARTER-A40-frequency/1050/1050_pid-2071812.fsout
Warning: AMD Family 25, Model 1, Stepping 1 is not supported by this version of FIRESTARTER!
Check project website for updates.
Warning: Using function FUNC_HSW_COREI_FMA_1T as fallback.
You can use the parameter --function to try other functions.
End: Mon May  4 13:39:27 CEST 2026  / 1777894767
SETTING GPU CLOCKS TO GRAPHICS=1065
GPU clocks set to "(gpuClkMin 1065, gpuClkMax 1065)" for GPU 00000000:A1:00.0
All done.
Nvidia Log: /home/hpc/unrz/unrz104h/Projects/CPU-GPU-Energy-Study/FIRESTARTER-A40-frequency/1065/1065_powerlog.csv
FIRESTARTER Log: /home/hpc/unrz/unrz104h/Projects/CPU-GPU-Energy-Study/FIRESTARTER-A40-frequency/1065/1065_pid-2071812.fsout
Warning: AMD Family 25, Model 1, Stepping 1 is not supported by this version of FIRESTARTER!
Check project website for updates.
Warning: Using function FUNC_HSW_COREI_FMA_1T as fallback.
You can use the parameter --function to try other functions.
End: Mon May  4 13:40:36 CEST 2026  / 1777894836
SETTING GPU CLOCKS TO GRAPHICS=1080
GPU clocks set to "(gpuClkMin 1080, gpuClkMax 1080)" for GPU 00000000:A1:00.0
All done.
Nvidia Log: /home/hpc/unrz/unrz104h/Projects/CPU-GPU-Energy-Study/FIRESTARTER-A40-frequency/1080/1080_powerlog.csv
FIRESTARTER Log: /home/hpc/unrz/unrz104h/Projects/CPU-GPU-Energy-Study/FIRESTARTER-A40-frequency/1080/1080_pid-2071812.fsout
Warning: AMD Family 25, Model 1, Stepping 1 is not supported by this version of FIRESTARTER!
Check project website for updates.
Warning: Using function FUNC_HSW_COREI_FMA_1T as fallback.
You can use the parameter --function to try other functions.
End: Mon May  4 13:41:43 CEST 2026  / 1777894903
SETTING GPU CLOCKS TO GRAPHICS=1095
GPU clocks set to "(gpuClkMin 1095, gpuClkMax 1095)" for GPU 00000000:A1:00.0
All done.
Nvidia Log: /home/hpc/unrz/unrz104h/Projects/CPU-GPU-Energy-Study/FIRESTARTER-A40-frequency/1095/1095_powerlog.csv
FIRESTARTER Log: /home/hpc/unrz/unrz104h/Projects/CPU-GPU-Energy-Study/FIRESTARTER-A40-frequency/1095/1095_pid-2071812.fsout
Warning: AMD Family 25, Model 1, Stepping 1 is not supported by this version of FIRESTARTER!
Check project website for updates.
Warning: Using function FUNC_HSW_COREI_FMA_1T as fallback.
You can use the parameter --function to try other functions.
End: Mon May  4 13:42:49 CEST 2026  / 1777894969
SETTING GPU CLOCKS TO GRAPHICS=1110
GPU clocks set to "(gpuClkMin 1110, gpuClkMax 1110)" for GPU 00000000:A1:00.0
All done.
Nvidia Log: /home/hpc/unrz/unrz104h/Projects/CPU-GPU-Energy-Study/FIRESTARTER-A40-frequency/1110/1110_powerlog.csv
FIRESTARTER Log: /home/hpc/unrz/unrz104h/Projects/CPU-GPU-Energy-Study/FIRESTARTER-A40-frequency/1110/1110_pid-2071812.fsout
Warning: AMD Family 25, Model 1, Stepping 1 is not supported by this version of FIRESTARTER!
Check project website for updates.
Warning: Using function FUNC_HSW_COREI_FMA_1T as fallback.
You can use the parameter --function to try other functions.
End: Mon May  4 13:43:55 CEST 2026  / 1777895035
SETTING GPU CLOCKS TO GRAPHICS=1125
GPU clocks set to "(gpuClkMin 1125, gpuClkMax 1125)" for GPU 00000000:A1:00.0
All done.
Nvidia Log: /home/hpc/unrz/unrz104h/Projects/CPU-GPU-Energy-Study/FIRESTARTER-A40-frequency/1125/1125_powerlog.csv
FIRESTARTER Log: /home/hpc/unrz/unrz104h/Projects/CPU-GPU-Energy-Study/FIRESTARTER-A40-frequency/1125/1125_pid-2071812.fsout
Warning: AMD Family 25, Model 1, Stepping 1 is not supported by this version of FIRESTARTER!
Check project website for updates.
Warning: Using function FUNC_HSW_COREI_FMA_1T as fallback.
You can use the parameter --function to try other functions.
End: Mon May  4 13:44:59 CEST 2026  / 1777895099
SETTING GPU CLOCKS TO GRAPHICS=1140
GPU clocks set to "(gpuClkMin 1140, gpuClkMax 1140)" for GPU 00000000:A1:00.0
All done.
Nvidia Log: /home/hpc/unrz/unrz104h/Projects/CPU-GPU-Energy-Study/FIRESTARTER-A40-frequency/1140/1140_powerlog.csv
FIRESTARTER Log: /home/hpc/unrz/unrz104h/Projects/CPU-GPU-Energy-Study/FIRESTARTER-A40-frequency/1140/1140_pid-2071812.fsout
Warning: AMD Family 25, Model 1, Stepping 1 is not supported by this version of FIRESTARTER!
Check project website for updates.
Warning: Using function FUNC_HSW_COREI_FMA_1T as fallback.
You can use the parameter --function to try other functions.
End: Mon May  4 13:46:03 CEST 2026  / 1777895163
SETTING GPU CLOCKS TO GRAPHICS=1155
GPU clocks set to "(gpuClkMin 1155, gpuClkMax 1155)" for GPU 00000000:A1:00.0
All done.
Nvidia Log: /home/hpc/unrz/unrz104h/Projects/CPU-GPU-Energy-Study/FIRESTARTER-A40-frequency/1155/1155_powerlog.csv
FIRESTARTER Log: /home/hpc/unrz/unrz104h/Projects/CPU-GPU-Energy-Study/FIRESTARTER-A40-frequency/1155/1155_pid-2071812.fsout
Warning: AMD Family 25, Model 1, Stepping 1 is not supported by this version of FIRESTARTER!
Check project website for updates.
Warning: Using function FUNC_HSW_COREI_FMA_1T as fallback.
You can use the parameter --function to try other functions.
End: Mon May  4 13:47:06 CEST 2026  / 1777895226
SETTING GPU CLOCKS TO GRAPHICS=1170
GPU clocks set to "(gpuClkMin 1170, gpuClkMax 1170)" for GPU 00000000:A1:00.0
All done.
Nvidia Log: /home/hpc/unrz/unrz104h/Projects/CPU-GPU-Energy-Study/FIRESTARTER-A40-frequency/1170/1170_powerlog.csv
FIRESTARTER Log: /home/hpc/unrz/unrz104h/Projects/CPU-GPU-Energy-Study/FIRESTARTER-A40-frequency/1170/1170_pid-2071812.fsout
Warning: AMD Family 25, Model 1, Stepping 1 is not supported by this version of FIRESTARTER!
Check project website for updates.
Warning: Using function FUNC_HSW_COREI_FMA_1T as fallback.
You can use the parameter --function to try other functions.
End: Mon May  4 13:48:39 CEST 2026  / 1777895319
SETTING GPU CLOCKS TO GRAPHICS=1185
GPU clocks set to "(gpuClkMin 1185, gpuClkMax 1185)" for GPU 00000000:A1:00.0
All done.
Nvidia Log: /home/hpc/unrz/unrz104h/Projects/CPU-GPU-Energy-Study/FIRESTARTER-A40-frequency/1185/1185_powerlog.csv
FIRESTARTER Log: /home/hpc/unrz/unrz104h/Projects/CPU-GPU-Energy-Study/FIRESTARTER-A40-frequency/1185/1185_pid-2071812.fsout
Warning: AMD Family 25, Model 1, Stepping 1 is not supported by this version of FIRESTARTER!
Check project website for updates.
Warning: Using function FUNC_HSW_COREI_FMA_1T as fallback.
You can use the parameter --function to try other functions.
End: Mon May  4 13:50:09 CEST 2026  / 1777895409
SETTING GPU CLOCKS TO GRAPHICS=1200
GPU clocks set to "(gpuClkMin 1200, gpuClkMax 1200)" for GPU 00000000:A1:00.0
All done.
Nvidia Log: /home/hpc/unrz/unrz104h/Projects/CPU-GPU-Energy-Study/FIRESTARTER-A40-frequency/1200/1200_powerlog.csv
FIRESTARTER Log: /home/hpc/unrz/unrz104h/Projects/CPU-GPU-Energy-Study/FIRESTARTER-A40-frequency/1200/1200_pid-2071812.fsout
Warning: AMD Family 25, Model 1, Stepping 1 is not supported by this version of FIRESTARTER!
Check project website for updates.
Warning: Using function FUNC_HSW_COREI_FMA_1T as fallback.
You can use the parameter --function to try other functions.
End: Mon May  4 13:51:39 CEST 2026  / 1777895499
SETTING GPU CLOCKS TO GRAPHICS=1215
GPU clocks set to "(gpuClkMin 1215, gpuClkMax 1215)" for GPU 00000000:A1:00.0
All done.
Nvidia Log: /home/hpc/unrz/unrz104h/Projects/CPU-GPU-Energy-Study/FIRESTARTER-A40-frequency/1215/1215_powerlog.csv
FIRESTARTER Log: /home/hpc/unrz/unrz104h/Projects/CPU-GPU-Energy-Study/FIRESTARTER-A40-frequency/1215/1215_pid-2071812.fsout
Warning: AMD Family 25, Model 1, Stepping 1 is not supported by this version of FIRESTARTER!
Check project website for updates.
Warning: Using function FUNC_HSW_COREI_FMA_1T as fallback.
You can use the parameter --function to try other functions.
End: Mon May  4 13:53:07 CEST 2026  / 1777895587
SETTING GPU CLOCKS TO GRAPHICS=1230
GPU clocks set to "(gpuClkMin 1230, gpuClkMax 1230)" for GPU 00000000:A1:00.0
All done.
Nvidia Log: /home/hpc/unrz/unrz104h/Projects/CPU-GPU-Energy-Study/FIRESTARTER-A40-frequency/1230/1230_powerlog.csv
FIRESTARTER Log: /home/hpc/unrz/unrz104h/Projects/CPU-GPU-Energy-Study/FIRESTARTER-A40-frequency/1230/1230_pid-2071812.fsout
Warning: AMD Family 25, Model 1, Stepping 1 is not supported by this version of FIRESTARTER!
Check project website for updates.
Warning: Using function FUNC_HSW_COREI_FMA_1T as fallback.
You can use the parameter --function to try other functions.
End: Mon May  4 13:54:34 CEST 2026  / 1777895674
SETTING GPU CLOCKS TO GRAPHICS=1245
GPU clocks set to "(gpuClkMin 1245, gpuClkMax 1245)" for GPU 00000000:A1:00.0
All done.
Nvidia Log: /home/hpc/unrz/unrz104h/Projects/CPU-GPU-Energy-Study/FIRESTARTER-A40-frequency/1245/1245_powerlog.csv
FIRESTARTER Log: /home/hpc/unrz/unrz104h/Projects/CPU-GPU-Energy-Study/FIRESTARTER-A40-frequency/1245/1245_pid-2071812.fsout
Warning: AMD Family 25, Model 1, Stepping 1 is not supported by this version of FIRESTARTER!
Check project website for updates.
Warning: Using function FUNC_HSW_COREI_FMA_1T as fallback.
You can use the parameter --function to try other functions.
End: Mon May  4 13:56:00 CEST 2026  / 1777895760
SETTING GPU CLOCKS TO GRAPHICS=1260
GPU clocks set to "(gpuClkMin 1260, gpuClkMax 1260)" for GPU 00000000:A1:00.0
All done.
Nvidia Log: /home/hpc/unrz/unrz104h/Projects/CPU-GPU-Energy-Study/FIRESTARTER-A40-frequency/1260/1260_powerlog.csv
FIRESTARTER Log: /home/hpc/unrz/unrz104h/Projects/CPU-GPU-Energy-Study/FIRESTARTER-A40-frequency/1260/1260_pid-2071812.fsout
Warning: AMD Family 25, Model 1, Stepping 1 is not supported by this version of FIRESTARTER!
Check project website for updates.
Warning: Using function FUNC_HSW_COREI_FMA_1T as fallback.
You can use the parameter --function to try other functions.
End: Mon May  4 13:57:25 CEST 2026  / 1777895845
SETTING GPU CLOCKS TO GRAPHICS=1275
GPU clocks set to "(gpuClkMin 1275, gpuClkMax 1275)" for GPU 00000000:A1:00.0
All done.
Nvidia Log: /home/hpc/unrz/unrz104h/Projects/CPU-GPU-Energy-Study/FIRESTARTER-A40-frequency/1275/1275_powerlog.csv
FIRESTARTER Log: /home/hpc/unrz/unrz104h/Projects/CPU-GPU-Energy-Study/FIRESTARTER-A40-frequency/1275/1275_pid-2071812.fsout
Warning: AMD Family 25, Model 1, Stepping 1 is not supported by this version of FIRESTARTER!
Check project website for updates.
Warning: Using function FUNC_HSW_COREI_FMA_1T as fallback.
You can use the parameter --function to try other functions.
End: Mon May  4 13:58:49 CEST 2026  / 1777895929
SETTING GPU CLOCKS TO GRAPHICS=1290
GPU clocks set to "(gpuClkMin 1290, gpuClkMax 1290)" for GPU 00000000:A1:00.0
All done.
Nvidia Log: /home/hpc/unrz/unrz104h/Projects/CPU-GPU-Energy-Study/FIRESTARTER-A40-frequency/1290/1290_powerlog.csv
FIRESTARTER Log: /home/hpc/unrz/unrz104h/Projects/CPU-GPU-Energy-Study/FIRESTARTER-A40-frequency/1290/1290_pid-2071812.fsout
Warning: AMD Family 25, Model 1, Stepping 1 is not supported by this version of FIRESTARTER!
Check project website for updates.
Warning: Using function FUNC_HSW_COREI_FMA_1T as fallback.
You can use the parameter --function to try other functions.
End: Mon May  4 14:00:12 CEST 2026  / 1777896012
SETTING GPU CLOCKS TO GRAPHICS=1305
GPU clocks set to "(gpuClkMin 1305, gpuClkMax 1305)" for GPU 00000000:A1:00.0
All done.
Nvidia Log: /home/hpc/unrz/unrz104h/Projects/CPU-GPU-Energy-Study/FIRESTARTER-A40-frequency/1305/1305_powerlog.csv
FIRESTARTER Log: /home/hpc/unrz/unrz104h/Projects/CPU-GPU-Energy-Study/FIRESTARTER-A40-frequency/1305/1305_pid-2071812.fsout
Warning: AMD Family 25, Model 1, Stepping 1 is not supported by this version of FIRESTARTER!
Check project website for updates.
Warning: Using function FUNC_HSW_COREI_FMA_1T as fallback.
You can use the parameter --function to try other functions.
End: Mon May  4 14:01:34 CEST 2026  / 1777896094
SETTING GPU CLOCKS TO GRAPHICS=1320
GPU clocks set to "(gpuClkMin 1320, gpuClkMax 1320)" for GPU 00000000:A1:00.0
All done.
Nvidia Log: /home/hpc/unrz/unrz104h/Projects/CPU-GPU-Energy-Study/FIRESTARTER-A40-frequency/1320/1320_powerlog.csv
FIRESTARTER Log: /home/hpc/unrz/unrz104h/Projects/CPU-GPU-Energy-Study/FIRESTARTER-A40-frequency/1320/1320_pid-2071812.fsout
Warning: AMD Family 25, Model 1, Stepping 1 is not supported by this version of FIRESTARTER!
Check project website for updates.
Warning: Using function FUNC_HSW_COREI_FMA_1T as fallback.
You can use the parameter --function to try other functions.
End: Mon May  4 14:02:55 CEST 2026  / 1777896175
SETTING GPU CLOCKS TO GRAPHICS=1335
GPU clocks set to "(gpuClkMin 1335, gpuClkMax 1335)" for GPU 00000000:A1:00.0
All done.
Nvidia Log: /home/hpc/unrz/unrz104h/Projects/CPU-GPU-Energy-Study/FIRESTARTER-A40-frequency/1335/1335_powerlog.csv
FIRESTARTER Log: /home/hpc/unrz/unrz104h/Projects/CPU-GPU-Energy-Study/FIRESTARTER-A40-frequency/1335/1335_pid-2071812.fsout
Warning: AMD Family 25, Model 1, Stepping 1 is not supported by this version of FIRESTARTER!
Check project website for updates.
Warning: Using function FUNC_HSW_COREI_FMA_1T as fallback.
You can use the parameter --function to try other functions.
End: Mon May  4 14:04:16 CEST 2026  / 1777896256
SETTING GPU CLOCKS TO GRAPHICS=1350
GPU clocks set to "(gpuClkMin 1350, gpuClkMax 1350)" for GPU 00000000:A1:00.0
All done.
Nvidia Log: /home/hpc/unrz/unrz104h/Projects/CPU-GPU-Energy-Study/FIRESTARTER-A40-frequency/1350/1350_powerlog.csv
FIRESTARTER Log: /home/hpc/unrz/unrz104h/Projects/CPU-GPU-Energy-Study/FIRESTARTER-A40-frequency/1350/1350_pid-2071812.fsout
Warning: AMD Family 25, Model 1, Stepping 1 is not supported by this version of FIRESTARTER!
Check project website for updates.
Warning: Using function FUNC_HSW_COREI_FMA_1T as fallback.
You can use the parameter --function to try other functions.
End: Mon May  4 14:05:36 CEST 2026  / 1777896336
SETTING GPU CLOCKS TO GRAPHICS=1365
GPU clocks set to "(gpuClkMin 1365, gpuClkMax 1365)" for GPU 00000000:A1:00.0
All done.
Nvidia Log: /home/hpc/unrz/unrz104h/Projects/CPU-GPU-Energy-Study/FIRESTARTER-A40-frequency/1365/1365_powerlog.csv
FIRESTARTER Log: /home/hpc/unrz/unrz104h/Projects/CPU-GPU-Energy-Study/FIRESTARTER-A40-frequency/1365/1365_pid-2071812.fsout
Warning: AMD Family 25, Model 1, Stepping 1 is not supported by this version of FIRESTARTER!
Check project website for updates.
Warning: Using function FUNC_HSW_COREI_FMA_1T as fallback.
You can use the parameter --function to try other functions.
End: Mon May  4 14:06:56 CEST 2026  / 1777896416
SETTING GPU CLOCKS TO GRAPHICS=1380
GPU clocks set to "(gpuClkMin 1380, gpuClkMax 1380)" for GPU 00000000:A1:00.0
All done.
Nvidia Log: /home/hpc/unrz/unrz104h/Projects/CPU-GPU-Energy-Study/FIRESTARTER-A40-frequency/1380/1380_powerlog.csv
FIRESTARTER Log: /home/hpc/unrz/unrz104h/Projects/CPU-GPU-Energy-Study/FIRESTARTER-A40-frequency/1380/1380_pid-2071812.fsout
Warning: AMD Family 25, Model 1, Stepping 1 is not supported by this version of FIRESTARTER!
Check project website for updates.
Warning: Using function FUNC_HSW_COREI_FMA_1T as fallback.
You can use the parameter --function to try other functions.
End: Mon May  4 14:08:16 CEST 2026  / 1777896496
SETTING GPU CLOCKS TO GRAPHICS=1395
GPU clocks set to "(gpuClkMin 1395, gpuClkMax 1395)" for GPU 00000000:A1:00.0
All done.
Nvidia Log: /home/hpc/unrz/unrz104h/Projects/CPU-GPU-Energy-Study/FIRESTARTER-A40-frequency/1395/1395_powerlog.csv
FIRESTARTER Log: /home/hpc/unrz/unrz104h/Projects/CPU-GPU-Energy-Study/FIRESTARTER-A40-frequency/1395/1395_pid-2071812.fsout
Warning: AMD Family 25, Model 1, Stepping 1 is not supported by this version of FIRESTARTER!
Check project website for updates.
Warning: Using function FUNC_HSW_COREI_FMA_1T as fallback.
You can use the parameter --function to try other functions.
End: Mon May  4 14:09:36 CEST 2026  / 1777896576
SETTING GPU CLOCKS TO GRAPHICS=1410
GPU clocks set to "(gpuClkMin 1410, gpuClkMax 1410)" for GPU 00000000:A1:00.0
All done.
Nvidia Log: /home/hpc/unrz/unrz104h/Projects/CPU-GPU-Energy-Study/FIRESTARTER-A40-frequency/1410/1410_powerlog.csv
FIRESTARTER Log: /home/hpc/unrz/unrz104h/Projects/CPU-GPU-Energy-Study/FIRESTARTER-A40-frequency/1410/1410_pid-2071812.fsout
Warning: AMD Family 25, Model 1, Stepping 1 is not supported by this version of FIRESTARTER!
Check project website for updates.
Warning: Using function FUNC_HSW_COREI_FMA_1T as fallback.
You can use the parameter --function to try other functions.
End: Mon May  4 14:10:55 CEST 2026  / 1777896655
SETTING GPU CLOCKS TO GRAPHICS=1425
GPU clocks set to "(gpuClkMin 1425, gpuClkMax 1425)" for GPU 00000000:A1:00.0
All done.
Nvidia Log: /home/hpc/unrz/unrz104h/Projects/CPU-GPU-Energy-Study/FIRESTARTER-A40-frequency/1425/1425_powerlog.csv
FIRESTARTER Log: /home/hpc/unrz/unrz104h/Projects/CPU-GPU-Energy-Study/FIRESTARTER-A40-frequency/1425/1425_pid-2071812.fsout
Warning: AMD Family 25, Model 1, Stepping 1 is not supported by this version of FIRESTARTER!
Check project website for updates.
Warning: Using function FUNC_HSW_COREI_FMA_1T as fallback.
You can use the parameter --function to try other functions.
End: Mon May  4 14:12:15 CEST 2026  / 1777896735
SETTING GPU CLOCKS TO GRAPHICS=1440
GPU clocks set to "(gpuClkMin 1440, gpuClkMax 1440)" for GPU 00000000:A1:00.0
All done.
Nvidia Log: /home/hpc/unrz/unrz104h/Projects/CPU-GPU-Energy-Study/FIRESTARTER-A40-frequency/1440/1440_powerlog.csv
FIRESTARTER Log: /home/hpc/unrz/unrz104h/Projects/CPU-GPU-Energy-Study/FIRESTARTER-A40-frequency/1440/1440_pid-2071812.fsout
Warning: AMD Family 25, Model 1, Stepping 1 is not supported by this version of FIRESTARTER!
Check project website for updates.
Warning: Using function FUNC_HSW_COREI_FMA_1T as fallback.
You can use the parameter --function to try other functions.
End: Mon May  4 14:13:35 CEST 2026  / 1777896815
SETTING GPU CLOCKS TO GRAPHICS=1455
GPU clocks set to "(gpuClkMin 1455, gpuClkMax 1455)" for GPU 00000000:A1:00.0
All done.
Nvidia Log: /home/hpc/unrz/unrz104h/Projects/CPU-GPU-Energy-Study/FIRESTARTER-A40-frequency/1455/1455_powerlog.csv
FIRESTARTER Log: /home/hpc/unrz/unrz104h/Projects/CPU-GPU-Energy-Study/FIRESTARTER-A40-frequency/1455/1455_pid-2071812.fsout
Warning: AMD Family 25, Model 1, Stepping 1 is not supported by this version of FIRESTARTER!
Check project website for updates.
Warning: Using function FUNC_HSW_COREI_FMA_1T as fallback.
You can use the parameter --function to try other functions.
End: Mon May  4 14:14:55 CEST 2026  / 1777896895
SETTING GPU CLOCKS TO GRAPHICS=1470
GPU clocks set to "(gpuClkMin 1470, gpuClkMax 1470)" for GPU 00000000:A1:00.0
All done.
Nvidia Log: /home/hpc/unrz/unrz104h/Projects/CPU-GPU-Energy-Study/FIRESTARTER-A40-frequency/1470/1470_powerlog.csv
FIRESTARTER Log: /home/hpc/unrz/unrz104h/Projects/CPU-GPU-Energy-Study/FIRESTARTER-A40-frequency/1470/1470_pid-2071812.fsout
Warning: AMD Family 25, Model 1, Stepping 1 is not supported by this version of FIRESTARTER!
Check project website for updates.
Warning: Using function FUNC_HSW_COREI_FMA_1T as fallback.
You can use the parameter --function to try other functions.
End: Mon May  4 14:16:15 CEST 2026  / 1777896975
SETTING GPU CLOCKS TO GRAPHICS=1485
GPU clocks set to "(gpuClkMin 1485, gpuClkMax 1485)" for GPU 00000000:A1:00.0
All done.
Nvidia Log: /home/hpc/unrz/unrz104h/Projects/CPU-GPU-Energy-Study/FIRESTARTER-A40-frequency/1485/1485_powerlog.csv
FIRESTARTER Log: /home/hpc/unrz/unrz104h/Projects/CPU-GPU-Energy-Study/FIRESTARTER-A40-frequency/1485/1485_pid-2071812.fsout
Warning: AMD Family 25, Model 1, Stepping 1 is not supported by this version of FIRESTARTER!
Check project website for updates.
Warning: Using function FUNC_HSW_COREI_FMA_1T as fallback.
You can use the parameter --function to try other functions.
End: Mon May  4 14:17:35 CEST 2026  / 1777897055
SETTING GPU CLOCKS TO GRAPHICS=1500
GPU clocks set to "(gpuClkMin 1500, gpuClkMax 1500)" for GPU 00000000:A1:00.0
All done.
Nvidia Log: /home/hpc/unrz/unrz104h/Projects/CPU-GPU-Energy-Study/FIRESTARTER-A40-frequency/1500/1500_powerlog.csv
FIRESTARTER Log: /home/hpc/unrz/unrz104h/Projects/CPU-GPU-Energy-Study/FIRESTARTER-A40-frequency/1500/1500_pid-2071812.fsout
Warning: AMD Family 25, Model 1, Stepping 1 is not supported by this version of FIRESTARTER!
Check project website for updates.
Warning: Using function FUNC_HSW_COREI_FMA_1T as fallback.
You can use the parameter --function to try other functions.
End: Mon May  4 14:18:55 CEST 2026  / 1777897135
SETTING GPU CLOCKS TO GRAPHICS=1515
GPU clocks set to "(gpuClkMin 1515, gpuClkMax 1515)" for GPU 00000000:A1:00.0
All done.
Nvidia Log: /home/hpc/unrz/unrz104h/Projects/CPU-GPU-Energy-Study/FIRESTARTER-A40-frequency/1515/1515_powerlog.csv
FIRESTARTER Log: /home/hpc/unrz/unrz104h/Projects/CPU-GPU-Energy-Study/FIRESTARTER-A40-frequency/1515/1515_pid-2071812.fsout
Warning: AMD Family 25, Model 1, Stepping 1 is not supported by this version of FIRESTARTER!
Check project website for updates.
Warning: Using function FUNC_HSW_COREI_FMA_1T as fallback.
You can use the parameter --function to try other functions.
End: Mon May  4 14:20:15 CEST 2026  / 1777897215
SETTING GPU CLOCKS TO GRAPHICS=1530
GPU clocks set to "(gpuClkMin 1530, gpuClkMax 1530)" for GPU 00000000:A1:00.0
All done.
Nvidia Log: /home/hpc/unrz/unrz104h/Projects/CPU-GPU-Energy-Study/FIRESTARTER-A40-frequency/1530/1530_powerlog.csv
FIRESTARTER Log: /home/hpc/unrz/unrz104h/Projects/CPU-GPU-Energy-Study/FIRESTARTER-A40-frequency/1530/1530_pid-2071812.fsout
Warning: AMD Family 25, Model 1, Stepping 1 is not supported by this version of FIRESTARTER!
Check project website for updates.
Warning: Using function FUNC_HSW_COREI_FMA_1T as fallback.
You can use the parameter --function to try other functions.
End: Mon May  4 14:21:35 CEST 2026  / 1777897295
SETTING GPU CLOCKS TO GRAPHICS=1545
GPU clocks set to "(gpuClkMin 1545, gpuClkMax 1545)" for GPU 00000000:A1:00.0
All done.
Nvidia Log: /home/hpc/unrz/unrz104h/Projects/CPU-GPU-Energy-Study/FIRESTARTER-A40-frequency/1545/1545_powerlog.csv
FIRESTARTER Log: /home/hpc/unrz/unrz104h/Projects/CPU-GPU-Energy-Study/FIRESTARTER-A40-frequency/1545/1545_pid-2071812.fsout
Warning: AMD Family 25, Model 1, Stepping 1 is not supported by this version of FIRESTARTER!
Check project website for updates.
Warning: Using function FUNC_HSW_COREI_FMA_1T as fallback.
You can use the parameter --function to try other functions.
End: Mon May  4 14:22:55 CEST 2026  / 1777897375
SETTING GPU CLOCKS TO GRAPHICS=1560
GPU clocks set to "(gpuClkMin 1560, gpuClkMax 1560)" for GPU 00000000:A1:00.0
All done.
Nvidia Log: /home/hpc/unrz/unrz104h/Projects/CPU-GPU-Energy-Study/FIRESTARTER-A40-frequency/1560/1560_powerlog.csv
FIRESTARTER Log: /home/hpc/unrz/unrz104h/Projects/CPU-GPU-Energy-Study/FIRESTARTER-A40-frequency/1560/1560_pid-2071812.fsout
Warning: AMD Family 25, Model 1, Stepping 1 is not supported by this version of FIRESTARTER!
Check project website for updates.
Warning: Using function FUNC_HSW_COREI_FMA_1T as fallback.
You can use the parameter --function to try other functions.
End: Mon May  4 14:24:15 CEST 2026  / 1777897455
SETTING GPU CLOCKS TO GRAPHICS=1575
GPU clocks set to "(gpuClkMin 1575, gpuClkMax 1575)" for GPU 00000000:A1:00.0
All done.
Nvidia Log: /home/hpc/unrz/unrz104h/Projects/CPU-GPU-Energy-Study/FIRESTARTER-A40-frequency/1575/1575_powerlog.csv
FIRESTARTER Log: /home/hpc/unrz/unrz104h/Projects/CPU-GPU-Energy-Study/FIRESTARTER-A40-frequency/1575/1575_pid-2071812.fsout
Warning: AMD Family 25, Model 1, Stepping 1 is not supported by this version of FIRESTARTER!
Check project website for updates.
Warning: Using function FUNC_HSW_COREI_FMA_1T as fallback.
You can use the parameter --function to try other functions.
End: Mon May  4 14:25:35 CEST 2026  / 1777897535
SETTING GPU CLOCKS TO GRAPHICS=1590
GPU clocks set to "(gpuClkMin 1590, gpuClkMax 1590)" for GPU 00000000:A1:00.0
All done.
Nvidia Log: /home/hpc/unrz/unrz104h/Projects/CPU-GPU-Energy-Study/FIRESTARTER-A40-frequency/1590/1590_powerlog.csv
FIRESTARTER Log: /home/hpc/unrz/unrz104h/Projects/CPU-GPU-Energy-Study/FIRESTARTER-A40-frequency/1590/1590_pid-2071812.fsout
Warning: AMD Family 25, Model 1, Stepping 1 is not supported by this version of FIRESTARTER!
Check project website for updates.
Warning: Using function FUNC_HSW_COREI_FMA_1T as fallback.
You can use the parameter --function to try other functions.
End: Mon May  4 14:26:55 CEST 2026  / 1777897615
SETTING GPU CLOCKS TO GRAPHICS=1605
GPU clocks set to "(gpuClkMin 1605, gpuClkMax 1605)" for GPU 00000000:A1:00.0
All done.
Nvidia Log: /home/hpc/unrz/unrz104h/Projects/CPU-GPU-Energy-Study/FIRESTARTER-A40-frequency/1605/1605_powerlog.csv
FIRESTARTER Log: /home/hpc/unrz/unrz104h/Projects/CPU-GPU-Energy-Study/FIRESTARTER-A40-frequency/1605/1605_pid-2071812.fsout
Warning: AMD Family 25, Model 1, Stepping 1 is not supported by this version of FIRESTARTER!
Check project website for updates.
Warning: Using function FUNC_HSW_COREI_FMA_1T as fallback.
You can use the parameter --function to try other functions.
End: Mon May  4 14:28:15 CEST 2026  / 1777897695
SETTING GPU CLOCKS TO GRAPHICS=1620
GPU clocks set to "(gpuClkMin 1620, gpuClkMax 1620)" for GPU 00000000:A1:00.0
All done.
Nvidia Log: /home/hpc/unrz/unrz104h/Projects/CPU-GPU-Energy-Study/FIRESTARTER-A40-frequency/1620/1620_powerlog.csv
FIRESTARTER Log: /home/hpc/unrz/unrz104h/Projects/CPU-GPU-Energy-Study/FIRESTARTER-A40-frequency/1620/1620_pid-2071812.fsout
Warning: AMD Family 25, Model 1, Stepping 1 is not supported by this version of FIRESTARTER!
Check project website for updates.
Warning: Using function FUNC_HSW_COREI_FMA_1T as fallback.
You can use the parameter --function to try other functions.
End: Mon May  4 14:29:35 CEST 2026  / 1777897775
SETTING GPU CLOCKS TO GRAPHICS=1635
GPU clocks set to "(gpuClkMin 1635, gpuClkMax 1635)" for GPU 00000000:A1:00.0
All done.
Nvidia Log: /home/hpc/unrz/unrz104h/Projects/CPU-GPU-Energy-Study/FIRESTARTER-A40-frequency/1635/1635_powerlog.csv
FIRESTARTER Log: /home/hpc/unrz/unrz104h/Projects/CPU-GPU-Energy-Study/FIRESTARTER-A40-frequency/1635/1635_pid-2071812.fsout
Warning: AMD Family 25, Model 1, Stepping 1 is not supported by this version of FIRESTARTER!
Check project website for updates.
Warning: Using function FUNC_HSW_COREI_FMA_1T as fallback.
You can use the parameter --function to try other functions.
End: Mon May  4 14:30:55 CEST 2026  / 1777897855
SETTING GPU CLOCKS TO GRAPHICS=1650
GPU clocks set to "(gpuClkMin 1650, gpuClkMax 1650)" for GPU 00000000:A1:00.0
All done.
Nvidia Log: /home/hpc/unrz/unrz104h/Projects/CPU-GPU-Energy-Study/FIRESTARTER-A40-frequency/1650/1650_powerlog.csv
FIRESTARTER Log: /home/hpc/unrz/unrz104h/Projects/CPU-GPU-Energy-Study/FIRESTARTER-A40-frequency/1650/1650_pid-2071812.fsout
Warning: AMD Family 25, Model 1, Stepping 1 is not supported by this version of FIRESTARTER!
Check project website for updates.
Warning: Using function FUNC_HSW_COREI_FMA_1T as fallback.
You can use the parameter --function to try other functions.
End: Mon May  4 14:32:14 CEST 2026  / 1777897934
SETTING GPU CLOCKS TO GRAPHICS=1665
GPU clocks set to "(gpuClkMin 1665, gpuClkMax 1665)" for GPU 00000000:A1:00.0
All done.
Nvidia Log: /home/hpc/unrz/unrz104h/Projects/CPU-GPU-Energy-Study/FIRESTARTER-A40-frequency/1665/1665_powerlog.csv
FIRESTARTER Log: /home/hpc/unrz/unrz104h/Projects/CPU-GPU-Energy-Study/FIRESTARTER-A40-frequency/1665/1665_pid-2071812.fsout
Warning: AMD Family 25, Model 1, Stepping 1 is not supported by this version of FIRESTARTER!
Check project website for updates.
Warning: Using function FUNC_HSW_COREI_FMA_1T as fallback.
You can use the parameter --function to try other functions.
End: Mon May  4 14:33:34 CEST 2026  / 1777898014
SETTING GPU CLOCKS TO GRAPHICS=1680
GPU clocks set to "(gpuClkMin 1680, gpuClkMax 1680)" for GPU 00000000:A1:00.0
All done.
Nvidia Log: /home/hpc/unrz/unrz104h/Projects/CPU-GPU-Energy-Study/FIRESTARTER-A40-frequency/1680/1680_powerlog.csv
FIRESTARTER Log: /home/hpc/unrz/unrz104h/Projects/CPU-GPU-Energy-Study/FIRESTARTER-A40-frequency/1680/1680_pid-2071812.fsout
Warning: AMD Family 25, Model 1, Stepping 1 is not supported by this version of FIRESTARTER!
Check project website for updates.
Warning: Using function FUNC_HSW_COREI_FMA_1T as fallback.
You can use the parameter --function to try other functions.
End: Mon May  4 14:34:54 CEST 2026  / 1777898094
SETTING GPU CLOCKS TO GRAPHICS=1695
GPU clocks set to "(gpuClkMin 1695, gpuClkMax 1695)" for GPU 00000000:A1:00.0
All done.
Nvidia Log: /home/hpc/unrz/unrz104h/Projects/CPU-GPU-Energy-Study/FIRESTARTER-A40-frequency/1695/1695_powerlog.csv
FIRESTARTER Log: /home/hpc/unrz/unrz104h/Projects/CPU-GPU-Energy-Study/FIRESTARTER-A40-frequency/1695/1695_pid-2071812.fsout
Warning: AMD Family 25, Model 1, Stepping 1 is not supported by this version of FIRESTARTER!
Check project website for updates.
Warning: Using function FUNC_HSW_COREI_FMA_1T as fallback.
You can use the parameter --function to try other functions.
End: Mon May  4 14:36:14 CEST 2026  / 1777898174
SETTING GPU CLOCKS TO GRAPHICS=1710
GPU clocks set to "(gpuClkMin 1710, gpuClkMax 1710)" for GPU 00000000:A1:00.0
All done.
Nvidia Log: /home/hpc/unrz/unrz104h/Projects/CPU-GPU-Energy-Study/FIRESTARTER-A40-frequency/1710/1710_powerlog.csv
FIRESTARTER Log: /home/hpc/unrz/unrz104h/Projects/CPU-GPU-Energy-Study/FIRESTARTER-A40-frequency/1710/1710_pid-2071812.fsout
Warning: AMD Family 25, Model 1, Stepping 1 is not supported by this version of FIRESTARTER!
Check project website for updates.
Warning: Using function FUNC_HSW_COREI_FMA_1T as fallback.
You can use the parameter --function to try other functions.
End: Mon May  4 14:37:34 CEST 2026  / 1777898254
SETTING GPU CLOCKS TO GRAPHICS=1725
GPU clocks set to "(gpuClkMin 1725, gpuClkMax 1725)" for GPU 00000000:A1:00.0
All done.
Nvidia Log: /home/hpc/unrz/unrz104h/Projects/CPU-GPU-Energy-Study/FIRESTARTER-A40-frequency/1725/1725_powerlog.csv
FIRESTARTER Log: /home/hpc/unrz/unrz104h/Projects/CPU-GPU-Energy-Study/FIRESTARTER-A40-frequency/1725/1725_pid-2071812.fsout
Warning: AMD Family 25, Model 1, Stepping 1 is not supported by this version of FIRESTARTER!
Check project website for updates.
Warning: Using function FUNC_HSW_COREI_FMA_1T as fallback.
You can use the parameter --function to try other functions.
End: Mon May  4 14:38:54 CEST 2026  / 1777898334
SETTING GPU CLOCKS TO GRAPHICS=1740
GPU clocks set to "(gpuClkMin 1740, gpuClkMax 1740)" for GPU 00000000:A1:00.0
All done.
Nvidia Log: /home/hpc/unrz/unrz104h/Projects/CPU-GPU-Energy-Study/FIRESTARTER-A40-frequency/1740/1740_powerlog.csv
FIRESTARTER Log: /home/hpc/unrz/unrz104h/Projects/CPU-GPU-Energy-Study/FIRESTARTER-A40-frequency/1740/1740_pid-2071812.fsout
Warning: AMD Family 25, Model 1, Stepping 1 is not supported by this version of FIRESTARTER!
Check project website for updates.
Warning: Using function FUNC_HSW_COREI_FMA_1T as fallback.
You can use the parameter --function to try other functions.
End: Mon May  4 14:40:14 CEST 2026  / 1777898414
Resetting clocks...
All done.
Done!
