### This is /var/tmp/slurmd_spool/job3570036/slurm_script
#!/bin/bash -l
#SBATCH --job-name=benchA40-freq
#SBATCH --nodes=1
#SBATCH --gres=gpu:a40:1
#SBATCH --time=24:00:00

set -eu

if [ $# -ne 1 ]; then
    echo "Usage: $0 [result-dir]"
    exit 1
fi

function reset_clocks() {
    echo "Resetting clocks..."
    sudo nvidia-smi -rgc
    echo "Done!"
}

trap 'reset_clocks' 15

RESULT_DIR="$(readlink -f "${1}")"
mkdir -p "${RESULT_DIR}"

LOG_FILE="${RESULT_DIR}/firestarter-bench-`date +%Y%m%d`-`hostname -s`.$$.log"
echo "Saving bench log also to log file ..."
echo "Please be patient ..."
exec > >( tee "${LOG_FILE}" ) 2>&1

# save script for reference :)
echo "### This is ${0}"
cat "${0}"

echo "Start: `date`  / `date +%s`"

echo "########################################"

BINARY=/home/hpc/unrz/unrz104h/Projects/FIRESTARTER/sources/build/src/FIRESTARTER_CUDA

#cat /proc/cpuinfo

export CUDA_VISIBLE_DEVICES=0
nvidia-smi -i ${CUDA_VISIBLE_DEVICES}

for ((FREQ=210; FREQ<=1740; FREQ+=60)); do
    if (( FREQ > 1740 )); then
        FREQ=1740
    fi
    # === PARSE GPU CLOCK SETTINGS ===
    GPU_GRAPHICS_CLOCK="${FREQ}"

    # === SET GPU CLOCKS ===  
    echo "SETTING GPU CLOCKS TO GRAPHICS=${GPU_GRAPHICS_CLOCK}"
    sudo /usr/bin/nvidia-smi --lock-gpu-clocks="${GPU_GRAPHICS_CLOCK},${GPU_GRAPHICS_CLOCK}"

    SUB_RESULT_DIR="${RESULT_DIR}/${GPU_GRAPHICS_CLOCK}"
    mkdir -p "${SUB_RESULT_DIR}"

    NVLOG_FILE="${SUB_RESULT_DIR}/${GPU_GRAPHICS_CLOCK}_powerlog.csv"
    FSLOG_FILE="${SUB_RESULT_DIR}/${GPU_GRAPHICS_CLOCK}_pid-$$.fsout"

    echo "Nvidia Log: ${NVLOG_FILE}"
    echo "FIRESTARTER Log: ${FSLOG_FILE}"

    echo "!!!! SMT IST AKTIV! ALSO NUR 8 PHYSIKALISCHE KERNE !!!!"

    nvidia-smi -i "${CUDA_VISIBLE_DEVICES}" --loop-ms=100 --query-gpu=timestamp,power.draw,utilization.gpu --format=csv > "${NVLOG_FILE}" & POWER_PID=$!
    "${BINARY}" -n 1 -l 1 -t 60 --period 1000000 > "${FSLOG_FILE}"
    kill "${POWER_PID}"

    echo "End: `date`  / `date +%s`"
done 

reset_clocks
Start: Wed Apr 29 16:27:57 CEST 2026  / 1777472877
########################################
Wed Apr 29 16:27:57 2026       
+-----------------------------------------------------------------------------------------+
| NVIDIA-SMI 590.48.01              Driver Version: 590.48.01      CUDA Version: 13.1     |
+-----------------------------------------+------------------------+----------------------+
| GPU  Name                 Persistence-M | Bus-Id          Disp.A | Volatile Uncorr. ECC |
| Fan  Temp   Perf          Pwr:Usage/Cap |           Memory-Usage | GPU-Util  Compute M. |
|                                         |                        |               MIG M. |
|=========================================+========================+======================|
|   0  NVIDIA A40                     On  |   00000000:81:00.0 Off |                  Off |
|  0%   36C    P0             38W /  300W |       0MiB /  49140MiB |      0%      Default |
|                                         |                        |                  N/A |
+-----------------------------------------+------------------------+----------------------+

+-----------------------------------------------------------------------------------------+
| Processes:                                                                              |
|  GPU   GI   CI              PID   Type   Process name                        GPU Memory |
|        ID   ID                                                               Usage      |
|=========================================================================================|
|  No running processes found                                                             |
+-----------------------------------------------------------------------------------------+
SETTING GPU CLOCKS TO GRAPHICS=210
GPU clocks set to "(gpuClkMin 210, gpuClkMax 210)" for GPU 00000000:81:00.0
All done.
Nvidia Log: /home/hpc/unrz/unrz104h/Projects/CPU-GPU-Energy-Study/FIRESTARTER-A40-frequency/210/210_powerlog.csv
FIRESTARTER Log: /home/hpc/unrz/unrz104h/Projects/CPU-GPU-Energy-Study/FIRESTARTER-A40-frequency/210/210_pid-3408883.fsout
!!!! SMT IST AKTIV! ALSO NUR 8 PHYSIKALISCHE KERNE !!!!
Warning: AMD Family 25, Model 1, Stepping 1 is not supported by this version of FIRESTARTER!
Check project website for updates.
Warning: Using function FUNC_HSW_COREI_FMA_1T as fallback.
You can use the parameter --function to try other functions.
End: Wed Apr 29 16:30:45 CEST 2026  / 1777473045
SETTING GPU CLOCKS TO GRAPHICS=270
GPU clocks set to "(gpuClkMin 270, gpuClkMax 270)" for GPU 00000000:81:00.0
All done.
Nvidia Log: /home/hpc/unrz/unrz104h/Projects/CPU-GPU-Energy-Study/FIRESTARTER-A40-frequency/270/270_powerlog.csv
FIRESTARTER Log: /home/hpc/unrz/unrz104h/Projects/CPU-GPU-Energy-Study/FIRESTARTER-A40-frequency/270/270_pid-3408883.fsout
!!!! SMT IST AKTIV! ALSO NUR 8 PHYSIKALISCHE KERNE !!!!
Warning: AMD Family 25, Model 1, Stepping 1 is not supported by this version of FIRESTARTER!
Check project website for updates.
Warning: Using function FUNC_HSW_COREI_FMA_1T as fallback.
You can use the parameter --function to try other functions.
End: Wed Apr 29 16:32:56 CEST 2026  / 1777473176
SETTING GPU CLOCKS TO GRAPHICS=330
GPU clocks set to "(gpuClkMin 330, gpuClkMax 330)" for GPU 00000000:81:00.0
All done.
Nvidia Log: /home/hpc/unrz/unrz104h/Projects/CPU-GPU-Energy-Study/FIRESTARTER-A40-frequency/330/330_powerlog.csv
FIRESTARTER Log: /home/hpc/unrz/unrz104h/Projects/CPU-GPU-Energy-Study/FIRESTARTER-A40-frequency/330/330_pid-3408883.fsout
!!!! SMT IST AKTIV! ALSO NUR 8 PHYSIKALISCHE KERNE !!!!
Warning: AMD Family 25, Model 1, Stepping 1 is not supported by this version of FIRESTARTER!
Check project website for updates.
Warning: Using function FUNC_HSW_COREI_FMA_1T as fallback.
You can use the parameter --function to try other functions.
End: Wed Apr 29 16:34:44 CEST 2026  / 1777473284
SETTING GPU CLOCKS TO GRAPHICS=390
GPU clocks set to "(gpuClkMin 390, gpuClkMax 390)" for GPU 00000000:81:00.0
All done.
Nvidia Log: /home/hpc/unrz/unrz104h/Projects/CPU-GPU-Energy-Study/FIRESTARTER-A40-frequency/390/390_powerlog.csv
FIRESTARTER Log: /home/hpc/unrz/unrz104h/Projects/CPU-GPU-Energy-Study/FIRESTARTER-A40-frequency/390/390_pid-3408883.fsout
!!!! SMT IST AKTIV! ALSO NUR 8 PHYSIKALISCHE KERNE !!!!
Warning: AMD Family 25, Model 1, Stepping 1 is not supported by this version of FIRESTARTER!
Check project website for updates.
Warning: Using function FUNC_HSW_COREI_FMA_1T as fallback.
You can use the parameter --function to try other functions.
End: Wed Apr 29 16:36:15 CEST 2026  / 1777473375
SETTING GPU CLOCKS TO GRAPHICS=450
GPU clocks set to "(gpuClkMin 450, gpuClkMax 450)" for GPU 00000000:81:00.0
All done.
Nvidia Log: /home/hpc/unrz/unrz104h/Projects/CPU-GPU-Energy-Study/FIRESTARTER-A40-frequency/450/450_powerlog.csv
FIRESTARTER Log: /home/hpc/unrz/unrz104h/Projects/CPU-GPU-Energy-Study/FIRESTARTER-A40-frequency/450/450_pid-3408883.fsout
!!!! SMT IST AKTIV! ALSO NUR 8 PHYSIKALISCHE KERNE !!!!
Warning: AMD Family 25, Model 1, Stepping 1 is not supported by this version of FIRESTARTER!
Check project website for updates.
Warning: Using function FUNC_HSW_COREI_FMA_1T as fallback.
You can use the parameter --function to try other functions.
End: Wed Apr 29 16:37:35 CEST 2026  / 1777473455
SETTING GPU CLOCKS TO GRAPHICS=510
GPU clocks set to "(gpuClkMin 510, gpuClkMax 510)" for GPU 00000000:81:00.0
All done.
Nvidia Log: /home/hpc/unrz/unrz104h/Projects/CPU-GPU-Energy-Study/FIRESTARTER-A40-frequency/510/510_powerlog.csv
FIRESTARTER Log: /home/hpc/unrz/unrz104h/Projects/CPU-GPU-Energy-Study/FIRESTARTER-A40-frequency/510/510_pid-3408883.fsout
!!!! SMT IST AKTIV! ALSO NUR 8 PHYSIKALISCHE KERNE !!!!
Warning: AMD Family 25, Model 1, Stepping 1 is not supported by this version of FIRESTARTER!
Check project website for updates.
Warning: Using function FUNC_HSW_COREI_FMA_1T as fallback.
You can use the parameter --function to try other functions.
End: Wed Apr 29 16:38:46 CEST 2026  / 1777473526
SETTING GPU CLOCKS TO GRAPHICS=570
GPU clocks set to "(gpuClkMin 570, gpuClkMax 570)" for GPU 00000000:81:00.0
All done.
Nvidia Log: /home/hpc/unrz/unrz104h/Projects/CPU-GPU-Energy-Study/FIRESTARTER-A40-frequency/570/570_powerlog.csv
FIRESTARTER Log: /home/hpc/unrz/unrz104h/Projects/CPU-GPU-Energy-Study/FIRESTARTER-A40-frequency/570/570_pid-3408883.fsout
!!!! SMT IST AKTIV! ALSO NUR 8 PHYSIKALISCHE KERNE !!!!
Warning: AMD Family 25, Model 1, Stepping 1 is not supported by this version of FIRESTARTER!
Check project website for updates.
Warning: Using function FUNC_HSW_COREI_FMA_1T as fallback.
You can use the parameter --function to try other functions.
End: Wed Apr 29 16:39:50 CEST 2026  / 1777473590
SETTING GPU CLOCKS TO GRAPHICS=630
GPU clocks set to "(gpuClkMin 630, gpuClkMax 630)" for GPU 00000000:81:00.0
All done.
Nvidia Log: /home/hpc/unrz/unrz104h/Projects/CPU-GPU-Energy-Study/FIRESTARTER-A40-frequency/630/630_powerlog.csv
FIRESTARTER Log: /home/hpc/unrz/unrz104h/Projects/CPU-GPU-Energy-Study/FIRESTARTER-A40-frequency/630/630_pid-3408883.fsout
!!!! SMT IST AKTIV! ALSO NUR 8 PHYSIKALISCHE KERNE !!!!
Warning: AMD Family 25, Model 1, Stepping 1 is not supported by this version of FIRESTARTER!
Check project website for updates.
Warning: Using function FUNC_HSW_COREI_FMA_1T as fallback.
You can use the parameter --function to try other functions.
End: Wed Apr 29 16:41:43 CEST 2026  / 1777473703
SETTING GPU CLOCKS TO GRAPHICS=690
GPU clocks set to "(gpuClkMin 690, gpuClkMax 690)" for GPU 00000000:81:00.0
All done.
Nvidia Log: /home/hpc/unrz/unrz104h/Projects/CPU-GPU-Energy-Study/FIRESTARTER-A40-frequency/690/690_powerlog.csv
FIRESTARTER Log: /home/hpc/unrz/unrz104h/Projects/CPU-GPU-Energy-Study/FIRESTARTER-A40-frequency/690/690_pid-3408883.fsout
!!!! SMT IST AKTIV! ALSO NUR 8 PHYSIKALISCHE KERNE !!!!
Warning: AMD Family 25, Model 1, Stepping 1 is not supported by this version of FIRESTARTER!
Check project website for updates.
Warning: Using function FUNC_HSW_COREI_FMA_1T as fallback.
You can use the parameter --function to try other functions.
End: Wed Apr 29 16:43:27 CEST 2026  / 1777473807
SETTING GPU CLOCKS TO GRAPHICS=750
GPU clocks set to "(gpuClkMin 750, gpuClkMax 750)" for GPU 00000000:81:00.0
All done.
Nvidia Log: /home/hpc/unrz/unrz104h/Projects/CPU-GPU-Energy-Study/FIRESTARTER-A40-frequency/750/750_powerlog.csv
FIRESTARTER Log: /home/hpc/unrz/unrz104h/Projects/CPU-GPU-Energy-Study/FIRESTARTER-A40-frequency/750/750_pid-3408883.fsout
!!!! SMT IST AKTIV! ALSO NUR 8 PHYSIKALISCHE KERNE !!!!
Warning: AMD Family 25, Model 1, Stepping 1 is not supported by this version of FIRESTARTER!
Check project website for updates.
Warning: Using function FUNC_HSW_COREI_FMA_1T as fallback.
You can use the parameter --function to try other functions.
End: Wed Apr 29 16:45:03 CEST 2026  / 1777473903
SETTING GPU CLOCKS TO GRAPHICS=810
GPU clocks set to "(gpuClkMin 810, gpuClkMax 810)" for GPU 00000000:81:00.0
All done.
Nvidia Log: /home/hpc/unrz/unrz104h/Projects/CPU-GPU-Energy-Study/FIRESTARTER-A40-frequency/810/810_powerlog.csv
FIRESTARTER Log: /home/hpc/unrz/unrz104h/Projects/CPU-GPU-Energy-Study/FIRESTARTER-A40-frequency/810/810_pid-3408883.fsout
!!!! SMT IST AKTIV! ALSO NUR 8 PHYSIKALISCHE KERNE !!!!
Warning: AMD Family 25, Model 1, Stepping 1 is not supported by this version of FIRESTARTER!
Check project website for updates.
Warning: Using function FUNC_HSW_COREI_FMA_1T as fallback.
You can use the parameter --function to try other functions.
End: Wed Apr 29 16:46:32 CEST 2026  / 1777473992
SETTING GPU CLOCKS TO GRAPHICS=870
GPU clocks set to "(gpuClkMin 870, gpuClkMax 870)" for GPU 00000000:81:00.0
All done.
Nvidia Log: /home/hpc/unrz/unrz104h/Projects/CPU-GPU-Energy-Study/FIRESTARTER-A40-frequency/870/870_powerlog.csv
FIRESTARTER Log: /home/hpc/unrz/unrz104h/Projects/CPU-GPU-Energy-Study/FIRESTARTER-A40-frequency/870/870_pid-3408883.fsout
!!!! SMT IST AKTIV! ALSO NUR 8 PHYSIKALISCHE KERNE !!!!
Warning: AMD Family 25, Model 1, Stepping 1 is not supported by this version of FIRESTARTER!
Check project website for updates.
Warning: Using function FUNC_HSW_COREI_FMA_1T as fallback.
You can use the parameter --function to try other functions.
End: Wed Apr 29 16:47:55 CEST 2026  / 1777474075
SETTING GPU CLOCKS TO GRAPHICS=930
GPU clocks set to "(gpuClkMin 930, gpuClkMax 930)" for GPU 00000000:81:00.0
All done.
Nvidia Log: /home/hpc/unrz/unrz104h/Projects/CPU-GPU-Energy-Study/FIRESTARTER-A40-frequency/930/930_powerlog.csv
FIRESTARTER Log: /home/hpc/unrz/unrz104h/Projects/CPU-GPU-Energy-Study/FIRESTARTER-A40-frequency/930/930_pid-3408883.fsout
!!!! SMT IST AKTIV! ALSO NUR 8 PHYSIKALISCHE KERNE !!!!
Warning: AMD Family 25, Model 1, Stepping 1 is not supported by this version of FIRESTARTER!
Check project website for updates.
Warning: Using function FUNC_HSW_COREI_FMA_1T as fallback.
You can use the parameter --function to try other functions.
End: Wed Apr 29 16:49:12 CEST 2026  / 1777474152
SETTING GPU CLOCKS TO GRAPHICS=990
GPU clocks set to "(gpuClkMin 990, gpuClkMax 990)" for GPU 00000000:81:00.0
All done.
Nvidia Log: /home/hpc/unrz/unrz104h/Projects/CPU-GPU-Energy-Study/FIRESTARTER-A40-frequency/990/990_powerlog.csv
FIRESTARTER Log: /home/hpc/unrz/unrz104h/Projects/CPU-GPU-Energy-Study/FIRESTARTER-A40-frequency/990/990_pid-3408883.fsout
!!!! SMT IST AKTIV! ALSO NUR 8 PHYSIKALISCHE KERNE !!!!
Warning: AMD Family 25, Model 1, Stepping 1 is not supported by this version of FIRESTARTER!
Check project website for updates.
Warning: Using function FUNC_HSW_COREI_FMA_1T as fallback.
You can use the parameter --function to try other functions.
End: Wed Apr 29 16:50:26 CEST 2026  / 1777474226
SETTING GPU CLOCKS TO GRAPHICS=1050
GPU clocks set to "(gpuClkMin 1050, gpuClkMax 1050)" for GPU 00000000:81:00.0
All done.
Nvidia Log: /home/hpc/unrz/unrz104h/Projects/CPU-GPU-Energy-Study/FIRESTARTER-A40-frequency/1050/1050_powerlog.csv
FIRESTARTER Log: /home/hpc/unrz/unrz104h/Projects/CPU-GPU-Energy-Study/FIRESTARTER-A40-frequency/1050/1050_pid-3408883.fsout
!!!! SMT IST AKTIV! ALSO NUR 8 PHYSIKALISCHE KERNE !!!!
Warning: AMD Family 25, Model 1, Stepping 1 is not supported by this version of FIRESTARTER!
Check project website for updates.
Warning: Using function FUNC_HSW_COREI_FMA_1T as fallback.
You can use the parameter --function to try other functions.
End: Wed Apr 29 16:51:35 CEST 2026  / 1777474295
SETTING GPU CLOCKS TO GRAPHICS=1110
GPU clocks set to "(gpuClkMin 1110, gpuClkMax 1110)" for GPU 00000000:81:00.0
All done.
Nvidia Log: /home/hpc/unrz/unrz104h/Projects/CPU-GPU-Energy-Study/FIRESTARTER-A40-frequency/1110/1110_powerlog.csv
FIRESTARTER Log: /home/hpc/unrz/unrz104h/Projects/CPU-GPU-Energy-Study/FIRESTARTER-A40-frequency/1110/1110_pid-3408883.fsout
!!!! SMT IST AKTIV! ALSO NUR 8 PHYSIKALISCHE KERNE !!!!
Warning: AMD Family 25, Model 1, Stepping 1 is not supported by this version of FIRESTARTER!
Check project website for updates.
Warning: Using function FUNC_HSW_COREI_FMA_1T as fallback.
You can use the parameter --function to try other functions.
End: Wed Apr 29 16:52:40 CEST 2026  / 1777474360
SETTING GPU CLOCKS TO GRAPHICS=1170
GPU clocks set to "(gpuClkMin 1170, gpuClkMax 1170)" for GPU 00000000:81:00.0
All done.
Nvidia Log: /home/hpc/unrz/unrz104h/Projects/CPU-GPU-Energy-Study/FIRESTARTER-A40-frequency/1170/1170_powerlog.csv
FIRESTARTER Log: /home/hpc/unrz/unrz104h/Projects/CPU-GPU-Energy-Study/FIRESTARTER-A40-frequency/1170/1170_pid-3408883.fsout
!!!! SMT IST AKTIV! ALSO NUR 8 PHYSIKALISCHE KERNE !!!!
Warning: AMD Family 25, Model 1, Stepping 1 is not supported by this version of FIRESTARTER!
Check project website for updates.
Warning: Using function FUNC_HSW_COREI_FMA_1T as fallback.
You can use the parameter --function to try other functions.
End: Wed Apr 29 16:54:13 CEST 2026  / 1777474453
SETTING GPU CLOCKS TO GRAPHICS=1230
GPU clocks set to "(gpuClkMin 1230, gpuClkMax 1230)" for GPU 00000000:81:00.0
All done.
Nvidia Log: /home/hpc/unrz/unrz104h/Projects/CPU-GPU-Energy-Study/FIRESTARTER-A40-frequency/1230/1230_powerlog.csv
FIRESTARTER Log: /home/hpc/unrz/unrz104h/Projects/CPU-GPU-Energy-Study/FIRESTARTER-A40-frequency/1230/1230_pid-3408883.fsout
!!!! SMT IST AKTIV! ALSO NUR 8 PHYSIKALISCHE KERNE !!!!
Warning: AMD Family 25, Model 1, Stepping 1 is not supported by this version of FIRESTARTER!
Check project website for updates.
Warning: Using function FUNC_HSW_COREI_FMA_1T as fallback.
You can use the parameter --function to try other functions.
End: Wed Apr 29 16:55:40 CEST 2026  / 1777474540
SETTING GPU CLOCKS TO GRAPHICS=1290
GPU clocks set to "(gpuClkMin 1290, gpuClkMax 1290)" for GPU 00000000:81:00.0
All done.
Nvidia Log: /home/hpc/unrz/unrz104h/Projects/CPU-GPU-Energy-Study/FIRESTARTER-A40-frequency/1290/1290_powerlog.csv
FIRESTARTER Log: /home/hpc/unrz/unrz104h/Projects/CPU-GPU-Energy-Study/FIRESTARTER-A40-frequency/1290/1290_pid-3408883.fsout
!!!! SMT IST AKTIV! ALSO NUR 8 PHYSIKALISCHE KERNE !!!!
Warning: AMD Family 25, Model 1, Stepping 1 is not supported by this version of FIRESTARTER!
Check project website for updates.
Warning: Using function FUNC_HSW_COREI_FMA_1T as fallback.
You can use the parameter --function to try other functions.
End: Wed Apr 29 16:57:03 CEST 2026  / 1777474623
SETTING GPU CLOCKS TO GRAPHICS=1350
GPU clocks set to "(gpuClkMin 1350, gpuClkMax 1350)" for GPU 00000000:81:00.0
All done.
Nvidia Log: /home/hpc/unrz/unrz104h/Projects/CPU-GPU-Energy-Study/FIRESTARTER-A40-frequency/1350/1350_powerlog.csv
FIRESTARTER Log: /home/hpc/unrz/unrz104h/Projects/CPU-GPU-Energy-Study/FIRESTARTER-A40-frequency/1350/1350_pid-3408883.fsout
!!!! SMT IST AKTIV! ALSO NUR 8 PHYSIKALISCHE KERNE !!!!
Warning: AMD Family 25, Model 1, Stepping 1 is not supported by this version of FIRESTARTER!
Check project website for updates.
Warning: Using function FUNC_HSW_COREI_FMA_1T as fallback.
You can use the parameter --function to try other functions.
End: Wed Apr 29 16:58:23 CEST 2026  / 1777474703
SETTING GPU CLOCKS TO GRAPHICS=1410
GPU clocks set to "(gpuClkMin 1410, gpuClkMax 1410)" for GPU 00000000:81:00.0
All done.
Nvidia Log: /home/hpc/unrz/unrz104h/Projects/CPU-GPU-Energy-Study/FIRESTARTER-A40-frequency/1410/1410_powerlog.csv
FIRESTARTER Log: /home/hpc/unrz/unrz104h/Projects/CPU-GPU-Energy-Study/FIRESTARTER-A40-frequency/1410/1410_pid-3408883.fsout
!!!! SMT IST AKTIV! ALSO NUR 8 PHYSIKALISCHE KERNE !!!!
Warning: AMD Family 25, Model 1, Stepping 1 is not supported by this version of FIRESTARTER!
Check project website for updates.
Warning: Using function FUNC_HSW_COREI_FMA_1T as fallback.
You can use the parameter --function to try other functions.
End: Wed Apr 29 16:59:41 CEST 2026  / 1777474781
SETTING GPU CLOCKS TO GRAPHICS=1470
GPU clocks set to "(gpuClkMin 1470, gpuClkMax 1470)" for GPU 00000000:81:00.0
All done.
Nvidia Log: /home/hpc/unrz/unrz104h/Projects/CPU-GPU-Energy-Study/FIRESTARTER-A40-frequency/1470/1470_powerlog.csv
FIRESTARTER Log: /home/hpc/unrz/unrz104h/Projects/CPU-GPU-Energy-Study/FIRESTARTER-A40-frequency/1470/1470_pid-3408883.fsout
!!!! SMT IST AKTIV! ALSO NUR 8 PHYSIKALISCHE KERNE !!!!
Warning: AMD Family 25, Model 1, Stepping 1 is not supported by this version of FIRESTARTER!
Check project website for updates.
Warning: Using function FUNC_HSW_COREI_FMA_1T as fallback.
You can use the parameter --function to try other functions.
End: Wed Apr 29 17:01:00 CEST 2026  / 1777474860
SETTING GPU CLOCKS TO GRAPHICS=1530
GPU clocks set to "(gpuClkMin 1530, gpuClkMax 1530)" for GPU 00000000:81:00.0
All done.
Nvidia Log: /home/hpc/unrz/unrz104h/Projects/CPU-GPU-Energy-Study/FIRESTARTER-A40-frequency/1530/1530_powerlog.csv
FIRESTARTER Log: /home/hpc/unrz/unrz104h/Projects/CPU-GPU-Energy-Study/FIRESTARTER-A40-frequency/1530/1530_pid-3408883.fsout
!!!! SMT IST AKTIV! ALSO NUR 8 PHYSIKALISCHE KERNE !!!!
Warning: AMD Family 25, Model 1, Stepping 1 is not supported by this version of FIRESTARTER!
Check project website for updates.
Warning: Using function FUNC_HSW_COREI_FMA_1T as fallback.
You can use the parameter --function to try other functions.
End: Wed Apr 29 17:02:18 CEST 2026  / 1777474938
SETTING GPU CLOCKS TO GRAPHICS=1590
GPU clocks set to "(gpuClkMin 1590, gpuClkMax 1590)" for GPU 00000000:81:00.0
All done.
Nvidia Log: /home/hpc/unrz/unrz104h/Projects/CPU-GPU-Energy-Study/FIRESTARTER-A40-frequency/1590/1590_powerlog.csv
FIRESTARTER Log: /home/hpc/unrz/unrz104h/Projects/CPU-GPU-Energy-Study/FIRESTARTER-A40-frequency/1590/1590_pid-3408883.fsout
!!!! SMT IST AKTIV! ALSO NUR 8 PHYSIKALISCHE KERNE !!!!
Warning: AMD Family 25, Model 1, Stepping 1 is not supported by this version of FIRESTARTER!
Check project website for updates.
Warning: Using function FUNC_HSW_COREI_FMA_1T as fallback.
You can use the parameter --function to try other functions.
End: Wed Apr 29 17:03:37 CEST 2026  / 1777475017
SETTING GPU CLOCKS TO GRAPHICS=1650
GPU clocks set to "(gpuClkMin 1650, gpuClkMax 1650)" for GPU 00000000:81:00.0
All done.
Nvidia Log: /home/hpc/unrz/unrz104h/Projects/CPU-GPU-Energy-Study/FIRESTARTER-A40-frequency/1650/1650_powerlog.csv
FIRESTARTER Log: /home/hpc/unrz/unrz104h/Projects/CPU-GPU-Energy-Study/FIRESTARTER-A40-frequency/1650/1650_pid-3408883.fsout
!!!! SMT IST AKTIV! ALSO NUR 8 PHYSIKALISCHE KERNE !!!!
Warning: AMD Family 25, Model 1, Stepping 1 is not supported by this version of FIRESTARTER!
Check project website for updates.
Warning: Using function FUNC_HSW_COREI_FMA_1T as fallback.
You can use the parameter --function to try other functions.
End: Wed Apr 29 17:04:55 CEST 2026  / 1777475095
SETTING GPU CLOCKS TO GRAPHICS=1710
GPU clocks set to "(gpuClkMin 1710, gpuClkMax 1710)" for GPU 00000000:81:00.0
All done.
Nvidia Log: /home/hpc/unrz/unrz104h/Projects/CPU-GPU-Energy-Study/FIRESTARTER-A40-frequency/1710/1710_powerlog.csv
FIRESTARTER Log: /home/hpc/unrz/unrz104h/Projects/CPU-GPU-Energy-Study/FIRESTARTER-A40-frequency/1710/1710_pid-3408883.fsout
!!!! SMT IST AKTIV! ALSO NUR 8 PHYSIKALISCHE KERNE !!!!
Warning: AMD Family 25, Model 1, Stepping 1 is not supported by this version of FIRESTARTER!
Check project website for updates.
Warning: Using function FUNC_HSW_COREI_FMA_1T as fallback.
You can use the parameter --function to try other functions.
End: Wed Apr 29 17:06:14 CEST 2026  / 1777475174
Resetting clocks...
All done.
Done!
