Group: 1
+-----------------------+---------+---------------+---------------+---------------+---------------+---------------+---------------+---------------+---------------+---------------+---------------+---------------+---------------+---------------+---------------+---------------+---------------+---------------+---------------+
|         Event         | Counter |   f0404:0:0   |   f0404:1:1   |   f0404:2:2   |   f0404:3:3   |   f0404:4:4   |   f0404:5:5   |   f0404:6:6   |   f0404:7:7   |   f0404:8:8   |   f0404:9:9   |  f0404:10:10  |  f0404:11:11  |  f0404:12:12  |  f0404:13:13  |  f0404:14:14  |  f0404:15:15  |  f0404:16:16  |  f0404:17:17  |
+-----------------------+---------+---------------+---------------+---------------+---------------+---------------+---------------+---------------+---------------+---------------+---------------+---------------+---------------+---------------+---------------+---------------+---------------+---------------+---------------+
|   INSTR_RETIRED_ANY   |  FIXC0  | 2213897409040 | 2205311230413 | 2201579895407 | 2167721419722 | 2118543623874 | 2104258275034 | 2071974214115 | 2075043403994 | 2079723822942 | 2071557728099 | 2072513433516 | 2092271618816 | 2127047780285 | 2182555665222 | 2193343945124 | 2197791676072 | 2159579715180 | 2160105544512 |
| CPU_CLK_UNHALTED_CORE |  FIXC1  | 1174631886510 | 1176725063233 | 1176762012696 | 1176815034605 | 1176819279638 | 1176817227443 | 1176868108428 | 1176878479803 | 1176814234663 | 1176917466465 | 1176812645871 | 1176778445753 | 1174417295645 | 1176837116842 | 1176813222417 | 1176811726209 | 1176817096715 | 1176699746349 |
|  CPU_CLK_UNHALTED_REF |  FIXC2  | 1566179305152 | 1568969499744 | 1569020189376 | 1569090443328 | 1569096688704 | 1569092595936 | 1569159438912 | 1569173611104 | 1569089371584 | 1569225494688 | 1569086088480 | 1569042400224 | 1565893786464 | 1569117912480 | 1569088077984 | 1569083617632 | 1569090570720 | 1568935825056 |
|     TOPDOWN_SLOTS     |  FIXC3  | 5873159432550 | 5883625316165 | 5883810063480 | 5884075173025 | 5884096398190 | 5884086137215 | 5884340542140 | 5884392399015 | 5884071173315 | 5884587332325 | 5884063229355 | 5883892228765 | 5872086478225 | 5884185584210 | 5884066112085 | 5884058631045 | 5884085483575 | 5883498731745 |
|       TEMP_CORE       |   TMP0  |            36 |            37 |            38 |            37 |            35 |            37 |            37 |            37 |            37 |            33 |            35 |            35 |            36 |            33 |            36 |            36 |            35 |            36 |
|     PWR_PKG_ENERGY    |   PWR0  |    75658.6182 |             0 |             0 |             0 |             0 |             0 |             0 |             0 |             0 |             0 |             0 |             0 |             0 |             0 |             0 |             0 |             0 |             0 |
|     PWR_PP0_ENERGY    |   PWR1  |             0 |             0 |             0 |             0 |             0 |             0 |             0 |             0 |             0 |             0 |             0 |             0 |             0 |             0 |             0 |             0 |             0 |             0 |
|    PWR_DRAM_ENERGY    |   PWR3  |     5309.3390 |             0 |             0 |             0 |             0 |             0 |             0 |             0 |             0 |             0 |             0 |             0 |             0 |             0 |             0 |             0 |             0 |             0 |
|  PWR_PLATFORM_ENERGY  |   PWR4  |             0 |             0 |             0 |             0 |             0 |             0 |             0 |             0 |             0 |             0 |             0 |             0 |             0 |             0 |             0 |             0 |             0 |             0 |
|   UNCORE_CLOCKTICKS   | UBOXFIX | 1049293194098 |             0 |             0 |             0 |             0 |             0 |             0 |             0 |             0 |             0 |             0 |             0 |             0 |             0 |             0 |             0 |             0 |             0 |
+-----------------------+---------+---------------+---------------+---------------+---------------+---------------+---------------+---------------+---------------+---------------+---------------+---------------+---------------+---------------+---------------+---------------+---------------+---------------+---------------+

+----------------------------+---------+-----------------+---------------+---------------+--------------+
|            Event           | Counter |       Sum       |      Min      |      Max      |      Avg     |
+----------------------------+---------+-----------------+---------------+---------------+--------------+
|   INSTR_RETIRED_ANY STAT   |  FIXC0  |  38494820401367 | 2071557728099 | 2213897409040 | 2.138601e+12 |
| CPU_CLK_UNHALTED_CORE STAT |  FIXC1  |  21178036089285 | 1174417295645 | 1176917466465 | 1.176558e+12 |
|  CPU_CLK_UNHALTED_REF STAT |  FIXC2  |  28237434917568 | 1565893786464 | 1569225494688 | 1.568746e+12 |
|     TOPDOWN_SLOTS STAT     |  FIXC3  | 105890180446425 | 5872086478225 | 5884587332325 | 5.882788e+12 |
|       TEMP_CORE STAT       |   TMP0  |             646 |            33 |            38 |      35.8889 |
|     PWR_PKG_ENERGY STAT    |   PWR0  |      75658.6182 |             0 |    75658.6182 |    4203.2566 |
|     PWR_PP0_ENERGY STAT    |   PWR1  |               0 |             0 |             0 |            0 |
|    PWR_DRAM_ENERGY STAT    |   PWR3  |       5309.3390 |             0 |     5309.3390 |     294.9633 |
|  PWR_PLATFORM_ENERGY STAT  |   PWR4  |               0 |             0 |             0 |            0 |
|   UNCORE_CLOCKTICKS STAT   | UBOXFIX |   1049293194098 |             0 | 1049293194098 | 5.829407e+10 |
+----------------------------+---------+-----------------+---------------+---------------+--------------+

+----------------------+------------+-----------+-----------+-----------+-----------+-----------+-----------+-----------+-----------+-----------+-------------+-------------+-------------+-------------+-------------+-------------+-------------+-------------+
|        Metric        |  f0404:0:0 | f0404:1:1 | f0404:2:2 | f0404:3:3 | f0404:4:4 | f0404:5:5 | f0404:6:6 | f0404:7:7 | f0404:8:8 | f0404:9:9 | f0404:10:10 | f0404:11:11 | f0404:12:12 | f0404:13:13 | f0404:14:14 | f0404:15:15 | f0404:16:16 | f0404:17:17 |
+----------------------+------------+-----------+-----------+-----------+-----------+-----------+-----------+-----------+-----------+-----------+-------------+-------------+-------------+-------------+-------------+-------------+-------------+-------------+
|  Runtime (RDTSC) [s] |   658.4485 |  658.4508 |  658.4655 |  658.4484 |  658.4542 |  658.4821 |  658.4598 |  658.4485 |  658.4338 |  658.4682 |    658.4588 |    658.5116 |    658.4679 |    658.4524 |    658.4526 |    658.4718 |    658.4738 |    658.4559 |
| Runtime unhalted [s] |   490.5880 |  491.4629 |  491.4777 |  491.4987 |  491.5033 |  491.5127 |  491.5238 |  491.5256 |  491.4987 |  491.5467 |    491.5070 |    491.5247 |    490.4983 |    491.5121 |    491.4985 |    491.4993 |    491.5004 |    491.4517 |
|      Clock [MHz]     |  1795.7472 | 1795.7454 | 1795.7461 | 1795.7507 | 1795.7399 | 1795.7038 | 1795.7422 | 1795.7510 | 1795.7497 | 1795.7336 |   1795.7182 |   1795.5991 |   1795.7466 |   1795.7379 |   1795.7487 |   1795.7462 |   1795.7506 |   1795.7477 |
|  Uncore Clock [MHz]  |  1593.5843 |         0 |         0 |         0 |         0 |         0 |         0 |         0 |         0 |         0 |           0 |           0 |           0 |           0 |           0 |           0 |           0 |           0 |
|          CPI         |     0.5306 |    0.5336 |    0.5345 |    0.5429 |    0.5555 |    0.5593 |    0.5680 |    0.5672 |    0.5659 |    0.5681 |      0.5678 |      0.5624 |      0.5521 |      0.5392 |      0.5365 |      0.5355 |      0.5449 |      0.5447 |
|    Temperature [C]   |         36 |        37 |        38 |        37 |        35 |        37 |        37 |        37 |        37 |        33 |          35 |          35 |          36 |          33 |          36 |          36 |          35 |          36 |
|      Energy [J]      | 75658.6182 |         0 |         0 |         0 |         0 |         0 |         0 |         0 |         0 |         0 |           0 |           0 |           0 |           0 |           0 |           0 |           0 |           0 |
|       Power [W]      |   114.9044 |         0 |         0 |         0 |         0 |         0 |         0 |         0 |         0 |         0 |           0 |           0 |           0 |           0 |           0 |           0 |           0 |           0 |
|    Energy PP0 [J]    |          0 |         0 |         0 |         0 |         0 |         0 |         0 |         0 |         0 |         0 |           0 |           0 |           0 |           0 |           0 |           0 |           0 |           0 |
|     Power PP0 [W]    |          0 |         0 |         0 |         0 |         0 |         0 |         0 |         0 |         0 |         0 |           0 |           0 |           0 |           0 |           0 |           0 |           0 |           0 |
|    Energy DRAM [J]   |  5309.3390 |         0 |         0 |         0 |         0 |         0 |         0 |         0 |         0 |         0 |           0 |           0 |           0 |           0 |           0 |           0 |           0 |           0 |
|    Power DRAM [W]    |     8.0634 |         0 |         0 |         0 |         0 |         0 |         0 |         0 |         0 |         0 |           0 |           0 |           0 |           0 |           0 |           0 |           0 |           0 |
|  Energy PLATFORM [J] |          0 |         0 |         0 |         0 |         0 |         0 |         0 |         0 |         0 |         0 |           0 |           0 |           0 |           0 |           0 |           0 |           0 |           0 |
|  Power PLATFORM [W]  |          0 |         0 |         0 |         0 |         0 |         0 |         0 |         0 |         0 |         0 |           0 |           0 |           0 |           0 |           0 |           0 |           0 |           0 |
+----------------------+------------+-----------+-----------+-----------+-----------+-----------+-----------+-----------+-----------+-----------+-------------+-------------+-------------+-------------+-------------+-------------+-------------+-------------+

+---------------------------+------------+-----------+------------+-----------+-----------+-----------+-----------+
|           Metric          |     Sum    |    Min    |     Max    |    Avg    |  %ile 25  |  %ile 50  |  %ile 75  |
+---------------------------+------------+-----------+------------+-----------+-----------+-----------+-----------+
|  Runtime (RDTSC) [s] STAT | 11852.3046 |  658.4338 |   658.5116 |  658.4614 |  658.4508 |  658.4559 |  658.4682 |
| Runtime unhalted [s] STAT |  8845.1301 |  490.4983 |   491.5467 |  491.3961 |  491.4777 |  491.4993 |  491.5127 |
|      Clock [MHz] STAT     | 32323.2046 | 1795.5991 |  1795.7510 | 1795.7336 | 1795.7379 | 1795.7461 | 1795.7487 |
|  Uncore Clock [MHz] STAT  |  1593.5843 |         0 |  1593.5843 |   88.5325 |         0 |         0 |         0 |
|          CPI STAT         |     9.9087 |    0.5306 |     0.5681 |    0.5505 |    0.5365 |    0.5449 |    0.5659 |
|    Temperature [C] STAT   |        646 |        33 |         38 |   35.8889 |        35 |        36 |        37 |
|      Energy [J] STAT      | 75658.6182 |         0 | 75658.6182 | 4203.2566 |         0 |         0 |         0 |
|       Power [W] STAT      |   114.9044 |         0 |   114.9044 |    6.3836 |         0 |         0 |         0 |
|    Energy PP0 [J] STAT    |          0 |         0 |          0 |         0 |         0 |         0 |         0 |
|     Power PP0 [W] STAT    |          0 |         0 |          0 |         0 |         0 |         0 |         0 |
|    Energy DRAM [J] STAT   |  5309.3390 |         0 |  5309.3390 |  294.9633 |         0 |         0 |         0 |
|    Power DRAM [W] STAT    |     8.0634 |         0 |     8.0634 |    0.4480 |         0 |         0 |         0 |
|  Energy PLATFORM [J] STAT |          0 |         0 |          0 |         0 |         0 |         0 |         0 |
|  Power PLATFORM [W] STAT  |          0 |         0 |          0 |         0 |         0 |         0 |         0 |
+---------------------------+------------+-----------+------------+-----------+-----------+-----------+-----------+

