Group: 1
+-----------------------+---------+---------------+---------------+---------------+---------------+---------------+---------------+---------------+---------------+---------------+---------------+---------------+---------------+---------------+---------------+---------------+---------------+---------------+---------------+
|         Event         | Counter |   f0404:0:0   |   f0404:1:1   |   f0404:2:2   |   f0404:3:3   |   f0404:4:4   |   f0404:5:5   |   f0404:6:6   |   f0404:7:7   |   f0404:8:8   |   f0404:9:9   |  f0404:10:10  |  f0404:11:11  |  f0404:12:12  |  f0404:13:13  |  f0404:14:14  |  f0404:15:15  |  f0404:16:16  |  f0404:17:17  |
+-----------------------+---------+---------------+---------------+---------------+---------------+---------------+---------------+---------------+---------------+---------------+---------------+---------------+---------------+---------------+---------------+---------------+---------------+---------------+---------------+
|   INSTR_RETIRED_ANY   |  FIXC0  | 2217291873500 | 2211878004400 | 2199872643965 | 2166330084830 | 2117856812895 | 2100302013457 | 2068172974169 | 2079112328239 | 2075256064224 | 2068296958807 | 2069865091521 | 2095360969425 | 2125615742900 | 2184873657267 | 2199609794001 | 2199504803384 | 2163667149301 | 2160423767655 |
| CPU_CLK_UNHALTED_CORE |  FIXC1  | 1246353410237 | 1262482718865 | 1262437292957 | 1262438660896 | 1262097739832 | 1262579555365 | 1262605848689 | 1262485609365 | 1262579938298 | 1262773084377 | 1262558648204 | 1262740249105 | 1260723449174 | 1262440436335 | 1262531397238 | 1262424926249 | 1262487974881 | 1262567924186 |
|  CPU_CLK_UNHALTED_REF |  FIXC2  | 1196497970496 | 1211981894976 | 1211940731712 | 1211941705152 | 1211612970624 | 1212074543712 | 1212099828480 | 1211985305568 | 1212076342752 | 1212261355200 | 1212055108032 | 1212228003552 | 1210293772992 | 1211941742496 | 1212029206080 | 1211927107008 | 1211987582304 | 1212067502880 |
|     TOPDOWN_SLOTS     |  FIXC3  | 6231767051185 | 6312413594325 | 6312186464785 | 6312193304480 | 6310488699160 | 6312897776825 | 6313029243445 | 6312428046825 | 6312899691490 | 6313865421885 | 6312793241020 | 6313701245525 | 6303617245870 | 6312202181675 | 6312656986190 | 6312124631245 | 6312439874405 | 6312839620930 |
|       TEMP_CORE       |   TMP0  |            41 |            44 |            45 |            42 |            41 |            44 |            45 |            45 |            45 |            39 |            41 |            42 |            43 |            41 |            42 |            40 |            41 |            40 |
|     PWR_PKG_ENERGY    |   PWR0  |    86980.8710 |             0 |             0 |             0 |             0 |             0 |             0 |             0 |             0 |             0 |             0 |             0 |             0 |             0 |             0 |             0 |             0 |             0 |
|     PWR_PP0_ENERGY    |   PWR1  |             0 |             0 |             0 |             0 |             0 |             0 |             0 |             0 |             0 |             0 |             0 |             0 |             0 |             0 |             0 |             0 |             0 |             0 |
|    PWR_DRAM_ENERGY    |   PWR3  |     5502.9795 |             0 |             0 |             0 |             0 |             0 |             0 |             0 |             0 |             0 |             0 |             0 |             0 |             0 |             0 |             0 |             0 |             0 |
|  PWR_PLATFORM_ENERGY  |   PWR4  |             0 |             0 |             0 |             0 |             0 |             0 |             0 |             0 |             0 |             0 |             0 |             0 |             0 |             0 |             0 |             0 |             0 |             0 |
|   UNCORE_CLOCKTICKS   | UBOXFIX | 1115949212082 |             0 |             0 |             0 |             0 |             0 |             0 |             0 |             0 |             0 |             0 |             0 |             0 |             0 |             0 |             0 |             0 |             0 |
+-----------------------+---------+---------------+---------------+---------------+---------------+---------------+---------------+---------------+---------------+---------------+---------------+---------------+---------------+---------------+---------------+---------------+---------------+---------------+---------------+

+----------------------------+---------+-----------------+---------------+---------------+---------------+
|            Event           | Counter |       Sum       |      Min      |      Max      |      Avg      |
+----------------------------+---------+-----------------+---------------+---------------+---------------+
|   INSTR_RETIRED_ANY STAT   |  FIXC0  |  38503290733940 | 2068172974169 | 2217291873500 |  2.139072e+12 |
| CPU_CLK_UNHALTED_CORE STAT |  FIXC1  |  22707308864253 | 1246353410237 | 1262773084377 |  1.261517e+12 |
|  CPU_CLK_UNHALTED_REF STAT |  FIXC2  |  21799002674016 | 1196497970496 | 1212261355200 | 1211055704112 |
|     TOPDOWN_SLOTS STAT     |  FIXC3  | 113536544321265 | 6231767051185 | 6313865421885 |  6.307586e+12 |
|       TEMP_CORE STAT       |   TMP0  |             761 |            39 |            45 |       42.2778 |
|     PWR_PKG_ENERGY STAT    |   PWR0  |      86980.8710 |             0 |    86980.8710 |     4832.2706 |
|     PWR_PP0_ENERGY STAT    |   PWR1  |               0 |             0 |             0 |             0 |
|    PWR_DRAM_ENERGY STAT    |   PWR3  |       5502.9795 |             0 |     5502.9795 |      305.7211 |
|  PWR_PLATFORM_ENERGY STAT  |   PWR4  |               0 |             0 |             0 |             0 |
|   UNCORE_CLOCKTICKS STAT   | UBOXFIX |   1115949212082 |             0 | 1115949212082 |   61997178449 |
+----------------------------+---------+-----------------+---------------+---------------+---------------+

+----------------------+------------+-----------+-----------+-----------+-----------+-----------+-----------+-----------+-----------+-----------+-------------+-------------+-------------+-------------+-------------+-------------+-------------+-------------+
|        Metric        |  f0404:0:0 | f0404:1:1 | f0404:2:2 | f0404:3:3 | f0404:4:4 | f0404:5:5 | f0404:6:6 | f0404:7:7 | f0404:8:8 | f0404:9:9 | f0404:10:10 | f0404:11:11 | f0404:12:12 | f0404:13:13 | f0404:14:14 | f0404:15:15 | f0404:16:16 | f0404:17:17 |
+----------------------+------------+-----------+-----------+-----------+-----------+-----------+-----------+-----------+-----------+-----------+-------------+-------------+-------------+-------------+-------------+-------------+-------------+-------------+
|  Runtime (RDTSC) [s] |   508.6574 |  508.6594 |  508.6528 |  508.6610 |  508.6541 |  508.6460 |  508.6567 |  508.6525 |  508.6526 |  508.6534 |    508.6635 |    508.6462 |    508.6548 |    508.6929 |    508.6375 |    508.6623 |    508.6599 |    508.6496 |
| Runtime unhalted [s] |   520.5448 |  527.2784 |  527.2590 |  527.2617 |  527.1171 |  527.3189 |  527.3305 |  527.2796 |  527.3184 |  527.4036 |    527.3104 |    527.3855 |    526.5451 |    527.3179 |    527.2994 |    527.2554 |    527.2809 |    527.3141 |
|      Clock [MHz]     |  2494.0912 | 2494.1050 | 2494.1024 | 2494.0929 | 2494.1063 | 2494.1056 | 2494.1027 | 2494.1042 | 2494.1059 | 2494.0853 |   2494.1030 |   2494.1098 |   2494.0968 |   2493.8339 |   2494.1011 |   2494.0984 |   2494.1025 |   2494.0966 |
|  Uncore Clock [MHz]  |  2193.9113 |         0 |         0 |         0 |         0 |         0 |         0 |         0 |         0 |         0 |           0 |           0 |           0 |           0 |           0 |           0 |           0 |           0 |
|          CPI         |     0.5621 |    0.5708 |    0.5739 |    0.5828 |    0.5959 |    0.6011 |    0.6105 |    0.6072 |    0.6084 |    0.6105 |      0.6100 |      0.6026 |      0.5931 |      0.5778 |      0.5740 |      0.5740 |      0.5835 |      0.5844 |
|    Temperature [C]   |         41 |        44 |        45 |        42 |        41 |        44 |        45 |        45 |        45 |        39 |          41 |          42 |          43 |          41 |          42 |          40 |          41 |          40 |
|      Energy [J]      | 86980.8710 |         0 |         0 |         0 |         0 |         0 |         0 |         0 |         0 |         0 |           0 |           0 |           0 |           0 |           0 |           0 |           0 |           0 |
|       Power [W]      |   171.0009 |         0 |         0 |         0 |         0 |         0 |         0 |         0 |         0 |         0 |           0 |           0 |           0 |           0 |           0 |           0 |           0 |           0 |
|    Energy PP0 [J]    |          0 |         0 |         0 |         0 |         0 |         0 |         0 |         0 |         0 |         0 |           0 |           0 |           0 |           0 |           0 |           0 |           0 |           0 |
|     Power PP0 [W]    |          0 |         0 |         0 |         0 |         0 |         0 |         0 |         0 |         0 |         0 |           0 |           0 |           0 |           0 |           0 |           0 |           0 |           0 |
|    Energy DRAM [J]   |  5502.9795 |         0 |         0 |         0 |         0 |         0 |         0 |         0 |         0 |         0 |           0 |           0 |           0 |           0 |           0 |           0 |           0 |           0 |
|    Power DRAM [W]    |    10.8186 |         0 |         0 |         0 |         0 |         0 |         0 |         0 |         0 |         0 |           0 |           0 |           0 |           0 |           0 |           0 |           0 |           0 |
|  Energy PLATFORM [J] |          0 |         0 |         0 |         0 |         0 |         0 |         0 |         0 |         0 |         0 |           0 |           0 |           0 |           0 |           0 |           0 |           0 |           0 |
|  Power PLATFORM [W]  |          0 |         0 |         0 |         0 |         0 |         0 |         0 |         0 |         0 |         0 |           0 |           0 |           0 |           0 |           0 |           0 |           0 |           0 |
+----------------------+------------+-----------+-----------+-----------+-----------+-----------+-----------+-----------+-----------+-----------+-------------+-------------+-------------+-------------+-------------+-------------+-------------+-------------+

+---------------------------+------------+-----------+------------+-----------+-----------+-----------+-----------+
|           Metric          |     Sum    |    Min    |     Max    |    Avg    |  %ile 25  |  %ile 50  |  %ile 75  |
+---------------------------+------------+-----------+------------+-----------+-----------+-----------+-----------+
|  Runtime (RDTSC) [s] STAT |  9155.8126 |  508.6375 |   508.6929 |  508.6563 |  508.6525 |  508.6541 |  508.6599 |
| Runtime unhalted [s] STAT |  9483.8207 |  520.5448 |   527.4036 |  526.8789 |  527.2590 |  527.2809 |  527.3184 |
|      Clock [MHz] STAT     | 44893.5436 | 2493.8339 |  2494.1098 | 2494.0858 | 2494.0966 | 2494.1024 | 2494.1050 |
|  Uncore Clock [MHz] STAT  |  2193.9113 |         0 |  2193.9113 |  121.8840 |         0 |         0 |         0 |
|          CPI STAT         |    10.6226 |    0.5621 |     0.6105 |    0.5901 |    0.5740 |    0.5844 |    0.6072 |
|    Temperature [C] STAT   |        761 |        39 |         45 |   42.2778 |        41 |        42 |        44 |
|      Energy [J] STAT      | 86980.8710 |         0 | 86980.8710 | 4832.2706 |         0 |         0 |         0 |
|       Power [W] STAT      |   171.0009 |         0 |   171.0009 |    9.5000 |         0 |         0 |         0 |
|    Energy PP0 [J] STAT    |          0 |         0 |          0 |         0 |         0 |         0 |         0 |
|     Power PP0 [W] STAT    |          0 |         0 |          0 |         0 |         0 |         0 |         0 |
|    Energy DRAM [J] STAT   |  5502.9795 |         0 |  5502.9795 |  305.7211 |         0 |         0 |         0 |
|    Power DRAM [W] STAT    |    10.8186 |         0 |    10.8186 |    0.6010 |         0 |         0 |         0 |
|  Energy PLATFORM [J] STAT |          0 |         0 |          0 |         0 |         0 |         0 |         0 |
|  Power PLATFORM [W] STAT  |          0 |         0 |          0 |         0 |         0 |         0 |         0 |
+---------------------------+------------+-----------+------------+-----------+-----------+-----------+-----------+

