Group: 1
+-----------------------+---------+---------------+---------------+---------------+---------------+---------------+---------------+---------------+---------------+---------------+---------------+---------------+---------------+---------------+---------------+---------------+---------------+---------------+---------------+
|         Event         | Counter |   f0660:0:0   |   f0660:1:1   |   f0660:2:2   |   f0660:3:3   |   f0660:4:4   |   f0660:5:5   |   f0660:6:6   |   f0660:7:7   |   f0660:8:8   |   f0660:9:9   |  f0660:10:10  |  f0660:11:11  |  f0660:12:12  |  f0660:13:13  |  f0660:14:14  |  f0660:15:15  |  f0660:16:16  |  f0660:17:17  |
+-----------------------+---------+---------------+---------------+---------------+---------------+---------------+---------------+---------------+---------------+---------------+---------------+---------------+---------------+---------------+---------------+---------------+---------------+---------------+---------------+
|   INSTR_RETIRED_ANY   |  FIXC0  | 2313385739376 | 2240535555667 | 2248349406837 | 2226139011559 | 2225681195698 | 2224136880205 | 2114892972983 | 2114840835054 | 2174893938330 | 2230797313389 | 2202368621850 | 2390093478671 | 2434168939829 | 2267408786388 | 2271877247096 | 2346520520118 | 2267834854904 | 2081679402476 |
| CPU_CLK_UNHALTED_CORE |  FIXC1  | 1331432553202 | 1336392911666 | 1335270928855 | 1335094621828 | 1334199081541 | 1334244576953 | 1332503040778 | 1332250701124 | 1332938647576 | 1331029516718 | 1332000900540 | 1330945952843 | 1330855520410 | 1331434232604 | 1330900838430 | 1331717887773 | 1330922585335 | 1330833652639 |
|  CPU_CLK_UNHALTED_REF |  FIXC2  | 1681823108352 | 1688088324384 | 1686667297920 | 1686448207776 | 1685316309792 | 1685375065632 | 1683173283936 | 1682855590656 | 1683724147296 | 1681315861344 | 1682543140128 | 1681209364992 | 1681097981760 | 1681827857472 | 1681153253760 | 1682182067616 | 1681177062816 | 1681065535392 |
|     TOPDOWN_SLOTS     |  FIXC3  | 6657162766010 | 6681964558330 | 6676354644275 | 6675473109140 | 6670995407705 | 6671222884765 | 6662515203890 | 6661253505620 | 6664693237880 | 6655147583590 | 6660004502700 | 6654729764215 | 6654277602050 | 6657171163020 | 6654504192150 | 6658589438865 | 6654612926675 | 6654168263195 |
|       TEMP_CORE       |   TMP0  |            35 |            37 |            35 |            37 |            38 |            37 |            37 |            37 |            36 |            39 |            38 |            38 |            36 |            38 |            38 |            37 |            37 |            36 |
|     PWR_PKG_ENERGY    |   PWR0  |    74943.8806 |             0 |             0 |             0 |             0 |             0 |             0 |             0 |             0 |             0 |             0 |             0 |             0 |             0 |             0 |             0 |             0 |             0 |
|     PWR_PP0_ENERGY    |   PWR1  |             0 |             0 |             0 |             0 |             0 |             0 |             0 |             0 |             0 |             0 |             0 |             0 |             0 |             0 |             0 |             0 |             0 |             0 |
|    PWR_DRAM_ENERGY    |   PWR3  |     5217.3718 |             0 |             0 |             0 |             0 |             0 |             0 |             0 |             0 |             0 |             0 |             0 |             0 |             0 |             0 |             0 |             0 |             0 |
|  PWR_PLATFORM_ENERGY  |   PWR4  |             0 |             0 |             0 |             0 |             0 |             0 |             0 |             0 |             0 |             0 |             0 |             0 |             0 |             0 |             0 |             0 |             0 |             0 |
|   UNCORE_CLOCKTICKS   | UBOXFIX | 1114687385430 |             0 |             0 |             0 |             0 |             0 |             0 |             0 |             0 |             0 |             0 |             0 |             0 |             0 |             0 |             0 |             0 |             0 |
+-----------------------+---------+---------------+---------------+---------------+---------------+---------------+---------------+---------------+---------------+---------------+---------------+---------------+---------------+---------------+---------------+---------------+---------------+---------------+---------------+

+----------------------------+---------+-----------------+---------------+---------------+---------------+
|            Event           | Counter |       Sum       |      Min      |      Max      |      Avg      |
+----------------------------+---------+-----------------+---------------+---------------+---------------+
|   INSTR_RETIRED_ANY STAT   |  FIXC0  |  40375604700430 | 2081679402476 | 2434168939829 |  2.243089e+12 |
| CPU_CLK_UNHALTED_CORE STAT |  FIXC1  |  23984968150815 | 1330833652639 | 1336392911666 |  1.332498e+12 |
|  CPU_CLK_UNHALTED_REF STAT |  FIXC2  |  30297043461024 | 1681065535392 | 1688088324384 | 1683169081168 |
|     TOPDOWN_SLOTS STAT     |  FIXC3  | 119924840754075 | 6654168263195 | 6681964558330 |  6.662491e+12 |
|       TEMP_CORE STAT       |   TMP0  |             666 |            35 |            39 |            37 |
|     PWR_PKG_ENERGY STAT    |   PWR0  |      74943.8806 |             0 |    74943.8806 |     4163.5489 |
|     PWR_PP0_ENERGY STAT    |   PWR1  |               0 |             0 |             0 |             0 |
|    PWR_DRAM_ENERGY STAT    |   PWR3  |       5217.3718 |             0 |     5217.3718 |      289.8540 |
|  PWR_PLATFORM_ENERGY STAT  |   PWR4  |               0 |             0 |             0 |             0 |
|   UNCORE_CLOCKTICKS STAT   | UBOXFIX |   1114687385430 |             0 | 1114687385430 |  6.192708e+10 |
+----------------------------+---------+-----------------+---------------+---------------+---------------+

+----------------------+------------+-----------+-----------+-----------+-----------+-----------+-----------+-----------+-----------+-----------+-------------+-------------+-------------+-------------+-------------+-------------+-------------+-------------+
|        Metric        |  f0660:0:0 | f0660:1:1 | f0660:2:2 | f0660:3:3 | f0660:4:4 | f0660:5:5 | f0660:6:6 | f0660:7:7 | f0660:8:8 | f0660:9:9 | f0660:10:10 | f0660:11:11 | f0660:12:12 | f0660:13:13 | f0660:14:14 | f0660:15:15 | f0660:16:16 | f0660:17:17 |
+----------------------+------------+-----------+-----------+-----------+-----------+-----------+-----------+-----------+-----------+-----------+-------------+-------------+-------------+-------------+-------------+-------------+-------------+-------------+
|  Runtime (RDTSC) [s] |   714.5833 |  714.5722 |  714.5675 |  714.5614 |  714.5693 |  714.5614 |  714.5634 |  714.5617 |  714.6259 |  714.5598 |    714.5680 |    714.5722 |    714.5644 |    709.4392 |    714.5785 |    714.5668 |    714.5718 |    714.5766 |
| Runtime unhalted [s] |   556.0777 |  558.1491 |  557.6830 |  557.6079 |  557.2341 |  557.2527 |  556.5245 |  556.4194 |  556.7536 |  555.9103 |    556.3149 |    555.8741 |    555.8362 |    556.0836 |    555.8577 |    556.1967 |    555.8658 |    555.8313 |
|      Clock [MHz]     |  1895.4945 | 1895.4962 | 1895.4921 | 1895.4930 | 1895.4930 | 1895.4929 | 1895.4977 | 1895.4957 | 1895.3367 | 1895.4892 |   1895.4929 |   1895.4948 |   1895.4921 |   1895.4740 |   1895.4856 |   1895.4967 |   1895.4931 |   1895.4830 |
|  Uncore Clock [MHz]  |  1559.9124 |         0 |         0 |         0 |         0 |         0 |         0 |         0 |         0 |         0 |           0 |           0 |           0 |           0 |           0 |           0 |           0 |           0 |
|          CPI         |     0.5755 |    0.5965 |    0.5939 |    0.5997 |    0.5995 |    0.5999 |    0.6301 |    0.6300 |    0.6129 |    0.5967 |      0.6048 |      0.5569 |      0.5467 |      0.5872 |      0.5858 |      0.5675 |      0.5869 |      0.6393 |
|    Temperature [C]   |         35 |        37 |        35 |        37 |        38 |        37 |        37 |        37 |        36 |        39 |          38 |          38 |          36 |          38 |          38 |          37 |          37 |          36 |
|      Energy [J]      | 74943.8806 |         0 |         0 |         0 |         0 |         0 |         0 |         0 |         0 |         0 |           0 |           0 |           0 |           0 |           0 |           0 |           0 |           0 |
|       Power [W]      |   104.8777 |         0 |         0 |         0 |         0 |         0 |         0 |         0 |         0 |         0 |           0 |           0 |           0 |           0 |           0 |           0 |           0 |           0 |
|    Energy PP0 [J]    |          0 |         0 |         0 |         0 |         0 |         0 |         0 |         0 |         0 |         0 |           0 |           0 |           0 |           0 |           0 |           0 |           0 |           0 |
|     Power PP0 [W]    |          0 |         0 |         0 |         0 |         0 |         0 |         0 |         0 |         0 |         0 |           0 |           0 |           0 |           0 |           0 |           0 |           0 |           0 |
|    Energy DRAM [J]   |  5217.3718 |         0 |         0 |         0 |         0 |         0 |         0 |         0 |         0 |         0 |           0 |           0 |           0 |           0 |           0 |           0 |           0 |           0 |
|    Power DRAM [W]    |     7.3013 |         0 |         0 |         0 |         0 |         0 |         0 |         0 |         0 |         0 |           0 |           0 |           0 |           0 |           0 |           0 |           0 |           0 |
|  Energy PLATFORM [J] |          0 |         0 |         0 |         0 |         0 |         0 |         0 |         0 |         0 |         0 |           0 |           0 |           0 |           0 |           0 |           0 |           0 |           0 |
|  Power PLATFORM [W]  |          0 |         0 |         0 |         0 |         0 |         0 |         0 |         0 |         0 |         0 |           0 |           0 |           0 |           0 |           0 |           0 |           0 |           0 |
+----------------------+------------+-----------+-----------+-----------+-----------+-----------+-----------+-----------+-----------+-----------+-------------+-------------+-------------+-------------+-------------+-------------+-------------+-------------+

+---------------------------+------------+-----------+------------+-----------+-----------+-----------+-----------+
|           Metric          |     Sum    |    Min    |     Max    |    Avg    |  %ile 25  |  %ile 50  |  %ile 75  |
+---------------------------+------------+-----------+------------+-----------+-----------+-----------+-----------+
|  Runtime (RDTSC) [s] STAT | 12857.1634 |  709.4392 |   714.6259 |  714.2869 |  714.5617 |  714.5675 |  714.5722 |
| Runtime unhalted [s] STAT | 10017.4726 |  555.8313 |   558.1491 |  556.5263 |  555.8741 |  556.1967 |  557.2341 |
|      Clock [MHz] STAT     | 34118.6932 | 1895.3367 |  1895.4977 | 1895.4830 | 1895.4892 | 1895.4929 | 1895.4948 |
|  Uncore Clock [MHz] STAT  |  1559.9124 |         0 |  1559.9124 |   86.6618 |         0 |         0 |         0 |
|          CPI STAT         |    10.7098 |    0.5467 |     0.6393 |    0.5950 |    0.5858 |    0.5965 |    0.6048 |
|    Temperature [C] STAT   |        666 |        35 |         39 |        37 |        36 |        37 |        38 |
|      Energy [J] STAT      | 74943.8806 |         0 | 74943.8806 | 4163.5489 |         0 |         0 |         0 |
|       Power [W] STAT      |   104.8777 |         0 |   104.8777 |    5.8265 |         0 |         0 |         0 |
|    Energy PP0 [J] STAT    |          0 |         0 |          0 |         0 |         0 |         0 |         0 |
|     Power PP0 [W] STAT    |          0 |         0 |          0 |         0 |         0 |         0 |         0 |
|    Energy DRAM [J] STAT   |  5217.3718 |         0 |  5217.3718 |  289.8540 |         0 |         0 |         0 |
|    Power DRAM [W] STAT    |     7.3013 |         0 |     7.3013 |    0.4056 |         0 |         0 |         0 |
|  Energy PLATFORM [J] STAT |          0 |         0 |          0 |         0 |         0 |         0 |         0 |
|  Power PLATFORM [W] STAT  |          0 |         0 |          0 |         0 |         0 |         0 |         0 |
+---------------------------+------------+-----------+------------+-----------+-----------+-----------+-----------+

