                      :-) GROMACS - gmx mdrun, 2024.4 (-:

Copyright 1991-2024 The GROMACS Authors.
GROMACS is free software; you can redistribute it and/or modify it
under the terms of the GNU Lesser General Public License
as published by the Free Software Foundation; either version 2.1
of the License, or (at your option) any later version.

                         Current GROMACS contributors:
       Mark Abraham           Andrey Alekseenko           Vladimir Basov      
      Cathrine Bergh            Eliane Briand               Ania Brown        
      Mahesh Doijade            Giacomo Fiorin          Stefan Fleischmann    
      Sergey Gorelov         Gilles Gouaillardet            Alan Gray         
     M. Eric Irrgang         Farzaneh Jalalypour            Joe Jordan        
     Carsten Kutzner           Justin A. Lemkul          Magnus Lundborg      
       Pascal Merz              Vedran Miletic            Dmitry Morozov      
       Julien Nabet              Szilard Pall        Andrea Pasquadibisceglie 
    Michele Pellegrino          Hubert Santuz             Roland Schulz       
     Tatiana Shugaeva          Alexey Shvetsov            Philip Turner       
     Alessandra Villa      Sebastian Wingbermuehle  

                         Previous GROMACS contributors:
        Emile Apol             Rossen Apostolov           James Barnett       
        Paul Bauer          Herman J.C. Berendsen          Par Bjelkmar       
      Christian Blau          Viacheslav Bolnykh            Kevin Boyd        
    Aldert van Buuren          Carlo Camilloni           Rudi van Drunen      
      Anton Feenstra           Oliver Fleetwood            Vytas Gapsys       
       Gaurav Garg             Gerrit Groenhof            Bert de Groot       
      Anca Hamuraru           Vincent Hindriksen          Victor Holanda      
     Aleksei Iupinov          Christoph Junghans        Prashanth Kanduri     
   Dimitrios Karkoulis           Peter Kasson             Sebastian Kehl      
     Sebastian Keller             Jiri Kraus               Per Larsson        
      Viveca Lindahl            Erik Marklund           Pieter Meulenhoff     
      Teemu Murtola              Sander Pronk             Michael Shirts      
      Alfons Sijbers            Balint Soproni         David van der Spoel    
      Peter Tieleman            Carsten Uphoff             Jon Vincent        
     Teemu Virolainen         Christian Wennberg           Maarten Wolf       
      Artem Zhmurov       

                  Coordinated by the GROMACS project leaders:
                           Berk Hess and Erik Lindahl

GROMACS:      gmx mdrun, version 2024.4
Executable:   /apps/SPACK/0.19.1/opt/linux-almalinux8-zen2/gcc-11.2.0/gromacs-2024.4-lgzojyyz7ofekkqwrygaorygrcub2ejr/bin/gmx
Data prefix:  /apps/SPACK/0.19.1/opt/linux-almalinux8-zen2/gcc-11.2.0/gromacs-2024.4-lgzojyyz7ofekkqwrygaorygrcub2ejr
Working dir:  /home/hpc/ihpc/ihpc161h/GROMACS-BAthesis/runs/gromacs_A40_freq/7251-1350
Process ID:   630869
Command line:
  gmx mdrun -nsteps 200000 -maxh 0.2 -ntomp 16 -bonded gpu -update gpu -pme gpu -nb gpu -ntmpi 1 -pin on -pinstride 1 -s /home/hpc/ihpc/ihpc161h/GROMACS-BAthesis/inputs/eag1.tpr -deffnm eag1_7251-1350_a0228.nhr.fau.de_perflog -g eag1__a0228.nhr.fau.de_perflog.log

GROMACS version:     2024.4
Precision:           mixed
Memory model:        64 bit
MPI library:         thread_mpi
OpenMP support:      enabled (GMX_OPENMP_MAX_THREADS = 128)
GPU support:         CUDA
NBNxM GPU setup:     super-cluster 2x2x2 / cluster 8
SIMD instructions:   AVX2_256
CPU FFT library:     Intel MKL version 2023.0.2 Build 20230613
GPU FFT library:     cuFFT
Multi-GPU FFT:       none
RDTSCP usage:        enabled
TNG support:         enabled
Hwloc support:       hwloc-2.8.0
Tracing support:     disabled
C compiler:          /apps/SPACK/0.19.1/lib/spack/env/gcc/gcc GNU 11.2.0
C compiler flags:    -fexcess-precision=fast -funroll-all-loops -mavx2 -mfma -Wno-missing-field-initializers -O3 -DNDEBUG
C++ compiler:        /apps/SPACK/0.19.1/lib/spack/env/gcc/g++ GNU 11.2.0
C++ compiler flags:  -fexcess-precision=fast -funroll-all-loops -mavx2 -mfma -Wno-missing-field-initializers -Wno-cast-function-type-strict -fopenmp -O3 -DNDEBUG
BLAS library:        Internal
LAPACK library:      Internal
CUDA compiler:       /apps/SPACK/0.19.1/opt/linux-almalinux8-zen/gcc-8.5.0/cuda-11.8.0-qrwohrlyazyilia56tybqfm5k3k6kiom/bin/nvcc nvcc: NVIDIA (R) Cuda compiler driver;Copyright (c) 2005-2022 NVIDIA Corporation;Built on Wed_Sep_21_10:33:58_PDT_2022;Cuda compilation tools, release 11.8, V11.8.89;Build cuda_11.8.r11.8/compiler.31833905_0
CUDA compiler flags:-std=c++17;--generate-code=arch=compute_35,code=sm_35;--generate-code=arch=compute_37,code=sm_37;--generate-code=arch=compute_50,code=sm_50;--generate-code=arch=compute_52,code=sm_52;--generate-code=arch=compute_60,code=sm_60;--generate-code=arch=compute_61,code=sm_61;--generate-code=arch=compute_70,code=sm_70;--generate-code=arch=compute_75,code=sm_75;--generate-code=arch=compute_80,code=sm_80;--generate-code=arch=compute_86,code=sm_86;--generate-code=arch=compute_89,code=sm_89;--generate-code=arch=compute_90,code=sm_90;-Wno-deprecated-gpu-targets;--generate-code=arch=compute_53,code=sm_53;--generate-code=arch=compute_80,code=sm_80;-use_fast_math;-Xptxas;-warn-double-usage;-Xptxas;-Werror;-D_FORCE_INLINES;-Xcompiler;-fopenmp;-fexcess-precision=fast -funroll-all-loops -mavx2 -mfma -Wno-missing-field-initializers -Wno-cast-function-type-strict -fopenmp -O3 -DNDEBUG
CUDA driver:         13.20
CUDA runtime:        11.80


Running on 1 node with total 16 cores, 16 processing units, 1 compatible GPU
Hardware detected on host a0228.nhr.fau.de:
  CPU info:
    Vendor: AMD
    Brand:  AMD EPYC 7713 64-Core Processor                
    Family: 25   Model: 1   Stepping: 1
    Features: aes amd apic avx avx2 clfsh cmov cx8 cx16 f16c fma htt lahf misalignsse mmx msr nonstop_tsc pcid pclmuldq pdpe1gb popcnt pse rdrnd rdtscp sha sse2 sse3 sse4a sse4.1 sse4.2 ssse3
  Hardware topology: Full, with devices
    Packages, cores, and logical processors:
    [indices refer to OS logical processors]
      Package  0:
      Package  1: [  64] [  65] [  66] [  67] [  68] [  69] [  70] [  71] [  72] [  73] [  74] [  75] [  76] [  77] [  78] [  79]
    CPU limit set by OS: -1   Recommended max number of threads: 16
    Numa nodes:
      Node  0 (67443343360 bytes mem):
      Node  1 (67594518528 bytes mem):
      Node  2 (67640332288 bytes mem):
      Node  3 (67627749376 bytes mem):
      Node  4 (67640332288 bytes mem):  64  65  66  67  68  69  70  71  72  73  74  75  76  77  78  79
      Node  5 (67640332288 bytes mem):
      Node  6 (67640332288 bytes mem):
      Node  7 (67638435840 bytes mem):
      Latency:
               0     1     2     3     4     5     6     7
         0  1.00  1.20  1.20  1.20  3.20  3.20  3.20  3.20
         1  1.20  1.00  1.20  1.20  3.20  3.20  3.20  3.20
         2  1.20  1.20  1.00  1.20  3.20  3.20  3.20  3.20
         3  1.20  1.20  1.20  1.00  3.20  3.20  3.20  3.20
         4  3.20  3.20  3.20  3.20  1.00  1.20  1.20  1.20
         5  3.20  3.20  3.20  3.20  1.20  1.00  1.20  1.20
         6  3.20  3.20  3.20  3.20  1.20  1.20  1.00  1.20
         7  3.20  3.20  3.20  3.20  1.20  1.20  1.20  1.00
    Caches:
      L1: 32768 bytes, linesize 64 bytes, assoc. 8, shared 1 ways
      L2: 524288 bytes, linesize 64 bytes, assoc. 8, shared 1 ways
      L3: 33554432 bytes, linesize 64 bytes, assoc. 16, shared 8 ways
    PCI devices:
      0000:61:00.0  Id: 10de:2235  Class: 0x0302  Numa: 0
      0000:63:00.0  Id: 1a03:2000  Class: 0x0300  Numa: 0
      0000:41:00.0  Id: 10de:2235  Class: 0x0302  Numa: 1
      0000:21:00.0  Id: 8086:0b60  Class: 0x0108  Numa: 2
      0000:25:00.0  Id: 10de:2235  Class: 0x0302  Numa: 2
      0000:01:00.0  Id: 10de:2235  Class: 0x0302  Numa: 3
      0000:e1:00.0  Id: 10de:2235  Class: 0x0302  Numa: 4
      0000:c1:00.0  Id: 10de:2235  Class: 0x0302  Numa: 5
      0000:c2:00.0  Id: 1000:00af  Class: 0x0107  Numa: 5
      0000:c3:00.0  Id: 15b3:101f  Class: 0x0200  Numa: 5
      0000:c3:00.1  Id: 15b3:101f  Class: 0x0200  Numa: 5
      0000:a1:00.0  Id: 10de:2235  Class: 0x0302  Numa: 6
      0000:81:00.0  Id: 10de:2235  Class: 0x0302  Numa: 7
  GPU info:
    Number of GPUs detected: 1
    #0: NVIDIA NVIDIA A40, compute cap.: 8.6, ECC:  no, stat: compatible


++++ PLEASE READ AND CITE THE FOLLOWING REFERENCE ++++
M. J. Abraham, T. Murtola, R. Schulz, S. Páll, J. C. Smith, B. Hess, E.
Lindahl
GROMACS: High performance molecular simulations through multi-level
parallelism from laptops to supercomputers
SoftwareX 1 (2015) pp. 19-25
-------- -------- --- Thank You --- -------- --------


++++ PLEASE READ AND CITE THE FOLLOWING REFERENCE ++++
S. Páll, M. J. Abraham, C. Kutzner, B. Hess, E. Lindahl
Tackling Exascale Software Challenges in Molecular Dynamics Simulations with
GROMACS
In S. Markidis & E. Laure (Eds.), Solving Software Challenges for Exascale 8759 (2015) pp. 3-27
-------- -------- --- Thank You --- -------- --------


++++ PLEASE READ AND CITE THE FOLLOWING REFERENCE ++++
S. Pronk, S. Páll, R. Schulz, P. Larsson, P. Bjelkmar, R. Apostolov, M. R.
Shirts, J. C. Smith, P. M. Kasson, D. van der Spoel, B. Hess, and E. Lindahl
GROMACS 4.5: a high-throughput and highly parallel open source molecular
simulation toolkit
Bioinformatics 29 (2013) pp. 845-54
-------- -------- --- Thank You --- -------- --------


++++ PLEASE READ AND CITE THE FOLLOWING REFERENCE ++++
B. Hess and C. Kutzner and D. van der Spoel and E. Lindahl
GROMACS 4: Algorithms for highly efficient, load-balanced, and scalable
molecular simulation
J. Chem. Theory Comput. 4 (2008) pp. 435-447
-------- -------- --- Thank You --- -------- --------


++++ PLEASE READ AND CITE THE FOLLOWING REFERENCE ++++
D. van der Spoel, E. Lindahl, B. Hess, G. Groenhof, A. E. Mark and H. J. C.
Berendsen
GROMACS: Fast, Flexible and Free
J. Comp. Chem. 26 (2005) pp. 1701-1719
-------- -------- --- Thank You --- -------- --------


++++ PLEASE READ AND CITE THE FOLLOWING REFERENCE ++++
E. Lindahl and B. Hess and D. van der Spoel
GROMACS 3.0: A package for molecular simulation and trajectory analysis
J. Mol. Mod. 7 (2001) pp. 306-317
-------- -------- --- Thank You --- -------- --------


++++ PLEASE READ AND CITE THE FOLLOWING REFERENCE ++++
H. J. C. Berendsen, D. van der Spoel and R. van Drunen
GROMACS: A message-passing parallel molecular dynamics implementation
Comp. Phys. Comm. 91 (1995) pp. 43-56
-------- -------- --- Thank You --- -------- --------


++++ PLEASE CITE THE DOI FOR THIS VERSION OF GROMACS ++++
https://doi.org/10.5281/zenodo.14016590
-------- -------- --- Thank You --- -------- --------

This run uses the 'GPU buffer ops' feature, enabled by the GMX_USE_GPU_BUFFER_OPS environment variable.
Input Parameters:
   integrator                     = md
   tinit                          = 0
   dt                             = 0.002
   nsteps                         = -1
   init-step                      = 0
   simulation-part                = 1
   mts                            = false
   mass-repartition-factor        = 1
   comm-mode                      = Linear
   nstcomm                        = 100
   bd-fric                        = 0
   ld-seed                        = 1565386167
   emtol                          = 10
   emstep                         = 0.01
   niter                          = 20
   fcstep                         = 0
   nstcgsteep                     = 1000
   nbfgscorr                      = 10
   rtpi                           = 0.05
   nstxout                        = 0
   nstvout                        = 0
   nstfout                        = 0
   nstlog                         = 0
   nstcalcenergy                  = 20
   nstenergy                      = 0
   nstxout-compressed             = 0
   compressed-x-precision         = 1000
   cutoff-scheme                  = Verlet
   nstlist                        = 20
   pbc                            = xyz
   periodic-molecules             = false
   verlet-buffer-tolerance        = 0.005
   verlet-buffer-pressure-tolerance = -1
   rlist                          = 1.211
   coulombtype                    = PME
   coulomb-modifier               = Potential-shift
   rcoulomb-switch                = 0
   rcoulomb                       = 1.2
   epsilon-r                      = 1
   epsilon-rf                     = inf
   vdw-type                       = Cut-off
   vdw-modifier                   = Force-switch
   rvdw-switch                    = 1
   rvdw                           = 1.2
   DispCorr                       = No
   table-extension                = 1
   fourierspacing                 = 0.15
   fourier-nx                     = 128
   fourier-ny                     = 128
   fourier-nz                     = 120
   pme-order                      = 4
   ewald-rtol                     = 1e-05
   ewald-rtol-lj                  = 0.001
   lj-pme-comb-rule               = Geometric
   ewald-geometry                 = 3d
   epsilon-surface                = 0
   ensemble-temperature-setting   = constant
   ensemble-temperature           = 300
   tcoupl                         = V-rescale
   nsttcouple                     = 20
   nh-chain-length                = 0
   print-nose-hoover-chain-variables = false
   pcoupl                         = Parrinello-Rahman
   pcoupltype                     = Semiisotropic
   nstpcouple                     = 20
   tau-p                          = 5
   compressibility (3x3):
      compressibility[    0]={ 4.50000e-05,  0.00000e+00,  0.00000e+00}
      compressibility[    1]={ 0.00000e+00,  4.50000e-05,  0.00000e+00}
      compressibility[    2]={ 0.00000e+00,  0.00000e+00,  4.50000e-05}
   ref-p (3x3):
      ref-p[    0]={ 1.00000e+00,  0.00000e+00,  0.00000e+00}
      ref-p[    1]={ 0.00000e+00,  1.00000e+00,  0.00000e+00}
      ref-p[    2]={ 0.00000e+00,  0.00000e+00,  1.00000e+00}
   refcoord-scaling               = COM
   posres-com (3):
      posres-com[0]= 0.00000e+00
      posres-com[1]= 0.00000e+00
      posres-com[2]= 0.00000e+00
   posres-comB (3):
      posres-comB[0]= 0.00000e+00
      posres-comB[1]= 0.00000e+00
      posres-comB[2]= 0.00000e+00
   QMMM                           = false
qm-opts:
   ngQM                           = 0
   constraint-algorithm           = Lincs
   continuation                   = true
   Shake-SOR                      = false
   shake-tol                      = 0.0001
   lincs-order                    = 4
   lincs-iter                     = 1
   lincs-warnangle                = 30
   nwall                          = 0
   wall-type                      = 9-3
   wall-r-linpot                  = -1
   wall-atomtype[0]               = -1
   wall-atomtype[1]               = -1
   wall-density[0]                = 0
   wall-density[1]                = 0
   wall-ewald-zfac                = 3
   pull                           = false
   awh                            = false
   rotation                       = false
   interactiveMD                  = false
   disre                          = No
   disre-weighting                = Conservative
   disre-mixed                    = false
   dr-fc                          = 1000
   dr-tau                         = 0
   nstdisreout                    = 100
   orire-fc                       = 0
   orire-tau                      = 0
   nstorireout                    = 100
   free-energy                    = no
   cos-acceleration               = 0
   deform (3x3):
      deform[    0]={ 0.00000e+00,  0.00000e+00,  0.00000e+00}
      deform[    1]={ 0.00000e+00,  0.00000e+00,  0.00000e+00}
      deform[    2]={ 0.00000e+00,  0.00000e+00,  0.00000e+00}
   simulated-tempering            = false
   swapcoords                     = no
   userint1                       = 0
   userint2                       = 0
   userint3                       = 0
   userint4                       = 0
   userreal1                      = 0
   userreal2                      = 0
   userreal3                      = 0
   userreal4                      = 0
   applied-forces:
     electric-field:
       x:
         E0                       = 0
         omega                    = 0
         t0                       = 0
         sigma                    = 0
       y:
         E0                       = 0
         omega                    = 0
         t0                       = 0
         sigma                    = 0
       z:
         E0                       = 0
         omega                    = 0
         t0                       = 0
         sigma                    = 0
grpopts:
   nrdf:      136987      303997      868677
   ref-t:         300         300         300
   tau-t:         0.5         0.5         0.5
annealing:          No          No          No
annealing-npoints:           0           0           0
   acc:	           0           0           0
   nfreeze:           N           N           N
   energygrp-flags[  0]: 0


The -nsteps functionality is deprecated, and may be removed in a future version. Consider using gmx convert-tpr -nsteps or changing the appropriate .mdp file field.

Overriding nsteps with value passed on the command line: 200000 steps, 400 ps
Changing nstlist from 20 to 100, rlist from 1.211 to 1.326


When checking whether update groups are usable:
  Domain decomposition is not active, so there is no need for update groups
1 GPU selected for this run.
Mapping of GPU IDs to the 2 GPU tasks in the 1 rank on this node:
  PP:0,PME:0
PP tasks will do (non-perturbed) short-ranged and most bonded interactions on the GPU
PP task will update and constrain coordinates on the GPU
PME tasks will do all aspects on the GPU
Using 1 MPI thread
Using 16 OpenMP threads 

System total charge: 0.000
Will do PME sum in reciprocal space for electrostatic interactions.

++++ PLEASE READ AND CITE THE FOLLOWING REFERENCE ++++
U. Essmann, L. Perera, M. L. Berkowitz, T. Darden, H. Lee and L. G. Pedersen 
A smooth particle mesh Ewald method
J. Chem. Phys. 103 (1995) pp. 8577-8592
-------- -------- --- Thank You --- -------- --------

Using a Gaussian width (1/beta) of 0.384195 nm for Ewald
Potential shift: LJ r^-12: -2.648e-01 r^-6: -5.349e-01, Ewald -8.333e-06
Initialized non-bonded Coulomb Ewald tables, spacing: 1.02e-03 size: 1176

Generated table with 1163 data points for 1-4 COUL.
Tabscale = 500 points/nm
Generated table with 1163 data points for 1-4 LJ6.
Tabscale = 500 points/nm
Generated table with 1163 data points for 1-4 LJ12.
Tabscale = 500 points/nm


Using GPU 8x8 nonbonded short-range kernels

Using a dual 8x8 pair-list setup updated with dynamic, rolling pruning:
  outer list: updated every 100 steps, buffer 0.126 nm, rlist 1.326 nm
  inner list: updated every  16 steps, buffer 0.005 nm, rlist 1.205 nm
At tolerance 0.005 kJ/mol/ps per atom, equivalent classical 1x1 list would be:
  outer list: updated every 100 steps, buffer 0.283 nm, rlist 1.483 nm
  inner list: updated every  16 steps, buffer 0.069 nm, rlist 1.269 nm

The average pressure is off by at most 1.04 bar due to missing LJ interactions

Overriding thread affinity set outside gmx mdrun

Pinning threads with a user-specified logical cpu stride of 1

Initializing LINear Constraint Solver

++++ PLEASE READ AND CITE THE FOLLOWING REFERENCE ++++
B. Hess and H. Bekker and H. J. C. Berendsen and J. G. E. M. Fraaije
LINCS: A Linear Constraint Solver for molecular simulations
J. Comp. Chem. 18 (1997) pp. 1463-1472
-------- -------- --- Thank You --- -------- --------

The number of constraints is 105148

++++ PLEASE READ AND CITE THE FOLLOWING REFERENCE ++++
S. Miyamoto and P. A. Kollman
SETTLE: An Analytical Version of the SHAKE and RATTLE Algorithms for Rigid
Water Models
J. Comp. Chem. 13 (1992) pp. 952-962
-------- -------- --- Thank You --- -------- --------


++++ PLEASE READ AND CITE THE FOLLOWING REFERENCE ++++
G. Bussi, D. Donadio and M. Parrinello
Canonical sampling through velocity rescaling
J. Chem. Phys. 126 (2007) pp. 014101
-------- -------- --- Thank You --- -------- --------

There are: 615924 Atoms

Updating coordinates and applying constraints on the GPU.
Center of mass motion removal mode is Linear
We have the following groups for center of mass motion removal:
  0:  PROT
  1:  MEMB
  2:  SOL_ION

Started mdrun on rank 0 Tue May  5 23:13:28 2026

           Step           Time
              0        0.00000

   Energies (kJ/mol)
           Bond            U-B    Proper Dih.  Improper Dih.      CMAP Dih.
    1.07123e+05    6.90344e+05    3.64479e+05    9.79662e+03   -5.99279e+03
          LJ-14     Coulomb-14        LJ (SR)   Coulomb (SR)   Coul. recip.
    7.74836e+04    3.58902e+05    4.28269e+05   -8.31766e+06    3.07191e+04
      Potential    Kinetic En.   Total Energy  Conserved En.    Temperature
   -6.25654e+06    1.97196e+06   -4.28457e+06   -4.28421e+06    3.62189e+02
 Pressure (bar)   Constr. rmsd
   -1.11757e+03    0.00000e+00

step 1000: timed with pme grid 128 128 120, coulomb cutoff 1.200: 1106.8 M-cycles
step 1200: timed with pme grid 112 112 108, coulomb cutoff 1.318: 1286.5 M-cycles
step 1400: timed with pme grid 120 120 108, coulomb cutoff 1.305: 1261.5 M-cycles
step 1600: timed with pme grid 120 120 112, coulomb cutoff 1.259: 1189.0 M-cycles
step 1800: timed with pme grid 120 120 120, coulomb cutoff 1.230: 1169.6 M-cycles
step 2000: timed with pme grid 128 128 120, coulomb cutoff 1.200: 1105.3 M-cycles
              optimal pme grid 128 128 120, coulomb cutoff 1.200

Step 128100: Run time exceeded 0.198 hours, will terminate the run within 100 steps
           Step           Time
         128200      256.40000

Writing checkpoint, step 128200 at Tue May  5 23:25:22 2026


   Energies (kJ/mol)
           Bond            U-B    Proper Dih.  Improper Dih.      CMAP Dih.
    1.05014e+05    6.50987e+05    3.59944e+05    9.94676e+03   -6.04773e+03
          LJ-14     Coulomb-14        LJ (SR)   Coulomb (SR)   Coul. recip.
    7.72825e+04    3.49019e+05    4.27324e+05   -8.32200e+06    3.00510e+04
      Potential    Kinetic En.   Total Energy  Conserved En.    Temperature
   -6.31848e+06    1.63221e+06   -4.68626e+06   -4.55232e+06    2.99788e+02
 Pressure (bar)   Constr. rmsd
    3.15553e+01    0.00000e+00


Energy conservation over simulation part #1 of length 256.4 ps, time 0 to 256.4 ps
  Conserved energy drift: -1.70e-03 kJ/mol/ps per atom


	<======  ###############  ==>
	<====  A V E R A G E S  ====>
	<==  ###############  ======>

	Statistics over 128201 steps using 6411 frames

   Energies (kJ/mol)
           Bond            U-B    Proper Dih.  Improper Dih.      CMAP Dih.
    1.05411e+05    6.50198e+05    3.60323e+05    9.93700e+03   -6.17536e+03
          LJ-14     Coulomb-14        LJ (SR)   Coulomb (SR)   Coul. recip.
    7.70308e+04    3.50328e+05    4.25873e+05   -8.31807e+06    3.02413e+04
      Potential    Kinetic En.   Total Energy  Conserved En.    Temperature
   -6.31491e+06    1.63349e+06   -4.68142e+06   -4.57797e+06    3.00022e+02
 Pressure (bar)   Constr. rmsd
    1.02908e+00    0.00000e+00

          Box-X          Box-Y          Box-Z
    1.85005e+01    1.85005e+01    1.75219e+01

   Total Virial (kJ/mol)
    5.41130e+05    8.62483e+01   -9.44370e+00
    8.61928e+01    5.40276e+05    4.67582e+02
   -9.40634e+00    4.67604e+02    5.51530e+05

   Pressure (bar)
   -1.49977e+00   -7.70229e-01    5.51681e-02
   -7.69921e-01    3.63982e+00   -2.74316e-02
    5.49612e-02   -2.75532e-02    9.47181e-01

         T-PROT         T-MEMB      T-SOL_ION
    3.00143e+02    3.00179e+02    2.99948e+02


	M E G A - F L O P S   A C C O U N T I N G

 NB=Group-cutoff nonbonded kernels    NxN=N-by-N cluster Verlet kernels
 RF=Reaction-Field  VdW=Van der Waals  QSTab=quadratic-spline table
 W3=SPC/TIP3p  W4=TIP4p (single or pairs)
 V&F=Potential and force  V=Potential only  F=Force only

 Computing:                               M-Number         M-Flops  % Flops
-----------------------------------------------------------------------------
 Pair Search distance check           97592.049344      878328.444     0.0
 NxN Ewald Elec. + LJ [F]          94992732.217280  7409433112.948    91.6
 NxN Ewald Elec. + LJ [V&F]         5000397.106368   645051226.721     8.0
 1,4 nonbonded interactions           59259.886642     5333389.798     0.1
 Shift-X                                790.230492        4741.383     0.0
 Bonds                                 9688.405972      571615.952     0.0
 Propers                              71514.107428    16376730.601     0.2
 Impropers                             1379.955564      287030.757     0.0
 Virial                                3948.977259       71081.591     0.0
 Stop-CM                                790.230492        7902.305     0.0
 Calc-Ekin                             7897.377528      213229.193     0.0
 CMAP                                   436.396204      741873.547     0.0
 Urey-Bradley                         43860.382522     8026450.002     0.1
-----------------------------------------------------------------------------
 Total                                              8086996713.242   100.0
-----------------------------------------------------------------------------


      R E A L   C Y C L E   A N D   T I M E   A C C O U N T I N G

On 1 MPI rank, each using 16 OpenMP threads

 Activity:              Num   Num      Call    Wall time         Giga-Cycles
                        Ranks Threads  Count      (s)         total sum    %
--------------------------------------------------------------------------------
 Neighbor search           1   16       1283      32.122       1025.961   4.5
 Launch PP GPU ops.        1   16     255119      36.157       1154.833   5.1
 Force                     1   16     128201      23.720        757.596   3.3
 PME GPU mesh              1   16     128201       8.918        284.832   1.2
 Wait Bonded GPU           1   16       6411       0.552         17.640   0.1
 Wait GPU NB local         1   16     128201      43.123       1377.328   6.0
 Wait GPU state copy       1   16     146151     555.957      17757.032  77.9
 NB X/F buffer ops.        1   16       6411       3.152        100.671   0.4
 Write traj.               1   16          1       0.107          3.416   0.0
 Rest                                              9.887        315.793   1.4
--------------------------------------------------------------------------------
 Total                                           713.694      22795.102 100.0
--------------------------------------------------------------------------------
 Breakdown of PME mesh activities
--------------------------------------------------------------------------------
 Wait PME GPU gather       1   16     128201       3.121         99.675   0.4
 Reduce GPU PME F          1   16     128201       1.419         45.315   0.2
 Launch PME GPU ops.       1   16    1153809       3.551        113.429   0.5
--------------------------------------------------------------------------------

               Core t (s)   Wall t (s)        (%)
       Time:    11418.990      713.694     1600.0
                 (ns/day)    (hour/ns)
Performance:       31.040        0.773
Finished mdrun on rank 0 Tue May  5 23:25:22 2026

