Group: 1
+-----------------------+---------+---------------+---------------+---------------+---------------+---------------+---------------+---------------+---------------+---------------+---------------+---------------+---------------+---------------+---------------+---------------+---------------+---------------+---------------+
|         Event         | Counter |   f0404:0:0   |   f0404:1:1   |   f0404:2:2   |   f0404:3:3   |   f0404:4:4   |   f0404:5:5   |   f0404:6:6   |   f0404:7:7   |   f0404:8:8   |   f0404:9:9   |  f0404:10:10  |  f0404:11:11  |  f0404:12:12  |  f0404:13:13  |  f0404:14:14  |  f0404:15:15  |  f0404:16:16  |  f0404:17:17  |
+-----------------------+---------+---------------+---------------+---------------+---------------+---------------+---------------+---------------+---------------+---------------+---------------+---------------+---------------+---------------+---------------+---------------+---------------+---------------+---------------+
|   INSTR_RETIRED_ANY   |  FIXC0  | 2214191682503 | 2205107532461 | 2195594812592 | 2164057724099 | 2112988817076 | 2097719337841 | 2068723350059 | 2073406529031 | 2071698425190 | 2069974883366 | 2069364206356 | 2090024547168 | 2120230224454 | 2180628630584 | 2191220802400 | 2192594562940 | 2158828328585 | 2155162662138 |
| CPU_CLK_UNHALTED_CORE |  FIXC1  | 1103622253202 | 1105149317287 | 1105151186232 | 1105229358533 | 1105146180280 | 1105288786586 | 1105145714795 | 1105073723117 | 1105160319781 | 1105226460147 | 1104833889883 | 1105077887216 | 1102803235136 | 1105173160440 | 1105270370421 | 1105216018493 | 1105258124797 | 1105232184120 |
|  CPU_CLK_UNHALTED_REF |  FIXC2  | 2037443593920 | 2040259972032 | 2040262881312 | 2040416345376 | 2040254747616 | 2040526066944 | 2040255653760 | 2040121759200 | 2040280390848 | 2040402650976 | 2039680433184 | 2040136327680 | 2035928606016 | 2040311535936 | 2040491439168 | 2040382528416 | 2040469610208 | 2040421098720 |
|     TOPDOWN_SLOTS     |  FIXC3  | 5518111266010 | 5525746586435 | 5525755931160 | 5526146792665 | 5525730901400 | 5526443932930 | 5525728573975 | 5525368615585 | 5525801598905 | 5526132300735 | 5524169449415 | 5525389436080 | 5514016175680 | 5525865802200 | 5526351852105 | 5526080092465 | 5526290623985 | 5526160920600 |
|       TEMP_CORE       |   TMP0  |            34 |            36 |            36 |            35 |            35 |            35 |            36 |            35 |            35 |            30 |            33 |            34 |            34 |            31 |            34 |            32 |            33 |            33 |
|     PWR_PKG_ENERGY    |   PWR0  |    85030.9634 |             0 |             0 |             0 |             0 |             0 |             0 |             0 |             0 |             0 |             0 |             0 |             0 |             0 |             0 |             0 |             0 |             0 |
|     PWR_PP0_ENERGY    |   PWR1  |             0 |             0 |             0 |             0 |             0 |             0 |             0 |             0 |             0 |             0 |             0 |             0 |             0 |             0 |             0 |             0 |             0 |             0 |
|    PWR_DRAM_ENERGY    |   PWR3  |     6273.5147 |             0 |             0 |             0 |             0 |             0 |             0 |             0 |             0 |             0 |             0 |             0 |             0 |             0 |             0 |             0 |             0 |             0 |
|  PWR_PLATFORM_ENERGY  |   PWR4  |             0 |             0 |             0 |             0 |             0 |             0 |             0 |             0 |             0 |             0 |             0 |             0 |             0 |             0 |             0 |             0 |             0 |             0 |
|   UNCORE_CLOCKTICKS   | UBOXFIX | 1349014675699 |             0 |             0 |             0 |             0 |             0 |             0 |             0 |             0 |             0 |             0 |             0 |             0 |             0 |             0 |             0 |             0 |             0 |
+-----------------------+---------+---------------+---------------+---------------+---------------+---------------+---------------+---------------+---------------+---------------+---------------+---------------+---------------+---------------+---------------+---------------+---------------+---------------+---------------+

+----------------------------+---------+----------------+---------------+---------------+---------------+
|            Event           | Counter |       Sum      |      Min      |      Max      |      Avg      |
+----------------------------+---------+----------------+---------------+---------------+---------------+
|   INSTR_RETIRED_ANY STAT   |  FIXC0  | 38431517058843 | 2068723350059 | 2214191682503 |  2.135084e+12 |
| CPU_CLK_UNHALTED_CORE STAT |  FIXC1  | 19889058170466 | 1102803235136 | 1105288786586 | 1104947676137 |
|  CPU_CLK_UNHALTED_REF STAT |  FIXC2  | 36718045641312 | 2035928606016 | 2040526066944 |  2.039891e+12 |
|     TOPDOWN_SLOTS STAT     |  FIXC3  | 99445290852330 | 5514016175680 | 5526443932930 | 5524738380685 |
|       TEMP_CORE STAT       |   TMP0  |            611 |            30 |            36 |       33.9444 |
|     PWR_PKG_ENERGY STAT    |   PWR0  |     85030.9634 |             0 |    85030.9634 |     4723.9424 |
|     PWR_PP0_ENERGY STAT    |   PWR1  |              0 |             0 |             0 |             0 |
|    PWR_DRAM_ENERGY STAT    |   PWR3  |      6273.5147 |             0 |     6273.5147 |      348.5286 |
|  PWR_PLATFORM_ENERGY STAT  |   PWR4  |              0 |             0 |             0 |             0 |
|   UNCORE_CLOCKTICKS STAT   | UBOXFIX |  1349014675699 |             0 | 1349014675699 |  7.494526e+10 |
+----------------------------+---------+----------------+---------------+---------------+---------------+

+----------------------+------------+-----------+-----------+-----------+-----------+-----------+-----------+-----------+-----------+-----------+-------------+-------------+-------------+-------------+-------------+-------------+-------------+-------------+
|        Metric        |  f0404:0:0 | f0404:1:1 | f0404:2:2 | f0404:3:3 | f0404:4:4 | f0404:5:5 | f0404:6:6 | f0404:7:7 | f0404:8:8 | f0404:9:9 | f0404:10:10 | f0404:11:11 | f0404:12:12 | f0404:13:13 | f0404:14:14 | f0404:15:15 | f0404:16:16 | f0404:17:17 |
+----------------------+------------+-----------+-----------+-----------+-----------+-----------+-----------+-----------+-----------+-----------+-------------+-------------+-------------+-------------+-------------+-------------+-------------+-------------+
|  Runtime (RDTSC) [s] |   856.2537 |  856.2468 |  856.2558 |  856.2591 |  856.2727 |  856.2661 |  856.2598 |  856.2577 |  856.2425 |  856.2615 |    856.2656 |    856.2661 |    856.2666 |    856.2579 |    856.2906 |    856.2599 |    856.3446 |    856.2591 |
| Runtime unhalted [s] |   460.9303 |  461.5679 |  461.5680 |  461.6019 |  461.5660 |  461.6263 |  461.5668 |  461.5361 |  461.5723 |  461.6004 |    461.4368 |    461.5373 |    460.5876 |    461.5783 |    461.6342 |    461.5966 |    461.6523 |    461.6030 |
|      Clock [MHz]     |  1296.9404 | 1296.9428 | 1296.9450 | 1296.9357 | 1296.9441 | 1296.9370 | 1296.9402 | 1296.9426 | 1296.9433 | 1296.9417 |   1296.9393 |   1296.9397 |   1296.9442 |   1296.9368 |   1296.8936 |   1296.9408 |   1296.8277 |   1296.9361 |
|  Uncore Clock [MHz]  |  1575.4848 |         0 |         0 |         0 |         0 |         0 |         0 |         0 |         0 |         0 |           0 |           0 |           0 |           0 |           0 |           0 |           0 |           0 |
|          CPI         |     0.4984 |    0.5012 |    0.5033 |    0.5107 |    0.5230 |    0.5269 |    0.5342 |    0.5330 |    0.5335 |    0.5339 |      0.5339 |      0.5287 |      0.5201 |      0.5068 |      0.5044 |      0.5041 |      0.5120 |      0.5128 |
|    Temperature [C]   |         34 |        36 |        36 |        35 |        35 |        35 |        36 |        35 |        35 |        30 |          33 |          34 |          34 |          31 |          34 |          32 |          33 |          33 |
|      Energy [J]      | 85030.9634 |         0 |         0 |         0 |         0 |         0 |         0 |         0 |         0 |         0 |           0 |           0 |           0 |           0 |           0 |           0 |           0 |           0 |
|       Power [W]      |    99.3058 |         0 |         0 |         0 |         0 |         0 |         0 |         0 |         0 |         0 |           0 |           0 |           0 |           0 |           0 |           0 |           0 |           0 |
|    Energy PP0 [J]    |          0 |         0 |         0 |         0 |         0 |         0 |         0 |         0 |         0 |         0 |           0 |           0 |           0 |           0 |           0 |           0 |           0 |           0 |
|     Power PP0 [W]    |          0 |         0 |         0 |         0 |         0 |         0 |         0 |         0 |         0 |         0 |           0 |           0 |           0 |           0 |           0 |           0 |           0 |           0 |
|    Energy DRAM [J]   |  6273.5147 |         0 |         0 |         0 |         0 |         0 |         0 |         0 |         0 |         0 |           0 |           0 |           0 |           0 |           0 |           0 |           0 |           0 |
|    Power DRAM [W]    |     7.3267 |         0 |         0 |         0 |         0 |         0 |         0 |         0 |         0 |         0 |           0 |           0 |           0 |           0 |           0 |           0 |           0 |           0 |
|  Energy PLATFORM [J] |          0 |         0 |         0 |         0 |         0 |         0 |         0 |         0 |         0 |         0 |           0 |           0 |           0 |           0 |           0 |           0 |           0 |           0 |
|  Power PLATFORM [W]  |          0 |         0 |         0 |         0 |         0 |         0 |         0 |         0 |         0 |         0 |           0 |           0 |           0 |           0 |           0 |           0 |           0 |           0 |
+----------------------+------------+-----------+-----------+-----------+-----------+-----------+-----------+-----------+-----------+-----------+-------------+-------------+-------------+-------------+-------------+-------------+-------------+-------------+

+---------------------------+------------+-----------+------------+-----------+-----------+-----------+-----------+
|           Metric          |     Sum    |    Min    |     Max    |    Avg    |  %ile 25  |  %ile 50  |  %ile 75  |
+---------------------------+------------+-----------+------------+-----------+-----------+-----------+-----------+
|  Runtime (RDTSC) [s] STAT | 15412.7861 |  856.2425 |   856.3446 |  856.2659 |  856.2577 |  856.2598 |  856.2661 |
| Runtime unhalted [s] STAT |  8306.7621 |  460.5876 |   461.6523 |  461.4868 |  461.5373 |  461.5680 |  461.6019 |
|      Clock [MHz] STAT     | 23344.7710 | 1296.8277 |  1296.9450 | 1296.9317 | 1296.9368 | 1296.9402 | 1296.9428 |
|  Uncore Clock [MHz] STAT  |  1575.4848 |         0 |  1575.4848 |   87.5269 |         0 |         0 |         0 |
|          CPI STAT         |     9.3209 |    0.4984 |     0.5342 |    0.5178 |    0.5044 |    0.5128 |    0.5330 |
|    Temperature [C] STAT   |        611 |        30 |         36 |   33.9444 |        33 |        34 |        35 |
|      Energy [J] STAT      | 85030.9634 |         0 | 85030.9634 | 4723.9424 |         0 |         0 |         0 |
|       Power [W] STAT      |    99.3058 |         0 |    99.3058 |    5.5170 |         0 |         0 |         0 |
|    Energy PP0 [J] STAT    |          0 |         0 |          0 |         0 |         0 |         0 |         0 |
|     Power PP0 [W] STAT    |          0 |         0 |          0 |         0 |         0 |         0 |         0 |
|    Energy DRAM [J] STAT   |  6273.5147 |         0 |  6273.5147 |  348.5286 |         0 |         0 |         0 |
|    Power DRAM [W] STAT    |     7.3267 |         0 |     7.3267 |    0.4070 |         0 |         0 |         0 |
|  Energy PLATFORM [J] STAT |          0 |         0 |          0 |         0 |         0 |         0 |         0 |
|  Power PLATFORM [W] STAT  |          0 |         0 |          0 |         0 |         0 |         0 |         0 |
+---------------------------+------------+-----------+------------+-----------+-----------+-----------+-----------+

