Group: 1
+-----------------------+---------+---------------+---------------+---------------+---------------+---------------+---------------+---------------+---------------+---------------+---------------+---------------+---------------+---------------+---------------+---------------+---------------+---------------+---------------+
|         Event         | Counter |   f0404:0:0   |   f0404:1:1   |   f0404:2:2   |   f0404:3:3   |   f0404:4:4   |   f0404:5:5   |   f0404:6:6   |   f0404:7:7   |   f0404:8:8   |   f0404:9:9   |  f0404:10:10  |  f0404:11:11  |  f0404:12:12  |  f0404:13:13  |  f0404:14:14  |  f0404:15:15  |  f0404:16:16  |  f0404:17:17  |
+-----------------------+---------+---------------+---------------+---------------+---------------+---------------+---------------+---------------+---------------+---------------+---------------+---------------+---------------+---------------+---------------+---------------+---------------+---------------+---------------+
|   INSTR_RETIRED_ANY   |  FIXC0  | 2225761814330 | 2212856564937 | 2203225583237 | 2172297253518 | 2120021151113 | 2105122910204 | 2074532853425 | 2079827478501 | 2078777453035 | 2074378616130 | 2072643918057 | 2090444117897 | 2128174180643 | 2185855621557 | 2194392084923 | 2191055776006 | 2157655223027 | 2162403255897 |
| CPU_CLK_UNHALTED_CORE |  FIXC1  | 1255172157415 | 1260782841478 | 1260507428646 | 1260787739264 | 1260892242287 | 1260840809350 | 1261178102113 | 1261056004325 | 1261142299556 | 1261283217180 | 1260681539237 | 1261070225426 | 1258991497160 | 1260362904880 | 1260807332014 | 1260374342955 | 1260997192812 | 1261147585317 |
|  CPU_CLK_UNHALTED_REF |  FIXC2  | 1158623055264 | 1163801168064 | 1163547401664 | 1163805665760 | 1163901076320 | 1163853799200 | 1164165919104 | 1164053905440 | 1164132637536 | 1164263785632 | 1163707480416 | 1164066158592 | 1162147792512 | 1163414436864 | 1163824148832 | 1163423975136 | 1163998501248 | 1164137571936 |
|     TOPDOWN_SLOTS     |  FIXC3  | 6275860787075 | 6303914207390 | 6302537143230 | 6303938696320 | 6304461211435 | 6304204046750 | 6305890510565 | 6305280021625 | 6305711497780 | 6306416085900 | 6303407696185 | 6305351127130 | 6294957485800 | 6301814524400 | 6304036660070 | 6301871714775 | 6304985964060 | 6305737926585 |
|       TEMP_CORE       |   TMP0  |            41 |            44 |            46 |            43 |            42 |            45 |            46 |            46 |            45 |            40 |            41 |            43 |            44 |            41 |            43 |            42 |            41 |            41 |
|     PWR_PKG_ENERGY    |   PWR0  |    86346.4408 |             0 |             0 |             0 |             0 |             0 |             0 |             0 |             0 |             0 |             0 |             0 |             0 |             0 |             0 |             0 |             0 |             0 |
|     PWR_PP0_ENERGY    |   PWR1  |             0 |             0 |             0 |             0 |             0 |             0 |             0 |             0 |             0 |             0 |             0 |             0 |             0 |             0 |             0 |             0 |             0 |             0 |
|    PWR_DRAM_ENERGY    |   PWR3  |     5341.3917 |             0 |             0 |             0 |             0 |             0 |             0 |             0 |             0 |             0 |             0 |             0 |             0 |             0 |             0 |             0 |             0 |             0 |
|  PWR_PLATFORM_ENERGY  |   PWR4  |             0 |             0 |             0 |             0 |             0 |             0 |             0 |             0 |             0 |             0 |             0 |             0 |             0 |             0 |             0 |             0 |             0 |             0 |
|   UNCORE_CLOCKTICKS   | UBOXFIX | 1071839921633 |             0 |             0 |             0 |             0 |             0 |             0 |             0 |             0 |             0 |             0 |             0 |             0 |             0 |             0 |             0 |             0 |             0 |
+-----------------------+---------+---------------+---------------+---------------+---------------+---------------+---------------+---------------+---------------+---------------+---------------+---------------+---------------+---------------+---------------+---------------+---------------+---------------+---------------+

+----------------------------+---------+-----------------+---------------+---------------+--------------+
|            Event           | Counter |       Sum       |      Min      |      Max      |      Avg     |
+----------------------------+---------+-----------------+---------------+---------------+--------------+
|   INSTR_RETIRED_ANY STAT   |  FIXC0  |  38529425856437 | 2072643918057 | 2225761814330 | 2.140524e+12 |
| CPU_CLK_UNHALTED_CORE STAT |  FIXC1  |  22688075461415 | 1255172157415 | 1261283217180 | 1.260449e+12 |
|  CPU_CLK_UNHALTED_REF STAT |  FIXC2  |  20942868479520 | 1158623055264 | 1164263785632 | 1.163493e+12 |
|     TOPDOWN_SLOTS STAT     |  FIXC3  | 113440377307075 | 6275860787075 | 6306416085900 | 6.302243e+12 |
|       TEMP_CORE STAT       |   TMP0  |             774 |            40 |            46 |           43 |
|     PWR_PKG_ENERGY STAT    |   PWR0  |      86346.4408 |             0 |    86346.4408 |    4797.0245 |
|     PWR_PP0_ENERGY STAT    |   PWR1  |               0 |             0 |             0 |            0 |
|    PWR_DRAM_ENERGY STAT    |   PWR3  |       5341.3917 |             0 |     5341.3917 |     296.7440 |
|  PWR_PLATFORM_ENERGY STAT  |   PWR4  |               0 |             0 |             0 |            0 |
|   UNCORE_CLOCKTICKS STAT   | UBOXFIX |   1071839921633 |             0 | 1071839921633 | 5.954666e+10 |
+----------------------------+---------+-----------------+---------------+---------------+--------------+

+----------------------+------------+-----------+-----------+-----------+-----------+-----------+-----------+-----------+-----------+-----------+-------------+-------------+-------------+-------------+-------------+-------------+-------------+-------------+
|        Metric        |  f0404:0:0 | f0404:1:1 | f0404:2:2 | f0404:3:3 | f0404:4:4 | f0404:5:5 | f0404:6:6 | f0404:7:7 | f0404:8:8 | f0404:9:9 | f0404:10:10 | f0404:11:11 | f0404:12:12 | f0404:13:13 | f0404:14:14 | f0404:15:15 | f0404:16:16 | f0404:17:17 |
+----------------------+------------+-----------+-----------+-----------+-----------+-----------+-----------+-----------+-----------+-----------+-------------+-------------+-------------+-------------+-------------+-------------+-------------+-------------+
|  Runtime (RDTSC) [s] |   488.5441 |  488.5420 |  488.5551 |  488.5483 |  488.5685 |  488.5669 |  488.5551 |  488.5945 |  488.5410 |  488.5469 |    488.5459 |    488.5366 |    488.5392 |    488.5428 |    488.5419 |    488.5465 |    488.5557 |    488.5438 |
| Runtime unhalted [s] |   524.2245 |  526.5684 |  526.4698 |  526.5707 |  526.6322 |  526.6154 |  526.7511 |  526.7385 |  526.7196 |  526.7782 |    526.5261 |    526.6882 |    525.8204 |    526.3999 |    526.5789 |    526.3975 |    526.6756 |    526.7274 |
|      Clock [MHz]     |  2593.8635 | 2593.8625 | 2593.7807 | 2593.8616 | 2593.7761 | 2593.7525 | 2593.7762 | 2593.5855 | 2593.8582 | 2593.8572 |   2593.8631 |   2593.8644 |   2593.8617 |   2593.8269 |   2593.8606 |   2593.8642 |   2593.7768 |   2593.8307 |
|  Uncore Clock [MHz]  |  2193.9471 |         0 |         0 |         0 |         0 |         0 |         0 |         0 |         0 |         0 |           0 |           0 |           0 |           0 |           0 |           0 |           0 |           0 |
|          CPI         |     0.5639 |    0.5698 |    0.5721 |    0.5804 |    0.5948 |    0.5989 |    0.6079 |    0.6063 |    0.6067 |    0.6080 |      0.6082 |      0.6033 |      0.5916 |      0.5766 |      0.5746 |      0.5752 |      0.5844 |      0.5832 |
|    Temperature [C]   |         41 |        44 |        46 |        43 |        42 |        45 |        46 |        46 |        45 |        40 |          41 |          43 |          44 |          41 |          43 |          42 |          41 |          41 |
|      Energy [J]      | 86346.4408 |         0 |         0 |         0 |         0 |         0 |         0 |         0 |         0 |         0 |           0 |           0 |           0 |           0 |           0 |           0 |           0 |           0 |
|       Power [W]      |   176.7424 |         0 |         0 |         0 |         0 |         0 |         0 |         0 |         0 |         0 |           0 |           0 |           0 |           0 |           0 |           0 |           0 |           0 |
|    Energy PP0 [J]    |          0 |         0 |         0 |         0 |         0 |         0 |         0 |         0 |         0 |         0 |           0 |           0 |           0 |           0 |           0 |           0 |           0 |           0 |
|     Power PP0 [W]    |          0 |         0 |         0 |         0 |         0 |         0 |         0 |         0 |         0 |         0 |           0 |           0 |           0 |           0 |           0 |           0 |           0 |           0 |
|    Energy DRAM [J]   |  5341.3917 |         0 |         0 |         0 |         0 |         0 |         0 |         0 |         0 |         0 |           0 |           0 |           0 |           0 |           0 |           0 |           0 |           0 |
|    Power DRAM [W]    |    10.9333 |         0 |         0 |         0 |         0 |         0 |         0 |         0 |         0 |         0 |           0 |           0 |           0 |           0 |           0 |           0 |           0 |           0 |
|  Energy PLATFORM [J] |          0 |         0 |         0 |         0 |         0 |         0 |         0 |         0 |         0 |         0 |           0 |           0 |           0 |           0 |           0 |           0 |           0 |           0 |
|  Power PLATFORM [W]  |          0 |         0 |         0 |         0 |         0 |         0 |         0 |         0 |         0 |         0 |           0 |           0 |           0 |           0 |           0 |           0 |           0 |           0 |
+----------------------+------------+-----------+-----------+-----------+-----------+-----------+-----------+-----------+-----------+-----------+-------------+-------------+-------------+-------------+-------------+-------------+-------------+-------------+

+---------------------------+------------+-----------+------------+-----------+-----------+-----------+-----------+
|           Metric          |     Sum    |    Min    |     Max    |    Avg    |  %ile 25  |  %ile 50  |  %ile 75  |
+---------------------------+------------+-----------+------------+-----------+-----------+-----------+-----------+
|  Runtime (RDTSC) [s] STAT |  8793.9148 |  488.5366 |   488.5945 |  488.5508 |  488.5420 |  488.5459 |  488.5551 |
| Runtime unhalted [s] STAT |  9475.8824 |  524.2245 |   526.7782 |  526.4379 |  526.4698 |  526.5789 |  526.7196 |
|      Clock [MHz] STAT     | 46688.7224 | 2593.5855 |  2593.8644 | 2593.8179 | 2593.7768 | 2593.8572 | 2593.8625 |
|  Uncore Clock [MHz] STAT  |  2193.9471 |         0 |  2193.9471 |  121.8859 |         0 |         0 |         0 |
|          CPI STAT         |    10.6059 |    0.5639 |     0.6082 |    0.5892 |    0.5752 |    0.5844 |    0.6063 |
|    Temperature [C] STAT   |        774 |        40 |         46 |        43 |        41 |        43 |        45 |
|      Energy [J] STAT      | 86346.4408 |         0 | 86346.4408 | 4797.0245 |         0 |         0 |         0 |
|       Power [W] STAT      |   176.7424 |         0 |   176.7424 |    9.8190 |         0 |         0 |         0 |
|    Energy PP0 [J] STAT    |          0 |         0 |          0 |         0 |         0 |         0 |         0 |
|     Power PP0 [W] STAT    |          0 |         0 |          0 |         0 |         0 |         0 |         0 |
|    Energy DRAM [J] STAT   |  5341.3917 |         0 |  5341.3917 |  296.7440 |         0 |         0 |         0 |
|    Power DRAM [W] STAT    |    10.9333 |         0 |    10.9333 |    0.6074 |         0 |         0 |         0 |
|  Energy PLATFORM [J] STAT |          0 |         0 |          0 |         0 |         0 |         0 |         0 |
|  Power PLATFORM [W] STAT  |          0 |         0 |          0 |         0 |         0 |         0 |         0 |
+---------------------------+------------+-----------+------------+-----------+-----------+-----------+-----------+

