Group: 1
+-----------------------+---------+---------------+---------------+---------------+---------------+---------------+---------------+---------------+---------------+---------------+---------------+---------------+---------------+---------------+---------------+---------------+---------------+---------------+---------------+
|         Event         | Counter |   f0880:0:0   |   f0880:1:1   |   f0880:2:2   |   f0880:3:3   |   f0880:4:4   |   f0880:5:5   |   f0880:6:6   |   f0880:7:7   |   f0880:8:8   |   f0880:9:9   |  f0880:10:10  |  f0880:11:11  |  f0880:12:12  |  f0880:13:13  |  f0880:14:14  |  f0880:15:15  |  f0880:16:16  |  f0880:17:17  |
+-----------------------+---------+---------------+---------------+---------------+---------------+---------------+---------------+---------------+---------------+---------------+---------------+---------------+---------------+---------------+---------------+---------------+---------------+---------------+---------------+
|   INSTR_RETIRED_ANY   |  FIXC0  | 2442978489888 | 2429431312837 | 2417765785576 | 2373976879523 | 2314726831772 | 2294704208309 | 2274540468722 | 2279038457984 | 2275238520899 | 2280469326171 | 2177195239734 | 2186905910408 | 2194822344410 | 2220898592309 | 2249488127223 | 2269150953881 | 2301790648766 | 2341306815172 |
| CPU_CLK_UNHALTED_CORE |  FIXC1  | 1342379509510 | 1354857917292 | 1357084658967 | 1356890414816 | 1356882573220 | 1356942529222 | 1356629164506 | 1356811166400 | 1357053588792 | 1356997274771 | 1357015242660 | 1356858706027 | 1356917582830 | 1356792209472 | 1356963161911 | 1357182104882 | 1357137909350 | 1357291189155 |
|  CPU_CLK_UNHALTED_REF |  FIXC2  | 1464424358880 | 1478035006848 | 1480463904768 | 1480251498720 | 1480242598080 | 1480308938208 | 1479967455840 | 1480165663776 | 1480427460000 | 1480368632544 | 1480386813312 | 1480216996608 | 1480281837120 | 1480144275744 | 1480332264096 | 1480570051584 | 1480523207520 | 1480687705920 |
|     TOPDOWN_SLOTS     |  FIXC3  | 6711897547550 | 6774289586460 | 6785423294835 | 6784452074080 | 6784412866100 | 6784712646110 | 6783145822530 | 6784055832000 | 6785267943960 | 6784986373855 | 6785076213300 | 6784293530135 | 6784587914150 | 6783961047360 | 6784815809555 | 6785910524410 | 6785689546750 | 6786455945775 |
|       TEMP_CORE       |   TMP0  |            42 |            44 |            42 |            40 |            40 |            41 |            41 |            44 |            41 |            41 |            40 |            42 |            43 |            43 |            42 |            39 |            42 |            40 |
|     PWR_PKG_ENERGY    |   PWR0  |    77542.3501 |             0 |             0 |             0 |             0 |             0 |             0 |             0 |             0 |             0 |             0 |             0 |             0 |             0 |             0 |             0 |             0 |             0 |
|     PWR_PP0_ENERGY    |   PWR1  |             0 |             0 |             0 |             0 |             0 |             0 |             0 |             0 |             0 |             0 |             0 |             0 |             0 |             0 |             0 |             0 |             0 |             0 |
|    PWR_DRAM_ENERGY    |   PWR3  |     4881.0208 |             0 |             0 |             0 |             0 |             0 |             0 |             0 |             0 |             0 |             0 |             0 |             0 |             0 |             0 |             0 |             0 |             0 |
|  PWR_PLATFORM_ENERGY  |   PWR4  |             0 |             0 |             0 |             0 |             0 |             0 |             0 |             0 |             0 |             0 |             0 |             0 |             0 |             0 |             0 |             0 |             0 |             0 |
|   UNCORE_CLOCKTICKS   | UBOXFIX |  983123502727 |             0 |             0 |             0 |             0 |             0 |             0 |             0 |             0 |             0 |             0 |             0 |             0 |             0 |             0 |             0 |             0 |             0 |
+-----------------------+---------+---------------+---------------+---------------+---------------+---------------+---------------+---------------+---------------+---------------+---------------+---------------+---------------+---------------+---------------+---------------+---------------+---------------+---------------+

+----------------------------+---------+-----------------+---------------+---------------+--------------+
|            Event           | Counter |       Sum       |      Min      |      Max      |      Avg     |
+----------------------------+---------+-----------------+---------------+---------------+--------------+
|   INSTR_RETIRED_ANY STAT   |  FIXC0  |  41324428913584 | 2177195239734 | 2442978489888 | 2.295802e+12 |
| CPU_CLK_UNHALTED_CORE STAT |  FIXC1  |  24408686903783 | 1342379509510 | 1357291189155 | 1.356038e+12 |
|  CPU_CLK_UNHALTED_REF STAT |  FIXC2  |  26627798669568 | 1464424358880 | 1480687705920 | 1.479322e+12 |
|     TOPDOWN_SLOTS STAT     |  FIXC3  | 122043434518915 | 6711897547550 | 6786455945775 | 6.780191e+12 |
|       TEMP_CORE STAT       |   TMP0  |             747 |            39 |            44 |      41.5000 |
|     PWR_PKG_ENERGY STAT    |   PWR0  |      77542.3501 |             0 |    77542.3501 |    4307.9083 |
|     PWR_PP0_ENERGY STAT    |   PWR1  |               0 |             0 |             0 |            0 |
|    PWR_DRAM_ENERGY STAT    |   PWR3  |       4881.0208 |             0 |     4881.0208 |     271.1678 |
|  PWR_PLATFORM_ENERGY STAT  |   PWR4  |               0 |             0 |             0 |            0 |
|   UNCORE_CLOCKTICKS STAT   | UBOXFIX |    983123502727 |             0 |  983123502727 | 5.461797e+10 |
+----------------------------+---------+-----------------+---------------+---------------+--------------+

+----------------------+------------+-----------+-----------+-----------+-----------+-----------+-----------+-----------+-----------+-----------+-------------+-------------+-------------+-------------+-------------+-------------+-------------+-------------+
|        Metric        |  f0880:0:0 | f0880:1:1 | f0880:2:2 | f0880:3:3 | f0880:4:4 | f0880:5:5 | f0880:6:6 | f0880:7:7 | f0880:8:8 | f0880:9:9 | f0880:10:10 | f0880:11:11 | f0880:12:12 | f0880:13:13 | f0880:14:14 | f0880:15:15 | f0880:16:16 | f0880:17:17 |
+----------------------+------------+-----------+-----------+-----------+-----------+-----------+-----------+-----------+-----------+-----------+-------------+-------------+-------------+-------------+-------------+-------------+-------------+-------------+
|  Runtime (RDTSC) [s] |   621.3379 |  621.3462 |  621.3031 |  621.2750 |  621.3603 |  621.3316 |  621.3437 |  621.3667 |  621.3077 |  621.3484 |    621.3230 |    621.2731 |    621.3434 |    621.3435 |    621.3269 |    621.3310 |    621.2767 |    621.3378 |
| Runtime unhalted [s] |   560.6484 |  565.8631 |  566.7899 |  566.7085 |  566.7048 |  566.7375 |  566.5994 |  566.6754 |  566.7778 |  566.7528 |    566.7601 |    566.6946 |    566.7206 |    566.6691 |    566.7381 |    566.8305 |    566.8129 |    566.8759 |
|      Clock [MHz]     |  2194.7908 | 2194.7822 | 2194.7949 | 2194.7967 | 2194.7991 | 2194.7680 | 2194.7953 | 2194.7957 | 2194.7953 | 2194.7974 |   2194.8000 |   2194.7993 |   2194.7930 |   2194.7908 |   2194.7978 |   2194.7956 |   2194.7904 |   2194.7981 |
|  Uncore Clock [MHz]  |  1582.2687 |         0 |         0 |         0 |         0 |         0 |         0 |         0 |         0 |         0 |           0 |           0 |           0 |           0 |           0 |           0 |           0 |           0 |
|          CPI         |     0.5495 |    0.5577 |    0.5613 |    0.5716 |    0.5862 |    0.5913 |    0.5964 |    0.5953 |    0.5964 |    0.5951 |      0.6233 |      0.6204 |      0.6182 |      0.6109 |      0.6032 |      0.5981 |      0.5896 |      0.5797 |
|    Temperature [C]   |         42 |        44 |        42 |        40 |        40 |        41 |        41 |        44 |        41 |        41 |          40 |          42 |          43 |          43 |          42 |          39 |          42 |          40 |
|      Energy [J]      | 77542.3501 |         0 |         0 |         0 |         0 |         0 |         0 |         0 |         0 |         0 |           0 |           0 |           0 |           0 |           0 |           0 |           0 |           0 |
|       Power [W]      |   124.7990 |         0 |         0 |         0 |         0 |         0 |         0 |         0 |         0 |         0 |           0 |           0 |           0 |           0 |           0 |           0 |           0 |           0 |
|    Energy PP0 [J]    |          0 |         0 |         0 |         0 |         0 |         0 |         0 |         0 |         0 |         0 |           0 |           0 |           0 |           0 |           0 |           0 |           0 |           0 |
|     Power PP0 [W]    |          0 |         0 |         0 |         0 |         0 |         0 |         0 |         0 |         0 |         0 |           0 |           0 |           0 |           0 |           0 |           0 |           0 |           0 |
|    Energy DRAM [J]   |  4881.0208 |         0 |         0 |         0 |         0 |         0 |         0 |         0 |         0 |         0 |           0 |           0 |           0 |           0 |           0 |           0 |           0 |           0 |
|    Power DRAM [W]    |     7.8557 |         0 |         0 |         0 |         0 |         0 |         0 |         0 |         0 |         0 |           0 |           0 |           0 |           0 |           0 |           0 |           0 |           0 |
|  Energy PLATFORM [J] |          0 |         0 |         0 |         0 |         0 |         0 |         0 |         0 |         0 |         0 |           0 |           0 |           0 |           0 |           0 |           0 |           0 |           0 |
|  Power PLATFORM [W]  |          0 |         0 |         0 |         0 |         0 |         0 |         0 |         0 |         0 |         0 |           0 |           0 |           0 |           0 |           0 |           0 |           0 |           0 |
+----------------------+------------+-----------+-----------+-----------+-----------+-----------+-----------+-----------+-----------+-----------+-------------+-------------+-------------+-------------+-------------+-------------+-------------+-------------+

+---------------------------+------------+-----------+------------+-----------+-----------+-----------+-----------+
|           Metric          |     Sum    |    Min    |     Max    |    Avg    |  %ile 25  |  %ile 50  |  %ile 75  |
+---------------------------+------------+-----------+------------+-----------+-----------+-----------+-----------+
|  Runtime (RDTSC) [s] STAT | 11183.8760 |  621.2731 |   621.3667 |  621.3264 |  621.3077 |  621.3316 |  621.3437 |
| Runtime unhalted [s] STAT | 10194.3594 |  560.6484 |   566.8759 |  566.3533 |  566.6754 |  566.7206 |  566.7778 |
|      Clock [MHz] STAT     | 39506.2804 | 2194.7680 |  2194.8000 | 2194.7934 | 2194.7908 | 2194.7953 | 2194.7978 |
|  Uncore Clock [MHz] STAT  |  1582.2687 |         0 |  1582.2687 |   87.9038 |         0 |         0 |         0 |
|          CPI STAT         |    10.6442 |    0.5495 |     0.6233 |    0.5913 |    0.5797 |    0.5951 |    0.6032 |
|    Temperature [C] STAT   |        747 |        39 |         44 |   41.5000 |        40 |        41 |        42 |
|      Energy [J] STAT      | 77542.3501 |         0 | 77542.3501 | 4307.9083 |         0 |         0 |         0 |
|       Power [W] STAT      |   124.7990 |         0 |   124.7990 |    6.9333 |         0 |         0 |         0 |
|    Energy PP0 [J] STAT    |          0 |         0 |          0 |         0 |         0 |         0 |         0 |
|     Power PP0 [W] STAT    |          0 |         0 |          0 |         0 |         0 |         0 |         0 |
|    Energy DRAM [J] STAT   |  4881.0208 |         0 |  4881.0208 |  271.1678 |         0 |         0 |         0 |
|    Power DRAM [W] STAT    |     7.8557 |         0 |     7.8557 |    0.4364 |         0 |         0 |         0 |
|  Energy PLATFORM [J] STAT |          0 |         0 |          0 |         0 |         0 |         0 |         0 |
|  Power PLATFORM [W] STAT  |          0 |         0 |          0 |         0 |         0 |         0 |         0 |
+---------------------------+------------+-----------+------------+-----------+-----------+-----------+-----------+

