Group: 1
+-----------------------+---------+---------------+---------------+---------------+---------------+---------------+---------------+---------------+---------------+---------------+---------------+---------------+---------------+---------------+---------------+---------------+---------------+---------------+---------------+
|         Event         | Counter |   f0660:0:0   |   f0660:1:1   |   f0660:2:2   |   f0660:3:3   |   f0660:4:4   |   f0660:5:5   |   f0660:6:6   |   f0660:7:7   |   f0660:8:8   |   f0660:9:9   |  f0660:10:10  |  f0660:11:11  |  f0660:12:12  |  f0660:13:13  |  f0660:14:14  |  f0660:15:15  |  f0660:16:16  |  f0660:17:17  |
+-----------------------+---------+---------------+---------------+---------------+---------------+---------------+---------------+---------------+---------------+---------------+---------------+---------------+---------------+---------------+---------------+---------------+---------------+---------------+---------------+
|   INSTR_RETIRED_ANY   |  FIXC0  | 2310124575082 | 2230916171349 | 2228640014701 | 2207484756297 | 2205137895574 | 2197976955987 | 2108110547278 | 2105693779968 | 2155437793088 | 2206281541951 | 2196050502492 | 2383802571281 | 2417269479026 | 2265403513355 | 2253168456492 | 2327000185781 | 2256284145109 | 2074468503382 |
| CPU_CLK_UNHALTED_CORE |  FIXC1  | 1296344092085 | 1299796571512 | 1298471854016 | 1298616430002 | 1297460383209 | 1296585983083 | 1296995890622 | 1295347272200 | 1295644222616 | 1294271441534 | 1295246278248 | 1294299813533 | 1294196358680 | 1294732218164 | 1294250758378 | 1294853082576 | 1294404906013 | 1294462598299 |
|  CPU_CLK_UNHALTED_REF |  FIXC2  | 2393238981408 | 2399608822656 | 2397163420128 | 2397430697280 | 2395300716672 | 2393681194560 | 2394440528544 | 2391395293248 | 2391942864384 | 2389406476896 | 2391207456768 | 2389459619424 | 2389267411680 | 2390257156416 | 2389369848192 | 2390480806176 | 2389653127200 | 2389761908448 |
|     TOPDOWN_SLOTS     |  FIXC3  | 6481720460425 | 6498982857560 | 6492359270080 | 6493082150010 | 6487301916045 | 6482929915415 | 6484979453110 | 6476736361000 | 6478221113080 | 6471357207670 | 6476231391240 | 6471499067665 | 6470981793400 | 6473661090820 | 6471253791890 | 6474265412880 | 6472024530065 | 6472312991495 |
|       TEMP_CORE       |   TMP0  |            33 |            35 |            34 |            35 |            36 |            35 |            35 |            35 |            34 |            37 |            36 |            36 |            34 |            37 |            36 |            35 |            35 |            34 |
|     PWR_PKG_ENERGY    |   PWR0  |    84298.2182 |             0 |             0 |             0 |             0 |             0 |             0 |             0 |             0 |             0 |             0 |             0 |             0 |             0 |             0 |             0 |             0 |             0 |
|     PWR_PP0_ENERGY    |   PWR1  |             0 |             0 |             0 |             0 |             0 |             0 |             0 |             0 |             0 |             0 |             0 |             0 |             0 |             0 |             0 |             0 |             0 |             0 |
|    PWR_DRAM_ENERGY    |   PWR3  |     6632.9984 |             0 |             0 |             0 |             0 |             0 |             0 |             0 |             0 |             0 |             0 |             0 |             0 |             0 |             0 |             0 |             0 |             0 |
|  PWR_PLATFORM_ENERGY  |   PWR4  |             0 |             0 |             0 |             0 |             0 |             0 |             0 |             0 |             0 |             0 |             0 |             0 |             0 |             0 |             0 |             0 |             0 |             0 |
|   UNCORE_CLOCKTICKS   | UBOXFIX | 1330863710437 |             0 |             0 |             0 |             0 |             0 |             0 |             0 |             0 |             0 |             0 |             0 |             0 |             0 |             0 |             0 |             0 |             0 |
+-----------------------+---------+---------------+---------------+---------------+---------------+---------------+---------------+---------------+---------------+---------------+---------------+---------------+---------------+---------------+---------------+---------------+---------------+---------------+---------------+

+----------------------------+---------+-----------------+---------------+---------------+--------------+
|            Event           | Counter |       Sum       |      Min      |      Max      |      Avg     |
+----------------------------+---------+-----------------+---------------+---------------+--------------+
|   INSTR_RETIRED_ANY STAT   |  FIXC0  |  40129251388193 | 2074468503382 | 2417269479026 | 2.229403e+12 |
| CPU_CLK_UNHALTED_CORE STAT |  FIXC1  |  23325980154770 | 1294196358680 | 1299796571512 | 1.295888e+12 |
|  CPU_CLK_UNHALTED_REF STAT |  FIXC2  |  43063066330080 | 2389267411680 | 2399608822656 | 2.392393e+12 |
|     TOPDOWN_SLOTS STAT     |  FIXC3  | 116629900773850 | 6470981793400 | 6498982857560 | 6.479439e+12 |
|       TEMP_CORE STAT       |   TMP0  |             632 |            33 |            37 |      35.1111 |
|     PWR_PKG_ENERGY STAT    |   PWR0  |      84298.2182 |             0 |    84298.2182 |    4683.2343 |
|     PWR_PP0_ENERGY STAT    |   PWR1  |               0 |             0 |             0 |            0 |
|    PWR_DRAM_ENERGY STAT    |   PWR3  |       6632.9984 |             0 |     6632.9984 |     368.4999 |
|  PWR_PLATFORM_ENERGY STAT  |   PWR4  |               0 |             0 |             0 |            0 |
|   UNCORE_CLOCKTICKS STAT   | UBOXFIX |   1330863710437 |             0 | 1330863710437 | 7.393687e+10 |
+----------------------------+---------+-----------------+---------------+---------------+--------------+

+----------------------+------------+-----------+-----------+-----------+-----------+-----------+-----------+-----------+-----------+-----------+-------------+-------------+-------------+-------------+-------------+-------------+-------------+-------------+
|        Metric        |  f0660:0:0 | f0660:1:1 | f0660:2:2 | f0660:3:3 | f0660:4:4 | f0660:5:5 | f0660:6:6 | f0660:7:7 | f0660:8:8 | f0660:9:9 | f0660:10:10 | f0660:11:11 | f0660:12:12 | f0660:13:13 | f0660:14:14 | f0660:15:15 | f0660:16:16 | f0660:17:17 |
+----------------------+------------+-----------+-----------+-----------+-----------+-----------+-----------+-----------+-----------+-----------+-------------+-------------+-------------+-------------+-------------+-------------+-------------+-------------+
|  Runtime (RDTSC) [s] |  1008.5230 | 1008.4970 | 1008.5160 | 1008.4980 | 1008.5000 | 1008.4950 | 1008.5160 | 1008.5040 | 1008.4950 | 1008.4970 |   1008.4980 |   1008.5220 |   1008.4800 |   1008.4940 |   1008.5020 |   1008.4940 |   1008.5280 |   1008.4840 |
| Runtime unhalted [s] |   541.4325 |  542.8654 |  542.3189 |  542.3730 |  541.8887 |  541.5241 |  541.7010 |  541.0121 |  541.1304 |  540.5573 |    540.9635 |    540.5786 |    540.5248 |    540.7491 |    540.5488 |    540.8006 |    540.6279 |    540.6367 |
|      Clock [MHz]     |  1296.9110 | 1296.9348 | 1296.9185 | 1296.9334 | 1296.9345 | 1296.9361 | 1296.9210 | 1296.9227 | 1296.9366 | 1296.9372 |   1296.9389 |   1296.9141 |   1296.9401 |   1296.9389 |   1296.9360 |   1296.9360 |   1296.9015 |   1296.9370 |
|  Uncore Clock [MHz]  |  1319.6166 |         0 |         0 |         0 |         0 |         0 |         0 |         0 |         0 |         0 |           0 |           0 |           0 |           0 |           0 |           0 |           0 |           0 |
|          CPI         |     0.5612 |    0.5826 |    0.5826 |    0.5883 |    0.5884 |    0.5899 |    0.6152 |    0.6152 |    0.6011 |    0.5866 |      0.5898 |      0.5430 |      0.5354 |      0.5715 |      0.5744 |      0.5564 |      0.5737 |      0.6240 |
|    Temperature [C]   |         33 |        35 |        34 |        35 |        36 |        35 |        35 |        35 |        34 |        37 |          36 |          36 |          34 |          37 |          36 |          35 |          35 |          34 |
|      Energy [J]      | 84298.2182 |         0 |         0 |         0 |         0 |         0 |         0 |         0 |         0 |         0 |           0 |           0 |           0 |           0 |           0 |           0 |           0 |           0 |
|       Power [W]      |    83.5858 |         0 |         0 |         0 |         0 |         0 |         0 |         0 |         0 |         0 |           0 |           0 |           0 |           0 |           0 |           0 |           0 |           0 |
|    Energy PP0 [J]    |          0 |         0 |         0 |         0 |         0 |         0 |         0 |         0 |         0 |         0 |           0 |           0 |           0 |           0 |           0 |           0 |           0 |           0 |
|     Power PP0 [W]    |          0 |         0 |         0 |         0 |         0 |         0 |         0 |         0 |         0 |         0 |           0 |           0 |           0 |           0 |           0 |           0 |           0 |           0 |
|    Energy DRAM [J]   |  6632.9984 |         0 |         0 |         0 |         0 |         0 |         0 |         0 |         0 |         0 |           0 |           0 |           0 |           0 |           0 |           0 |           0 |           0 |
|    Power DRAM [W]    |     6.5769 |         0 |         0 |         0 |         0 |         0 |         0 |         0 |         0 |         0 |           0 |           0 |           0 |           0 |           0 |           0 |           0 |           0 |
|  Energy PLATFORM [J] |          0 |         0 |         0 |         0 |         0 |         0 |         0 |         0 |         0 |         0 |           0 |           0 |           0 |           0 |           0 |           0 |           0 |           0 |
|  Power PLATFORM [W]  |          0 |         0 |         0 |         0 |         0 |         0 |         0 |         0 |         0 |         0 |           0 |           0 |           0 |           0 |           0 |           0 |           0 |           0 |
+----------------------+------------+-----------+-----------+-----------+-----------+-----------+-----------+-----------+-----------+-----------+-------------+-------------+-------------+-------------+-------------+-------------+-------------+-------------+

+---------------------------+------------+-----------+------------+-----------+-----------+-----------+-----------+
|           Metric          |     Sum    |    Min    |     Max    |    Avg    |  %ile 25  |  %ile 50  |  %ile 75  |
+---------------------------+------------+-----------+------------+-----------+-----------+-----------+-----------+
|  Runtime (RDTSC) [s] STAT | 18153.0430 | 1008.4800 |  1008.5280 | 1008.5024 | 1008.4950 | 1008.4980 | 1008.5160 |
| Runtime unhalted [s] STAT |  9742.2334 |  540.5248 |   542.8654 |  541.2352 |  540.6279 |  540.9635 |  541.7010 |
|      Clock [MHz] STAT     | 23344.7283 | 1296.9015 |  1296.9401 | 1296.9294 | 1296.9210 | 1296.9348 | 1296.9370 |
|  Uncore Clock [MHz] STAT  |  1319.6166 |         0 |  1319.6166 |   73.3120 |         0 |         0 |         0 |
|          CPI STAT         |    10.4793 |    0.5354 |     0.6240 |    0.5822 |    0.5715 |    0.5826 |    0.5899 |
|    Temperature [C] STAT   |        632 |        33 |         37 |   35.1111 |        34 |        35 |        36 |
|      Energy [J] STAT      | 84298.2182 |         0 | 84298.2182 | 4683.2343 |         0 |         0 |         0 |
|       Power [W] STAT      |    83.5858 |         0 |    83.5858 |    4.6437 |         0 |         0 |         0 |
|    Energy PP0 [J] STAT    |          0 |         0 |          0 |         0 |         0 |         0 |         0 |
|     Power PP0 [W] STAT    |          0 |         0 |          0 |         0 |         0 |         0 |         0 |
|    Energy DRAM [J] STAT   |  6632.9984 |         0 |  6632.9984 |  368.4999 |         0 |         0 |         0 |
|    Power DRAM [W] STAT    |     6.5769 |         0 |     6.5769 |    0.3654 |         0 |         0 |         0 |
|  Energy PLATFORM [J] STAT |          0 |         0 |          0 |         0 |         0 |         0 |         0 |
|  Power PLATFORM [W] STAT  |          0 |         0 |          0 |         0 |         0 |         0 |         0 |
+---------------------------+------------+-----------+------------+-----------+-----------+-----------+-----------+

