Group: 1
+-----------------------+---------+---------------+---------------+---------------+---------------+---------------+---------------+---------------+---------------+---------------+---------------+---------------+---------------+---------------+---------------+---------------+---------------+---------------+---------------+
|         Event         | Counter |   f0404:0:0   |   f0404:1:1   |   f0404:2:2   |   f0404:3:3   |   f0404:4:4   |   f0404:5:5   |   f0404:6:6   |   f0404:7:7   |   f0404:8:8   |   f0404:9:9   |  f0404:10:10  |  f0404:11:11  |  f0404:12:12  |  f0404:13:13  |  f0404:14:14  |  f0404:15:15  |  f0404:16:16  |  f0404:17:17  |
+-----------------------+---------+---------------+---------------+---------------+---------------+---------------+---------------+---------------+---------------+---------------+---------------+---------------+---------------+---------------+---------------+---------------+---------------+---------------+---------------+
|   INSTR_RETIRED_ANY   |  FIXC0  | 2213358991780 | 2208284631579 | 2198433485948 | 2167344930729 | 2113962845153 | 2102369802078 | 2070145617672 | 2075610470836 | 2074708098189 | 2073109912250 | 2071898569919 | 2092411063322 | 2126504203467 | 2183309710014 | 2194817175009 | 2193768162482 | 2160029266231 | 2153672728151 |
| CPU_CLK_UNHALTED_CORE |  FIXC1  | 1137694931519 | 1148288475887 | 1148513142816 | 1148263027594 | 1147674305101 | 1148424437263 | 1148234612031 | 1148247608393 | 1148286545261 | 1148333206926 | 1148349357871 | 1148287087409 | 1146099662991 | 1148509204839 | 1148338842662 | 1148447416768 | 1148557713332 | 1148601934301 |
|  CPU_CLK_UNHALTED_REF |  FIXC2  | 1706551266816 | 1722440338752 | 1722779298528 | 1722402438432 | 1721519344512 | 1722644188224 | 1722361297728 | 1722380842944 | 1722440065824 | 1722510271584 | 1722529623072 | 1722437373504 | 1719157204800 | 1722774536256 | 1722518911776 | 1722680997504 | 1722844115904 | 1722909854880 |
|     TOPDOWN_SLOTS     |  FIXC3  | 5688474657595 | 5741442379435 | 5742565714080 | 5741315137970 | 5738371525505 | 5742122186315 | 5741173060155 | 5741238041965 | 5741432726305 | 5741666034630 | 5741746789355 | 5741435437045 | 5730498314955 | 5742546024195 | 5741694213310 | 5742237083840 | 5742788566660 | 5743009671505 |
|       TEMP_CORE       |   TMP0  |            35 |            38 |            37 |            36 |            35 |            36 |            38 |            37 |            37 |            32 |            34 |            34 |            36 |            33 |            35 |            35 |            35 |            35 |
|     PWR_PKG_ENERGY    |   PWR0  |    78044.3779 |             0 |             0 |             0 |             0 |             0 |             0 |             0 |             0 |             0 |             0 |             0 |             0 |             0 |             0 |             0 |             0 |             0 |
|     PWR_PP0_ENERGY    |   PWR1  |             0 |             0 |             0 |             0 |             0 |             0 |             0 |             0 |             0 |             0 |             0 |             0 |             0 |             0 |             0 |             0 |             0 |             0 |
|    PWR_DRAM_ENERGY    |   PWR3  |     5653.5741 |             0 |             0 |             0 |             0 |             0 |             0 |             0 |             0 |             0 |             0 |             0 |             0 |             0 |             0 |             0 |             0 |             0 |
|  PWR_PLATFORM_ENERGY  |   PWR4  |             0 |             0 |             0 |             0 |             0 |             0 |             0 |             0 |             0 |             0 |             0 |             0 |             0 |             0 |             0 |             0 |             0 |             0 |
|   UNCORE_CLOCKTICKS   | UBOXFIX | 1146773592429 |             0 |             0 |             0 |             0 |             0 |             0 |             0 |             0 |             0 |             0 |             0 |             0 |             0 |             0 |             0 |             0 |             0 |
+-----------------------+---------+---------------+---------------+---------------+---------------+---------------+---------------+---------------+---------------+---------------+---------------+---------------+---------------+---------------+---------------+---------------+---------------+---------------+---------------+

+----------------------------+---------+-----------------+---------------+---------------+---------------+
|            Event           | Counter |       Sum       |      Min      |      Max      |      Avg      |
+----------------------------+---------+-----------------+---------------+---------------+---------------+
|   INSTR_RETIRED_ANY STAT   |  FIXC0  |  38473739664809 | 2070145617672 | 2213358991780 |  2.137430e+12 |
| CPU_CLK_UNHALTED_CORE STAT |  FIXC1  |  20657151512964 | 1137694931519 | 1148601934301 | 1147619528498 |
|  CPU_CLK_UNHALTED_REF STAT |  FIXC2  |  30985881971040 | 1706551266816 | 1722909854880 | 1721437887280 |
|     TOPDOWN_SLOTS STAT     |  FIXC3  | 103285757564820 | 5688474657595 | 5743009671505 | 5738097642490 |
|       TEMP_CORE STAT       |   TMP0  |             638 |            32 |            38 |       35.4444 |
|     PWR_PKG_ENERGY STAT    |   PWR0  |      78044.3779 |             0 |    78044.3779 |     4335.7988 |
|     PWR_PP0_ENERGY STAT    |   PWR1  |               0 |             0 |             0 |             0 |
|    PWR_DRAM_ENERGY STAT    |   PWR3  |       5653.5741 |             0 |     5653.5741 |      314.0874 |
|  PWR_PLATFORM_ENERGY STAT  |   PWR4  |               0 |             0 |             0 |             0 |
|   UNCORE_CLOCKTICKS STAT   | UBOXFIX |   1146773592429 |             0 | 1146773592429 |  6.370964e+10 |
+----------------------------+---------+-----------------+---------------+---------------+---------------+

+----------------------+------------+-----------+-----------+-----------+-----------+-----------+-----------+-----------+-----------+-----------+-------------+-------------+-------------+-------------+-------------+-------------+-------------+-------------+
|        Metric        |  f0404:0:0 | f0404:1:1 | f0404:2:2 | f0404:3:3 | f0404:4:4 | f0404:5:5 | f0404:6:6 | f0404:7:7 | f0404:8:8 | f0404:9:9 | f0404:10:10 | f0404:11:11 | f0404:12:12 | f0404:13:13 | f0404:14:14 | f0404:15:15 | f0404:16:16 | f0404:17:17 |
+----------------------+------------+-----------+-----------+-----------+-----------+-----------+-----------+-----------+-----------+-----------+-------------+-------------+-------------+-------------+-------------+-------------+-------------+-------------+
|  Runtime (RDTSC) [s] |   722.9459 |  722.9485 |  722.9445 |  722.9624 |  722.9462 |  722.9621 |  722.9500 |  722.9564 |  722.9445 |  722.9493 |    722.9537 |    722.9474 |    722.9355 |    723.0431 |    722.9504 |    722.9434 |    722.9521 |    722.9501 |
| Runtime unhalted [s] |   475.1602 |  479.5846 |  479.6785 |  479.5748 |  479.3293 |  479.6423 |  479.5623 |  479.5677 |  479.5845 |  479.6042 |    479.6100 |    479.5844 |    478.6711 |    479.7355 |    479.6056 |    479.6514 |    479.6987 |    479.7193 |
|      Clock [MHz]     |  1596.2180 | 1596.2195 | 1596.2175 | 1596.2166 | 1596.2150 | 1596.2165 | 1596.2170 | 1596.2171 | 1596.2147 | 1596.2139 |   1596.2213 |   1596.2190 |   1596.2172 |   1596.0212 |   1596.2166 |   1596.2159 |   1596.2139 |   1596.2074 |
|  Uncore Clock [MHz]  |  1586.2509 |         0 |         0 |         0 |         0 |         0 |         0 |         0 |         0 |         0 |           0 |           0 |           0 |           0 |           0 |           0 |           0 |           0 |
|          CPI         |     0.5140 |    0.5200 |    0.5224 |    0.5298 |    0.5429 |    0.5463 |    0.5547 |    0.5532 |    0.5535 |    0.5539 |      0.5542 |      0.5488 |      0.5390 |      0.5260 |      0.5232 |      0.5235 |      0.5317 |      0.5333 |
|    Temperature [C]   |         35 |        38 |        37 |        36 |        35 |        36 |        38 |        37 |        37 |        32 |          34 |          34 |          36 |          33 |          35 |          35 |          35 |          35 |
|      Energy [J]      | 78044.3779 |         0 |         0 |         0 |         0 |         0 |         0 |         0 |         0 |         0 |           0 |           0 |           0 |           0 |           0 |           0 |           0 |           0 |
|       Power [W]      |   107.9533 |         0 |         0 |         0 |         0 |         0 |         0 |         0 |         0 |         0 |           0 |           0 |           0 |           0 |           0 |           0 |           0 |           0 |
|    Energy PP0 [J]    |          0 |         0 |         0 |         0 |         0 |         0 |         0 |         0 |         0 |         0 |           0 |           0 |           0 |           0 |           0 |           0 |           0 |           0 |
|     Power PP0 [W]    |          0 |         0 |         0 |         0 |         0 |         0 |         0 |         0 |         0 |         0 |           0 |           0 |           0 |           0 |           0 |           0 |           0 |           0 |
|    Energy DRAM [J]   |  5653.5741 |         0 |         0 |         0 |         0 |         0 |         0 |         0 |         0 |         0 |           0 |           0 |           0 |           0 |           0 |           0 |           0 |           0 |
|    Power DRAM [W]    |     7.8202 |         0 |         0 |         0 |         0 |         0 |         0 |         0 |         0 |         0 |           0 |           0 |           0 |           0 |           0 |           0 |           0 |           0 |
|  Energy PLATFORM [J] |          0 |         0 |         0 |         0 |         0 |         0 |         0 |         0 |         0 |         0 |           0 |           0 |           0 |           0 |           0 |           0 |           0 |           0 |
|  Power PLATFORM [W]  |          0 |         0 |         0 |         0 |         0 |         0 |         0 |         0 |         0 |         0 |           0 |           0 |           0 |           0 |           0 |           0 |           0 |           0 |
+----------------------+------------+-----------+-----------+-----------+-----------+-----------+-----------+-----------+-----------+-----------+-------------+-------------+-------------+-------------+-------------+-------------+-------------+-------------+

+---------------------------+------------+-----------+------------+-----------+-----------+-----------+-----------+
|           Metric          |     Sum    |    Min    |     Max    |    Avg    |  %ile 25  |  %ile 50  |  %ile 75  |
+---------------------------+------------+-----------+------------+-----------+-----------+-----------+-----------+
|  Runtime (RDTSC) [s] STAT | 13013.1855 |  722.9355 |   723.0431 |  722.9547 |  722.9459 |  722.9493 |  722.9537 |
| Runtime unhalted [s] STAT |  8627.5644 |  475.1602 |   479.7355 |  479.3091 |  479.5677 |  479.5846 |  479.6514 |
|      Clock [MHz] STAT     | 28731.6983 | 1596.0212 |  1596.2213 | 1596.2055 | 1596.2147 | 1596.2166 | 1596.2175 |
|  Uncore Clock [MHz] STAT  |  1586.2509 |         0 |  1586.2509 |   88.1251 |         0 |         0 |         0 |
|          CPI STAT         |     9.6704 |    0.5140 |     0.5547 |    0.5372 |    0.5235 |    0.5333 |    0.5532 |
|    Temperature [C] STAT   |        638 |        32 |         38 |   35.4444 |        35 |        35 |        37 |
|      Energy [J] STAT      | 78044.3779 |         0 | 78044.3779 | 4335.7988 |         0 |         0 |         0 |
|       Power [W] STAT      |   107.9533 |         0 |   107.9533 |    5.9974 |         0 |         0 |         0 |
|    Energy PP0 [J] STAT    |          0 |         0 |          0 |         0 |         0 |         0 |         0 |
|     Power PP0 [W] STAT    |          0 |         0 |          0 |         0 |         0 |         0 |         0 |
|    Energy DRAM [J] STAT   |  5653.5741 |         0 |  5653.5741 |  314.0874 |         0 |         0 |         0 |
|    Power DRAM [W] STAT    |     7.8202 |         0 |     7.8202 |    0.4345 |         0 |         0 |         0 |
|  Energy PLATFORM [J] STAT |          0 |         0 |          0 |         0 |         0 |         0 |         0 |
|  Power PLATFORM [W] STAT  |          0 |         0 |          0 |         0 |         0 |         0 |         0 |
+---------------------------+------------+-----------+------------+-----------+-----------+-----------+-----------+

