Group: 1
+-----------------------+---------+---------------+---------------+---------------+---------------+---------------+---------------+---------------+---------------+---------------+---------------+---------------+---------------+---------------+---------------+---------------+---------------+---------------+---------------+
|         Event         | Counter |   f0660:0:0   |   f0660:1:1   |   f0660:2:2   |   f0660:3:3   |   f0660:4:4   |   f0660:5:5   |   f0660:6:6   |   f0660:7:7   |   f0660:8:8   |   f0660:9:9   |  f0660:10:10  |  f0660:11:11  |  f0660:12:12  |  f0660:13:13  |  f0660:14:14  |  f0660:15:15  |  f0660:16:16  |  f0660:17:17  |
+-----------------------+---------+---------------+---------------+---------------+---------------+---------------+---------------+---------------+---------------+---------------+---------------+---------------+---------------+---------------+---------------+---------------+---------------+---------------+---------------+
|   INSTR_RETIRED_ANY   |  FIXC0  | 2315425849176 | 2259121830606 | 2248034623910 | 2219719773590 | 2226814065423 | 2228010518772 | 2127682764234 | 2125480612812 | 2173657293958 | 2221807461231 | 2217158887734 | 2405957398192 | 2436918120344 | 2268130132501 | 2263464340786 | 2348872856168 | 2267891238222 | 2072895336523 |
| CPU_CLK_UNHALTED_CORE |  FIXC1  | 1340660270313 | 1345394786983 | 1345418716903 | 1344702204397 | 1344061628620 | 1344153169121 | 1342534729123 | 1341861382953 | 1342547424093 | 1340876920433 | 1341859726301 | 1340712608071 | 1340659566361 | 1341368098773 | 1340642534195 | 1341401217114 | 1340829828816 | 1341128903315 |
|  CPU_CLK_UNHALTED_REF |  FIXC2  | 1462545538560 | 1467710788416 | 1467735726816 | 1466954539200 | 1466256992448 | 1466357085216 | 1464590158464 | 1463856529536 | 1464605996544 | 1462782892704 | 1463853977184 | 1462603662048 | 1462545999552 | 1463319448416 | 1462525846560 | 1463353538784 | 1462729262304 | 1463054158464 |
|     TOPDOWN_SLOTS     |  FIXC3  | 6703301351565 | 6726973934915 | 6727093584515 | 6723511021985 | 6720308143100 | 6720765845605 | 6712673645615 | 6709306914765 | 6712737120465 | 6704384602165 | 6709298631505 | 6703563040355 | 6703297831805 | 6706840493865 | 6703212670975 | 6707006085570 | 6704149144080 | 6705644516575 |
|       TEMP_CORE       |   TMP0  |            37 |            39 |            37 |            38 |            40 |            38 |            38 |            38 |            37 |            40 |            39 |            41 |            37 |            40 |            39 |            39 |            38 |            38 |
|     PWR_PKG_ENERGY    |   PWR0  |    72294.9995 |             0 |             0 |             0 |             0 |             0 |             0 |             0 |             0 |             0 |             0 |             0 |             0 |             0 |             0 |             0 |             0 |             0 |
|     PWR_PP0_ENERGY    |   PWR1  |             0 |             0 |             0 |             0 |             0 |             0 |             0 |             0 |             0 |             0 |             0 |             0 |             0 |             0 |             0 |             0 |             0 |             0 |
|    PWR_DRAM_ENERGY    |   PWR3  |     4713.4764 |             0 |             0 |             0 |             0 |             0 |             0 |             0 |             0 |             0 |             0 |             0 |             0 |             0 |             0 |             0 |             0 |             0 |
|  PWR_PLATFORM_ENERGY  |   PWR4  |             0 |             0 |             0 |             0 |             0 |             0 |             0 |             0 |             0 |             0 |             0 |             0 |             0 |             0 |             0 |             0 |             0 |             0 |
|   UNCORE_CLOCKTICKS   | UBOXFIX |  969602134079 |             0 |             0 |             0 |             0 |             0 |             0 |             0 |             0 |             0 |             0 |             0 |             0 |             0 |             0 |             0 |             0 |             0 |
+-----------------------+---------+---------------+---------------+---------------+---------------+---------------+---------------+---------------+---------------+---------------+---------------+---------------+---------------+---------------+---------------+---------------+---------------+---------------+---------------+

+----------------------------+---------+-----------------+---------------+---------------+--------------+
|            Event           | Counter |       Sum       |      Min      |      Max      |      Avg     |
+----------------------------+---------+-----------------+---------------+---------------+--------------+
|   INSTR_RETIRED_ANY STAT   |  FIXC0  |  40427043104182 | 2072895336523 | 2436918120344 | 2.245947e+12 |
| CPU_CLK_UNHALTED_CORE STAT |  FIXC1  |  24160813715885 | 1340642534195 | 1345418716903 | 1.342267e+12 |
|  CPU_CLK_UNHALTED_REF STAT |  FIXC2  |  26357382141216 | 1462525846560 | 1467735726816 | 1.464299e+12 |
|     TOPDOWN_SLOTS STAT     |  FIXC3  | 120804068579425 | 6703212670975 | 6727093584515 | 6.711337e+12 |
|       TEMP_CORE STAT       |   TMP0  |             693 |            37 |            41 |      38.5000 |
|     PWR_PKG_ENERGY STAT    |   PWR0  |      72294.9995 |             0 |    72294.9995 |    4016.3889 |
|     PWR_PP0_ENERGY STAT    |   PWR1  |               0 |             0 |             0 |            0 |
|    PWR_DRAM_ENERGY STAT    |   PWR3  |       4713.4764 |             0 |     4713.4764 |     261.8598 |
|  PWR_PLATFORM_ENERGY STAT  |   PWR4  |               0 |             0 |             0 |            0 |
|   UNCORE_CLOCKTICKS STAT   | UBOXFIX |    969602134079 |             0 |  969602134079 | 5.386679e+10 |
+----------------------------+---------+-----------------+---------------+---------------+--------------+

+----------------------+------------+-----------+-----------+-----------+-----------+-----------+-----------+-----------+-----------+-----------+-------------+-------------+-------------+-------------+-------------+-------------+-------------+-------------+
|        Metric        |  f0660:0:0 | f0660:1:1 | f0660:2:2 | f0660:3:3 | f0660:4:4 | f0660:5:5 | f0660:6:6 | f0660:7:7 | f0660:8:8 | f0660:9:9 | f0660:10:10 | f0660:11:11 | f0660:12:12 | f0660:13:13 | f0660:14:14 | f0660:15:15 | f0660:16:16 | f0660:17:17 |
+----------------------+------------+-----------+-----------+-----------+-----------+-----------+-----------+-----------+-----------+-----------+-------------+-------------+-------------+-------------+-------------+-------------+-------------+-------------+
|  Runtime (RDTSC) [s] |   617.4908 |  617.4968 |  617.4934 |  617.4899 |  617.5087 |  617.4940 |  617.5394 |  617.5039 |  617.4980 |  617.5023 |    617.4941 |    617.4944 |    617.4866 |    617.5352 |    617.4947 |    617.5912 |    617.4955 |    617.5060 |
| Runtime unhalted [s] |   559.9315 |  561.9092 |  561.9198 |  561.6205 |  561.3597 |  561.3910 |  560.7508 |  560.4387 |  560.7204 |  560.0256 |    560.4325 |    559.9546 |    559.9306 |    560.2600 |    559.9274 |    560.3329 |    560.0037 |    560.1292 |
|      Clock [MHz]     |  2194.7910 | 2194.7892 | 2194.7889 | 2194.7883 | 2194.7600 | 2194.7869 | 2194.6488 | 2194.7684 | 2194.7856 | 2194.7754 |   2194.7910 |   2194.7846 |   2194.7915 |   2194.6597 |   2194.7786 |   2194.4314 |   2194.7874 |   2194.7874 |
|  Uncore Clock [MHz]  |  1570.2293 |         0 |         0 |         0 |         0 |         0 |         0 |         0 |         0 |         0 |           0 |           0 |           0 |           0 |           0 |           0 |           0 |           0 |
|          CPI         |     0.5790 |    0.5955 |    0.5985 |    0.6058 |    0.6036 |    0.6033 |    0.6310 |    0.6313 |    0.6176 |    0.6035 |      0.6052 |      0.5572 |      0.5501 |      0.5914 |      0.5923 |      0.5711 |      0.5912 |      0.6470 |
|    Temperature [C]   |         37 |        39 |        37 |        38 |        40 |        38 |        38 |        38 |        37 |        40 |          39 |          41 |          37 |          40 |          39 |          39 |          38 |          38 |
|      Energy [J]      | 72294.9995 |         0 |         0 |         0 |         0 |         0 |         0 |         0 |         0 |         0 |           0 |           0 |           0 |           0 |           0 |           0 |           0 |           0 |
|       Power [W]      |   117.0787 |         0 |         0 |         0 |         0 |         0 |         0 |         0 |         0 |         0 |           0 |           0 |           0 |           0 |           0 |           0 |           0 |           0 |
|    Energy PP0 [J]    |          0 |         0 |         0 |         0 |         0 |         0 |         0 |         0 |         0 |         0 |           0 |           0 |           0 |           0 |           0 |           0 |           0 |           0 |
|     Power PP0 [W]    |          0 |         0 |         0 |         0 |         0 |         0 |         0 |         0 |         0 |         0 |           0 |           0 |           0 |           0 |           0 |           0 |           0 |           0 |
|    Energy DRAM [J]   |  4713.4764 |         0 |         0 |         0 |         0 |         0 |         0 |         0 |         0 |         0 |           0 |           0 |           0 |           0 |           0 |           0 |           0 |           0 |
|    Power DRAM [W]    |     7.6333 |         0 |         0 |         0 |         0 |         0 |         0 |         0 |         0 |         0 |           0 |           0 |           0 |           0 |           0 |           0 |           0 |           0 |
|  Energy PLATFORM [J] |          0 |         0 |         0 |         0 |         0 |         0 |         0 |         0 |         0 |         0 |           0 |           0 |           0 |           0 |           0 |           0 |           0 |           0 |
|  Power PLATFORM [W]  |          0 |         0 |         0 |         0 |         0 |         0 |         0 |         0 |         0 |         0 |           0 |           0 |           0 |           0 |           0 |           0 |           0 |           0 |
+----------------------+------------+-----------+-----------+-----------+-----------+-----------+-----------+-----------+-----------+-----------+-------------+-------------+-------------+-------------+-------------+-------------+-------------+-------------+

+---------------------------+------------+-----------+------------+-----------+-----------+-----------+-----------+
|           Metric          |     Sum    |    Min    |     Max    |    Avg    |  %ile 25  |  %ile 50  |  %ile 75  |
+---------------------------+------------+-----------+------------+-----------+-----------+-----------+-----------+
|  Runtime (RDTSC) [s] STAT | 11115.1149 |  617.4866 |   617.5912 |  617.5064 |  617.4940 |  617.4955 |  617.5060 |
| Runtime unhalted [s] STAT | 10091.0381 |  559.9274 |   561.9198 |  560.6132 |  560.0037 |  560.3329 |  561.3597 |
|      Clock [MHz] STAT     | 39505.4941 | 2194.4314 |  2194.7915 | 2194.7497 | 2194.7684 | 2194.7856 | 2194.7889 |
|  Uncore Clock [MHz] STAT  |  1570.2293 |         0 |  1570.2293 |   87.2350 |         0 |         0 |         0 |
|          CPI STAT         |    10.7746 |    0.5501 |     0.6470 |    0.5986 |    0.5912 |    0.5985 |    0.6058 |
|    Temperature [C] STAT   |        693 |        37 |         41 |   38.5000 |        38 |        38 |        39 |
|      Energy [J] STAT      | 72294.9995 |         0 | 72294.9995 | 4016.3889 |         0 |         0 |         0 |
|       Power [W] STAT      |   117.0787 |         0 |   117.0787 |    6.5044 |         0 |         0 |         0 |
|    Energy PP0 [J] STAT    |          0 |         0 |          0 |         0 |         0 |         0 |         0 |
|     Power PP0 [W] STAT    |          0 |         0 |          0 |         0 |         0 |         0 |         0 |
|    Energy DRAM [J] STAT   |  4713.4764 |         0 |  4713.4764 |  261.8598 |         0 |         0 |         0 |
|    Power DRAM [W] STAT    |     7.6333 |         0 |     7.6333 |    0.4241 |         0 |         0 |         0 |
|  Energy PLATFORM [J] STAT |          0 |         0 |          0 |         0 |         0 |         0 |         0 |
|  Power PLATFORM [W] STAT  |          0 |         0 |          0 |         0 |         0 |         0 |         0 |
+---------------------------+------------+-----------+------------+-----------+-----------+-----------+-----------+

