Group: 1
+-----------------------+---------+----------------+----------------+----------------+----------------+----------------+----------------+----------------+----------------+----------------+----------------+----------------+----------------+----------------+----------------+----------------+----------------+----------------+----------------+
|         Event         | Counter |    f0880:0:0   |    f0880:1:1   |    f0880:2:2   |    f0880:3:3   |    f0880:4:4   |    f0880:5:5   |    f0880:6:6   |    f0880:7:7   |    f0880:8:8   |    f0880:9:9   |   f0880:10:10  |   f0880:11:11  |   f0880:12:12  |   f0880:13:13  |   f0880:14:14  |   f0880:15:15  |   f0880:16:16  |   f0880:17:17  |
+-----------------------+---------+----------------+----------------+----------------+----------------+----------------+----------------+----------------+----------------+----------------+----------------+----------------+----------------+----------------+----------------+----------------+----------------+----------------+----------------+
|   INSTR_RETIRED_ANY   |  FIXC0  |  3635076110331 |  3714749652107 |  3628595343528 |  3626765076524 |  3640379611449 |  3639163432248 |  3618486202892 |  3595553419076 |  3689363423175 |  3694536638119 |  3685835215872 |  3708079431194 |  3789705226535 |  3831192887573 |  3811689491867 |  3797922890930 |  3726077391045 |  3701172987886 |
| CPU_CLK_UNHALTED_CORE |  FIXC1  |  2224101377797 |  2228413916711 |  2231008557981 |  2231667726845 |  2232389449334 |  2232170617259 |  2232176793914 |  2231537679884 |  2232087289598 |  2231844095039 |  2231940529786 |  2231821894208 |  2232042059342 |  2231643422770 |  2231878494615 |  2232704600720 |  2232026510723 |  2232201405477 |
|  CPU_CLK_UNHALTED_REF |  FIXC2  |  2809404165888 |  2814835693632 |  2818136858016 |  2818972634592 |  2819859766176 |  2819594970144 |  2819611560288 |  2818802642304 |  2819502566688 |  2819196000096 |  2819310705792 |  2819162061216 |  2819430204768 |  2818942229376 |  2819238919488 |  2820252015264 |  2819423497920 |  2819643972672 |
|     TOPDOWN_SLOTS     |  FIXC3  | 11120506888985 | 11142069583555 | 11155042789905 | 11158338634225 | 11161947246670 | 11160853086295 | 11160883969570 | 11157688399420 | 11160436447990 | 11159220475195 | 11159702648930 | 11159109471040 | 11160210296710 | 11158217113850 | 11159392473075 | 11163523003600 | 11160132553615 | 11161007027385 |
|       TEMP_CORE       |   TMP0  |             40 |             42 |             40 |             39 |             38 |             39 |             38 |             43 |             39 |             39 |             39 |             41 |             41 |             39 |             40 |             38 |             41 |             39 |
|     PWR_PKG_ENERGY    |   PWR0  |    133344.4419 |              0 |              0 |              0 |              0 |              0 |              0 |              0 |              0 |              0 |              0 |              0 |              0 |              0 |              0 |              0 |              0 |              0 |
|     PWR_PP0_ENERGY    |   PWR1  |              0 |              0 |              0 |              0 |              0 |              0 |              0 |              0 |              0 |              0 |              0 |              0 |              0 |              0 |              0 |              0 |              0 |              0 |
|    PWR_DRAM_ENERGY    |   PWR3  |      9896.6568 |              0 |              0 |              0 |              0 |              0 |              0 |              0 |              0 |              0 |              0 |              0 |              0 |              0 |              0 |              0 |              0 |              0 |
|  PWR_PLATFORM_ENERGY  |   PWR4  |              0 |              0 |              0 |              0 |              0 |              0 |              0 |              0 |              0 |              0 |              0 |              0 |              0 |              0 |              0 |              0 |              0 |              0 |
|   UNCORE_CLOCKTICKS   | UBOXFIX |  1875976408016 |              0 |              0 |              0 |              0 |              0 |              0 |              0 |              0 |              0 |              0 |              0 |              0 |              0 |              0 |              0 |              0 |              0 |
+-----------------------+---------+----------------+----------------+----------------+----------------+----------------+----------------+----------------+----------------+----------------+----------------+----------------+----------------+----------------+----------------+----------------+----------------+----------------+----------------+

+----------------------------+---------+-----------------+----------------+----------------+--------------+
|            Event           | Counter |       Sum       |       Min      |       Max      |      Avg     |
+----------------------------+---------+-----------------+----------------+----------------+--------------+
|   INSTR_RETIRED_ANY STAT   |  FIXC0  |  66534344432351 |  3595553419076 |  3831192887573 | 3.696352e+12 |
| CPU_CLK_UNHALTED_CORE STAT |  FIXC1  |  40163656422003 |  2224101377797 |  2232704600720 | 2.231314e+12 |
|  CPU_CLK_UNHALTED_REF STAT |  FIXC2  |  50733320464320 |  2809404165888 |  2820252015264 | 2.818518e+12 |
|     TOPDOWN_SLOTS STAT     |  FIXC3  | 200818282110015 | 11120506888985 | 11163523003600 |      nil     |
|       TEMP_CORE STAT       |   TMP0  |             715 |             38 |             43 |      39.7222 |
|     PWR_PKG_ENERGY STAT    |   PWR0  |     133344.4419 |              0 |    133344.4419 |    7408.0246 |
|     PWR_PP0_ENERGY STAT    |   PWR1  |               0 |              0 |              0 |            0 |
|    PWR_DRAM_ENERGY STAT    |   PWR3  |       9896.6568 |              0 |      9896.6568 |     549.8143 |
|  PWR_PLATFORM_ENERGY STAT  |   PWR4  |               0 |              0 |              0 |            0 |
|   UNCORE_CLOCKTICKS STAT   | UBOXFIX |   1875976408016 |              0 |  1875976408016 | 1.042209e+11 |
+----------------------------+---------+-----------------+----------------+----------------+--------------+

+----------------------+-------------+-----------+-----------+-----------+-----------+-----------+-----------+-----------+-----------+-----------+-------------+-------------+-------------+-------------+-------------+-------------+-------------+-------------+
|        Metric        |  f0880:0:0  | f0880:1:1 | f0880:2:2 | f0880:3:3 | f0880:4:4 | f0880:5:5 | f0880:6:6 | f0880:7:7 | f0880:8:8 | f0880:9:9 | f0880:10:10 | f0880:11:11 | f0880:12:12 | f0880:13:13 | f0880:14:14 | f0880:15:15 | f0880:16:16 | f0880:17:17 |
+----------------------+-------------+-----------+-----------+-----------+-----------+-----------+-----------+-----------+-----------+-----------+-------------+-------------+-------------+-------------+-------------+-------------+-------------+-------------+
|  Runtime (RDTSC) [s] |   1186.0090 | 1185.9980 | 1186.0050 | 1186.0110 | 1186.0240 | 1186.0140 | 1186.0130 | 1186.0090 | 1186.0140 | 1186.0100 |   1186.0210 |   1186.0160 |   1186.0310 |   1186.0030 |   1186.0120 |   1186.0170 |   1186.0100 |   1186.0070 |
| Runtime unhalted [s] |    928.9017 |  930.7027 |  931.7860 |  932.0616 |  932.3698 |  932.2713 |  932.2740 |  932.0058 |  932.2396 |  932.1336 |    932.1883 |    932.1270 |    932.2300 |    932.0523 |    932.1569 |    932.4984 |    932.2122 |    932.2844 |
|      Clock [MHz]     |   1895.5060 | 1895.5171 | 1895.5019 | 1895.4991 | 1895.5019 | 1895.5085 | 1895.5024 | 1895.5059 | 1895.4936 | 1895.5021 |   1895.4775 |   1895.5006 |   1895.4849 |   1895.4973 |   1895.4843 |   1895.5119 |   1895.4991 |   1895.5011 |
|  Uncore Clock [MHz]  |   1581.7556 |         0 |         0 |         0 |         0 |         0 |         0 |         0 |         0 |         0 |           0 |           0 |           0 |           0 |           0 |           0 |           0 |           0 |
|          CPI         |      0.6118 |    0.5999 |    0.6148 |    0.6153 |    0.6132 |    0.6134 |    0.6169 |    0.6206 |    0.6050 |    0.6041 |      0.6055 |      0.6019 |      0.5890 |      0.5825 |      0.5855 |      0.5879 |      0.5990 |      0.6031 |
|    Temperature [C]   |          40 |        42 |        40 |        39 |        38 |        39 |        38 |        43 |        39 |        39 |          39 |          41 |          41 |          39 |          40 |          38 |          41 |          39 |
|      Energy [J]      | 133344.4419 |         0 |         0 |         0 |         0 |         0 |         0 |         0 |         0 |         0 |           0 |           0 |           0 |           0 |           0 |           0 |           0 |           0 |
|       Power [W]      |    112.4312 |         0 |         0 |         0 |         0 |         0 |         0 |         0 |         0 |         0 |           0 |           0 |           0 |           0 |           0 |           0 |           0 |           0 |
|    Energy PP0 [J]    |           0 |         0 |         0 |         0 |         0 |         0 |         0 |         0 |         0 |         0 |           0 |           0 |           0 |           0 |           0 |           0 |           0 |           0 |
|     Power PP0 [W]    |           0 |         0 |         0 |         0 |         0 |         0 |         0 |         0 |         0 |         0 |           0 |           0 |           0 |           0 |           0 |           0 |           0 |           0 |
|    Energy DRAM [J]   |   9896.6568 |         0 |         0 |         0 |         0 |         0 |         0 |         0 |         0 |         0 |           0 |           0 |           0 |           0 |           0 |           0 |           0 |           0 |
|    Power DRAM [W]    |      8.3445 |         0 |         0 |         0 |         0 |         0 |         0 |         0 |         0 |         0 |           0 |           0 |           0 |           0 |           0 |           0 |           0 |           0 |
|  Energy PLATFORM [J] |           0 |         0 |         0 |         0 |         0 |         0 |         0 |         0 |         0 |         0 |           0 |           0 |           0 |           0 |           0 |           0 |           0 |           0 |
|  Power PLATFORM [W]  |           0 |         0 |         0 |         0 |         0 |         0 |         0 |         0 |         0 |         0 |           0 |           0 |           0 |           0 |           0 |           0 |           0 |           0 |
+----------------------+-------------+-----------+-----------+-----------+-----------+-----------+-----------+-----------+-----------+-----------+-------------+-------------+-------------+-------------+-------------+-------------+-------------+-------------+

+---------------------------+-------------+-----------+-------------+-----------+-----------+-----------+-----------+
|           Metric          |     Sum     |    Min    |     Max     |    Avg    |  %ile 25  |  %ile 50  |  %ile 75  |
+---------------------------+-------------+-----------+-------------+-----------+-----------+-----------+-----------+
|  Runtime (RDTSC) [s] STAT |  21348.2240 | 1185.9980 |   1186.0310 | 1186.0124 | 1186.0090 | 1186.0110 | 1186.0160 |
| Runtime unhalted [s] STAT |  16774.4956 |  928.9017 |    932.4984 |  931.9164 |  932.0523 |  932.1569 |  932.2713 |
|      Clock [MHz] STAT     |  34118.9952 | 1895.4775 |   1895.5171 | 1895.4997 | 1895.4973 | 1895.5011 | 1895.5059 |
|  Uncore Clock [MHz] STAT  |   1581.7556 |         0 |   1581.7556 |   87.8753 |         0 |         0 |         0 |
|          CPI STAT         |     10.8694 |    0.5825 |      0.6206 |    0.6039 |    0.5990 |    0.6041 |    0.6134 |
|    Temperature [C] STAT   |         715 |        38 |          43 |   39.7222 |        39 |        39 |        41 |
|      Energy [J] STAT      | 133344.4419 |         0 | 133344.4419 | 7408.0246 |         0 |         0 |         0 |
|       Power [W] STAT      |    112.4312 |         0 |    112.4312 |    6.2462 |         0 |         0 |         0 |
|    Energy PP0 [J] STAT    |           0 |         0 |           0 |         0 |         0 |         0 |         0 |
|     Power PP0 [W] STAT    |           0 |         0 |           0 |         0 |         0 |         0 |         0 |
|    Energy DRAM [J] STAT   |   9896.6568 |         0 |   9896.6568 |  549.8143 |         0 |         0 |         0 |
|    Power DRAM [W] STAT    |      8.3445 |         0 |      8.3445 |    0.4636 |         0 |         0 |         0 |
|  Energy PLATFORM [J] STAT |           0 |         0 |           0 |         0 |         0 |         0 |         0 |
|  Power PLATFORM [W] STAT  |           0 |         0 |           0 |         0 |         0 |         0 |         0 |
+---------------------------+-------------+-----------+-------------+-----------+-----------+-----------+-----------+

