Group: 1
+-----------------------+---------+----------------+----------------+----------------+----------------+----------------+----------------+----------------+----------------+----------------+----------------+----------------+----------------+----------------+----------------+----------------+----------------+----------------+----------------+
|         Event         | Counter |    f0880:0:0   |    f0880:1:1   |    f0880:2:2   |    f0880:3:3   |    f0880:4:4   |    f0880:5:5   |    f0880:6:6   |    f0880:7:7   |    f0880:8:8   |    f0880:9:9   |   f0880:10:10  |   f0880:11:11  |   f0880:12:12  |   f0880:13:13  |   f0880:14:14  |   f0880:15:15  |   f0880:16:16  |   f0880:17:17  |
+-----------------------+---------+----------------+----------------+----------------+----------------+----------------+----------------+----------------+----------------+----------------+----------------+----------------+----------------+----------------+----------------+----------------+----------------+----------------+----------------+
|   INSTR_RETIRED_ANY   |  FIXC0  |  3605290389960 |  3644068752481 |  3588137593440 |  3586152846699 |  3584983134606 |  3642056836085 |  3589604772790 |  3588917395611 |  3664385366107 |  3654360003591 |  3682029883108 |  3688030363348 |  3785791037450 |  3847481529973 |  3801999357320 |  3722980551680 |  3701750884202 |  3648722101803 |
| CPU_CLK_UNHALTED_CORE |  FIXC1  |  2454264344054 |  2451894388487 |  2455217007278 |  2454767716807 |  2454826186769 |  2455416509334 |  2455217542276 |  2455028184364 |  2455149778028 |  2455114606461 |  2455230318066 |  2455206075064 |  2454257849903 |  2455444064599 |  2454410495714 |  2455119687097 |  2455797480521 |  2454666184026 |
|  CPU_CLK_UNHALTED_REF |  FIXC2  |  2103668592672 |  2101630863648 |  2104487967648 |  2104102863072 |  2104153217088 |  2104652834880 |  2104487151840 |  2104322622240 |  2104429587072 |  2104400631168 |  2104497278400 |  2104477618944 |  2103664159104 |  2104676194848 |  2103796845408 |  2104404875520 |  2104983041376 |  2104014086112 |
|     TOPDOWN_SLOTS     |  FIXC3  | 12271321720270 | 12259471942435 | 12276085036390 | 12273838584035 | 12274130933845 | 12277082546670 | 12276087711380 | 12275140921820 | 12275748890140 | 12275573032305 | 12276151590330 | 12276030375320 | 12271289249515 | 12277220322995 | 12272052478570 | 12275598435485 | 12278987402605 | 12273330920130 |
|       TEMP_CORE       |   TMP0  |             49 |             52 |             51 |             49 |             47 |             49 |             50 |             54 |             51 |             50 |             47 |             51 |             51 |             52 |             50 |             47 |             51 |             47 |
|     PWR_PKG_ENERGY    |   PWR0  |    163313.5103 |              0 |              0 |              0 |              0 |              0 |              0 |              0 |              0 |              0 |              0 |              0 |              0 |              0 |              0 |              0 |              0 |              0 |
|     PWR_PP0_ENERGY    |   PWR1  |              0 |              0 |              0 |              0 |              0 |              0 |              0 |              0 |              0 |              0 |              0 |              0 |              0 |              0 |              0 |              0 |              0 |              0 |
|    PWR_DRAM_ENERGY    |   PWR3  |     10294.0699 |              0 |              0 |              0 |              0 |              0 |              0 |              0 |              0 |              0 |              0 |              0 |              0 |              0 |              0 |              0 |              0 |              0 |
|  PWR_PLATFORM_ENERGY  |   PWR4  |              0 |              0 |              0 |              0 |              0 |              0 |              0 |              0 |              0 |              0 |              0 |              0 |              0 |              0 |              0 |              0 |              0 |              0 |
|   UNCORE_CLOCKTICKS   | UBOXFIX |  1942469398731 |              0 |              0 |              0 |              0 |              0 |              0 |              0 |              0 |              0 |              0 |              0 |              0 |              0 |              0 |              0 |              0 |              0 |
+-----------------------+---------+----------------+----------------+----------------+----------------+----------------+----------------+----------------+----------------+----------------+----------------+----------------+----------------+----------------+----------------+----------------+----------------+----------------+----------------+

+----------------------------+---------+-----------------+----------------+----------------+---------------+
|            Event           | Counter |       Sum       |       Min      |       Max      |      Avg      |
+----------------------------+---------+-----------------+----------------+----------------+---------------+
|   INSTR_RETIRED_ANY STAT   |  FIXC0  |  66026742800254 |  3584983134606 |  3847481529973 |  3.668152e+12 |
| CPU_CLK_UNHALTED_CORE STAT |  FIXC1  |  44187028418848 |  2451894388487 |  2455797480521 |  2.454835e+12 |
|  CPU_CLK_UNHALTED_REF STAT |  FIXC2  |  37874850431040 |  2101630863648 |  2104983041376 | 2104158357280 |
|     TOPDOWN_SLOTS STAT     |  FIXC3  | 220935142094240 | 12259471942435 | 12278987402605 |      nil      |
|       TEMP_CORE STAT       |   TMP0  |             898 |             47 |             54 |       49.8889 |
|     PWR_PKG_ENERGY STAT    |   PWR0  |     163313.5103 |              0 |    163313.5103 |     9072.9728 |
|     PWR_PP0_ENERGY STAT    |   PWR1  |               0 |              0 |              0 |             0 |
|    PWR_DRAM_ENERGY STAT    |   PWR3  |      10294.0699 |              0 |     10294.0699 |      571.8928 |
|  PWR_PLATFORM_ENERGY STAT  |   PWR4  |               0 |              0 |              0 |             0 |
|   UNCORE_CLOCKTICKS STAT   | UBOXFIX |   1942469398731 |              0 |  1942469398731 |  1.079150e+11 |
+----------------------------+---------+-----------------+----------------+----------------+---------------+

+----------------------+-------------+-----------+-----------+-----------+-----------+-----------+-----------+-----------+-----------+-----------+-------------+-------------+-------------+-------------+-------------+-------------+-------------+-------------+
|        Metric        |  f0880:0:0  | f0880:1:1 | f0880:2:2 | f0880:3:3 | f0880:4:4 | f0880:5:5 | f0880:6:6 | f0880:7:7 | f0880:8:8 | f0880:9:9 | f0880:10:10 | f0880:11:11 | f0880:12:12 | f0880:13:13 | f0880:14:14 | f0880:15:15 | f0880:16:16 | f0880:17:17 |
+----------------------+-------------+-----------+-----------+-----------+-----------+-----------+-----------+-----------+-----------+-----------+-------------+-------------+-------------+-------------+-------------+-------------+-------------+-------------+
|  Runtime (RDTSC) [s] |    885.2261 |  885.2368 |  885.2179 |  885.2508 |  885.2274 |  885.2597 |  885.2708 |  885.2212 |  885.3650 |  885.2084 |    885.2054 |    885.4041 |    885.2083 |    885.2310 |    885.2184 |    885.2186 |    885.2196 |    885.2231 |
| Runtime unhalted [s] |   1025.0293 | 1024.0421 | 1025.4281 | 1025.2745 | 1025.2643 | 1025.5343 | 1025.5013 | 1025.3500 | 1025.5829 | 1025.3851 |   1025.4325 |   1025.6291 |   1025.0259 |   1025.5252 |   1025.0912 |   1025.3864 |   1025.6683 |   1025.1976 |
|      Clock [MHz]     |   2793.3740 | 2793.3752 | 2793.3677 | 2793.2750 | 2793.3689 | 2793.3136 | 2793.1705 | 2793.3704 | 2792.8707 | 2793.3678 |   2793.3737 |   2792.8092 |   2793.3744 |   2793.3700 |   2793.3675 |   2793.3701 |   2793.3770 |   2793.3711 |
|  Uncore Clock [MHz]  |   2194.3201 |         0 |         0 |         0 |         0 |         0 |         0 |         0 |         0 |         0 |           0 |           0 |           0 |           0 |           0 |           0 |           0 |           0 |
|          CPI         |      0.6807 |    0.6728 |    0.6843 |    0.6845 |    0.6848 |    0.6742 |    0.6840 |    0.6841 |    0.6700 |    0.6718 |      0.6668 |      0.6657 |      0.6483 |      0.6382 |      0.6456 |      0.6595 |      0.6634 |      0.6727 |
|    Temperature [C]   |          49 |        52 |        51 |        49 |        47 |        49 |        50 |        54 |        51 |        50 |          47 |          51 |          51 |          52 |          50 |          47 |          51 |          47 |
|      Energy [J]      | 163313.5103 |         0 |         0 |         0 |         0 |         0 |         0 |         0 |         0 |         0 |           0 |           0 |           0 |           0 |           0 |           0 |           0 |           0 |
|       Power [W]      |    184.4879 |         0 |         0 |         0 |         0 |         0 |         0 |         0 |         0 |         0 |           0 |           0 |           0 |           0 |           0 |           0 |           0 |           0 |
|    Energy PP0 [J]    |           0 |         0 |         0 |         0 |         0 |         0 |         0 |         0 |         0 |         0 |           0 |           0 |           0 |           0 |           0 |           0 |           0 |           0 |
|     Power PP0 [W]    |           0 |         0 |         0 |         0 |         0 |         0 |         0 |         0 |         0 |         0 |           0 |           0 |           0 |           0 |           0 |           0 |           0 |           0 |
|    Energy DRAM [J]   |  10294.0699 |         0 |         0 |         0 |         0 |         0 |         0 |         0 |         0 |         0 |           0 |           0 |           0 |           0 |           0 |           0 |           0 |           0 |
|    Power DRAM [W]    |     11.6287 |         0 |         0 |         0 |         0 |         0 |         0 |         0 |         0 |         0 |           0 |           0 |           0 |           0 |           0 |           0 |           0 |           0 |
|  Energy PLATFORM [J] |           0 |         0 |         0 |         0 |         0 |         0 |         0 |         0 |         0 |         0 |           0 |           0 |           0 |           0 |           0 |           0 |           0 |           0 |
|  Power PLATFORM [W]  |           0 |         0 |         0 |         0 |         0 |         0 |         0 |         0 |         0 |         0 |           0 |           0 |           0 |           0 |           0 |           0 |           0 |           0 |
+----------------------+-------------+-----------+-----------+-----------+-----------+-----------+-----------+-----------+-----------+-----------+-------------+-------------+-------------+-------------+-------------+-------------+-------------+-------------+

+---------------------------+-------------+-----------+-------------+-----------+-----------+-----------+-----------+
|           Metric          |     Sum     |    Min    |     Max     |    Avg    |  %ile 25  |  %ile 50  |  %ile 75  |
+---------------------------+-------------+-----------+-------------+-----------+-----------+-----------+-----------+
|  Runtime (RDTSC) [s] STAT |  15934.4126 |  885.2054 |    885.4041 |  885.2451 |  885.2184 |  885.2231 |  885.2508 |
| Runtime unhalted [s] STAT |  18455.3481 | 1024.0421 |   1025.6683 | 1025.2971 | 1025.1976 | 1025.3851 | 1025.5252 |
|      Clock [MHz] STAT     |  50279.2668 | 2792.8092 |   2793.3770 | 2793.2926 | 2793.3136 | 2793.3689 | 2793.3737 |
|  Uncore Clock [MHz] STAT  |   2194.3201 |         0 |   2194.3201 |  121.9067 |         0 |         0 |         0 |
|          CPI STAT         |     12.0514 |    0.6382 |      0.6848 |    0.6695 |    0.6634 |    0.6718 |    0.6840 |
|    Temperature [C] STAT   |         898 |        47 |          54 |   49.8889 |        49 |        50 |        51 |
|      Energy [J] STAT      | 163313.5103 |         0 | 163313.5103 | 9072.9728 |         0 |         0 |         0 |
|       Power [W] STAT      |    184.4879 |         0 |    184.4879 |   10.2493 |         0 |         0 |         0 |
|    Energy PP0 [J] STAT    |           0 |         0 |           0 |         0 |         0 |         0 |         0 |
|     Power PP0 [W] STAT    |           0 |         0 |           0 |         0 |         0 |         0 |         0 |
|    Energy DRAM [J] STAT   |  10294.0699 |         0 |  10294.0699 |  571.8928 |         0 |         0 |         0 |
|    Power DRAM [W] STAT    |     11.6287 |         0 |     11.6287 |    0.6460 |         0 |         0 |         0 |
|  Energy PLATFORM [J] STAT |           0 |         0 |           0 |         0 |         0 |         0 |         0 |
|  Power PLATFORM [W] STAT  |           0 |         0 |           0 |         0 |         0 |         0 |         0 |
+---------------------------+-------------+-----------+-------------+-----------+-----------+-----------+-----------+

