### This is /home/hpc/unrz/unrz104h/Projects/CPU-GPU-Energy-Study/FIRESTARTER-scripts/benchX-freq.sh
#!/bin/bash

set -eu

if [ $# -ne 4 ]; then
    echo "Usage: ${0} [result-dir] [freq-start] [freq-end] [freq-step]"
    exit 1
fi

function reset_clocks() {
    echo "Resetting clocks..."
    sudo nvidia-smi -rgc
    echo "Done!"
}

trap 'reset_clocks' 15

RESULT_DIR="$(readlink -f "${1}")"
rm -fr "${RESULT_DIR}"
mkdir -p "${RESULT_DIR}"

FREQ_START="${2}"
FREQ_END="${3}"
FREQ_STEP="${4}"

LOG_FILE="${RESULT_DIR}/firestarter-bench-`date +%Y%m%d`-`hostname -s`.$$.log"
echo "Saving bench log also to log file ..."
echo "Please be patient ..."
exec > >( tee "${LOG_FILE}" ) 2>&1

# save script for reference :)
echo "### This is ${0}"
cat "${0}"

echo "Start: `date`  / `date +%s`"

echo "########################################"

BINARY=/home/hpc/unrz/unrz104h/Projects/FIRESTARTER/sources/build/src/FIRESTARTER_CUDA

#cat /proc/cpuinfo

module load cuda/12.9.0

export CUDA_VISIBLE_DEVICES=0
nvidia-smi -i ${CUDA_VISIBLE_DEVICES}

for ((FREQ=FREQ_START; FREQ<=FREQ_END; FREQ+=FREQ_STEP)); do
    if (( FREQ > FREQ_END )); then
        FREQ=${FREQ_END}
    fi
    # === PARSE GPU CLOCK SETTINGS ===
    GPU_GRAPHICS_CLOCK="${FREQ}"

    # === SET GPU CLOCKS ===  
    echo "SETTING GPU CLOCKS TO GRAPHICS=${GPU_GRAPHICS_CLOCK}"
    sudo /usr/bin/nvidia-smi --lock-gpu-clocks="${GPU_GRAPHICS_CLOCK},${GPU_GRAPHICS_CLOCK}"

    SUB_RESULT_DIR="${RESULT_DIR}/${GPU_GRAPHICS_CLOCK}"
    mkdir -p "${SUB_RESULT_DIR}"

    NVLOG_FILE="${SUB_RESULT_DIR}/${GPU_GRAPHICS_CLOCK}_powerlog.csv"
    FSLOG_FILE="${SUB_RESULT_DIR}/${GPU_GRAPHICS_CLOCK}_pid-$$.fsout"

    echo "Nvidia Log: ${NVLOG_FILE}"
    echo "FIRESTARTER Log: ${FSLOG_FILE}"

    nvidia-smi -i "${CUDA_VISIBLE_DEVICES}" --loop-ms=100 --query-gpu=timestamp,power.draw,utilization.gpu --format=csv > "${NVLOG_FILE}" & POWER_PID=$!
    "${BINARY}" -n 1 -l 1 -t 60 --period 1000000 > "${FSLOG_FILE}"
    kill "${POWER_PID}"

    echo "End: `date`  / `date +%s`"
done

reset_clocks
Start: Mon May 11 14:11:05 CEST 2026  / 1778501465
########################################
Mon May 11 14:11:05 2026       
+-----------------------------------------------------------------------------------------+
| NVIDIA-SMI 595.71.05              Driver Version: 595.71.05      CUDA Version: 13.2     |
+-----------------------------------------+------------------------+----------------------+
| GPU  Name                 Persistence-M | Bus-Id          Disp.A | Volatile Uncorr. ECC |
| Fan  Temp   Perf          Pwr:Usage/Cap |           Memory-Usage | GPU-Util  Compute M. |
|                                         |                        |               MIG M. |
|=========================================+========================+======================|
|   0  NVIDIA A100-SXM4-40GB          On  |   00000000:96:00.0 Off |                    0 |
| N/A   36C    P0             54W /  400W |       0MiB /  40960MiB |      0%      Default |
|                                         |                        |             Disabled |
+-----------------------------------------+------------------------+----------------------+

+-----------------------------------------------------------------------------------------+
| Processes:                                                                              |
|  GPU   GI   CI              PID   Type   Process name                        GPU Memory |
|        ID   ID                                                               Usage      |
|=========================================================================================|
|  No running processes found                                                             |
+-----------------------------------------------------------------------------------------+
SETTING GPU CLOCKS TO GRAPHICS=210
GPU clocks set to "(gpuClkMin 210, gpuClkMax 210)" for GPU 00000000:96:00.0
All done.
Nvidia Log: /home/hpc/unrz/unrz104h/Projects/CPU-GPU-Energy-Study/FIRESTARTER-A100-frequency/210/210_powerlog.csv
FIRESTARTER Log: /home/hpc/unrz/unrz104h/Projects/CPU-GPU-Energy-Study/FIRESTARTER-A100-frequency/210/210_pid-132336.fsout
Warning: AMD Family 25, Model 1, Stepping 1 is not supported by this version of FIRESTARTER!
Check project website for updates.
Warning: Using function FUNC_HSW_COREI_FMA_1T as fallback.
You can use the parameter --function to try other functions.
End: Mon May 11 14:12:55 CEST 2026  / 1778501575
SETTING GPU CLOCKS TO GRAPHICS=225
GPU clocks set to "(gpuClkMin 225, gpuClkMax 225)" for GPU 00000000:96:00.0
All done.
Nvidia Log: /home/hpc/unrz/unrz104h/Projects/CPU-GPU-Energy-Study/FIRESTARTER-A100-frequency/225/225_powerlog.csv
FIRESTARTER Log: /home/hpc/unrz/unrz104h/Projects/CPU-GPU-Energy-Study/FIRESTARTER-A100-frequency/225/225_pid-132336.fsout
Warning: AMD Family 25, Model 1, Stepping 1 is not supported by this version of FIRESTARTER!
Check project website for updates.
Warning: Using function FUNC_HSW_COREI_FMA_1T as fallback.
You can use the parameter --function to try other functions.
End: Mon May 11 14:14:37 CEST 2026  / 1778501677
SETTING GPU CLOCKS TO GRAPHICS=240
GPU clocks set to "(gpuClkMin 240, gpuClkMax 240)" for GPU 00000000:96:00.0
All done.
Nvidia Log: /home/hpc/unrz/unrz104h/Projects/CPU-GPU-Energy-Study/FIRESTARTER-A100-frequency/240/240_powerlog.csv
FIRESTARTER Log: /home/hpc/unrz/unrz104h/Projects/CPU-GPU-Energy-Study/FIRESTARTER-A100-frequency/240/240_pid-132336.fsout
Warning: AMD Family 25, Model 1, Stepping 1 is not supported by this version of FIRESTARTER!
Check project website for updates.
Warning: Using function FUNC_HSW_COREI_FMA_1T as fallback.
You can use the parameter --function to try other functions.
End: Mon May 11 14:16:12 CEST 2026  / 1778501772
SETTING GPU CLOCKS TO GRAPHICS=255
GPU clocks set to "(gpuClkMin 255, gpuClkMax 255)" for GPU 00000000:96:00.0
All done.
Nvidia Log: /home/hpc/unrz/unrz104h/Projects/CPU-GPU-Energy-Study/FIRESTARTER-A100-frequency/255/255_powerlog.csv
FIRESTARTER Log: /home/hpc/unrz/unrz104h/Projects/CPU-GPU-Energy-Study/FIRESTARTER-A100-frequency/255/255_pid-132336.fsout
Warning: AMD Family 25, Model 1, Stepping 1 is not supported by this version of FIRESTARTER!
Check project website for updates.
Warning: Using function FUNC_HSW_COREI_FMA_1T as fallback.
You can use the parameter --function to try other functions.
End: Mon May 11 14:17:43 CEST 2026  / 1778501863
SETTING GPU CLOCKS TO GRAPHICS=270
GPU clocks set to "(gpuClkMin 270, gpuClkMax 270)" for GPU 00000000:96:00.0
All done.
Nvidia Log: /home/hpc/unrz/unrz104h/Projects/CPU-GPU-Energy-Study/FIRESTARTER-A100-frequency/270/270_powerlog.csv
FIRESTARTER Log: /home/hpc/unrz/unrz104h/Projects/CPU-GPU-Energy-Study/FIRESTARTER-A100-frequency/270/270_pid-132336.fsout
Warning: AMD Family 25, Model 1, Stepping 1 is not supported by this version of FIRESTARTER!
Check project website for updates.
Warning: Using function FUNC_HSW_COREI_FMA_1T as fallback.
You can use the parameter --function to try other functions.
End: Mon May 11 14:19:08 CEST 2026  / 1778501948
SETTING GPU CLOCKS TO GRAPHICS=285
GPU clocks set to "(gpuClkMin 285, gpuClkMax 285)" for GPU 00000000:96:00.0
All done.
Nvidia Log: /home/hpc/unrz/unrz104h/Projects/CPU-GPU-Energy-Study/FIRESTARTER-A100-frequency/285/285_powerlog.csv
FIRESTARTER Log: /home/hpc/unrz/unrz104h/Projects/CPU-GPU-Energy-Study/FIRESTARTER-A100-frequency/285/285_pid-132336.fsout
Warning: AMD Family 25, Model 1, Stepping 1 is not supported by this version of FIRESTARTER!
Check project website for updates.
Warning: Using function FUNC_HSW_COREI_FMA_1T as fallback.
You can use the parameter --function to try other functions.
End: Mon May 11 14:20:29 CEST 2026  / 1778502029
SETTING GPU CLOCKS TO GRAPHICS=300
GPU clocks set to "(gpuClkMin 300, gpuClkMax 300)" for GPU 00000000:96:00.0
All done.
Nvidia Log: /home/hpc/unrz/unrz104h/Projects/CPU-GPU-Energy-Study/FIRESTARTER-A100-frequency/300/300_powerlog.csv
FIRESTARTER Log: /home/hpc/unrz/unrz104h/Projects/CPU-GPU-Energy-Study/FIRESTARTER-A100-frequency/300/300_pid-132336.fsout
Warning: AMD Family 25, Model 1, Stepping 1 is not supported by this version of FIRESTARTER!
Check project website for updates.
Warning: Using function FUNC_HSW_COREI_FMA_1T as fallback.
You can use the parameter --function to try other functions.
End: Mon May 11 14:21:46 CEST 2026  / 1778502106
SETTING GPU CLOCKS TO GRAPHICS=315
GPU clocks set to "(gpuClkMin 315, gpuClkMax 315)" for GPU 00000000:96:00.0
All done.
Nvidia Log: /home/hpc/unrz/unrz104h/Projects/CPU-GPU-Energy-Study/FIRESTARTER-A100-frequency/315/315_powerlog.csv
FIRESTARTER Log: /home/hpc/unrz/unrz104h/Projects/CPU-GPU-Energy-Study/FIRESTARTER-A100-frequency/315/315_pid-132336.fsout
Warning: AMD Family 25, Model 1, Stepping 1 is not supported by this version of FIRESTARTER!
Check project website for updates.
Warning: Using function FUNC_HSW_COREI_FMA_1T as fallback.
You can use the parameter --function to try other functions.
End: Mon May 11 14:23:00 CEST 2026  / 1778502180
SETTING GPU CLOCKS TO GRAPHICS=330
GPU clocks set to "(gpuClkMin 330, gpuClkMax 330)" for GPU 00000000:96:00.0
All done.
Nvidia Log: /home/hpc/unrz/unrz104h/Projects/CPU-GPU-Energy-Study/FIRESTARTER-A100-frequency/330/330_powerlog.csv
FIRESTARTER Log: /home/hpc/unrz/unrz104h/Projects/CPU-GPU-Energy-Study/FIRESTARTER-A100-frequency/330/330_pid-132336.fsout
Warning: AMD Family 25, Model 1, Stepping 1 is not supported by this version of FIRESTARTER!
Check project website for updates.
Warning: Using function FUNC_HSW_COREI_FMA_1T as fallback.
You can use the parameter --function to try other functions.
End: Mon May 11 14:24:10 CEST 2026  / 1778502250
SETTING GPU CLOCKS TO GRAPHICS=345
GPU clocks set to "(gpuClkMin 345, gpuClkMax 345)" for GPU 00000000:96:00.0
All done.
Nvidia Log: /home/hpc/unrz/unrz104h/Projects/CPU-GPU-Energy-Study/FIRESTARTER-A100-frequency/345/345_powerlog.csv
FIRESTARTER Log: /home/hpc/unrz/unrz104h/Projects/CPU-GPU-Energy-Study/FIRESTARTER-A100-frequency/345/345_pid-132336.fsout
Warning: AMD Family 25, Model 1, Stepping 1 is not supported by this version of FIRESTARTER!
Check project website for updates.
Warning: Using function FUNC_HSW_COREI_FMA_1T as fallback.
You can use the parameter --function to try other functions.
End: Mon May 11 14:25:17 CEST 2026  / 1778502317
SETTING GPU CLOCKS TO GRAPHICS=360
GPU clocks set to "(gpuClkMin 360, gpuClkMax 360)" for GPU 00000000:96:00.0
All done.
Nvidia Log: /home/hpc/unrz/unrz104h/Projects/CPU-GPU-Energy-Study/FIRESTARTER-A100-frequency/360/360_powerlog.csv
FIRESTARTER Log: /home/hpc/unrz/unrz104h/Projects/CPU-GPU-Energy-Study/FIRESTARTER-A100-frequency/360/360_pid-132336.fsout
Warning: AMD Family 25, Model 1, Stepping 1 is not supported by this version of FIRESTARTER!
Check project website for updates.
Warning: Using function FUNC_HSW_COREI_FMA_1T as fallback.
You can use the parameter --function to try other functions.
End: Mon May 11 14:26:22 CEST 2026  / 1778502382
SETTING GPU CLOCKS TO GRAPHICS=375
GPU clocks set to "(gpuClkMin 375, gpuClkMax 375)" for GPU 00000000:96:00.0
All done.
Nvidia Log: /home/hpc/unrz/unrz104h/Projects/CPU-GPU-Energy-Study/FIRESTARTER-A100-frequency/375/375_powerlog.csv
FIRESTARTER Log: /home/hpc/unrz/unrz104h/Projects/CPU-GPU-Energy-Study/FIRESTARTER-A100-frequency/375/375_pid-132336.fsout
Warning: AMD Family 25, Model 1, Stepping 1 is not supported by this version of FIRESTARTER!
Check project website for updates.
Warning: Using function FUNC_HSW_COREI_FMA_1T as fallback.
You can use the parameter --function to try other functions.
End: Mon May 11 14:27:54 CEST 2026  / 1778502474
SETTING GPU CLOCKS TO GRAPHICS=390
GPU clocks set to "(gpuClkMin 390, gpuClkMax 390)" for GPU 00000000:96:00.0
All done.
Nvidia Log: /home/hpc/unrz/unrz104h/Projects/CPU-GPU-Energy-Study/FIRESTARTER-A100-frequency/390/390_powerlog.csv
FIRESTARTER Log: /home/hpc/unrz/unrz104h/Projects/CPU-GPU-Energy-Study/FIRESTARTER-A100-frequency/390/390_pid-132336.fsout
Warning: AMD Family 25, Model 1, Stepping 1 is not supported by this version of FIRESTARTER!
Check project website for updates.
Warning: Using function FUNC_HSW_COREI_FMA_1T as fallback.
You can use the parameter --function to try other functions.
End: Mon May 11 14:29:22 CEST 2026  / 1778502562
SETTING GPU CLOCKS TO GRAPHICS=405
GPU clocks set to "(gpuClkMin 405, gpuClkMax 405)" for GPU 00000000:96:00.0
All done.
Nvidia Log: /home/hpc/unrz/unrz104h/Projects/CPU-GPU-Energy-Study/FIRESTARTER-A100-frequency/405/405_powerlog.csv
FIRESTARTER Log: /home/hpc/unrz/unrz104h/Projects/CPU-GPU-Energy-Study/FIRESTARTER-A100-frequency/405/405_pid-132336.fsout
Warning: AMD Family 25, Model 1, Stepping 1 is not supported by this version of FIRESTARTER!
Check project website for updates.
Warning: Using function FUNC_HSW_COREI_FMA_1T as fallback.
You can use the parameter --function to try other functions.
End: Mon May 11 14:30:48 CEST 2026  / 1778502648
SETTING GPU CLOCKS TO GRAPHICS=420
GPU clocks set to "(gpuClkMin 420, gpuClkMax 420)" for GPU 00000000:96:00.0
All done.
Nvidia Log: /home/hpc/unrz/unrz104h/Projects/CPU-GPU-Energy-Study/FIRESTARTER-A100-frequency/420/420_powerlog.csv
FIRESTARTER Log: /home/hpc/unrz/unrz104h/Projects/CPU-GPU-Energy-Study/FIRESTARTER-A100-frequency/420/420_pid-132336.fsout
Warning: AMD Family 25, Model 1, Stepping 1 is not supported by this version of FIRESTARTER!
Check project website for updates.
Warning: Using function FUNC_HSW_COREI_FMA_1T as fallback.
You can use the parameter --function to try other functions.
End: Mon May 11 14:32:10 CEST 2026  / 1778502730
SETTING GPU CLOCKS TO GRAPHICS=435
GPU clocks set to "(gpuClkMin 435, gpuClkMax 435)" for GPU 00000000:96:00.0
All done.
Nvidia Log: /home/hpc/unrz/unrz104h/Projects/CPU-GPU-Energy-Study/FIRESTARTER-A100-frequency/435/435_powerlog.csv
FIRESTARTER Log: /home/hpc/unrz/unrz104h/Projects/CPU-GPU-Energy-Study/FIRESTARTER-A100-frequency/435/435_pid-132336.fsout
Warning: AMD Family 25, Model 1, Stepping 1 is not supported by this version of FIRESTARTER!
Check project website for updates.
Warning: Using function FUNC_HSW_COREI_FMA_1T as fallback.
You can use the parameter --function to try other functions.
End: Mon May 11 14:33:29 CEST 2026  / 1778502809
SETTING GPU CLOCKS TO GRAPHICS=450
GPU clocks set to "(gpuClkMin 450, gpuClkMax 450)" for GPU 00000000:96:00.0
All done.
Nvidia Log: /home/hpc/unrz/unrz104h/Projects/CPU-GPU-Energy-Study/FIRESTARTER-A100-frequency/450/450_powerlog.csv
FIRESTARTER Log: /home/hpc/unrz/unrz104h/Projects/CPU-GPU-Energy-Study/FIRESTARTER-A100-frequency/450/450_pid-132336.fsout
Warning: AMD Family 25, Model 1, Stepping 1 is not supported by this version of FIRESTARTER!
Check project website for updates.
Warning: Using function FUNC_HSW_COREI_FMA_1T as fallback.
You can use the parameter --function to try other functions.
End: Mon May 11 14:34:46 CEST 2026  / 1778502886
SETTING GPU CLOCKS TO GRAPHICS=465
GPU clocks set to "(gpuClkMin 465, gpuClkMax 465)" for GPU 00000000:96:00.0
All done.
Nvidia Log: /home/hpc/unrz/unrz104h/Projects/CPU-GPU-Energy-Study/FIRESTARTER-A100-frequency/465/465_powerlog.csv
FIRESTARTER Log: /home/hpc/unrz/unrz104h/Projects/CPU-GPU-Energy-Study/FIRESTARTER-A100-frequency/465/465_pid-132336.fsout
Warning: AMD Family 25, Model 1, Stepping 1 is not supported by this version of FIRESTARTER!
Check project website for updates.
Warning: Using function FUNC_HSW_COREI_FMA_1T as fallback.
You can use the parameter --function to try other functions.
End: Mon May 11 14:36:01 CEST 2026  / 1778502961
SETTING GPU CLOCKS TO GRAPHICS=480
GPU clocks set to "(gpuClkMin 480, gpuClkMax 480)" for GPU 00000000:96:00.0
All done.
Nvidia Log: /home/hpc/unrz/unrz104h/Projects/CPU-GPU-Energy-Study/FIRESTARTER-A100-frequency/480/480_powerlog.csv
FIRESTARTER Log: /home/hpc/unrz/unrz104h/Projects/CPU-GPU-Energy-Study/FIRESTARTER-A100-frequency/480/480_pid-132336.fsout
Warning: AMD Family 25, Model 1, Stepping 1 is not supported by this version of FIRESTARTER!
Check project website for updates.
Warning: Using function FUNC_HSW_COREI_FMA_1T as fallback.
You can use the parameter --function to try other functions.
End: Mon May 11 14:37:13 CEST 2026  / 1778503033
SETTING GPU CLOCKS TO GRAPHICS=495
GPU clocks set to "(gpuClkMin 495, gpuClkMax 495)" for GPU 00000000:96:00.0
All done.
Nvidia Log: /home/hpc/unrz/unrz104h/Projects/CPU-GPU-Energy-Study/FIRESTARTER-A100-frequency/495/495_powerlog.csv
FIRESTARTER Log: /home/hpc/unrz/unrz104h/Projects/CPU-GPU-Energy-Study/FIRESTARTER-A100-frequency/495/495_pid-132336.fsout
Warning: AMD Family 25, Model 1, Stepping 1 is not supported by this version of FIRESTARTER!
Check project website for updates.
Warning: Using function FUNC_HSW_COREI_FMA_1T as fallback.
You can use the parameter --function to try other functions.
End: Mon May 11 14:38:24 CEST 2026  / 1778503104
SETTING GPU CLOCKS TO GRAPHICS=510
GPU clocks set to "(gpuClkMin 510, gpuClkMax 510)" for GPU 00000000:96:00.0
All done.
Nvidia Log: /home/hpc/unrz/unrz104h/Projects/CPU-GPU-Energy-Study/FIRESTARTER-A100-frequency/510/510_powerlog.csv
FIRESTARTER Log: /home/hpc/unrz/unrz104h/Projects/CPU-GPU-Energy-Study/FIRESTARTER-A100-frequency/510/510_pid-132336.fsout
Warning: AMD Family 25, Model 1, Stepping 1 is not supported by this version of FIRESTARTER!
Check project website for updates.
Warning: Using function FUNC_HSW_COREI_FMA_1T as fallback.
You can use the parameter --function to try other functions.
End: Mon May 11 14:39:32 CEST 2026  / 1778503172
SETTING GPU CLOCKS TO GRAPHICS=525
GPU clocks set to "(gpuClkMin 525, gpuClkMax 525)" for GPU 00000000:96:00.0
All done.
Nvidia Log: /home/hpc/unrz/unrz104h/Projects/CPU-GPU-Energy-Study/FIRESTARTER-A100-frequency/525/525_powerlog.csv
FIRESTARTER Log: /home/hpc/unrz/unrz104h/Projects/CPU-GPU-Energy-Study/FIRESTARTER-A100-frequency/525/525_pid-132336.fsout
Warning: AMD Family 25, Model 1, Stepping 1 is not supported by this version of FIRESTARTER!
Check project website for updates.
Warning: Using function FUNC_HSW_COREI_FMA_1T as fallback.
You can use the parameter --function to try other functions.
End: Mon May 11 14:40:38 CEST 2026  / 1778503238
SETTING GPU CLOCKS TO GRAPHICS=540
GPU clocks set to "(gpuClkMin 540, gpuClkMax 540)" for GPU 00000000:96:00.0
All done.
Nvidia Log: /home/hpc/unrz/unrz104h/Projects/CPU-GPU-Energy-Study/FIRESTARTER-A100-frequency/540/540_powerlog.csv
FIRESTARTER Log: /home/hpc/unrz/unrz104h/Projects/CPU-GPU-Energy-Study/FIRESTARTER-A100-frequency/540/540_pid-132336.fsout
Warning: AMD Family 25, Model 1, Stepping 1 is not supported by this version of FIRESTARTER!
Check project website for updates.
Warning: Using function FUNC_HSW_COREI_FMA_1T as fallback.
You can use the parameter --function to try other functions.
End: Mon May 11 14:41:43 CEST 2026  / 1778503303
SETTING GPU CLOCKS TO GRAPHICS=555
GPU clocks set to "(gpuClkMin 555, gpuClkMax 555)" for GPU 00000000:96:00.0
All done.
Nvidia Log: /home/hpc/unrz/unrz104h/Projects/CPU-GPU-Energy-Study/FIRESTARTER-A100-frequency/555/555_powerlog.csv
FIRESTARTER Log: /home/hpc/unrz/unrz104h/Projects/CPU-GPU-Energy-Study/FIRESTARTER-A100-frequency/555/555_pid-132336.fsout
Warning: AMD Family 25, Model 1, Stepping 1 is not supported by this version of FIRESTARTER!
Check project website for updates.
Warning: Using function FUNC_HSW_COREI_FMA_1T as fallback.
You can use the parameter --function to try other functions.
End: Mon May 11 14:43:06 CEST 2026  / 1778503386
SETTING GPU CLOCKS TO GRAPHICS=570
GPU clocks set to "(gpuClkMin 570, gpuClkMax 570)" for GPU 00000000:96:00.0
All done.
Nvidia Log: /home/hpc/unrz/unrz104h/Projects/CPU-GPU-Energy-Study/FIRESTARTER-A100-frequency/570/570_powerlog.csv
FIRESTARTER Log: /home/hpc/unrz/unrz104h/Projects/CPU-GPU-Energy-Study/FIRESTARTER-A100-frequency/570/570_pid-132336.fsout
Warning: AMD Family 25, Model 1, Stepping 1 is not supported by this version of FIRESTARTER!
Check project website for updates.
Warning: Using function FUNC_HSW_COREI_FMA_1T as fallback.
You can use the parameter --function to try other functions.
End: Mon May 11 14:44:27 CEST 2026  / 1778503467
SETTING GPU CLOCKS TO GRAPHICS=585
GPU clocks set to "(gpuClkMin 585, gpuClkMax 585)" for GPU 00000000:96:00.0
All done.
Nvidia Log: /home/hpc/unrz/unrz104h/Projects/CPU-GPU-Energy-Study/FIRESTARTER-A100-frequency/585/585_powerlog.csv
FIRESTARTER Log: /home/hpc/unrz/unrz104h/Projects/CPU-GPU-Energy-Study/FIRESTARTER-A100-frequency/585/585_pid-132336.fsout
Warning: AMD Family 25, Model 1, Stepping 1 is not supported by this version of FIRESTARTER!
Check project website for updates.
Warning: Using function FUNC_HSW_COREI_FMA_1T as fallback.
You can use the parameter --function to try other functions.
End: Mon May 11 14:45:45 CEST 2026  / 1778503545
SETTING GPU CLOCKS TO GRAPHICS=600
GPU clocks set to "(gpuClkMin 600, gpuClkMax 600)" for GPU 00000000:96:00.0
All done.
Nvidia Log: /home/hpc/unrz/unrz104h/Projects/CPU-GPU-Energy-Study/FIRESTARTER-A100-frequency/600/600_powerlog.csv
FIRESTARTER Log: /home/hpc/unrz/unrz104h/Projects/CPU-GPU-Energy-Study/FIRESTARTER-A100-frequency/600/600_pid-132336.fsout
Warning: AMD Family 25, Model 1, Stepping 1 is not supported by this version of FIRESTARTER!
Check project website for updates.
Warning: Using function FUNC_HSW_COREI_FMA_1T as fallback.
You can use the parameter --function to try other functions.
End: Mon May 11 14:47:02 CEST 2026  / 1778503622
SETTING GPU CLOCKS TO GRAPHICS=615
GPU clocks set to "(gpuClkMin 615, gpuClkMax 615)" for GPU 00000000:96:00.0
All done.
Nvidia Log: /home/hpc/unrz/unrz104h/Projects/CPU-GPU-Energy-Study/FIRESTARTER-A100-frequency/615/615_powerlog.csv
FIRESTARTER Log: /home/hpc/unrz/unrz104h/Projects/CPU-GPU-Energy-Study/FIRESTARTER-A100-frequency/615/615_pid-132336.fsout
Warning: AMD Family 25, Model 1, Stepping 1 is not supported by this version of FIRESTARTER!
Check project website for updates.
Warning: Using function FUNC_HSW_COREI_FMA_1T as fallback.
You can use the parameter --function to try other functions.
End: Mon May 11 14:48:18 CEST 2026  / 1778503698
SETTING GPU CLOCKS TO GRAPHICS=630
GPU clocks set to "(gpuClkMin 630, gpuClkMax 630)" for GPU 00000000:96:00.0
All done.
Nvidia Log: /home/hpc/unrz/unrz104h/Projects/CPU-GPU-Energy-Study/FIRESTARTER-A100-frequency/630/630_powerlog.csv
FIRESTARTER Log: /home/hpc/unrz/unrz104h/Projects/CPU-GPU-Energy-Study/FIRESTARTER-A100-frequency/630/630_pid-132336.fsout
Warning: AMD Family 25, Model 1, Stepping 1 is not supported by this version of FIRESTARTER!
Check project website for updates.
Warning: Using function FUNC_HSW_COREI_FMA_1T as fallback.
You can use the parameter --function to try other functions.
End: Mon May 11 14:49:31 CEST 2026  / 1778503771
SETTING GPU CLOCKS TO GRAPHICS=645
GPU clocks set to "(gpuClkMin 645, gpuClkMax 645)" for GPU 00000000:96:00.0
All done.
Nvidia Log: /home/hpc/unrz/unrz104h/Projects/CPU-GPU-Energy-Study/FIRESTARTER-A100-frequency/645/645_powerlog.csv
FIRESTARTER Log: /home/hpc/unrz/unrz104h/Projects/CPU-GPU-Energy-Study/FIRESTARTER-A100-frequency/645/645_pid-132336.fsout
Warning: AMD Family 25, Model 1, Stepping 1 is not supported by this version of FIRESTARTER!
Check project website for updates.
Warning: Using function FUNC_HSW_COREI_FMA_1T as fallback.
You can use the parameter --function to try other functions.
End: Mon May 11 14:50:43 CEST 2026  / 1778503843
SETTING GPU CLOCKS TO GRAPHICS=660
GPU clocks set to "(gpuClkMin 660, gpuClkMax 660)" for GPU 00000000:96:00.0
All done.
Nvidia Log: /home/hpc/unrz/unrz104h/Projects/CPU-GPU-Energy-Study/FIRESTARTER-A100-frequency/660/660_powerlog.csv
FIRESTARTER Log: /home/hpc/unrz/unrz104h/Projects/CPU-GPU-Energy-Study/FIRESTARTER-A100-frequency/660/660_pid-132336.fsout
Warning: AMD Family 25, Model 1, Stepping 1 is not supported by this version of FIRESTARTER!
Check project website for updates.
Warning: Using function FUNC_HSW_COREI_FMA_1T as fallback.
You can use the parameter --function to try other functions.
End: Mon May 11 14:51:53 CEST 2026  / 1778503913
SETTING GPU CLOCKS TO GRAPHICS=675
GPU clocks set to "(gpuClkMin 675, gpuClkMax 675)" for GPU 00000000:96:00.0
All done.
Nvidia Log: /home/hpc/unrz/unrz104h/Projects/CPU-GPU-Energy-Study/FIRESTARTER-A100-frequency/675/675_powerlog.csv
FIRESTARTER Log: /home/hpc/unrz/unrz104h/Projects/CPU-GPU-Energy-Study/FIRESTARTER-A100-frequency/675/675_pid-132336.fsout
Warning: AMD Family 25, Model 1, Stepping 1 is not supported by this version of FIRESTARTER!
Check project website for updates.
Warning: Using function FUNC_HSW_COREI_FMA_1T as fallback.
You can use the parameter --function to try other functions.
End: Mon May 11 14:53:01 CEST 2026  / 1778503981
SETTING GPU CLOCKS TO GRAPHICS=690
GPU clocks set to "(gpuClkMin 690, gpuClkMax 690)" for GPU 00000000:96:00.0
All done.
Nvidia Log: /home/hpc/unrz/unrz104h/Projects/CPU-GPU-Energy-Study/FIRESTARTER-A100-frequency/690/690_powerlog.csv
FIRESTARTER Log: /home/hpc/unrz/unrz104h/Projects/CPU-GPU-Energy-Study/FIRESTARTER-A100-frequency/690/690_pid-132336.fsout
Warning: AMD Family 25, Model 1, Stepping 1 is not supported by this version of FIRESTARTER!
Check project website for updates.
Warning: Using function FUNC_HSW_COREI_FMA_1T as fallback.
You can use the parameter --function to try other functions.
End: Mon May 11 14:54:08 CEST 2026  / 1778504048
SETTING GPU CLOCKS TO GRAPHICS=705
GPU clocks set to "(gpuClkMin 705, gpuClkMax 705)" for GPU 00000000:96:00.0
All done.
Nvidia Log: /home/hpc/unrz/unrz104h/Projects/CPU-GPU-Energy-Study/FIRESTARTER-A100-frequency/705/705_powerlog.csv
FIRESTARTER Log: /home/hpc/unrz/unrz104h/Projects/CPU-GPU-Energy-Study/FIRESTARTER-A100-frequency/705/705_pid-132336.fsout
Warning: AMD Family 25, Model 1, Stepping 1 is not supported by this version of FIRESTARTER!
Check project website for updates.
Warning: Using function FUNC_HSW_COREI_FMA_1T as fallback.
You can use the parameter --function to try other functions.
End: Mon May 11 14:55:14 CEST 2026  / 1778504114
SETTING GPU CLOCKS TO GRAPHICS=720
GPU clocks set to "(gpuClkMin 720, gpuClkMax 720)" for GPU 00000000:96:00.0
All done.
Nvidia Log: /home/hpc/unrz/unrz104h/Projects/CPU-GPU-Energy-Study/FIRESTARTER-A100-frequency/720/720_powerlog.csv
FIRESTARTER Log: /home/hpc/unrz/unrz104h/Projects/CPU-GPU-Energy-Study/FIRESTARTER-A100-frequency/720/720_pid-132336.fsout
Warning: AMD Family 25, Model 1, Stepping 1 is not supported by this version of FIRESTARTER!
Check project website for updates.
Warning: Using function FUNC_HSW_COREI_FMA_1T as fallback.
You can use the parameter --function to try other functions.
End: Mon May 11 14:56:19 CEST 2026  / 1778504179
SETTING GPU CLOCKS TO GRAPHICS=735
GPU clocks set to "(gpuClkMin 735, gpuClkMax 735)" for GPU 00000000:96:00.0
All done.
Nvidia Log: /home/hpc/unrz/unrz104h/Projects/CPU-GPU-Energy-Study/FIRESTARTER-A100-frequency/735/735_powerlog.csv
FIRESTARTER Log: /home/hpc/unrz/unrz104h/Projects/CPU-GPU-Energy-Study/FIRESTARTER-A100-frequency/735/735_pid-132336.fsout
Warning: AMD Family 25, Model 1, Stepping 1 is not supported by this version of FIRESTARTER!
Check project website for updates.
Warning: Using function FUNC_HSW_COREI_FMA_1T as fallback.
You can use the parameter --function to try other functions.
End: Mon May 11 14:57:37 CEST 2026  / 1778504257
SETTING GPU CLOCKS TO GRAPHICS=750
GPU clocks set to "(gpuClkMin 750, gpuClkMax 750)" for GPU 00000000:96:00.0
All done.
Nvidia Log: /home/hpc/unrz/unrz104h/Projects/CPU-GPU-Energy-Study/FIRESTARTER-A100-frequency/750/750_powerlog.csv
FIRESTARTER Log: /home/hpc/unrz/unrz104h/Projects/CPU-GPU-Energy-Study/FIRESTARTER-A100-frequency/750/750_pid-132336.fsout
Warning: AMD Family 25, Model 1, Stepping 1 is not supported by this version of FIRESTARTER!
Check project website for updates.
Warning: Using function FUNC_HSW_COREI_FMA_1T as fallback.
You can use the parameter --function to try other functions.
End: Mon May 11 14:58:54 CEST 2026  / 1778504334
SETTING GPU CLOCKS TO GRAPHICS=765
GPU clocks set to "(gpuClkMin 765, gpuClkMax 765)" for GPU 00000000:96:00.0
All done.
Nvidia Log: /home/hpc/unrz/unrz104h/Projects/CPU-GPU-Energy-Study/FIRESTARTER-A100-frequency/765/765_powerlog.csv
FIRESTARTER Log: /home/hpc/unrz/unrz104h/Projects/CPU-GPU-Energy-Study/FIRESTARTER-A100-frequency/765/765_pid-132336.fsout
Warning: AMD Family 25, Model 1, Stepping 1 is not supported by this version of FIRESTARTER!
Check project website for updates.
Warning: Using function FUNC_HSW_COREI_FMA_1T as fallback.
You can use the parameter --function to try other functions.
End: Mon May 11 15:00:09 CEST 2026  / 1778504409
SETTING GPU CLOCKS TO GRAPHICS=780
GPU clocks set to "(gpuClkMin 780, gpuClkMax 780)" for GPU 00000000:96:00.0
All done.
Nvidia Log: /home/hpc/unrz/unrz104h/Projects/CPU-GPU-Energy-Study/FIRESTARTER-A100-frequency/780/780_powerlog.csv
FIRESTARTER Log: /home/hpc/unrz/unrz104h/Projects/CPU-GPU-Energy-Study/FIRESTARTER-A100-frequency/780/780_pid-132336.fsout
Warning: AMD Family 25, Model 1, Stepping 1 is not supported by this version of FIRESTARTER!
Check project website for updates.
Warning: Using function FUNC_HSW_COREI_FMA_1T as fallback.
You can use the parameter --function to try other functions.
End: Mon May 11 15:01:23 CEST 2026  / 1778504483
SETTING GPU CLOCKS TO GRAPHICS=795
GPU clocks set to "(gpuClkMin 795, gpuClkMax 795)" for GPU 00000000:96:00.0
All done.
Nvidia Log: /home/hpc/unrz/unrz104h/Projects/CPU-GPU-Energy-Study/FIRESTARTER-A100-frequency/795/795_powerlog.csv
FIRESTARTER Log: /home/hpc/unrz/unrz104h/Projects/CPU-GPU-Energy-Study/FIRESTARTER-A100-frequency/795/795_pid-132336.fsout
Warning: AMD Family 25, Model 1, Stepping 1 is not supported by this version of FIRESTARTER!
Check project website for updates.
Warning: Using function FUNC_HSW_COREI_FMA_1T as fallback.
You can use the parameter --function to try other functions.
End: Mon May 11 15:02:36 CEST 2026  / 1778504556
SETTING GPU CLOCKS TO GRAPHICS=810
GPU clocks set to "(gpuClkMin 810, gpuClkMax 810)" for GPU 00000000:96:00.0
All done.
Nvidia Log: /home/hpc/unrz/unrz104h/Projects/CPU-GPU-Energy-Study/FIRESTARTER-A100-frequency/810/810_powerlog.csv
FIRESTARTER Log: /home/hpc/unrz/unrz104h/Projects/CPU-GPU-Energy-Study/FIRESTARTER-A100-frequency/810/810_pid-132336.fsout
Warning: AMD Family 25, Model 1, Stepping 1 is not supported by this version of FIRESTARTER!
Check project website for updates.
Warning: Using function FUNC_HSW_COREI_FMA_1T as fallback.
You can use the parameter --function to try other functions.
End: Mon May 11 15:03:47 CEST 2026  / 1778504627
SETTING GPU CLOCKS TO GRAPHICS=825
GPU clocks set to "(gpuClkMin 825, gpuClkMax 825)" for GPU 00000000:96:00.0
All done.
Nvidia Log: /home/hpc/unrz/unrz104h/Projects/CPU-GPU-Energy-Study/FIRESTARTER-A100-frequency/825/825_powerlog.csv
FIRESTARTER Log: /home/hpc/unrz/unrz104h/Projects/CPU-GPU-Energy-Study/FIRESTARTER-A100-frequency/825/825_pid-132336.fsout
Warning: AMD Family 25, Model 1, Stepping 1 is not supported by this version of FIRESTARTER!
Check project website for updates.
Warning: Using function FUNC_HSW_COREI_FMA_1T as fallback.
You can use the parameter --function to try other functions.
End: Mon May 11 15:04:57 CEST 2026  / 1778504697
SETTING GPU CLOCKS TO GRAPHICS=840
GPU clocks set to "(gpuClkMin 840, gpuClkMax 840)" for GPU 00000000:96:00.0
All done.
Nvidia Log: /home/hpc/unrz/unrz104h/Projects/CPU-GPU-Energy-Study/FIRESTARTER-A100-frequency/840/840_powerlog.csv
FIRESTARTER Log: /home/hpc/unrz/unrz104h/Projects/CPU-GPU-Energy-Study/FIRESTARTER-A100-frequency/840/840_pid-132336.fsout
Warning: AMD Family 25, Model 1, Stepping 1 is not supported by this version of FIRESTARTER!
Check project website for updates.
Warning: Using function FUNC_HSW_COREI_FMA_1T as fallback.
You can use the parameter --function to try other functions.
End: Mon May 11 15:06:06 CEST 2026  / 1778504766
SETTING GPU CLOCKS TO GRAPHICS=855
GPU clocks set to "(gpuClkMin 855, gpuClkMax 855)" for GPU 00000000:96:00.0
All done.
Nvidia Log: /home/hpc/unrz/unrz104h/Projects/CPU-GPU-Energy-Study/FIRESTARTER-A100-frequency/855/855_powerlog.csv
FIRESTARTER Log: /home/hpc/unrz/unrz104h/Projects/CPU-GPU-Energy-Study/FIRESTARTER-A100-frequency/855/855_pid-132336.fsout
Warning: AMD Family 25, Model 1, Stepping 1 is not supported by this version of FIRESTARTER!
Check project website for updates.
Warning: Using function FUNC_HSW_COREI_FMA_1T as fallback.
You can use the parameter --function to try other functions.
End: Mon May 11 15:07:13 CEST 2026  / 1778504833
SETTING GPU CLOCKS TO GRAPHICS=870
GPU clocks set to "(gpuClkMin 870, gpuClkMax 870)" for GPU 00000000:96:00.0
All done.
Nvidia Log: /home/hpc/unrz/unrz104h/Projects/CPU-GPU-Energy-Study/FIRESTARTER-A100-frequency/870/870_powerlog.csv
FIRESTARTER Log: /home/hpc/unrz/unrz104h/Projects/CPU-GPU-Energy-Study/FIRESTARTER-A100-frequency/870/870_pid-132336.fsout
Warning: AMD Family 25, Model 1, Stepping 1 is not supported by this version of FIRESTARTER!
Check project website for updates.
Warning: Using function FUNC_HSW_COREI_FMA_1T as fallback.
You can use the parameter --function to try other functions.
End: Mon May 11 15:08:20 CEST 2026  / 1778504900
SETTING GPU CLOCKS TO GRAPHICS=885
GPU clocks set to "(gpuClkMin 885, gpuClkMax 885)" for GPU 00000000:96:00.0
All done.
Nvidia Log: /home/hpc/unrz/unrz104h/Projects/CPU-GPU-Energy-Study/FIRESTARTER-A100-frequency/885/885_powerlog.csv
FIRESTARTER Log: /home/hpc/unrz/unrz104h/Projects/CPU-GPU-Energy-Study/FIRESTARTER-A100-frequency/885/885_pid-132336.fsout
Warning: AMD Family 25, Model 1, Stepping 1 is not supported by this version of FIRESTARTER!
Check project website for updates.
Warning: Using function FUNC_HSW_COREI_FMA_1T as fallback.
You can use the parameter --function to try other functions.
End: Mon May 11 15:09:25 CEST 2026  / 1778504965
SETTING GPU CLOCKS TO GRAPHICS=900
GPU clocks set to "(gpuClkMin 900, gpuClkMax 900)" for GPU 00000000:96:00.0
All done.
Nvidia Log: /home/hpc/unrz/unrz104h/Projects/CPU-GPU-Energy-Study/FIRESTARTER-A100-frequency/900/900_powerlog.csv
FIRESTARTER Log: /home/hpc/unrz/unrz104h/Projects/CPU-GPU-Energy-Study/FIRESTARTER-A100-frequency/900/900_pid-132336.fsout
Warning: AMD Family 25, Model 1, Stepping 1 is not supported by this version of FIRESTARTER!
Check project website for updates.
Warning: Using function FUNC_HSW_COREI_FMA_1T as fallback.
You can use the parameter --function to try other functions.
End: Mon May 11 15:10:29 CEST 2026  / 1778505029
SETTING GPU CLOCKS TO GRAPHICS=915
GPU clocks set to "(gpuClkMin 915, gpuClkMax 915)" for GPU 00000000:96:00.0
All done.
Nvidia Log: /home/hpc/unrz/unrz104h/Projects/CPU-GPU-Energy-Study/FIRESTARTER-A100-frequency/915/915_powerlog.csv
FIRESTARTER Log: /home/hpc/unrz/unrz104h/Projects/CPU-GPU-Energy-Study/FIRESTARTER-A100-frequency/915/915_pid-132336.fsout
Warning: AMD Family 25, Model 1, Stepping 1 is not supported by this version of FIRESTARTER!
Check project website for updates.
Warning: Using function FUNC_HSW_COREI_FMA_1T as fallback.
You can use the parameter --function to try other functions.
End: Mon May 11 15:11:32 CEST 2026  / 1778505092
SETTING GPU CLOCKS TO GRAPHICS=930
GPU clocks set to "(gpuClkMin 930, gpuClkMax 930)" for GPU 00000000:96:00.0
All done.
Nvidia Log: /home/hpc/unrz/unrz104h/Projects/CPU-GPU-Energy-Study/FIRESTARTER-A100-frequency/930/930_powerlog.csv
FIRESTARTER Log: /home/hpc/unrz/unrz104h/Projects/CPU-GPU-Energy-Study/FIRESTARTER-A100-frequency/930/930_pid-132336.fsout
Warning: AMD Family 25, Model 1, Stepping 1 is not supported by this version of FIRESTARTER!
Check project website for updates.
Warning: Using function FUNC_HSW_COREI_FMA_1T as fallback.
You can use the parameter --function to try other functions.
End: Mon May 11 15:12:47 CEST 2026  / 1778505167
SETTING GPU CLOCKS TO GRAPHICS=945
GPU clocks set to "(gpuClkMin 945, gpuClkMax 945)" for GPU 00000000:96:00.0
All done.
Nvidia Log: /home/hpc/unrz/unrz104h/Projects/CPU-GPU-Energy-Study/FIRESTARTER-A100-frequency/945/945_powerlog.csv
FIRESTARTER Log: /home/hpc/unrz/unrz104h/Projects/CPU-GPU-Energy-Study/FIRESTARTER-A100-frequency/945/945_pid-132336.fsout
Warning: AMD Family 25, Model 1, Stepping 1 is not supported by this version of FIRESTARTER!
Check project website for updates.
Warning: Using function FUNC_HSW_COREI_FMA_1T as fallback.
You can use the parameter --function to try other functions.
End: Mon May 11 15:14:00 CEST 2026  / 1778505240
SETTING GPU CLOCKS TO GRAPHICS=960
GPU clocks set to "(gpuClkMin 960, gpuClkMax 960)" for GPU 00000000:96:00.0
All done.
Nvidia Log: /home/hpc/unrz/unrz104h/Projects/CPU-GPU-Energy-Study/FIRESTARTER-A100-frequency/960/960_powerlog.csv
FIRESTARTER Log: /home/hpc/unrz/unrz104h/Projects/CPU-GPU-Energy-Study/FIRESTARTER-A100-frequency/960/960_pid-132336.fsout
Warning: AMD Family 25, Model 1, Stepping 1 is not supported by this version of FIRESTARTER!
Check project website for updates.
Warning: Using function FUNC_HSW_COREI_FMA_1T as fallback.
You can use the parameter --function to try other functions.
End: Mon May 11 15:15:12 CEST 2026  / 1778505312
SETTING GPU CLOCKS TO GRAPHICS=975
GPU clocks set to "(gpuClkMin 975, gpuClkMax 975)" for GPU 00000000:96:00.0
All done.
Nvidia Log: /home/hpc/unrz/unrz104h/Projects/CPU-GPU-Energy-Study/FIRESTARTER-A100-frequency/975/975_powerlog.csv
FIRESTARTER Log: /home/hpc/unrz/unrz104h/Projects/CPU-GPU-Energy-Study/FIRESTARTER-A100-frequency/975/975_pid-132336.fsout
Warning: AMD Family 25, Model 1, Stepping 1 is not supported by this version of FIRESTARTER!
Check project website for updates.
Warning: Using function FUNC_HSW_COREI_FMA_1T as fallback.
You can use the parameter --function to try other functions.
End: Mon May 11 15:16:23 CEST 2026  / 1778505383
SETTING GPU CLOCKS TO GRAPHICS=990
GPU clocks set to "(gpuClkMin 990, gpuClkMax 990)" for GPU 00000000:96:00.0
All done.
Nvidia Log: /home/hpc/unrz/unrz104h/Projects/CPU-GPU-Energy-Study/FIRESTARTER-A100-frequency/990/990_powerlog.csv
FIRESTARTER Log: /home/hpc/unrz/unrz104h/Projects/CPU-GPU-Energy-Study/FIRESTARTER-A100-frequency/990/990_pid-132336.fsout
Warning: AMD Family 25, Model 1, Stepping 1 is not supported by this version of FIRESTARTER!
Check project website for updates.
Warning: Using function FUNC_HSW_COREI_FMA_1T as fallback.
You can use the parameter --function to try other functions.
End: Mon May 11 15:17:32 CEST 2026  / 1778505452
SETTING GPU CLOCKS TO GRAPHICS=1005
GPU clocks set to "(gpuClkMin 1005, gpuClkMax 1005)" for GPU 00000000:96:00.0
All done.
Nvidia Log: /home/hpc/unrz/unrz104h/Projects/CPU-GPU-Energy-Study/FIRESTARTER-A100-frequency/1005/1005_powerlog.csv
FIRESTARTER Log: /home/hpc/unrz/unrz104h/Projects/CPU-GPU-Energy-Study/FIRESTARTER-A100-frequency/1005/1005_pid-132336.fsout
Warning: AMD Family 25, Model 1, Stepping 1 is not supported by this version of FIRESTARTER!
Check project website for updates.
Warning: Using function FUNC_HSW_COREI_FMA_1T as fallback.
You can use the parameter --function to try other functions.
End: Mon May 11 15:18:41 CEST 2026  / 1778505521
SETTING GPU CLOCKS TO GRAPHICS=1020
GPU clocks set to "(gpuClkMin 1020, gpuClkMax 1020)" for GPU 00000000:96:00.0
All done.
Nvidia Log: /home/hpc/unrz/unrz104h/Projects/CPU-GPU-Energy-Study/FIRESTARTER-A100-frequency/1020/1020_powerlog.csv
FIRESTARTER Log: /home/hpc/unrz/unrz104h/Projects/CPU-GPU-Energy-Study/FIRESTARTER-A100-frequency/1020/1020_pid-132336.fsout
Warning: AMD Family 25, Model 1, Stepping 1 is not supported by this version of FIRESTARTER!
Check project website for updates.
Warning: Using function FUNC_HSW_COREI_FMA_1T as fallback.
You can use the parameter --function to try other functions.
End: Mon May 11 15:19:49 CEST 2026  / 1778505589
SETTING GPU CLOCKS TO GRAPHICS=1035
GPU clocks set to "(gpuClkMin 1035, gpuClkMax 1035)" for GPU 00000000:96:00.0
All done.
Nvidia Log: /home/hpc/unrz/unrz104h/Projects/CPU-GPU-Energy-Study/FIRESTARTER-A100-frequency/1035/1035_powerlog.csv
FIRESTARTER Log: /home/hpc/unrz/unrz104h/Projects/CPU-GPU-Energy-Study/FIRESTARTER-A100-frequency/1035/1035_pid-132336.fsout
Warning: AMD Family 25, Model 1, Stepping 1 is not supported by this version of FIRESTARTER!
Check project website for updates.
Warning: Using function FUNC_HSW_COREI_FMA_1T as fallback.
You can use the parameter --function to try other functions.
End: Mon May 11 15:20:56 CEST 2026  / 1778505656
SETTING GPU CLOCKS TO GRAPHICS=1050
GPU clocks set to "(gpuClkMin 1050, gpuClkMax 1050)" for GPU 00000000:96:00.0
All done.
Nvidia Log: /home/hpc/unrz/unrz104h/Projects/CPU-GPU-Energy-Study/FIRESTARTER-A100-frequency/1050/1050_powerlog.csv
FIRESTARTER Log: /home/hpc/unrz/unrz104h/Projects/CPU-GPU-Energy-Study/FIRESTARTER-A100-frequency/1050/1050_pid-132336.fsout
Warning: AMD Family 25, Model 1, Stepping 1 is not supported by this version of FIRESTARTER!
Check project website for updates.
Warning: Using function FUNC_HSW_COREI_FMA_1T as fallback.
You can use the parameter --function to try other functions.
End: Mon May 11 15:22:02 CEST 2026  / 1778505722
SETTING GPU CLOCKS TO GRAPHICS=1065
GPU clocks set to "(gpuClkMin 1065, gpuClkMax 1065)" for GPU 00000000:96:00.0
All done.
Nvidia Log: /home/hpc/unrz/unrz104h/Projects/CPU-GPU-Energy-Study/FIRESTARTER-A100-frequency/1065/1065_powerlog.csv
FIRESTARTER Log: /home/hpc/unrz/unrz104h/Projects/CPU-GPU-Energy-Study/FIRESTARTER-A100-frequency/1065/1065_pid-132336.fsout
Warning: AMD Family 25, Model 1, Stepping 1 is not supported by this version of FIRESTARTER!
Check project website for updates.
Warning: Using function FUNC_HSW_COREI_FMA_1T as fallback.
You can use the parameter --function to try other functions.
End: Mon May 11 15:23:07 CEST 2026  / 1778505787
SETTING GPU CLOCKS TO GRAPHICS=1080
GPU clocks set to "(gpuClkMin 1080, gpuClkMax 1080)" for GPU 00000000:96:00.0
All done.
Nvidia Log: /home/hpc/unrz/unrz104h/Projects/CPU-GPU-Energy-Study/FIRESTARTER-A100-frequency/1080/1080_powerlog.csv
FIRESTARTER Log: /home/hpc/unrz/unrz104h/Projects/CPU-GPU-Energy-Study/FIRESTARTER-A100-frequency/1080/1080_pid-132336.fsout
Warning: AMD Family 25, Model 1, Stepping 1 is not supported by this version of FIRESTARTER!
Check project website for updates.
Warning: Using function FUNC_HSW_COREI_FMA_1T as fallback.
You can use the parameter --function to try other functions.
End: Mon May 11 15:24:11 CEST 2026  / 1778505851
SETTING GPU CLOCKS TO GRAPHICS=1095
GPU clocks set to "(gpuClkMin 1095, gpuClkMax 1095)" for GPU 00000000:96:00.0
All done.
Nvidia Log: /home/hpc/unrz/unrz104h/Projects/CPU-GPU-Energy-Study/FIRESTARTER-A100-frequency/1095/1095_powerlog.csv
FIRESTARTER Log: /home/hpc/unrz/unrz104h/Projects/CPU-GPU-Energy-Study/FIRESTARTER-A100-frequency/1095/1095_pid-132336.fsout
Warning: AMD Family 25, Model 1, Stepping 1 is not supported by this version of FIRESTARTER!
Check project website for updates.
Warning: Using function FUNC_HSW_COREI_FMA_1T as fallback.
You can use the parameter --function to try other functions.
End: Mon May 11 15:25:14 CEST 2026  / 1778505914
SETTING GPU CLOCKS TO GRAPHICS=1110
GPU clocks set to "(gpuClkMin 1110, gpuClkMax 1110)" for GPU 00000000:96:00.0
All done.
Nvidia Log: /home/hpc/unrz/unrz104h/Projects/CPU-GPU-Energy-Study/FIRESTARTER-A100-frequency/1110/1110_powerlog.csv
FIRESTARTER Log: /home/hpc/unrz/unrz104h/Projects/CPU-GPU-Energy-Study/FIRESTARTER-A100-frequency/1110/1110_pid-132336.fsout
Warning: AMD Family 25, Model 1, Stepping 1 is not supported by this version of FIRESTARTER!
Check project website for updates.
Warning: Using function FUNC_HSW_COREI_FMA_1T as fallback.
You can use the parameter --function to try other functions.
End: Mon May 11 15:26:27 CEST 2026  / 1778505987
SETTING GPU CLOCKS TO GRAPHICS=1125
GPU clocks set to "(gpuClkMin 1125, gpuClkMax 1125)" for GPU 00000000:96:00.0
All done.
Nvidia Log: /home/hpc/unrz/unrz104h/Projects/CPU-GPU-Energy-Study/FIRESTARTER-A100-frequency/1125/1125_powerlog.csv
FIRESTARTER Log: /home/hpc/unrz/unrz104h/Projects/CPU-GPU-Energy-Study/FIRESTARTER-A100-frequency/1125/1125_pid-132336.fsout
Warning: AMD Family 25, Model 1, Stepping 1 is not supported by this version of FIRESTARTER!
Check project website for updates.
Warning: Using function FUNC_HSW_COREI_FMA_1T as fallback.
You can use the parameter --function to try other functions.
End: Mon May 11 15:27:39 CEST 2026  / 1778506059
SETTING GPU CLOCKS TO GRAPHICS=1140
GPU clocks set to "(gpuClkMin 1140, gpuClkMax 1140)" for GPU 00000000:96:00.0
All done.
Nvidia Log: /home/hpc/unrz/unrz104h/Projects/CPU-GPU-Energy-Study/FIRESTARTER-A100-frequency/1140/1140_powerlog.csv
FIRESTARTER Log: /home/hpc/unrz/unrz104h/Projects/CPU-GPU-Energy-Study/FIRESTARTER-A100-frequency/1140/1140_pid-132336.fsout
Warning: AMD Family 25, Model 1, Stepping 1 is not supported by this version of FIRESTARTER!
Check project website for updates.
Warning: Using function FUNC_HSW_COREI_FMA_1T as fallback.
You can use the parameter --function to try other functions.
End: Mon May 11 15:28:49 CEST 2026  / 1778506129
SETTING GPU CLOCKS TO GRAPHICS=1155
GPU clocks set to "(gpuClkMin 1155, gpuClkMax 1155)" for GPU 00000000:96:00.0
All done.
Nvidia Log: /home/hpc/unrz/unrz104h/Projects/CPU-GPU-Energy-Study/FIRESTARTER-A100-frequency/1155/1155_powerlog.csv
FIRESTARTER Log: /home/hpc/unrz/unrz104h/Projects/CPU-GPU-Energy-Study/FIRESTARTER-A100-frequency/1155/1155_pid-132336.fsout
Warning: AMD Family 25, Model 1, Stepping 1 is not supported by this version of FIRESTARTER!
Check project website for updates.
Warning: Using function FUNC_HSW_COREI_FMA_1T as fallback.
You can use the parameter --function to try other functions.
End: Mon May 11 15:29:59 CEST 2026  / 1778506199
SETTING GPU CLOCKS TO GRAPHICS=1170
GPU clocks set to "(gpuClkMin 1170, gpuClkMax 1170)" for GPU 00000000:96:00.0
All done.
Nvidia Log: /home/hpc/unrz/unrz104h/Projects/CPU-GPU-Energy-Study/FIRESTARTER-A100-frequency/1170/1170_powerlog.csv
FIRESTARTER Log: /home/hpc/unrz/unrz104h/Projects/CPU-GPU-Energy-Study/FIRESTARTER-A100-frequency/1170/1170_pid-132336.fsout
Warning: AMD Family 25, Model 1, Stepping 1 is not supported by this version of FIRESTARTER!
Check project website for updates.
Warning: Using function FUNC_HSW_COREI_FMA_1T as fallback.
You can use the parameter --function to try other functions.
End: Mon May 11 15:31:08 CEST 2026  / 1778506268
SETTING GPU CLOCKS TO GRAPHICS=1185
GPU clocks set to "(gpuClkMin 1185, gpuClkMax 1185)" for GPU 00000000:96:00.0
All done.
Nvidia Log: /home/hpc/unrz/unrz104h/Projects/CPU-GPU-Energy-Study/FIRESTARTER-A100-frequency/1185/1185_powerlog.csv
FIRESTARTER Log: /home/hpc/unrz/unrz104h/Projects/CPU-GPU-Energy-Study/FIRESTARTER-A100-frequency/1185/1185_pid-132336.fsout
Warning: AMD Family 25, Model 1, Stepping 1 is not supported by this version of FIRESTARTER!
Check project website for updates.
Warning: Using function FUNC_HSW_COREI_FMA_1T as fallback.
You can use the parameter --function to try other functions.
End: Mon May 11 15:32:16 CEST 2026  / 1778506336
SETTING GPU CLOCKS TO GRAPHICS=1200
GPU clocks set to "(gpuClkMin 1200, gpuClkMax 1200)" for GPU 00000000:96:00.0
All done.
Nvidia Log: /home/hpc/unrz/unrz104h/Projects/CPU-GPU-Energy-Study/FIRESTARTER-A100-frequency/1200/1200_powerlog.csv
FIRESTARTER Log: /home/hpc/unrz/unrz104h/Projects/CPU-GPU-Energy-Study/FIRESTARTER-A100-frequency/1200/1200_pid-132336.fsout
Warning: AMD Family 25, Model 1, Stepping 1 is not supported by this version of FIRESTARTER!
Check project website for updates.
Warning: Using function FUNC_HSW_COREI_FMA_1T as fallback.
You can use the parameter --function to try other functions.
End: Mon May 11 15:33:23 CEST 2026  / 1778506403
SETTING GPU CLOCKS TO GRAPHICS=1215
GPU clocks set to "(gpuClkMin 1215, gpuClkMax 1215)" for GPU 00000000:96:00.0
All done.
Nvidia Log: /home/hpc/unrz/unrz104h/Projects/CPU-GPU-Energy-Study/FIRESTARTER-A100-frequency/1215/1215_powerlog.csv
FIRESTARTER Log: /home/hpc/unrz/unrz104h/Projects/CPU-GPU-Energy-Study/FIRESTARTER-A100-frequency/1215/1215_pid-132336.fsout
Warning: AMD Family 25, Model 1, Stepping 1 is not supported by this version of FIRESTARTER!
Check project website for updates.
Warning: Using function FUNC_HSW_COREI_FMA_1T as fallback.
You can use the parameter --function to try other functions.
End: Mon May 11 15:34:30 CEST 2026  / 1778506470
SETTING GPU CLOCKS TO GRAPHICS=1230
GPU clocks set to "(gpuClkMin 1230, gpuClkMax 1230)" for GPU 00000000:96:00.0
All done.
Nvidia Log: /home/hpc/unrz/unrz104h/Projects/CPU-GPU-Energy-Study/FIRESTARTER-A100-frequency/1230/1230_powerlog.csv
FIRESTARTER Log: /home/hpc/unrz/unrz104h/Projects/CPU-GPU-Energy-Study/FIRESTARTER-A100-frequency/1230/1230_pid-132336.fsout
Warning: AMD Family 25, Model 1, Stepping 1 is not supported by this version of FIRESTARTER!
Check project website for updates.
Warning: Using function FUNC_HSW_COREI_FMA_1T as fallback.
You can use the parameter --function to try other functions.
End: Mon May 11 15:35:35 CEST 2026  / 1778506535
SETTING GPU CLOCKS TO GRAPHICS=1245
GPU clocks set to "(gpuClkMin 1245, gpuClkMax 1245)" for GPU 00000000:96:00.0
All done.
Nvidia Log: /home/hpc/unrz/unrz104h/Projects/CPU-GPU-Energy-Study/FIRESTARTER-A100-frequency/1245/1245_powerlog.csv
FIRESTARTER Log: /home/hpc/unrz/unrz104h/Projects/CPU-GPU-Energy-Study/FIRESTARTER-A100-frequency/1245/1245_pid-132336.fsout
Warning: AMD Family 25, Model 1, Stepping 1 is not supported by this version of FIRESTARTER!
Check project website for updates.
Warning: Using function FUNC_HSW_COREI_FMA_1T as fallback.
You can use the parameter --function to try other functions.
End: Mon May 11 15:36:40 CEST 2026  / 1778506600
SETTING GPU CLOCKS TO GRAPHICS=1260
GPU clocks set to "(gpuClkMin 1260, gpuClkMax 1260)" for GPU 00000000:96:00.0
All done.
Nvidia Log: /home/hpc/unrz/unrz104h/Projects/CPU-GPU-Energy-Study/FIRESTARTER-A100-frequency/1260/1260_powerlog.csv
FIRESTARTER Log: /home/hpc/unrz/unrz104h/Projects/CPU-GPU-Energy-Study/FIRESTARTER-A100-frequency/1260/1260_pid-132336.fsout
Warning: AMD Family 25, Model 1, Stepping 1 is not supported by this version of FIRESTARTER!
Check project website for updates.
Warning: Using function FUNC_HSW_COREI_FMA_1T as fallback.
You can use the parameter --function to try other functions.
End: Mon May 11 15:37:44 CEST 2026  / 1778506664
SETTING GPU CLOCKS TO GRAPHICS=1275
GPU clocks set to "(gpuClkMin 1275, gpuClkMax 1275)" for GPU 00000000:96:00.0
All done.
Nvidia Log: /home/hpc/unrz/unrz104h/Projects/CPU-GPU-Energy-Study/FIRESTARTER-A100-frequency/1275/1275_powerlog.csv
FIRESTARTER Log: /home/hpc/unrz/unrz104h/Projects/CPU-GPU-Energy-Study/FIRESTARTER-A100-frequency/1275/1275_pid-132336.fsout
Warning: AMD Family 25, Model 1, Stepping 1 is not supported by this version of FIRESTARTER!
Check project website for updates.
Warning: Using function FUNC_HSW_COREI_FMA_1T as fallback.
You can use the parameter --function to try other functions.
End: Mon May 11 15:38:48 CEST 2026  / 1778506728
SETTING GPU CLOCKS TO GRAPHICS=1290
GPU clocks set to "(gpuClkMin 1290, gpuClkMax 1290)" for GPU 00000000:96:00.0
All done.
Nvidia Log: /home/hpc/unrz/unrz104h/Projects/CPU-GPU-Energy-Study/FIRESTARTER-A100-frequency/1290/1290_powerlog.csv
FIRESTARTER Log: /home/hpc/unrz/unrz104h/Projects/CPU-GPU-Energy-Study/FIRESTARTER-A100-frequency/1290/1290_pid-132336.fsout
Warning: AMD Family 25, Model 1, Stepping 1 is not supported by this version of FIRESTARTER!
Check project website for updates.
Warning: Using function FUNC_HSW_COREI_FMA_1T as fallback.
You can use the parameter --function to try other functions.
End: Mon May 11 15:39:59 CEST 2026  / 1778506799
SETTING GPU CLOCKS TO GRAPHICS=1305
GPU clocks set to "(gpuClkMin 1305, gpuClkMax 1305)" for GPU 00000000:96:00.0
All done.
Nvidia Log: /home/hpc/unrz/unrz104h/Projects/CPU-GPU-Energy-Study/FIRESTARTER-A100-frequency/1305/1305_powerlog.csv
FIRESTARTER Log: /home/hpc/unrz/unrz104h/Projects/CPU-GPU-Energy-Study/FIRESTARTER-A100-frequency/1305/1305_pid-132336.fsout
Warning: AMD Family 25, Model 1, Stepping 1 is not supported by this version of FIRESTARTER!
Check project website for updates.
Warning: Using function FUNC_HSW_COREI_FMA_1T as fallback.
You can use the parameter --function to try other functions.
End: Mon May 11 15:41:10 CEST 2026  / 1778506870
SETTING GPU CLOCKS TO GRAPHICS=1320
GPU clocks set to "(gpuClkMin 1320, gpuClkMax 1320)" for GPU 00000000:96:00.0
All done.
Nvidia Log: /home/hpc/unrz/unrz104h/Projects/CPU-GPU-Energy-Study/FIRESTARTER-A100-frequency/1320/1320_powerlog.csv
FIRESTARTER Log: /home/hpc/unrz/unrz104h/Projects/CPU-GPU-Energy-Study/FIRESTARTER-A100-frequency/1320/1320_pid-132336.fsout
Warning: AMD Family 25, Model 1, Stepping 1 is not supported by this version of FIRESTARTER!
Check project website for updates.
Warning: Using function FUNC_HSW_COREI_FMA_1T as fallback.
You can use the parameter --function to try other functions.
End: Mon May 11 15:42:19 CEST 2026  / 1778506939
SETTING GPU CLOCKS TO GRAPHICS=1335
GPU clocks set to "(gpuClkMin 1335, gpuClkMax 1335)" for GPU 00000000:96:00.0
All done.
Nvidia Log: /home/hpc/unrz/unrz104h/Projects/CPU-GPU-Energy-Study/FIRESTARTER-A100-frequency/1335/1335_powerlog.csv
FIRESTARTER Log: /home/hpc/unrz/unrz104h/Projects/CPU-GPU-Energy-Study/FIRESTARTER-A100-frequency/1335/1335_pid-132336.fsout
Warning: AMD Family 25, Model 1, Stepping 1 is not supported by this version of FIRESTARTER!
Check project website for updates.
Warning: Using function FUNC_HSW_COREI_FMA_1T as fallback.
You can use the parameter --function to try other functions.
End: Mon May 11 15:43:28 CEST 2026  / 1778507008
SETTING GPU CLOCKS TO GRAPHICS=1350
GPU clocks set to "(gpuClkMin 1350, gpuClkMax 1350)" for GPU 00000000:96:00.0
All done.
Nvidia Log: /home/hpc/unrz/unrz104h/Projects/CPU-GPU-Energy-Study/FIRESTARTER-A100-frequency/1350/1350_powerlog.csv
FIRESTARTER Log: /home/hpc/unrz/unrz104h/Projects/CPU-GPU-Energy-Study/FIRESTARTER-A100-frequency/1350/1350_pid-132336.fsout
Warning: AMD Family 25, Model 1, Stepping 1 is not supported by this version of FIRESTARTER!
Check project website for updates.
Warning: Using function FUNC_HSW_COREI_FMA_1T as fallback.
You can use the parameter --function to try other functions.
End: Mon May 11 15:44:37 CEST 2026  / 1778507077
SETTING GPU CLOCKS TO GRAPHICS=1365
GPU clocks set to "(gpuClkMin 1365, gpuClkMax 1365)" for GPU 00000000:96:00.0
All done.
Nvidia Log: /home/hpc/unrz/unrz104h/Projects/CPU-GPU-Energy-Study/FIRESTARTER-A100-frequency/1365/1365_powerlog.csv
FIRESTARTER Log: /home/hpc/unrz/unrz104h/Projects/CPU-GPU-Energy-Study/FIRESTARTER-A100-frequency/1365/1365_pid-132336.fsout
Warning: AMD Family 25, Model 1, Stepping 1 is not supported by this version of FIRESTARTER!
Check project website for updates.
Warning: Using function FUNC_HSW_COREI_FMA_1T as fallback.
You can use the parameter --function to try other functions.
End: Mon May 11 15:45:45 CEST 2026  / 1778507145
SETTING GPU CLOCKS TO GRAPHICS=1380
GPU clocks set to "(gpuClkMin 1380, gpuClkMax 1380)" for GPU 00000000:96:00.0
All done.
Nvidia Log: /home/hpc/unrz/unrz104h/Projects/CPU-GPU-Energy-Study/FIRESTARTER-A100-frequency/1380/1380_powerlog.csv
FIRESTARTER Log: /home/hpc/unrz/unrz104h/Projects/CPU-GPU-Energy-Study/FIRESTARTER-A100-frequency/1380/1380_pid-132336.fsout
Warning: AMD Family 25, Model 1, Stepping 1 is not supported by this version of FIRESTARTER!
Check project website for updates.
Warning: Using function FUNC_HSW_COREI_FMA_1T as fallback.
You can use the parameter --function to try other functions.
End: Mon May 11 15:46:53 CEST 2026  / 1778507213
SETTING GPU CLOCKS TO GRAPHICS=1395
GPU clocks set to "(gpuClkMin 1395, gpuClkMax 1395)" for GPU 00000000:96:00.0
All done.
Nvidia Log: /home/hpc/unrz/unrz104h/Projects/CPU-GPU-Energy-Study/FIRESTARTER-A100-frequency/1395/1395_powerlog.csv
FIRESTARTER Log: /home/hpc/unrz/unrz104h/Projects/CPU-GPU-Energy-Study/FIRESTARTER-A100-frequency/1395/1395_pid-132336.fsout
Warning: AMD Family 25, Model 1, Stepping 1 is not supported by this version of FIRESTARTER!
Check project website for updates.
Warning: Using function FUNC_HSW_COREI_FMA_1T as fallback.
You can use the parameter --function to try other functions.
End: Mon May 11 15:48:02 CEST 2026  / 1778507282
SETTING GPU CLOCKS TO GRAPHICS=1410
GPU clocks set to "(gpuClkMin 1410, gpuClkMax 1410)" for GPU 00000000:96:00.0
All done.
Nvidia Log: /home/hpc/unrz/unrz104h/Projects/CPU-GPU-Energy-Study/FIRESTARTER-A100-frequency/1410/1410_powerlog.csv
FIRESTARTER Log: /home/hpc/unrz/unrz104h/Projects/CPU-GPU-Energy-Study/FIRESTARTER-A100-frequency/1410/1410_pid-132336.fsout
Warning: AMD Family 25, Model 1, Stepping 1 is not supported by this version of FIRESTARTER!
Check project website for updates.
Warning: Using function FUNC_HSW_COREI_FMA_1T as fallback.
You can use the parameter --function to try other functions.
End: Mon May 11 15:49:10 CEST 2026  / 1778507350
Resetting clocks...
All done.
Done!
