Group: 1
+-----------------------+---------+---------------+---------------+---------------+---------------+---------------+---------------+---------------+---------------+---------------+---------------+---------------+---------------+---------------+---------------+---------------+---------------+---------------+---------------+
|         Event         | Counter |   f0880:0:0   |   f0880:1:1   |   f0880:2:2   |   f0880:3:3   |   f0880:4:4   |   f0880:5:5   |   f0880:6:6   |   f0880:7:7   |   f0880:8:8   |   f0880:9:9   |  f0880:10:10  |  f0880:11:11  |  f0880:12:12  |  f0880:13:13  |  f0880:14:14  |  f0880:15:15  |  f0880:16:16  |  f0880:17:17  |
+-----------------------+---------+---------------+---------------+---------------+---------------+---------------+---------------+---------------+---------------+---------------+---------------+---------------+---------------+---------------+---------------+---------------+---------------+---------------+---------------+
|   INSTR_RETIRED_ANY   |  FIXC0  | 2438939430151 | 2416539251364 | 2410250333368 | 2367324563740 | 2313444857158 | 2284753968302 | 2280037831849 | 2277492959640 | 2279799310848 | 2276070855957 | 2165910714453 | 2174014258785 | 2183973626319 | 2210635658569 | 2256098134947 | 2274908133100 | 2295255361899 | 2335583979940 |
| CPU_CLK_UNHALTED_CORE |  FIXC1  | 1303291882190 | 1302327606896 | 1304404107075 | 1304484618605 | 1304646072604 | 1304481001840 | 1304708680336 | 1304358194032 | 1304478888034 | 1304550171446 | 1304648905729 | 1304569385024 | 1304555107087 | 1304194383579 | 1304470676185 | 1304589249811 | 1304689915192 | 1304609450419 |
|  CPU_CLK_UNHALTED_REF |  FIXC2  | 1563949390080 | 1562788033824 | 1565280272832 | 1565375750784 | 1565570317056 | 1565373858912 | 1565646299808 | 1565225511264 | 1565371385280 | 1565455909152 | 1565575498464 | 1565480299680 | 1565463599616 | 1565029372704 | 1565358155904 | 1565504108352 | 1565624851584 | 1565526369120 |
|     TOPDOWN_SLOTS     |  FIXC3  | 6516459410950 | 6511638034480 | 6522020535375 | 6522423093025 | 6523230363020 | 6522405009200 | 6523543401680 | 6521790970160 | 6522394440170 | 6522750857230 | 6523244528645 | 6522846925120 | 6522775535435 | 6520971917895 | 6522353380925 | 6522946249055 | 6523449575960 | 6523047252095 |
|       TEMP_CORE       |   TMP0  |            41 |            43 |            41 |            41 |            39 |            40 |            40 |            44 |            40 |            40 |            39 |            41 |            42 |            41 |            42 |            38 |            42 |            40 |
|     PWR_PKG_ENERGY    |   PWR0  |    77041.8931 |             0 |             0 |             0 |             0 |             0 |             0 |             0 |             0 |             0 |             0 |             0 |             0 |             0 |             0 |             0 |             0 |             0 |
|     PWR_PP0_ENERGY    |   PWR1  |             0 |             0 |             0 |             0 |             0 |             0 |             0 |             0 |             0 |             0 |             0 |             0 |             0 |             0 |             0 |             0 |             0 |             0 |
|    PWR_DRAM_ENERGY    |   PWR3  |     5018.0063 |             0 |             0 |             0 |             0 |             0 |             0 |             0 |             0 |             0 |             0 |             0 |             0 |             0 |             0 |             0 |             0 |             0 |
|  PWR_PLATFORM_ENERGY  |   PWR4  |             0 |             0 |             0 |             0 |             0 |             0 |             0 |             0 |             0 |             0 |             0 |             0 |             0 |             0 |             0 |             0 |             0 |             0 |
|   UNCORE_CLOCKTICKS   | UBOXFIX | 1045032149221 |             0 |             0 |             0 |             0 |             0 |             0 |             0 |             0 |             0 |             0 |             0 |             0 |             0 |             0 |             0 |             0 |             0 |
+-----------------------+---------+---------------+---------------+---------------+---------------+---------------+---------------+---------------+---------------+---------------+---------------+---------------+---------------+---------------+---------------+---------------+---------------+---------------+---------------+

+----------------------------+---------+-----------------+---------------+---------------+--------------+
|            Event           | Counter |       Sum       |      Min      |      Max      |      Avg     |
+----------------------------+---------+-----------------+---------------+---------------+--------------+
|   INSTR_RETIRED_ANY STAT   |  FIXC0  |  41241033230389 | 2165910714453 | 2438939430151 | 2.291169e+12 |
| CPU_CLK_UNHALTED_CORE STAT |  FIXC1  |  23478058296084 | 1302327606896 | 1304708680336 | 1.304337e+12 |
|  CPU_CLK_UNHALTED_REF STAT |  FIXC2  |  28173598984416 | 1562788033824 | 1565646299808 | 1.565200e+12 |
|     TOPDOWN_SLOTS STAT     |  FIXC3  | 117390291480420 | 6511638034480 | 6523543401680 | 6.521683e+12 |
|       TEMP_CORE STAT       |   TMP0  |             734 |            38 |            44 |      40.7778 |
|     PWR_PKG_ENERGY STAT    |   PWR0  |      77041.8931 |             0 |    77041.8931 |    4280.1052 |
|     PWR_PP0_ENERGY STAT    |   PWR1  |               0 |             0 |             0 |            0 |
|    PWR_DRAM_ENERGY STAT    |   PWR3  |       5018.0063 |             0 |     5018.0063 |     278.7781 |
|  PWR_PLATFORM_ENERGY STAT  |   PWR4  |               0 |             0 |             0 |            0 |
|   UNCORE_CLOCKTICKS STAT   | UBOXFIX |   1045032149221 |             0 | 1045032149221 | 5.805734e+10 |
+----------------------------+---------+-----------------+---------------+---------------+--------------+

+----------------------+------------+-----------+-----------+-----------+-----------+-----------+-----------+-----------+-----------+-----------+-------------+-------------+-------------+-------------+-------------+-------------+-------------+-------------+
|        Metric        |  f0880:0:0 | f0880:1:1 | f0880:2:2 | f0880:3:3 | f0880:4:4 | f0880:5:5 | f0880:6:6 | f0880:7:7 | f0880:8:8 | f0880:9:9 | f0880:10:10 | f0880:11:11 | f0880:12:12 | f0880:13:13 | f0880:14:14 | f0880:15:15 | f0880:16:16 | f0880:17:17 |
+----------------------+------------+-----------+-----------+-----------+-----------+-----------+-----------+-----------+-----------+-----------+-------------+-------------+-------------+-------------+-------------+-------------+-------------+-------------+
|  Runtime (RDTSC) [s] |   657.0143 |  656.9875 |  656.9619 |  656.9547 |  656.9456 |  657.0050 |  656.9501 |  656.9470 |  657.1195 |  656.9329 |    656.9506 |    656.9706 |    656.9498 |    656.9426 |    657.0084 |    656.9665 |    656.9618 |    656.9605 |
| Runtime unhalted [s] |   544.3824 |  543.9456 |  544.7883 |  544.8249 |  544.8886 |  544.8678 |  544.9152 |  544.7678 |  544.8185 |  544.8482 |    544.8906 |    544.8554 |    544.8503 |    544.6997 |    544.8622 |    544.8840 |    544.9070 |    544.8735 |
|      Clock [MHz]     |  1995.0629 | 1995.1933 | 1995.2828 | 1995.2733 | 1995.2858 | 1995.1076 | 1995.2830 | 1995.2872 | 1995.2845 | 1995.2863 |   1995.2805 |   1995.2876 |   1995.2838 |   1995.2854 |   1995.1164 |   1995.2133 |   1995.2832 |   1995.2851 |
|  Uncore Clock [MHz]  |  1590.5775 |         0 |         0 |         0 |         0 |         0 |         0 |         0 |         0 |         0 |           0 |           0 |           0 |           0 |           0 |           0 |           0 |           0 |
|          CPI         |     0.5344 |    0.5389 |    0.5412 |    0.5510 |    0.5639 |    0.5710 |    0.5722 |    0.5727 |    0.5722 |    0.5732 |      0.6024 |      0.6001 |      0.5973 |      0.5900 |      0.5782 |      0.5735 |      0.5684 |      0.5586 |
|    Temperature [C]   |         41 |        43 |        41 |        41 |        39 |        40 |        40 |        44 |        40 |        40 |          39 |          41 |          42 |          41 |          42 |          38 |          42 |          40 |
|      Energy [J]      | 77041.8931 |         0 |         0 |         0 |         0 |         0 |         0 |         0 |         0 |         0 |           0 |           0 |           0 |           0 |           0 |           0 |           0 |           0 |
|       Power [W]      |   117.2606 |         0 |         0 |         0 |         0 |         0 |         0 |         0 |         0 |         0 |           0 |           0 |           0 |           0 |           0 |           0 |           0 |           0 |
|    Energy PP0 [J]    |          0 |         0 |         0 |         0 |         0 |         0 |         0 |         0 |         0 |         0 |           0 |           0 |           0 |           0 |           0 |           0 |           0 |           0 |
|     Power PP0 [W]    |          0 |         0 |         0 |         0 |         0 |         0 |         0 |         0 |         0 |         0 |           0 |           0 |           0 |           0 |           0 |           0 |           0 |           0 |
|    Energy DRAM [J]   |  5018.0063 |         0 |         0 |         0 |         0 |         0 |         0 |         0 |         0 |         0 |           0 |           0 |           0 |           0 |           0 |           0 |           0 |           0 |
|    Power DRAM [W]    |     7.6376 |         0 |         0 |         0 |         0 |         0 |         0 |         0 |         0 |         0 |           0 |           0 |           0 |           0 |           0 |           0 |           0 |           0 |
|  Energy PLATFORM [J] |          0 |         0 |         0 |         0 |         0 |         0 |         0 |         0 |         0 |         0 |           0 |           0 |           0 |           0 |           0 |           0 |           0 |           0 |
|  Power PLATFORM [W]  |          0 |         0 |         0 |         0 |         0 |         0 |         0 |         0 |         0 |         0 |           0 |           0 |           0 |           0 |           0 |           0 |           0 |           0 |
+----------------------+------------+-----------+-----------+-----------+-----------+-----------+-----------+-----------+-----------+-----------+-------------+-------------+-------------+-------------+-------------+-------------+-------------+-------------+

+---------------------------+------------+-----------+------------+-----------+-----------+-----------+-----------+
|           Metric          |     Sum    |    Min    |     Max    |    Avg    |  %ile 25  |  %ile 50  |  %ile 75  |
+---------------------------+------------+-----------+------------+-----------+-----------+-----------+-----------+
|  Runtime (RDTSC) [s] STAT | 11825.5293 |  656.9329 |   657.1195 |  656.9738 |  656.9498 |  656.9605 |  656.9875 |
| Runtime unhalted [s] STAT |  9805.8700 |  543.9456 |   544.9152 |  544.7706 |  544.7883 |  544.8503 |  544.8840 |
|      Clock [MHz] STAT     | 35914.3820 | 1995.0629 |  1995.2876 | 1995.2434 | 1995.2133 | 1995.2830 | 1995.2854 |
|  Uncore Clock [MHz] STAT  |  1590.5775 |         0 |  1590.5775 |   88.3654 |         0 |         0 |         0 |
|          CPI STAT         |    10.2592 |    0.5344 |     0.6024 |    0.5700 |    0.5586 |    0.5722 |    0.5782 |
|    Temperature [C] STAT   |        734 |        38 |         44 |   40.7778 |        40 |        41 |        42 |
|      Energy [J] STAT      | 77041.8931 |         0 | 77041.8931 | 4280.1052 |         0 |         0 |         0 |
|       Power [W] STAT      |   117.2606 |         0 |   117.2606 |    6.5145 |         0 |         0 |         0 |
|    Energy PP0 [J] STAT    |          0 |         0 |          0 |         0 |         0 |         0 |         0 |
|     Power PP0 [W] STAT    |          0 |         0 |          0 |         0 |         0 |         0 |         0 |
|    Energy DRAM [J] STAT   |  5018.0063 |         0 |  5018.0063 |  278.7781 |         0 |         0 |         0 |
|    Power DRAM [W] STAT    |     7.6376 |         0 |     7.6376 |    0.4243 |         0 |         0 |         0 |
|  Energy PLATFORM [J] STAT |          0 |         0 |          0 |         0 |         0 |         0 |         0 |
|  Power PLATFORM [W] STAT  |          0 |         0 |          0 |         0 |         0 |         0 |         0 |
+---------------------------+------------+-----------+------------+-----------+-----------+-----------+-----------+

