Group: 1
+-----------------------+---------+---------------+---------------+---------------+---------------+---------------+---------------+---------------+---------------+---------------+---------------+---------------+---------------+---------------+---------------+---------------+---------------+---------------+---------------+
|         Event         | Counter |   f0404:0:0   |   f0404:1:1   |   f0404:2:2   |   f0404:3:3   |   f0404:4:4   |   f0404:5:5   |   f0404:6:6   |   f0404:7:7   |   f0404:8:8   |   f0404:9:9   |  f0404:10:10  |  f0404:11:11  |  f0404:12:12  |  f0404:13:13  |  f0404:14:14  |  f0404:15:15  |  f0404:16:16  |  f0404:17:17  |
+-----------------------+---------+---------------+---------------+---------------+---------------+---------------+---------------+---------------+---------------+---------------+---------------+---------------+---------------+---------------+---------------+---------------+---------------+---------------+---------------+
|   INSTR_RETIRED_ANY   |  FIXC0  | 2844431418159 | 2847693872096 | 2824003518659 | 2751221418883 | 2685572506771 | 2661278048971 | 2653532999000 | 2648044856536 | 2658775999079 | 2653672499212 | 2556079568248 | 2560402571236 | 2581321270145 | 2642691752280 | 2700750808133 | 2716745210910 | 2733250892911 | 2637068363799 |
| CPU_CLK_UNHALTED_CORE |  FIXC1  | 1426871458431 | 1433313293962 | 1432805570375 | 1433284724347 | 1433327475541 | 1433251313580 | 1433311436767 | 1433125111212 | 1433278766669 | 1433443093596 | 1433310905491 | 1433338318140 | 1430905494233 | 1433264048238 | 1433219776624 | 1433208098892 | 1433501235412 | 1433367290876 |
|  CPU_CLK_UNHALTED_REF |  FIXC2  | 1902500100768 | 1911086666880 | 1910412436896 | 1911048712512 | 1911106757472 | 1911002852448 | 1911085800384 | 1910835476640 | 1911043309248 | 1911260307360 | 1911086542080 | 1911119918112 | 1907878166688 | 1911022393728 | 1910964710496 | 1910948196768 | 1911338306496 | 1911160513248 |
|     TOPDOWN_SLOTS     |  FIXC3  | 7134357292155 | 7166566469810 | 7164027851875 | 7166423621735 | 7166637377705 | 7166256567900 | 7166557183835 | 7165625556060 | 7166393833345 | 7167215467980 | 7166554527455 | 7166691590700 | 7154527471165 | 7166320241190 | 7166098883120 | 7166040494460 | 7167506177060 | 7166836454380 |
|       TEMP_CORE       |   TMP0  |            34 |            38 |            38 |            37 |            37 |            37 |            39 |            38 |            37 |            33 |            34 |            36 |            37 |            34 |            36 |            35 |            35 |            35 |
|     PWR_PKG_ENERGY    |   PWR0  |    92394.3708 |             0 |             0 |             0 |             0 |             0 |             0 |             0 |             0 |             0 |             0 |             0 |             0 |             0 |             0 |             0 |             0 |             0 |
|     PWR_PP0_ENERGY    |   PWR1  |             0 |             0 |             0 |             0 |             0 |             0 |             0 |             0 |             0 |             0 |             0 |             0 |             0 |             0 |             0 |             0 |             0 |             0 |
|    PWR_DRAM_ENERGY    |   PWR3  |     6142.9454 |             0 |             0 |             0 |             0 |             0 |             0 |             0 |             0 |             0 |             0 |             0 |             0 |             0 |             0 |             0 |             0 |             0 |
|  PWR_PLATFORM_ENERGY  |   PWR4  |             0 |             0 |             0 |             0 |             0 |             0 |             0 |             0 |             0 |             0 |             0 |             0 |             0 |             0 |             0 |             0 |             0 |             0 |
|   UNCORE_CLOCKTICKS   | UBOXFIX | 1271943164130 |             0 |             0 |             0 |             0 |             0 |             0 |             0 |             0 |             0 |             0 |             0 |             0 |             0 |             0 |             0 |             0 |             0 |
+-----------------------+---------+---------------+---------------+---------------+---------------+---------------+---------------+---------------+---------------+---------------+---------------+---------------+---------------+---------------+---------------+---------------+---------------+---------------+---------------+

+----------------------------+---------+-----------------+---------------+---------------+--------------+
|            Event           | Counter |       Sum       |      Min      |      Max      |      Avg     |
+----------------------------+---------+-----------------+---------------+---------------+--------------+
|   INSTR_RETIRED_ANY STAT   |  FIXC0  |  48356537575028 | 2556079568248 | 2847693872096 | 2.686474e+12 |
| CPU_CLK_UNHALTED_CORE STAT |  FIXC1  |  25790127412386 | 1426871458431 | 1433501235412 | 1.432785e+12 |
|  CPU_CLK_UNHALTED_REF STAT |  FIXC2  |  34386901168224 | 1902500100768 | 1911338306496 | 1.910383e+12 |
|     TOPDOWN_SLOTS STAT     |  FIXC3  | 128950637061930 | 7134357292155 | 7167506177060 | 7.163924e+12 |
|       TEMP_CORE STAT       |   TMP0  |             650 |            33 |            39 |      36.1111 |
|     PWR_PKG_ENERGY STAT    |   PWR0  |      92394.3708 |             0 |    92394.3708 |    5133.0206 |
|     PWR_PP0_ENERGY STAT    |   PWR1  |               0 |             0 |             0 |            0 |
|    PWR_DRAM_ENERGY STAT    |   PWR3  |       6142.9454 |             0 |     6142.9454 |     341.2747 |
|  PWR_PLATFORM_ENERGY STAT  |   PWR4  |               0 |             0 |             0 |            0 |
|   UNCORE_CLOCKTICKS STAT   | UBOXFIX |   1271943164130 |             0 | 1271943164130 | 7.066351e+10 |
+----------------------------+---------+-----------------+---------------+---------------+--------------+

+----------------------+------------+-----------+-----------+-----------+-----------+-----------+-----------+-----------+-----------+-----------+-------------+-------------+-------------+-------------+-------------+-------------+-------------+-------------+
|        Metric        |  f0404:0:0 | f0404:1:1 | f0404:2:2 | f0404:3:3 | f0404:4:4 | f0404:5:5 | f0404:6:6 | f0404:7:7 | f0404:8:8 | f0404:9:9 | f0404:10:10 | f0404:11:11 | f0404:12:12 | f0404:13:13 | f0404:14:14 | f0404:15:15 | f0404:16:16 | f0404:17:17 |
+----------------------+------------+-----------+-----------+-----------+-----------+-----------+-----------+-----------+-----------+-----------+-------------+-------------+-------------+-------------+-------------+-------------+-------------+-------------+
|  Runtime (RDTSC) [s] |   801.7864 |  801.7021 |  801.7036 |  801.7124 |  801.7332 |  801.7007 |  801.7032 |  801.7067 |  801.7126 |  801.7061 |    801.7027 |    801.7079 |    801.7056 |    801.7096 |    801.7136 |    801.7013 |    801.7075 |    801.7182 |
| Runtime unhalted [s] |   595.9923 |  598.6265 |  598.4154 |  598.6145 |  598.6505 |  598.5996 |  598.6259 |  598.5474 |  598.6117 |  598.6812 |    598.6253 |    598.6370 |    597.6211 |    598.6106 |    598.6083 |    598.5824 |    598.7043 |    598.6614 |
|      Clock [MHz]     |  1795.5785 | 1795.7504 | 1795.7449 | 1795.7504 | 1795.6950 | 1795.7543 | 1795.7483 | 1795.7520 | 1795.7488 | 1795.7484 |   1795.7479 |   1795.7503 |   1795.7478 |   1795.7349 |   1795.6850 |   1795.7492 |   1795.7515 |   1795.7113 |
|  Uncore Clock [MHz]  |  1586.3866 |         0 |         0 |         0 |         0 |         0 |         0 |         0 |         0 |         0 |           0 |           0 |           0 |           0 |           0 |           0 |           0 |           0 |
|          CPI         |     0.5016 |    0.5033 |    0.5074 |    0.5210 |    0.5337 |    0.5386 |    0.5402 |    0.5412 |    0.5391 |    0.5402 |      0.5607 |      0.5598 |      0.5543 |      0.5424 |      0.5307 |      0.5275 |      0.5245 |      0.5435 |
|    Temperature [C]   |         34 |        38 |        38 |        37 |        37 |        37 |        39 |        38 |        37 |        33 |          34 |          36 |          37 |          34 |          36 |          35 |          35 |          35 |
|      Energy [J]      | 92394.3708 |         0 |         0 |         0 |         0 |         0 |         0 |         0 |         0 |         0 |           0 |           0 |           0 |           0 |           0 |           0 |           0 |           0 |
|       Power [W]      |   115.2356 |         0 |         0 |         0 |         0 |         0 |         0 |         0 |         0 |         0 |           0 |           0 |           0 |           0 |           0 |           0 |           0 |           0 |
|    Energy PP0 [J]    |          0 |         0 |         0 |         0 |         0 |         0 |         0 |         0 |         0 |         0 |           0 |           0 |           0 |           0 |           0 |           0 |           0 |           0 |
|     Power PP0 [W]    |          0 |         0 |         0 |         0 |         0 |         0 |         0 |         0 |         0 |         0 |           0 |           0 |           0 |           0 |           0 |           0 |           0 |           0 |
|    Energy DRAM [J]   |  6142.9454 |         0 |         0 |         0 |         0 |         0 |         0 |         0 |         0 |         0 |           0 |           0 |           0 |           0 |           0 |           0 |           0 |           0 |
|    Power DRAM [W]    |     7.6616 |         0 |         0 |         0 |         0 |         0 |         0 |         0 |         0 |         0 |           0 |           0 |           0 |           0 |           0 |           0 |           0 |           0 |
|  Energy PLATFORM [J] |          0 |         0 |         0 |         0 |         0 |         0 |         0 |         0 |         0 |         0 |           0 |           0 |           0 |           0 |           0 |           0 |           0 |           0 |
|  Power PLATFORM [W]  |          0 |         0 |         0 |         0 |         0 |         0 |         0 |         0 |         0 |         0 |           0 |           0 |           0 |           0 |           0 |           0 |           0 |           0 |
+----------------------+------------+-----------+-----------+-----------+-----------+-----------+-----------+-----------+-----------+-----------+-------------+-------------+-------------+-------------+-------------+-------------+-------------+-------------+

+---------------------------+------------+-----------+------------+-----------+-----------+-----------+-----------+
|           Metric          |     Sum    |    Min    |     Max    |    Avg    |  %ile 25  |  %ile 50  |  %ile 75  |
+---------------------------+------------+-----------+------------+-----------+-----------+-----------+-----------+
|  Runtime (RDTSC) [s] STAT | 14430.8334 |  801.7007 |   801.7864 |  801.7130 |  801.7032 |  801.7067 |  801.7126 |
| Runtime unhalted [s] STAT | 10771.4154 |  595.9923 |   598.7043 |  598.4120 |  598.5824 |  598.6117 |  598.6370 |
|      Clock [MHz] STAT     | 32323.1489 | 1795.5785 |  1795.7543 | 1795.7305 | 1795.7349 | 1795.7483 | 1795.7504 |
|  Uncore Clock [MHz] STAT  |  1586.3866 |         0 |  1586.3866 |   88.1326 |         0 |         0 |         0 |
|          CPI STAT         |     9.6097 |    0.5016 |     0.5607 |    0.5339 |    0.5245 |    0.5386 |    0.5424 |
|    Temperature [C] STAT   |        650 |        33 |         39 |   36.1111 |        35 |        36 |        37 |
|      Energy [J] STAT      | 92394.3708 |         0 | 92394.3708 | 5133.0206 |         0 |         0 |         0 |
|       Power [W] STAT      |   115.2356 |         0 |   115.2356 |    6.4020 |         0 |         0 |         0 |
|    Energy PP0 [J] STAT    |          0 |         0 |          0 |         0 |         0 |         0 |         0 |
|     Power PP0 [W] STAT    |          0 |         0 |          0 |         0 |         0 |         0 |         0 |
|    Energy DRAM [J] STAT   |  6142.9454 |         0 |  6142.9454 |  341.2747 |         0 |         0 |         0 |
|    Power DRAM [W] STAT    |     7.6616 |         0 |     7.6616 |    0.4256 |         0 |         0 |         0 |
|  Energy PLATFORM [J] STAT |          0 |         0 |          0 |         0 |         0 |         0 |         0 |
|  Power PLATFORM [W] STAT  |          0 |         0 |          0 |         0 |         0 |         0 |         0 |
+---------------------------+------------+-----------+------------+-----------+-----------+-----------+-----------+

