Group: 1
+-----------------------+---------+---------------+---------------+---------------+---------------+---------------+---------------+---------------+---------------+---------------+---------------+---------------+---------------+---------------+---------------+---------------+---------------+---------------+---------------+
|         Event         | Counter |   f0880:0:0   |   f0880:1:1   |   f0880:2:2   |   f0880:3:3   |   f0880:4:4   |   f0880:5:5   |   f0880:6:6   |   f0880:7:7   |   f0880:8:8   |   f0880:9:9   |  f0880:10:10  |  f0880:11:11  |  f0880:12:12  |  f0880:13:13  |  f0880:14:14  |  f0880:15:15  |  f0880:16:16  |  f0880:17:17  |
+-----------------------+---------+---------------+---------------+---------------+---------------+---------------+---------------+---------------+---------------+---------------+---------------+---------------+---------------+---------------+---------------+---------------+---------------+---------------+---------------+
|   INSTR_RETIRED_ANY   |  FIXC0  | 2441533847192 | 2420057856631 | 2414541026308 | 2367016876852 | 2317053712230 | 2288363575399 | 2282157590300 | 2280398175929 | 2278935899369 | 2275944976494 | 2171468954233 | 2174469438110 | 2184184536998 | 2210745694827 | 2253350059042 | 2265167169436 | 2295628343038 | 2336176038276 |
| CPU_CLK_UNHALTED_CORE |  FIXC1  | 1294888891181 | 1293647969948 | 1296014079294 | 1295899628907 | 1295800569812 | 1295800263058 | 1295903420928 | 1295674496029 | 1295900471355 | 1295950110650 | 1296001502724 | 1295881860388 | 1295914691939 | 1295963762925 | 1296044485598 | 1296146578803 | 1295672583110 | 1295910600818 |
|  CPU_CLK_UNHALTED_REF |  FIXC2  | 1635662638464 | 1634096301984 | 1637082773664 | 1636937105760 | 1636814221152 | 1636807477536 | 1636942944672 | 1636653645312 | 1636936643616 | 1637000881152 | 1637066970432 | 1636917153216 | 1636958519040 | 1637020296768 | 1637121770592 | 1637249539392 | 1636652575296 | 1636954060224 |
|     TOPDOWN_SLOTS     |  FIXC3  | 6474444455905 | 6468239849740 | 6480070396470 | 6479498144535 | 6479002849060 | 6479001315290 | 6479517104640 | 6478372480145 | 6479502356775 | 6479750553250 | 6480007513620 | 6479409301940 | 6479573459695 | 6479818814625 | 6480222427990 | 6480732894015 | 6478362915550 | 6479553004090 |
|       TEMP_CORE       |   TMP0  |            39 |            41 |            40 |            39 |            37 |            39 |            39 |            43 |            40 |            39 |            38 |            40 |            41 |            40 |            41 |            38 |            41 |            40 |
|     PWR_PKG_ENERGY    |   PWR0  |    78183.8024 |             0 |             0 |             0 |             0 |             0 |             0 |             0 |             0 |             0 |             0 |             0 |             0 |             0 |             0 |             0 |             0 |             0 |
|     PWR_PP0_ENERGY    |   PWR1  |             0 |             0 |             0 |             0 |             0 |             0 |             0 |             0 |             0 |             0 |             0 |             0 |             0 |             0 |             0 |             0 |             0 |             0 |
|    PWR_DRAM_ENERGY    |   PWR3  |     5157.4252 |             0 |             0 |             0 |             0 |             0 |             0 |             0 |             0 |             0 |             0 |             0 |             0 |             0 |             0 |             0 |             0 |             0 |
|  PWR_PLATFORM_ENERGY  |   PWR4  |             0 |             0 |             0 |             0 |             0 |             0 |             0 |             0 |             0 |             0 |             0 |             0 |             0 |             0 |             0 |             0 |             0 |             0 |
|   UNCORE_CLOCKTICKS   | UBOXFIX | 1093841426214 |             0 |             0 |             0 |             0 |             0 |             0 |             0 |             0 |             0 |             0 |             0 |             0 |             0 |             0 |             0 |             0 |             0 |
+-----------------------+---------+---------------+---------------+---------------+---------------+---------------+---------------+---------------+---------------+---------------+---------------+---------------+---------------+---------------+---------------+---------------+---------------+---------------+---------------+

+----------------------------+---------+-----------------+---------------+---------------+--------------+
|            Event           | Counter |       Sum       |      Min      |      Max      |      Avg     |
+----------------------------+---------+-----------------+---------------+---------------+--------------+
|   INSTR_RETIRED_ANY STAT   |  FIXC0  |  41257193770664 | 2171468954233 | 2441533847192 | 2.292066e+12 |
| CPU_CLK_UNHALTED_CORE STAT |  FIXC1  |  23323015967467 | 1293647969948 | 1296146578803 | 1.295723e+12 |
|  CPU_CLK_UNHALTED_REF STAT |  FIXC2  |  29460875518272 | 1634096301984 | 1637249539392 | 1.636715e+12 |
|     TOPDOWN_SLOTS STAT     |  FIXC3  | 116615079837335 | 6468239849740 | 6480732894015 | 6.478616e+12 |
|       TEMP_CORE STAT       |   TMP0  |             715 |            37 |            43 |      39.7222 |
|     PWR_PKG_ENERGY STAT    |   PWR0  |      78183.8024 |             0 |    78183.8024 |    4343.5446 |
|     PWR_PP0_ENERGY STAT    |   PWR1  |               0 |             0 |             0 |            0 |
|    PWR_DRAM_ENERGY STAT    |   PWR3  |       5157.4252 |             0 |     5157.4252 |     286.5236 |
|  PWR_PLATFORM_ENERGY STAT  |   PWR4  |               0 |             0 |             0 |            0 |
|   UNCORE_CLOCKTICKS STAT   | UBOXFIX |   1093841426214 |             0 | 1093841426214 |  60768968123 |
+----------------------------+---------+-----------------+---------------+---------------+--------------+

+----------------------+------------+-----------+-----------+-----------+-----------+-----------+-----------+-----------+-----------+-----------+-------------+-------------+-------------+-------------+-------------+-------------+-------------+-------------+
|        Metric        |  f0880:0:0 | f0880:1:1 | f0880:2:2 | f0880:3:3 | f0880:4:4 | f0880:5:5 | f0880:6:6 | f0880:7:7 | f0880:8:8 | f0880:9:9 | f0880:10:10 | f0880:11:11 | f0880:12:12 | f0880:13:13 | f0880:14:14 | f0880:15:15 | f0880:16:16 | f0880:17:17 |
+----------------------+------------+-----------+-----------+-----------+-----------+-----------+-----------+-----------+-----------+-----------+-------------+-------------+-------------+-------------+-------------+-------------+-------------+-------------+
|  Runtime (RDTSC) [s] |   686.9443 |  686.9700 |  686.9428 |  686.9457 |  686.9562 |  686.9521 |  686.9444 |  686.9571 |  686.9420 |  686.9286 |    686.9570 |    686.9411 |    686.9462 |    686.9391 |    686.9476 |    686.9437 |    686.9439 |    686.9473 |
| Runtime unhalted [s] |   540.8128 |  540.3142 |  541.2844 |  541.2346 |  541.1942 |  541.1942 |  541.2376 |  541.1444 |  541.2366 |  541.2566 |    541.2778 |    541.2275 |    541.2428 |    541.2626 |    541.2966 |    541.3388 |    541.1413 |    541.2425 |
|      Clock [MHz]     |  1895.5023 | 1895.4321 | 1895.4978 | 1895.5060 | 1895.5000 | 1895.5069 | 1895.4999 | 1895.4918 | 1895.5020 | 1895.5027 |   1895.5026 |   1895.5019 |   1895.4966 |   1895.4995 |   1895.4987 |   1895.5018 |   1895.4982 |   1895.4909 |
|  Uncore Clock [MHz]  |  1592.3291 |         0 |         0 |         0 |         0 |         0 |         0 |         0 |         0 |         0 |           0 |           0 |           0 |           0 |           0 |           0 |           0 |           0 |
|          CPI         |     0.5304 |    0.5346 |    0.5368 |    0.5475 |    0.5592 |    0.5663 |    0.5678 |    0.5682 |    0.5686 |    0.5694 |      0.5968 |      0.5960 |      0.5933 |      0.5862 |      0.5752 |      0.5722 |      0.5644 |      0.5547 |
|    Temperature [C]   |         39 |        41 |        40 |        39 |        37 |        39 |        39 |        43 |        40 |        39 |          38 |          40 |          41 |          40 |          41 |          38 |          41 |          40 |
|      Energy [J]      | 78183.8024 |         0 |         0 |         0 |         0 |         0 |         0 |         0 |         0 |         0 |           0 |           0 |           0 |           0 |           0 |           0 |           0 |           0 |
|       Power [W]      |   113.8139 |         0 |         0 |         0 |         0 |         0 |         0 |         0 |         0 |         0 |           0 |           0 |           0 |           0 |           0 |           0 |           0 |           0 |
|    Energy PP0 [J]    |          0 |         0 |         0 |         0 |         0 |         0 |         0 |         0 |         0 |         0 |           0 |           0 |           0 |           0 |           0 |           0 |           0 |           0 |
|     Power PP0 [W]    |          0 |         0 |         0 |         0 |         0 |         0 |         0 |         0 |         0 |         0 |           0 |           0 |           0 |           0 |           0 |           0 |           0 |           0 |
|    Energy DRAM [J]   |  5157.4252 |         0 |         0 |         0 |         0 |         0 |         0 |         0 |         0 |         0 |           0 |           0 |           0 |           0 |           0 |           0 |           0 |           0 |
|    Power DRAM [W]    |     7.5078 |         0 |         0 |         0 |         0 |         0 |         0 |         0 |         0 |         0 |           0 |           0 |           0 |           0 |           0 |           0 |           0 |           0 |
|  Energy PLATFORM [J] |          0 |         0 |         0 |         0 |         0 |         0 |         0 |         0 |         0 |         0 |           0 |           0 |           0 |           0 |           0 |           0 |           0 |           0 |
|  Power PLATFORM [W]  |          0 |         0 |         0 |         0 |         0 |         0 |         0 |         0 |         0 |         0 |           0 |           0 |           0 |           0 |           0 |           0 |           0 |           0 |
+----------------------+------------+-----------+-----------+-----------+-----------+-----------+-----------+-----------+-----------+-----------+-------------+-------------+-------------+-------------+-------------+-------------+-------------+-------------+

+---------------------------+------------+-----------+------------+-----------+-----------+-----------+-----------+
|           Metric          |     Sum    |    Min    |     Max    |    Avg    |  %ile 25  |  %ile 50  |  %ile 75  |
+---------------------------+------------+-----------+------------+-----------+-----------+-----------+-----------+
|  Runtime (RDTSC) [s] STAT | 12365.0491 |  686.9286 |   686.9700 |  686.9472 |  686.9428 |  686.9444 |  686.9521 |
| Runtime unhalted [s] STAT |  9740.9395 |  540.3142 |   541.3388 |  541.1633 |  541.1942 |  541.2366 |  541.2626 |
|      Clock [MHz] STAT     | 34118.9317 | 1895.4321 |  1895.5069 | 1895.4962 | 1895.4978 | 1895.4999 | 1895.5023 |
|  Uncore Clock [MHz] STAT  |  1592.3291 |         0 |  1592.3291 |   88.4627 |         0 |         0 |         0 |
|          CPI STAT         |    10.1876 |    0.5304 |     0.5968 |    0.5660 |    0.5547 |    0.5678 |    0.5752 |
|    Temperature [C] STAT   |        715 |        37 |         43 |   39.7222 |        39 |        40 |        41 |
|      Energy [J] STAT      | 78183.8024 |         0 | 78183.8024 | 4343.5446 |         0 |         0 |         0 |
|       Power [W] STAT      |   113.8139 |         0 |   113.8139 |    6.3230 |         0 |         0 |         0 |
|    Energy PP0 [J] STAT    |          0 |         0 |          0 |         0 |         0 |         0 |         0 |
|     Power PP0 [W] STAT    |          0 |         0 |          0 |         0 |         0 |         0 |         0 |
|    Energy DRAM [J] STAT   |  5157.4252 |         0 |  5157.4252 |  286.5236 |         0 |         0 |         0 |
|    Power DRAM [W] STAT    |     7.5078 |         0 |     7.5078 |    0.4171 |         0 |         0 |         0 |
|  Energy PLATFORM [J] STAT |          0 |         0 |          0 |         0 |         0 |         0 |         0 |
|  Power PLATFORM [W] STAT  |          0 |         0 |          0 |         0 |         0 |         0 |         0 |
+---------------------------+------------+-----------+------------+-----------+-----------+-----------+-----------+

