
          -------------------------------------------------------
          Amber 20 PMEMD                              2020
          -------------------------------------------------------

| PMEMD implementation of SANDER, Release 18

|  Compiled date/time: Fri Dec 17 14:50:05 2021
| Run on 02/15/2022 at 12:33:32

|   Executable path: /apps/amber/Amber20/20p12-at21p11-ompi-intel/bin/pmemd.MPI
| Working directory: /home/titan/unrz/unrz007h/benchmark_fritz/AMBER/3-20p12-at21p11-ompi-intel/n004/42389
|          Hostname: f0504.nhr.fau.de

  [-O]verwriting output

File Assignments:
|   MDIN: ../jac.mdin                                                           
|  MDOUT: jac.output                                                            
| INPCRD: ../jac.inpcrd                                                         
|   PARM: ../jac.prmtop                                                         
| RESTRT: restrt                                                                
|   REFC: refc                                                                  
|  MDVEL: mdvel                                                                 
|   MDEN: mden                                                                  
|  MDCRD: mdcrd                                                                 
| MDINFO: mdinfo                                                                
|LOGFILE: logfile                                                               
|  MDFRC: mdfrc                                                                 

 
 Here is the input file:
 
 this is the "jac production nve" simulation from the Amber web site           
 &cntrl                                                                        
   ntx=7, irest=1,                                                             
   ntc=2, ntf=2, tol=0.000001,                                                 
   nstlim=50000,                                                               
   ntpr=1000, ntwx=1000,                                                       
   ntwr=10000,                                                                 
   dt=0.002, vlimit=10.0,                                                      
   cut=8.,                                                                     
   ntt=0, ioutfm=1,                                                            
 /                                                                             
 &ewald                                                                        
  dsum_tol=0.000001,                                                           
 /                                                                             
                                                                               


Note: ig = -1. Setting random seed to   401177 based on wallclock time in
      microseconds and disabling the synchronization of random numbers 
      between tasks to improve performance.
| irandom = 1, using AMBER's internal random number generator (default).
 
 
| Conditional Compilation Defines Used:
| MPI
| FFTW_FFT
| BINTRAJ
| MKL
| EMIL
 
| Largest sphere to fit in unit cell has radius =    31.115

|  INFO: Old style PARM file read


| Note: 1-4 EEL scale factors were NOT found in the topology file.
|       Using default value of 1.2.

| Note: 1-4 VDW scale factors were NOT found in the topology file.
|       Using default value of 2.0.
| Duplicated    0 dihedrals

| Duplicated    0 dihedrals

--------------------------------------------------------------------------------
   1.  RESOURCE   USE: 
--------------------------------------------------------------------------------

 getting new box info from bottom of inpcrd
 NATOM  =   23558 NTYPES =      16 NBONH =   22290 MBONA  =    1302
 NTHETH =    2789 MTHETA =    1772 NPHIH =    5026 MPHIA  =    3140
 NHPARM =       0 NPARM  =       0 NNB   =   41859 NRES   =    7182
 NBONA  =    1302 NTHETA =    1772 NPHIA =    3140 NUMBND =      45
 NUMANG =      91 NPTRA  =      33 NATYP =      31 NPHB   =       1
 IFBOX  =       1 NMXRS  =      25 IFCAP =       0 NEXTRA =       0
 NCOPY  =       0

| Coordinate Index Table dimensions:    12   12   12
| Direct force subcell size =     5.1858    5.1858    5.1858

     BOX TYPE: RECTILINEAR

--------------------------------------------------------------------------------
   2.  CONTROL  DATA  FOR  THE  RUN
--------------------------------------------------------------------------------

                                                                                

General flags:
     imin    =       0, nmropt  =       0

Nature and format of input:
     ntx     =       7, irest   =       1, ntrx    =       1

Nature and format of output:
     ntxo    =       2, ntpr    =    1000, ntrx    =       1, ntwr    =   10000
     iwrap   =       0, ntwx    =    1000, ntwv    =       0, ntwe    =       0
     ioutfm  =       1, ntwprt  =       0, idecomp =       0, rbornstat=      0

Potential function:
     ntf     =       2, ntb     =       1, igb     =       0, nsnb    =      25
     ipol    =       0, gbsa    =       0, iesp    =       0
     dielc   =   1.00000, cut     =   8.00000, intdiel =   1.00000

Frozen or restrained atoms:
     ibelly  =       0, ntr     =       0

Molecular dynamics:
     nstlim  =     50000, nscm    =      1000, nrespa  =         1
     t       =   0.00000, dt      =   0.00200, vlimit  =  10.00000

SHAKE:
     ntc     =       2, jfastw  =       0
     tol     =   0.00000

| Intermolecular bonds treatment:
|     no_intermolecular_bonds =       1

| Energy averages sample interval:
|     ene_avg_sampling =    1000

Ewald parameters:
     verbose =       0, ew_type =       0, nbflag  =       1, use_pme =       1
     vdwmeth =       1, eedmeth =       1, netfrc  =       1
     Box X =   62.230   Box Y =   62.230   Box Z =   62.230
     Alpha =   90.000   Beta  =   90.000   Gamma =   90.000
     NFFT1 =   64       NFFT2 =   64       NFFT3 =   64
     Cutoff=    8.000   Tol   =0.100E-05
     Ewald Coefficient =  0.39467
     Interpolation order =    4

| PMEMD ewald parallel performance parameters:
|     block_fft =    1
|     fft_blk_y_divisor =    4
|     excl_recip =    0
|     excl_master =    0
|     atm_redist_freq =  320

--------------------------------------------------------------------------------
   3.  ATOMIC COORDINATES AND VELOCITIES
--------------------------------------------------------------------------------

                                                                                
 begin time read from input coords =     6.000 ps

 
 Number of triangulated 3-point waters found:     7023

     Sum of charges from parm topology file = -11.00000006
     Assuming uniform neutralizing plasma

| Dynamic Memory, Types Used:
| Reals             1017166
| Integers           991970

| Nonbonded Pairs Initial Allocation:      149200

| Running AMBER/MPI version on   72 MPI task

 
--------------------------------------------------------------------------------
   4.  RESULTS
--------------------------------------------------------------------------------

 ---------------------------------------------------
 APPROXIMATING switch and d/dx switch using CUBIC SPLINE INTERPOLATION
 using   5000.0 points per unit in tabled values
 TESTING RELATIVE ERROR over r ranging from 0.0 to cutoff
| CHECK switch(x): max rel err =   0.3316E-14   at   2.351880
| CHECK d/dx switch(x): max rel err =   0.8789E-11   at   2.875760
 ---------------------------------------------------
|---------------------------------------------------
| APPROXIMATING direct energy using CUBIC SPLINE INTERPOLATION
|  with   50.0 points per unit in tabled values
| Relative Error Limit not exceeded for r .gt.   2.52
| APPROXIMATING direct force using CUBIC SPLINE INTERPOLATION
|  with   50.0 points per unit in tabled values
| Relative Error Limit not exceeded for r .gt.   2.92
|---------------------------------------------------
check COM velocity, temp:        0.003907     0.02(Removed)

 NSTEP =     1000   TIME(PS) =       8.000  TEMP(K) =   298.37  PRESS =     0.0
 Etot   =    -58137.7232  EKtot   =     14343.2307  EPtot      =    -72480.9538
 BOND   =       439.4542  ANGLE   =      1158.4858  DIHED      =       976.0765
 1-4 NB =       560.4856  1-4 EEL =      6600.8904  VDWAALS    =      8265.0317
 EELEC  =    -90481.3780  EHBOND  =         0.0000  RESTRAINT  =         0.0000
 Ewald error estimate:   0.2320E-04
 ------------------------------------------------------------------------------

check COM velocity, temp:        0.000000     0.00(Removed)

 NSTEP =     2000   TIME(PS) =      10.000  TEMP(K) =   296.43  PRESS =     0.0
 Etot   =    -58139.2302  EKtot   =     14249.9592  EPtot      =    -72389.1893
 BOND   =       478.4763  ANGLE   =      1199.2012  DIHED      =       984.9059
 1-4 NB =       547.1837  1-4 EEL =      6631.7458  VDWAALS    =      8517.2220
 EELEC  =    -90747.9243  EHBOND  =         0.0000  RESTRAINT  =         0.0000
 Ewald error estimate:   0.2726E-04
 ------------------------------------------------------------------------------

check COM velocity, temp:        0.000000     0.00(Removed)

 NSTEP =     3000   TIME(PS) =      12.000  TEMP(K) =   298.00  PRESS =     0.0
 Etot   =    -58141.1074  EKtot   =     14325.0700  EPtot      =    -72466.1774
 BOND   =       455.7237  ANGLE   =      1228.5375  DIHED      =       965.7695
 1-4 NB =       551.7532  1-4 EEL =      6580.7204  VDWAALS    =      8378.2278
 EELEC  =    -90626.9096  EHBOND  =         0.0000  RESTRAINT  =         0.0000
 Ewald error estimate:   0.3494E-04
 ------------------------------------------------------------------------------

check COM velocity, temp:        0.000000     0.00(Removed)

 NSTEP =     4000   TIME(PS) =      14.000  TEMP(K) =   296.04  PRESS =     0.0
 Etot   =    -58139.5483  EKtot   =     14231.0852  EPtot      =    -72370.6336
 BOND   =       459.0455  ANGLE   =      1250.8839  DIHED      =       981.9375
 1-4 NB =       541.2268  1-4 EEL =      6620.3880  VDWAALS    =      8552.4017
 EELEC  =    -90776.5170  EHBOND  =         0.0000  RESTRAINT  =         0.0000
 Ewald error estimate:   0.4571E-04
 ------------------------------------------------------------------------------

check COM velocity, temp:        0.000000     0.00(Removed)

 NSTEP =     5000   TIME(PS) =      16.000  TEMP(K) =   296.73  PRESS =     0.0
 Etot   =    -58140.4022  EKtot   =     14264.0309  EPtot      =    -72404.4331
 BOND   =       481.6787  ANGLE   =      1240.8182  DIHED      =       973.3686
 1-4 NB =       537.2118  1-4 EEL =      6608.1739  VDWAALS    =      8402.2151
 EELEC  =    -90647.8994  EHBOND  =         0.0000  RESTRAINT  =         0.0000
 Ewald error estimate:   0.3921E-04
 ------------------------------------------------------------------------------

check COM velocity, temp:        0.000000     0.00(Removed)

 NSTEP =     6000   TIME(PS) =      18.000  TEMP(K) =   294.06  PRESS =     0.0
 Etot   =    -58139.7543  EKtot   =     14135.6431  EPtot      =    -72275.3973
 BOND   =       454.5516  ANGLE   =      1266.8528  DIHED      =       992.0180
 1-4 NB =       549.3884  1-4 EEL =      6646.2984  VDWAALS    =      8146.0805
 EELEC  =    -90330.5870  EHBOND  =         0.0000  RESTRAINT  =         0.0000
 Ewald error estimate:   0.1123E-04
 ------------------------------------------------------------------------------

check COM velocity, temp:        0.000000     0.00(Removed)

 NSTEP =     7000   TIME(PS) =      20.000  TEMP(K) =   298.56  PRESS =     0.0
 Etot   =    -58141.5229  EKtot   =     14351.9909  EPtot      =    -72493.5138
 BOND   =       478.0564  ANGLE   =      1252.8297  DIHED      =      1008.3946
 1-4 NB =       532.6110  1-4 EEL =      6594.6382  VDWAALS    =      8562.5355
 EELEC  =    -90922.5792  EHBOND  =         0.0000  RESTRAINT  =         0.0000
 Ewald error estimate:   0.6336E-04
 ------------------------------------------------------------------------------

check COM velocity, temp:        0.000000     0.00(Removed)

 NSTEP =     8000   TIME(PS) =      22.000  TEMP(K) =   294.29  PRESS =     0.0
 Etot   =    -58141.5034  EKtot   =     14146.8697  EPtot      =    -72288.3731
 BOND   =       451.3487  ANGLE   =      1318.4729  DIHED      =      1005.2897
 1-4 NB =       531.9787  1-4 EEL =      6630.1874  VDWAALS    =      8325.3593
 EELEC  =    -90551.0098  EHBOND  =         0.0000  RESTRAINT  =         0.0000
 Ewald error estimate:   0.1396E-04
 ------------------------------------------------------------------------------

check COM velocity, temp:        0.000000     0.00(Removed)

 NSTEP =     9000   TIME(PS) =      24.000  TEMP(K) =   297.37  PRESS =     0.0
 Etot   =    -58144.4574  EKtot   =     14294.8334  EPtot      =    -72439.2908
 BOND   =       457.6407  ANGLE   =      1223.2700  DIHED      =       960.4627
 1-4 NB =       542.7658  1-4 EEL =      6574.3324  VDWAALS    =      8400.5833
 EELEC  =    -90598.3458  EHBOND  =         0.0000  RESTRAINT  =         0.0000
 Ewald error estimate:   0.1134E-04
 ------------------------------------------------------------------------------

check COM velocity, temp:        0.000000     0.00(Removed)

 NSTEP =    10000   TIME(PS) =      26.000  TEMP(K) =   296.29  PRESS =     0.0
 Etot   =    -58139.9642  EKtot   =     14242.9043  EPtot      =    -72382.8685
 BOND   =       489.9407  ANGLE   =      1245.5198  DIHED      =       992.0382
 1-4 NB =       550.1239  1-4 EEL =      6594.5101  VDWAALS    =      8670.8074
 EELEC  =    -90925.8087  EHBOND  =         0.0000  RESTRAINT  =         0.0000
 Ewald error estimate:   0.6349E-04
 ------------------------------------------------------------------------------

check COM velocity, temp:        0.000000     0.00(Removed)

 NSTEP =    11000   TIME(PS) =      28.000  TEMP(K) =   298.51  PRESS =     0.0
 Etot   =    -58144.5679  EKtot   =     14349.5075  EPtot      =    -72494.0754
 BOND   =       475.1600  ANGLE   =      1223.1064  DIHED      =       997.4002
 1-4 NB =       553.9802  1-4 EEL =      6590.7520  VDWAALS    =      8505.1437
 EELEC  =    -90839.6179  EHBOND  =         0.0000  RESTRAINT  =         0.0000
 Ewald error estimate:   0.3607E-04
 ------------------------------------------------------------------------------

check COM velocity, temp:        0.000000     0.00(Removed)

 NSTEP =    12000   TIME(PS) =      30.000  TEMP(K) =   298.78  PRESS =     0.0
 Etot   =    -58140.3061  EKtot   =     14362.6479  EPtot      =    -72502.9539
 BOND   =       475.6250  ANGLE   =      1289.1945  DIHED      =       983.6689
 1-4 NB =       561.5898  1-4 EEL =      6638.9260  VDWAALS    =      8409.5516
 EELEC  =    -90861.5096  EHBOND  =         0.0000  RESTRAINT  =         0.0000
 Ewald error estimate:   0.2553E-04
 ------------------------------------------------------------------------------

check COM velocity, temp:        0.000000     0.00(Removed)

 NSTEP =    13000   TIME(PS) =      32.000  TEMP(K) =   297.40  PRESS =     0.0
 Etot   =    -58140.2736  EKtot   =     14296.1800  EPtot      =    -72436.4535
 BOND   =       473.0439  ANGLE   =      1292.3980  DIHED      =       983.2435
 1-4 NB =       535.4810  1-4 EEL =      6655.1257  VDWAALS    =      8530.8956
 EELEC  =    -90906.6412  EHBOND  =         0.0000  RESTRAINT  =         0.0000
 Ewald error estimate:   0.6787E-05
 ------------------------------------------------------------------------------

check COM velocity, temp:        0.000000     0.00(Removed)

 NSTEP =    14000   TIME(PS) =      34.000  TEMP(K) =   296.31  PRESS =     0.0
 Etot   =    -58143.9928  EKtot   =     14244.1796  EPtot      =    -72388.1723
 BOND   =       476.1565  ANGLE   =      1262.4320  DIHED      =       990.2164
 1-4 NB =       559.6724  1-4 EEL =      6635.1800  VDWAALS    =      8407.4036
 EELEC  =    -90719.2333  EHBOND  =         0.0000  RESTRAINT  =         0.0000
 Ewald error estimate:   0.4177E-07
 ------------------------------------------------------------------------------

check COM velocity, temp:        0.000000     0.00(Removed)

 NSTEP =    15000   TIME(PS) =      36.000  TEMP(K) =   297.07  PRESS =     0.0
 Etot   =    -58141.3988  EKtot   =     14280.4785  EPtot      =    -72421.8773
 BOND   =       458.0338  ANGLE   =      1309.8789  DIHED      =       960.8932
 1-4 NB =       540.0454  1-4 EEL =      6588.7752  VDWAALS    =      8533.9589
 EELEC  =    -90813.4626  EHBOND  =         0.0000  RESTRAINT  =         0.0000
 Ewald error estimate:   0.4583E-04
 ------------------------------------------------------------------------------

check COM velocity, temp:        0.000000     0.00(Removed)

 NSTEP =    16000   TIME(PS) =      38.000  TEMP(K) =   296.66  PRESS =     0.0
 Etot   =    -58140.0132  EKtot   =     14260.5871  EPtot      =    -72400.6003
 BOND   =       484.0491  ANGLE   =      1296.7775  DIHED      =      1001.9178
 1-4 NB =       546.3317  1-4 EEL =      6684.9760  VDWAALS    =      8391.0443
 EELEC  =    -90805.6967  EHBOND  =         0.0000  RESTRAINT  =         0.0000
 Ewald error estimate:   0.9815E-05
 ------------------------------------------------------------------------------

check COM velocity, temp:        0.000000     0.00(Removed)

 NSTEP =    17000   TIME(PS) =      40.000  TEMP(K) =   298.12  PRESS =     0.0
 Etot   =    -58142.4919  EKtot   =     14331.0090  EPtot      =    -72473.5009
 BOND   =       497.0104  ANGLE   =      1268.6215  DIHED      =       979.3189
 1-4 NB =       551.4314  1-4 EEL =      6673.5907  VDWAALS    =      8438.6679
 EELEC  =    -90882.1416  EHBOND  =         0.0000  RESTRAINT  =         0.0000
 Ewald error estimate:   0.8407E-05
 ------------------------------------------------------------------------------

check COM velocity, temp:        0.000000     0.00(Removed)

 NSTEP =    18000   TIME(PS) =      42.000  TEMP(K) =   298.72  PRESS =     0.0
 Etot   =    -58142.9146  EKtot   =     14360.0415  EPtot      =    -72502.9561
 BOND   =       495.8275  ANGLE   =      1250.5010  DIHED      =      1011.8364
 1-4 NB =       548.1177  1-4 EEL =      6660.5235  VDWAALS    =      8487.4644
 EELEC  =    -90957.2266  EHBOND  =         0.0000  RESTRAINT  =         0.0000
 Ewald error estimate:   0.3357E-05
 ------------------------------------------------------------------------------

check COM velocity, temp:        0.000000     0.00(Removed)

 NSTEP =    19000   TIME(PS) =      44.000  TEMP(K) =   297.23  PRESS =     0.0
 Etot   =    -58140.5000  EKtot   =     14288.3888  EPtot      =    -72428.8888
 BOND   =       469.8303  ANGLE   =      1265.9602  DIHED      =       970.5985
 1-4 NB =       537.5626  1-4 EEL =      6623.8080  VDWAALS    =      8422.8796
 EELEC  =    -90719.5279  EHBOND  =         0.0000  RESTRAINT  =         0.0000
 Ewald error estimate:   0.5376E-04
 ------------------------------------------------------------------------------

check COM velocity, temp:        0.000000     0.00(Removed)

 NSTEP =    20000   TIME(PS) =      46.000  TEMP(K) =   298.28  PRESS =     0.0
 Etot   =    -58140.2979  EKtot   =     14338.7181  EPtot      =    -72479.0160
 BOND   =       485.8380  ANGLE   =      1225.4879  DIHED      =       959.1802
 1-4 NB =       548.6963  1-4 EEL =      6693.3034  VDWAALS    =      8339.2700
 EELEC  =    -90730.7918  EHBOND  =         0.0000  RESTRAINT  =         0.0000
 Ewald error estimate:   0.5486E-04
 ------------------------------------------------------------------------------

check COM velocity, temp:        0.000000     0.00(Removed)

 NSTEP =    21000   TIME(PS) =      48.000  TEMP(K) =   295.64  PRESS =     0.0
 Etot   =    -58138.5980  EKtot   =     14211.6816  EPtot      =    -72350.2796
 BOND   =       492.8907  ANGLE   =      1304.3059  DIHED      =       971.8239
 1-4 NB =       542.1105  1-4 EEL =      6615.9519  VDWAALS    =      8441.6455
 EELEC  =    -90719.0079  EHBOND  =         0.0000  RESTRAINT  =         0.0000
 Ewald error estimate:   0.1371E-04
 ------------------------------------------------------------------------------

check COM velocity, temp:        0.000000     0.00(Removed)

 NSTEP =    22000   TIME(PS) =      50.000  TEMP(K) =   295.41  PRESS =     0.0
 Etot   =    -58139.6278  EKtot   =     14200.4938  EPtot      =    -72340.1216
 BOND   =       479.1496  ANGLE   =      1299.9881  DIHED      =      1008.4966
 1-4 NB =       542.2370  1-4 EEL =      6624.6998  VDWAALS    =      8347.4842
 EELEC  =    -90642.1770  EHBOND  =         0.0000  RESTRAINT  =         0.0000
 Ewald error estimate:   0.2379E-04
 ------------------------------------------------------------------------------

check COM velocity, temp:        0.000000     0.00(Removed)

 NSTEP =    23000   TIME(PS) =      52.000  TEMP(K) =   298.23  PRESS =     0.0
 Etot   =    -58142.6508  EKtot   =     14336.4678  EPtot      =    -72479.1185
 BOND   =       464.8204  ANGLE   =      1258.5824  DIHED      =       989.9471
 1-4 NB =       559.8993  1-4 EEL =      6657.1248  VDWAALS    =      8344.0383
 EELEC  =    -90753.5309  EHBOND  =         0.0000  RESTRAINT  =         0.0000
 Ewald error estimate:   0.1450E-04
 ------------------------------------------------------------------------------

check COM velocity, temp:        0.000000     0.00(Removed)

 NSTEP =    24000   TIME(PS) =      54.000  TEMP(K) =   299.06  PRESS =     0.0
 Etot   =    -58141.7171  EKtot   =     14376.0623  EPtot      =    -72517.7794
 BOND   =       496.8027  ANGLE   =      1248.6212  DIHED      =       966.5725
 1-4 NB =       537.6439  1-4 EEL =      6623.4180  VDWAALS    =      8291.9757
 EELEC  =    -90682.8135  EHBOND  =         0.0000  RESTRAINT  =         0.0000
 Ewald error estimate:   0.3187E-04
 ------------------------------------------------------------------------------

check COM velocity, temp:        0.000000     0.00(Removed)

 NSTEP =    25000   TIME(PS) =      56.000  TEMP(K) =   296.71  PRESS =     0.0
 Etot   =    -58142.1712  EKtot   =     14263.3831  EPtot      =    -72405.5543
 BOND   =       462.2867  ANGLE   =      1294.9055  DIHED      =       965.3189
 1-4 NB =       540.6762  1-4 EEL =      6626.1015  VDWAALS    =      8426.5961
 EELEC  =    -90721.4391  EHBOND  =         0.0000  RESTRAINT  =         0.0000
 Ewald error estimate:   0.1678E-05
 ------------------------------------------------------------------------------

check COM velocity, temp:        0.000000     0.00(Removed)

 NSTEP =    26000   TIME(PS) =      58.000  TEMP(K) =   295.81  PRESS =     0.0
 Etot   =    -58140.9997  EKtot   =     14219.9804  EPtot      =    -72360.9801
 BOND   =       456.5991  ANGLE   =      1235.8190  DIHED      =       991.5749
 1-4 NB =       570.5256  1-4 EEL =      6687.2641  VDWAALS    =      8308.7163
 EELEC  =    -90611.4791  EHBOND  =         0.0000  RESTRAINT  =         0.0000
 Ewald error estimate:   0.5376E-04
 ------------------------------------------------------------------------------

check COM velocity, temp:        0.000000     0.00(Removed)

 NSTEP =    27000   TIME(PS) =      60.000  TEMP(K) =   296.71  PRESS =     0.0
 Etot   =    -58141.8448  EKtot   =     14263.2473  EPtot      =    -72405.0921
 BOND   =       456.1802  ANGLE   =      1259.2584  DIHED      =       992.9863
 1-4 NB =       554.1350  1-4 EEL =      6620.0655  VDWAALS    =      8213.2177
 EELEC  =    -90500.9352  EHBOND  =         0.0000  RESTRAINT  =         0.0000
 Ewald error estimate:   0.4099E-04
 ------------------------------------------------------------------------------

check COM velocity, temp:        0.000000     0.00(Removed)

 NSTEP =    28000   TIME(PS) =      62.000  TEMP(K) =   296.12  PRESS =     0.0
 Etot   =    -58138.4679  EKtot   =     14234.8645  EPtot      =    -72373.3323
 BOND   =       483.6833  ANGLE   =      1294.6242  DIHED      =       997.5418
 1-4 NB =       555.1432  1-4 EEL =      6661.8882  VDWAALS    =      8568.5201
 EELEC  =    -90934.7332  EHBOND  =         0.0000  RESTRAINT  =         0.0000
 Ewald error estimate:   0.1687E-04
 ------------------------------------------------------------------------------

check COM velocity, temp:        0.000000     0.00(Removed)

 NSTEP =    29000   TIME(PS) =      64.000  TEMP(K) =   294.53  PRESS =     0.0
 Etot   =    -58140.0905  EKtot   =     14158.5243  EPtot      =    -72298.6149
 BOND   =       439.3903  ANGLE   =      1282.6714  DIHED      =       998.3329
 1-4 NB =       546.9551  1-4 EEL =      6649.7648  VDWAALS    =      8390.6269
 EELEC  =    -90606.3562  EHBOND  =         0.0000  RESTRAINT  =         0.0000
 Ewald error estimate:   0.7404E-04
 ------------------------------------------------------------------------------

check COM velocity, temp:        0.000000     0.00(Removed)

 NSTEP =    30000   TIME(PS) =      66.000  TEMP(K) =   296.63  PRESS =     0.0
 Etot   =    -58140.3673  EKtot   =     14259.1346  EPtot      =    -72399.5020
 BOND   =       511.2504  ANGLE   =      1257.3877  DIHED      =       978.4262
 1-4 NB =       549.2469  1-4 EEL =      6620.3771  VDWAALS    =      8432.6994
 EELEC  =    -90748.8897  EHBOND  =         0.0000  RESTRAINT  =         0.0000
 Ewald error estimate:   0.1689E-04
 ------------------------------------------------------------------------------

check COM velocity, temp:        0.000000     0.00(Removed)

 NSTEP =    31000   TIME(PS) =      68.000  TEMP(K) =   298.37  PRESS =     0.0
 Etot   =    -58141.5444  EKtot   =     14343.0511  EPtot      =    -72484.5955
 BOND   =       487.0709  ANGLE   =      1266.0620  DIHED      =       953.4684
 1-4 NB =       541.0379  1-4 EEL =      6643.1522  VDWAALS    =      8242.8020
 EELEC  =    -90618.1887  EHBOND  =         0.0000  RESTRAINT  =         0.0000
 Ewald error estimate:   0.4527E-04
 ------------------------------------------------------------------------------

check COM velocity, temp:        0.000000     0.00(Removed)

 NSTEP =    32000   TIME(PS) =      70.000  TEMP(K) =   298.46  PRESS =     0.0
 Etot   =    -58141.9072  EKtot   =     14347.3704  EPtot      =    -72489.2776
 BOND   =       458.5454  ANGLE   =      1258.8870  DIHED      =       980.1528
 1-4 NB =       567.4715  1-4 EEL =      6689.0164  VDWAALS    =      8363.8966
 EELEC  =    -90807.2473  EHBOND  =         0.0000  RESTRAINT  =         0.0000
 Ewald error estimate:   0.3589E-05
 ------------------------------------------------------------------------------

check COM velocity, temp:        0.000000     0.00(Removed)

 NSTEP =    33000   TIME(PS) =      72.000  TEMP(K) =   296.09  PRESS =     0.0
 Etot   =    -58142.1913  EKtot   =     14233.1851  EPtot      =    -72375.3764
 BOND   =       483.9126  ANGLE   =      1303.9309  DIHED      =       980.1208
 1-4 NB =       549.6399  1-4 EEL =      6679.5124  VDWAALS    =      8289.7459
 EELEC  =    -90662.2389  EHBOND  =         0.0000  RESTRAINT  =         0.0000
 Ewald error estimate:   0.2871E-04
 ------------------------------------------------------------------------------

check COM velocity, temp:        0.000000     0.00(Removed)

 NSTEP =    34000   TIME(PS) =      74.000  TEMP(K) =   296.45  PRESS =     0.0
 Etot   =    -58141.3288  EKtot   =     14250.4807  EPtot      =    -72391.8095
 BOND   =       445.5300  ANGLE   =      1302.0006  DIHED      =       997.1722
 1-4 NB =       574.2476  1-4 EEL =      6694.7444  VDWAALS    =      8174.8855
 EELEC  =    -90580.3897  EHBOND  =         0.0000  RESTRAINT  =         0.0000
 Ewald error estimate:   0.4069E-04
 ------------------------------------------------------------------------------

check COM velocity, temp:        0.000000     0.00(Removed)

 NSTEP =    35000   TIME(PS) =      76.000  TEMP(K) =   295.22  PRESS =     0.0
 Etot   =    -58143.4970  EKtot   =     14191.5383  EPtot      =    -72335.0353
 BOND   =       485.7971  ANGLE   =      1262.1470  DIHED      =       982.3452
 1-4 NB =       538.6508  1-4 EEL =      6664.5155  VDWAALS    =      8374.9807
 EELEC  =    -90643.4717  EHBOND  =         0.0000  RESTRAINT  =         0.0000
 Ewald error estimate:   0.2297E-04
 ------------------------------------------------------------------------------

check COM velocity, temp:        0.000000     0.00(Removed)

 NSTEP =    36000   TIME(PS) =      78.000  TEMP(K) =   298.49  PRESS =     0.0
 Etot   =    -58141.0430  EKtot   =     14348.6576  EPtot      =    -72489.7006
 BOND   =       494.1813  ANGLE   =      1301.0504  DIHED      =       999.8713
 1-4 NB =       534.0666  1-4 EEL =      6634.3802  VDWAALS    =      8289.7315
 EELEC  =    -90742.9819  EHBOND  =         0.0000  RESTRAINT  =         0.0000
 Ewald error estimate:   0.1411E-04
 ------------------------------------------------------------------------------

check COM velocity, temp:        0.000000     0.00(Removed)

 NSTEP =    37000   TIME(PS) =      80.000  TEMP(K) =   296.38  PRESS =     0.0
 Etot   =    -58141.0351  EKtot   =     14247.5329  EPtot      =    -72388.5679
 BOND   =       485.2860  ANGLE   =      1259.6592  DIHED      =       990.8620
 1-4 NB =       544.3649  1-4 EEL =      6688.8561  VDWAALS    =      8186.1980
 EELEC  =    -90543.7941  EHBOND  =         0.0000  RESTRAINT  =         0.0000
 Ewald error estimate:   0.9662E-05
 ------------------------------------------------------------------------------

check COM velocity, temp:        0.000000     0.00(Removed)

 NSTEP =    38000   TIME(PS) =      82.000  TEMP(K) =   293.95  PRESS =     0.0
 Etot   =    -58141.6583  EKtot   =     14130.3740  EPtot      =    -72272.0323
 BOND   =       499.7045  ANGLE   =      1229.7224  DIHED      =      1001.5940
 1-4 NB =       562.4718  1-4 EEL =      6685.2069  VDWAALS    =      8439.4654
 EELEC  =    -90690.1972  EHBOND  =         0.0000  RESTRAINT  =         0.0000
 Ewald error estimate:   0.1517E-04
 ------------------------------------------------------------------------------

check COM velocity, temp:        0.000000     0.00(Removed)

 NSTEP =    39000   TIME(PS) =      84.000  TEMP(K) =   296.59  PRESS =     0.0
 Etot   =    -58140.9953  EKtot   =     14257.5102  EPtot      =    -72398.5055
 BOND   =       476.9455  ANGLE   =      1239.8892  DIHED      =       986.4800
 1-4 NB =       536.5342  1-4 EEL =      6653.9610  VDWAALS    =      8240.5947
 EELEC  =    -90532.9102  EHBOND  =         0.0000  RESTRAINT  =         0.0000
 Ewald error estimate:   0.6814E-05
 ------------------------------------------------------------------------------

check COM velocity, temp:        0.000000     0.00(Removed)

 NSTEP =    40000   TIME(PS) =      86.000  TEMP(K) =   299.76  PRESS =     0.0
 Etot   =    -58141.4545  EKtot   =     14409.7791  EPtot      =    -72551.2336
 BOND   =       493.0277  ANGLE   =      1266.2230  DIHED      =       964.3921
 1-4 NB =       552.1983  1-4 EEL =      6675.0860  VDWAALS    =      8370.1075
 EELEC  =    -90872.2681  EHBOND  =         0.0000  RESTRAINT  =         0.0000
 Ewald error estimate:   0.1271E-04
 ------------------------------------------------------------------------------

check COM velocity, temp:        0.000000     0.00(Removed)

 NSTEP =    41000   TIME(PS) =      88.000  TEMP(K) =   299.99  PRESS =     0.0
 Etot   =    -58142.8235  EKtot   =     14420.7619  EPtot      =    -72563.5853
 BOND   =       497.1703  ANGLE   =      1250.0216  DIHED      =       972.7032
 1-4 NB =       527.2464  1-4 EEL =      6663.8141  VDWAALS    =      8402.6715
 EELEC  =    -90877.2124  EHBOND  =         0.0000  RESTRAINT  =         0.0000
 Ewald error estimate:   0.6751E-05
 ------------------------------------------------------------------------------

check COM velocity, temp:        0.000000     0.00(Removed)

 NSTEP =    42000   TIME(PS) =      90.000  TEMP(K) =   298.75  PRESS =     0.0
 Etot   =    -58141.9273  EKtot   =     14361.1446  EPtot      =    -72503.0719
 BOND   =       469.4989  ANGLE   =      1299.6051  DIHED      =      1002.2718
 1-4 NB =       540.6780  1-4 EEL =      6653.2277  VDWAALS    =      8229.2967
 EELEC  =    -90697.6501  EHBOND  =         0.0000  RESTRAINT  =         0.0000
 Ewald error estimate:   0.3797E-04
 ------------------------------------------------------------------------------

check COM velocity, temp:        0.000000     0.00(Removed)

 NSTEP =    43000   TIME(PS) =      92.000  TEMP(K) =   298.00  PRESS =     0.0
 Etot   =    -58141.8154  EKtot   =     14325.1637  EPtot      =    -72466.9791
 BOND   =       458.6981  ANGLE   =      1331.7618  DIHED      =       988.7844
 1-4 NB =       529.9726  1-4 EEL =      6664.6428  VDWAALS    =      8334.9588
 EELEC  =    -90775.7975  EHBOND  =         0.0000  RESTRAINT  =         0.0000
 Ewald error estimate:   0.3123E-04
 ------------------------------------------------------------------------------

check COM velocity, temp:        0.000000     0.00(Removed)

 NSTEP =    44000   TIME(PS) =      94.000  TEMP(K) =   301.16  PRESS =     0.0
 Etot   =    -58145.6643  EKtot   =     14477.0119  EPtot      =    -72622.6763
 BOND   =       475.9309  ANGLE   =      1219.0236  DIHED      =      1027.3778
 1-4 NB =       550.7627  1-4 EEL =      6680.0164  VDWAALS    =      8534.9509
 EELEC  =    -91110.7385  EHBOND  =         0.0000  RESTRAINT  =         0.0000
 Ewald error estimate:   0.4095E-04
 ------------------------------------------------------------------------------

check COM velocity, temp:        0.000000     0.00(Removed)

 NSTEP =    45000   TIME(PS) =      96.000  TEMP(K) =   297.73  PRESS =     0.0
 Etot   =    -58142.3907  EKtot   =     14312.2148  EPtot      =    -72454.6055
 BOND   =       486.5851  ANGLE   =      1299.5054  DIHED      =       988.5788
 1-4 NB =       553.7550  1-4 EEL =      6685.1003  VDWAALS    =      8398.4216
 EELEC  =    -90866.5517  EHBOND  =         0.0000  RESTRAINT  =         0.0000
 Ewald error estimate:   0.5872E-05
 ------------------------------------------------------------------------------

check COM velocity, temp:        0.000000     0.00(Removed)

 NSTEP =    46000   TIME(PS) =      98.000  TEMP(K) =   295.25  PRESS =     0.0
 Etot   =    -58140.2586  EKtot   =     14192.7960  EPtot      =    -72333.0546
 BOND   =       466.9245  ANGLE   =      1365.3033  DIHED      =      1010.9714
 1-4 NB =       550.9742  1-4 EEL =      6706.7160  VDWAALS    =      8307.8785
 EELEC  =    -90741.8226  EHBOND  =         0.0000  RESTRAINT  =         0.0000
 Ewald error estimate:   0.3196E-04
 ------------------------------------------------------------------------------

check COM velocity, temp:        0.000000     0.00(Removed)

 NSTEP =    47000   TIME(PS) =     100.000  TEMP(K) =   296.54  PRESS =     0.0
 Etot   =    -58142.8989  EKtot   =     14255.0636  EPtot      =    -72397.9625
 BOND   =       503.8527  ANGLE   =      1284.7510  DIHED      =       982.8453
 1-4 NB =       522.8233  1-4 EEL =      6639.6810  VDWAALS    =      8645.1734
 EELEC  =    -90977.0892  EHBOND  =         0.0000  RESTRAINT  =         0.0000
 Ewald error estimate:   0.3256E-05
 ------------------------------------------------------------------------------

check COM velocity, temp:        0.000000     0.00(Removed)

 NSTEP =    48000   TIME(PS) =     102.000  TEMP(K) =   297.02  PRESS =     0.0
 Etot   =    -58142.3623  EKtot   =     14277.8728  EPtot      =    -72420.2351
 BOND   =       469.0259  ANGLE   =      1308.5481  DIHED      =       987.6061
 1-4 NB =       542.8772  1-4 EEL =      6699.4084  VDWAALS    =      8281.1782
 EELEC  =    -90708.8790  EHBOND  =         0.0000  RESTRAINT  =         0.0000
 Ewald error estimate:   0.4951E-04
 ------------------------------------------------------------------------------

check COM velocity, temp:        0.000000     0.00(Removed)

 NSTEP =    49000   TIME(PS) =     104.000  TEMP(K) =   298.35  PRESS =     0.0
 Etot   =    -58144.8963  EKtot   =     14342.0013  EPtot      =    -72486.8976
 BOND   =       491.1592  ANGLE   =      1281.8306  DIHED      =       988.9488
 1-4 NB =       544.2594  1-4 EEL =      6672.9644  VDWAALS    =      8483.3965
 EELEC  =    -90949.4566  EHBOND  =         0.0000  RESTRAINT  =         0.0000
 Ewald error estimate:   0.3881E-04
 ------------------------------------------------------------------------------

check COM velocity, temp:        0.000000     0.00(Removed)

 NSTEP =    50000   TIME(PS) =     106.000  TEMP(K) =   295.91  PRESS =     0.0
 Etot   =    -58142.1117  EKtot   =     14224.7057  EPtot      =    -72366.8174
 BOND   =       477.7837  ANGLE   =      1327.5960  DIHED      =      1045.1760
 1-4 NB =       545.0494  1-4 EEL =      6624.4553  VDWAALS    =      8109.3261
 EELEC  =    -90496.2038  EHBOND  =         0.0000  RESTRAINT  =         0.0000
 Ewald error estimate:   0.2264E-04
 ------------------------------------------------------------------------------


      A V E R A G E S   O V E R      50 S T E P S


 NSTEP =    50000   TIME(PS) =     106.000  TEMP(K) =   297.13  PRESS =     0.0
 Etot   =    -58141.4462  EKtot   =     14283.3882  EPtot      =    -72424.8344
 BOND   =       475.7235  ANGLE   =      1269.2582  DIHED      =       987.4256
 1-4 NB =       546.7058  1-4 EEL =      6646.2392  VDWAALS    =      8383.0385
 EELEC  =    -90733.2252  EHBOND  =         0.0000  RESTRAINT  =         0.0000
 Ewald error estimate:   0.2670E-04
 ------------------------------------------------------------------------------


      R M S  F L U C T U A T I O N S


 NSTEP =    50000   TIME(PS) =     106.000  TEMP(K) =     1.54  PRESS =     0.0
 Etot   =         1.6314  EKtot   =        73.9703  EPtot      =        74.6098
 BOND   =        16.9211  ANGLE   =        36.8494  DIHED      =        17.5223
 1-4 NB =        10.7336  1-4 EEL =        34.0689  VDWAALS    =       123.6552
 EELEC  =       151.6430  EHBOND  =         0.0000  RESTRAINT  =         0.0000
|E(PBS) =         3.0606
 Ewald error estimate:   0.1857E-04
 ------------------------------------------------------------------------------

--------------------------------------------------------------------------------
   5.  TIMINGS
--------------------------------------------------------------------------------

|  NonSetup CPU Time in Major Routines, Average for All Tasks:
|
|     Routine           Sec        %
|     ------------------------------
|     DataDistrib      30.12   31.05
|     Nonbond          57.13   58.88
|     Bond              0.27    0.28
|     Angle             0.48    0.49
|     Dihedral          1.16    1.19
|     Shake             1.10    1.13
|     RunMD             6.06    6.25
|     Other             0.72    0.74
|     ------------------------------
|     Total            97.03

|  PME Nonbond Pairlist CPU Time, Average for All Tasks:
|
|     Routine              Sec        %
|     ---------------------------------
|     Set Up Cit           3.03    3.13
|     Build List           6.75    6.96
|     ---------------------------------
|     Total                9.79   10.09

|  PME Direct Force CPU Time, Average for All Tasks:
|
|     Routine              Sec        %
|     ---------------------------------
|     NonBonded Calc      27.19   28.02
|     Exclude Masked       0.95    0.98
|     Other                5.97    6.16
|     ---------------------------------
|     Total               34.12   35.16

|  PME Reciprocal Force CPU Time, Average for All Tasks:
|
|     Routine              Sec        %
|     ---------------------------------
|     1D bspline           2.47    2.55
|     Grid Charges         1.28    1.31
|     Scalar Sum           0.17    0.18
|     Gradient Sum         1.59    1.64
|     FFT                  6.71    6.92
|     ---------------------------------
|     Total               12.22   12.60

|  PME Load Balancing CPU Time, Average for All Tasks:
|
|     Routine                 Sec        %
|     ------------------------------------
|     Atom Reassign           0.02    0.02
|     Image Reassign          0.03    0.03
|     FFT Reassign            0.00    0.00
|     ------------------------------------
|     Total                   0.06    0.06

|  Final Performance Info:
|     -----------------------------------------------------
|     Average timings for last   18000 steps:
|     Elapsed(s) =      34.99 Per Step(ms) =       1.94
|         ns/day =      88.90   seconds/ns =     971.89
|
|     Average timings for all steps:
|     Elapsed(s) =      97.38 Per Step(ms) =       1.95
|         ns/day =      88.73   seconds/ns =     973.75
|     -----------------------------------------------------

|  Master Setup CPU time:            0.91 seconds
|  Master NonSetup CPU time:        96.98 seconds
|  Master Total CPU time:           97.89 seconds     0.03 hours

|  Master Setup wall time:           2    seconds
|  Master NonSetup wall time:       97    seconds
|  Master Total wall time:          99    seconds     0.03 hours
