Group: 1
+-----------------------+---------+---------------+---------------+---------------+---------------+---------------+---------------+---------------+---------------+---------------+---------------+---------------+---------------+---------------+---------------+---------------+---------------+---------------+---------------+
|         Event         | Counter |   f0404:0:0   |   f0404:1:1   |   f0404:2:2   |   f0404:3:3   |   f0404:4:4   |   f0404:5:5   |   f0404:6:6   |   f0404:7:7   |   f0404:8:8   |   f0404:9:9   |  f0404:10:10  |  f0404:11:11  |  f0404:12:12  |  f0404:13:13  |  f0404:14:14  |  f0404:15:15  |  f0404:16:16  |  f0404:17:17  |
+-----------------------+---------+---------------+---------------+---------------+---------------+---------------+---------------+---------------+---------------+---------------+---------------+---------------+---------------+---------------+---------------+---------------+---------------+---------------+---------------+
|   INSTR_RETIRED_ANY   |  FIXC0  | 2224683697245 | 2216374120977 | 2203804361212 | 2176151309774 | 2112954581664 | 2098979685053 | 2077974286306 | 2073595640389 | 2071205728947 | 2067958649907 | 2072793875652 | 2101843501095 | 2129751672425 | 2183755658416 | 2203797332693 | 2201250166945 | 2161835506935 | 2154883746924 |
| CPU_CLK_UNHALTED_CORE |  FIXC1  | 1238569701215 | 1245428756597 | 1245457593439 | 1245498116652 | 1244938059332 | 1245235984150 | 1244957171791 | 1245076067357 | 1245195860726 | 1244895244484 | 1245033103864 | 1245046318980 | 1243566439884 | 1245357691596 | 1245025743180 | 1245303023583 | 1245367677283 | 1245521413254 |
|  CPU_CLK_UNHALTED_REF |  FIXC2  | 1351174333248 | 1358655553728 | 1358688162432 | 1358730431136 | 1358119160832 | 1358445552288 | 1358140914336 | 1358271671136 | 1358401955616 | 1358073762336 | 1358224060896 | 1358237146944 | 1356624367488 | 1358577125856 | 1358216413728 | 1358519547744 | 1358589911040 | 1358755556736 |
|     TOPDOWN_SLOTS     |  FIXC3  | 6192848506075 | 6227143782985 | 6227287967195 | 6227490583260 | 6224690296660 | 6226179920750 | 6224785858955 | 6225380336785 | 6225979303630 | 6224476222420 | 6225165519320 | 6225231594900 | 6217832199420 | 6226788457980 | 6225128715900 | 6226515117915 | 6226838386415 | 6227607066270 |
|       TEMP_CORE       |   TMP0  |            37 |            39 |            40 |            38 |            38 |            39 |            39 |            40 |            39 |            34 |            37 |            38 |            38 |            37 |            37 |            37 |            37 |            37 |
|     PWR_PKG_ENERGY    |   PWR0  |    73652.1085 |             0 |             0 |             0 |             0 |             0 |             0 |             0 |             0 |             0 |             0 |             0 |             0 |             0 |             0 |             0 |             0 |             0 |
|     PWR_PP0_ENERGY    |   PWR1  |             0 |             0 |             0 |             0 |             0 |             0 |             0 |             0 |             0 |             0 |             0 |             0 |             0 |             0 |             0 |             0 |             0 |             0 |
|    PWR_DRAM_ENERGY    |   PWR3  |     4819.2484 |             0 |             0 |             0 |             0 |             0 |             0 |             0 |             0 |             0 |             0 |             0 |             0 |             0 |             0 |             0 |             0 |             0 |
|  PWR_PLATFORM_ENERGY  |   PWR4  |             0 |             0 |             0 |             0 |             0 |             0 |             0 |             0 |             0 |             0 |             0 |             0 |             0 |             0 |             0 |             0 |             0 |             0 |
|   UNCORE_CLOCKTICKS   | UBOXFIX |  906609820726 |             0 |             0 |             0 |             0 |             0 |             0 |             0 |             0 |             0 |             0 |             0 |             0 |             0 |             0 |             0 |             0 |             0 |
+-----------------------+---------+---------------+---------------+---------------+---------------+---------------+---------------+---------------+---------------+---------------+---------------+---------------+---------------+---------------+---------------+---------------+---------------+---------------+---------------+

+----------------------------+---------+-----------------+---------------+---------------+--------------+
|            Event           | Counter |       Sum       |      Min      |      Max      |      Avg     |
+----------------------------+---------+-----------------+---------------+---------------+--------------+
|   INSTR_RETIRED_ANY STAT   |  FIXC0  |  38533593522559 | 2067958649907 | 2224683697245 | 2.140755e+12 |
| CPU_CLK_UNHALTED_CORE STAT |  FIXC1  |  22405473967367 | 1238569701215 | 1245521413254 | 1.244749e+12 |
|  CPU_CLK_UNHALTED_REF STAT |  FIXC2  |  24442445627520 | 1351174333248 | 1358755556736 | 1.357914e+12 |
|     TOPDOWN_SLOTS STAT     |  FIXC3  | 112027369836835 | 6192848506075 | 6227607066270 | 6.223743e+12 |
|       TEMP_CORE STAT       |   TMP0  |             681 |            34 |            40 |      37.8333 |
|     PWR_PKG_ENERGY STAT    |   PWR0  |      73652.1085 |             0 |    73652.1085 |    4091.7838 |
|     PWR_PP0_ENERGY STAT    |   PWR1  |               0 |             0 |             0 |            0 |
|    PWR_DRAM_ENERGY STAT    |   PWR3  |       4819.2484 |             0 |     4819.2484 |     267.7360 |
|  PWR_PLATFORM_ENERGY STAT  |   PWR4  |               0 |             0 |             0 |            0 |
|   UNCORE_CLOCKTICKS STAT   | UBOXFIX |    906609820726 |             0 |  906609820726 | 5.036721e+10 |
+----------------------------+---------+-----------------+---------------+---------------+--------------+

+----------------------+------------+-----------+-----------+-----------+-----------+-----------+-----------+-----------+-----------+-----------+-------------+-------------+-------------+-------------+-------------+-------------+-------------+-------------+
|        Metric        |  f0404:0:0 | f0404:1:1 | f0404:2:2 | f0404:3:3 | f0404:4:4 | f0404:5:5 | f0404:6:6 | f0404:7:7 | f0404:8:8 | f0404:9:9 | f0404:10:10 | f0404:11:11 | f0404:12:12 | f0404:13:13 | f0404:14:14 | f0404:15:15 | f0404:16:16 | f0404:17:17 |
+----------------------+------------+-----------+-----------+-----------+-----------+-----------+-----------+-----------+-----------+-----------+-------------+-------------+-------------+-------------+-------------+-------------+-------------+-------------+
|  Runtime (RDTSC) [s] |   570.2157 |  570.2378 |  570.2228 |  570.2240 |  570.2250 |  570.2760 |  570.2337 |  570.2472 |  570.2119 |  570.2171 |    570.2094 |    570.2119 |    570.2157 |    570.2221 |    570.2048 |    570.2157 |    570.2312 |    570.2630 |
| Runtime unhalted [s] |   517.2917 |  520.1575 |  520.1689 |  520.1853 |  519.9516 |  520.1261 |  519.9589 |  520.0292 |  520.0588 |  519.9333 |    519.9917 |    519.9962 |    519.3781 |    520.1275 |    519.9876 |    520.1031 |    520.1315 |    520.2489 |
|      Clock [MHz]     |  2194.7953 | 2194.7930 | 2194.7939 | 2194.7992 | 2194.7985 | 2194.5853 | 2194.7999 | 2194.7115 | 2194.7981 | 2194.7982 |   2194.7952 |   2194.8016 |   2194.7990 |   2194.7957 |   2194.7986 |   2194.7991 |   2194.7934 |   2194.5723 |
|  Uncore Clock [MHz]  |  1589.9419 |         0 |         0 |         0 |         0 |         0 |         0 |         0 |         0 |         0 |           0 |           0 |           0 |           0 |           0 |           0 |           0 |           0 |
|          CPI         |     0.5567 |    0.5619 |    0.5651 |    0.5723 |    0.5892 |    0.5933 |    0.5991 |    0.6004 |    0.6012 |    0.6020 |      0.6007 |      0.5924 |      0.5839 |      0.5703 |      0.5649 |      0.5657 |      0.5761 |      0.5780 |
|    Temperature [C]   |         37 |        39 |        40 |        38 |        38 |        39 |        39 |        40 |        39 |        34 |          37 |          38 |          38 |          37 |          37 |          37 |          37 |          37 |
|      Energy [J]      | 73652.1085 |         0 |         0 |         0 |         0 |         0 |         0 |         0 |         0 |         0 |           0 |           0 |           0 |           0 |           0 |           0 |           0 |           0 |
|       Power [W]      |   129.1653 |         0 |         0 |         0 |         0 |         0 |         0 |         0 |         0 |         0 |           0 |           0 |           0 |           0 |           0 |           0 |           0 |           0 |
|    Energy PP0 [J]    |          0 |         0 |         0 |         0 |         0 |         0 |         0 |         0 |         0 |         0 |           0 |           0 |           0 |           0 |           0 |           0 |           0 |           0 |
|     Power PP0 [W]    |          0 |         0 |         0 |         0 |         0 |         0 |         0 |         0 |         0 |         0 |           0 |           0 |           0 |           0 |           0 |           0 |           0 |           0 |
|    Energy DRAM [J]   |  4819.2484 |         0 |         0 |         0 |         0 |         0 |         0 |         0 |         0 |         0 |           0 |           0 |           0 |           0 |           0 |           0 |           0 |           0 |
|    Power DRAM [W]    |     8.4516 |         0 |         0 |         0 |         0 |         0 |         0 |         0 |         0 |         0 |           0 |           0 |           0 |           0 |           0 |           0 |           0 |           0 |
|  Energy PLATFORM [J] |          0 |         0 |         0 |         0 |         0 |         0 |         0 |         0 |         0 |         0 |           0 |           0 |           0 |           0 |           0 |           0 |           0 |           0 |
|  Power PLATFORM [W]  |          0 |         0 |         0 |         0 |         0 |         0 |         0 |         0 |         0 |         0 |           0 |           0 |           0 |           0 |           0 |           0 |           0 |           0 |
+----------------------+------------+-----------+-----------+-----------+-----------+-----------+-----------+-----------+-----------+-----------+-------------+-------------+-------------+-------------+-------------+-------------+-------------+-------------+

+---------------------------+------------+-----------+------------+-----------+-----------+-----------+-----------+
|           Metric          |     Sum    |    Min    |     Max    |    Avg    |  %ile 25  |  %ile 50  |  %ile 75  |
+---------------------------+------------+-----------+------------+-----------+-----------+-----------+-----------+
|  Runtime (RDTSC) [s] STAT | 10264.0850 |  570.2048 |   570.2760 |  570.2269 |  570.2157 |  570.2221 |  570.2337 |
| Runtime unhalted [s] STAT |  9357.8259 |  517.2917 |   520.2489 |  519.8792 |  519.9589 |  520.0292 |  520.1315 |
|      Clock [MHz] STAT     | 39505.8278 | 2194.5723 |  2194.8016 | 2194.7682 | 2194.7934 | 2194.7957 | 2194.7990 |
|  Uncore Clock [MHz] STAT  |  1589.9419 |         0 |  1589.9419 |   88.3301 |         0 |         0 |         0 |
|          CPI STAT         |    10.4732 |    0.5567 |     0.6020 |    0.5818 |    0.5657 |    0.5780 |    0.5991 |
|    Temperature [C] STAT   |        681 |        34 |         40 |   37.8333 |        37 |        38 |        39 |
|      Energy [J] STAT      | 73652.1085 |         0 | 73652.1085 | 4091.7838 |         0 |         0 |         0 |
|       Power [W] STAT      |   129.1653 |         0 |   129.1653 |    7.1759 |         0 |         0 |         0 |
|    Energy PP0 [J] STAT    |          0 |         0 |          0 |         0 |         0 |         0 |         0 |
|     Power PP0 [W] STAT    |          0 |         0 |          0 |         0 |         0 |         0 |         0 |
|    Energy DRAM [J] STAT   |  4819.2484 |         0 |  4819.2484 |  267.7360 |         0 |         0 |         0 |
|    Power DRAM [W] STAT    |     8.4516 |         0 |     8.4516 |    0.4695 |         0 |         0 |         0 |
|  Energy PLATFORM [J] STAT |          0 |         0 |          0 |         0 |         0 |         0 |         0 |
|  Power PLATFORM [W] STAT  |          0 |         0 |          0 |         0 |         0 |         0 |         0 |
+---------------------------+------------+-----------+------------+-----------+-----------+-----------+-----------+

