Group: 1
+-----------------------+---------+----------------+----------------+----------------+----------------+----------------+----------------+----------------+----------------+----------------+----------------+----------------+----------------+----------------+----------------+----------------+----------------+----------------+----------------+
|         Event         | Counter |    f0880:0:0   |    f0880:1:1   |    f0880:2:2   |    f0880:3:3   |    f0880:4:4   |    f0880:5:5   |    f0880:6:6   |    f0880:7:7   |    f0880:8:8   |    f0880:9:9   |   f0880:10:10  |   f0880:11:11  |   f0880:12:12  |   f0880:13:13  |   f0880:14:14  |   f0880:15:15  |   f0880:16:16  |   f0880:17:17  |
+-----------------------+---------+----------------+----------------+----------------+----------------+----------------+----------------+----------------+----------------+----------------+----------------+----------------+----------------+----------------+----------------+----------------+----------------+----------------+----------------+
|   INSTR_RETIRED_ANY   |  FIXC0  |  3658071110642 |  3721132432453 |  3742840799549 |  3727773042860 |  3662454164610 |  3661533107459 |  3664545345325 |  3670801719386 |  3783836250135 |  3762211248471 |  3786287050244 |  3799598462242 |  3869594550246 |  3906488554773 |  3865487383088 |  3829963298810 |  3841152518294 |  3802011714191 |
| CPU_CLK_UNHALTED_CORE |  FIXC1  |  2298301270353 |  2310737462559 |  2314639159115 |  2315602407071 |  2314590728950 |  2314524204618 |  2315077820433 |  2314587146371 |  2315446016112 |  2314976298695 |  2315005743240 |  2313964502543 |  2315568767757 |  2314574294555 |  2314822228032 |  2315026287113 |  2315347862194 |  2314881576276 |
|  CPU_CLK_UNHALTED_REF |  FIXC2  |  2626635175968 |  2640843353088 |  2645301684576 |  2646407021088 |  2645247369408 |  2645168562816 |  2645802093504 |  2645240371680 |  2646226331808 |  2645683710720 |  2645721274176 |  2644531518720 |  2646368082240 |  2645227974240 |  2645513722656 |  2645745181344 |  2646114480096 |  2645580926496 |
|     TOPDOWN_SLOTS     |  FIXC3  | 11491506351765 | 11553687312795 | 11573195795575 | 11578012035355 | 11572953644750 | 11572621023090 | 11575389102165 | 11572935731855 | 11577230080560 | 11574881493475 | 11575028716200 | 11569822512715 | 11577843838785 | 11572871472775 | 11574111140160 | 11575131435565 | 11576739310970 | 11574407881380 |
|       TEMP_CORE       |   TMP0  |             42 |             43 |             42 |             40 |             40 |             40 |             40 |             44 |             41 |             40 |             39 |             42 |             42 |             42 |             42 |             38 |             42 |             40 |
|     PWR_PKG_ENERGY    |   PWR0  |    133911.6234 |              0 |              0 |              0 |              0 |              0 |              0 |              0 |              0 |              0 |              0 |              0 |              0 |              0 |              0 |              0 |              0 |              0 |
|     PWR_PP0_ENERGY    |   PWR1  |              0 |              0 |              0 |              0 |              0 |              0 |              0 |              0 |              0 |              0 |              0 |              0 |              0 |              0 |              0 |              0 |              0 |              0 |
|    PWR_DRAM_ENERGY    |   PWR3  |      9511.8198 |              0 |              0 |              0 |              0 |              0 |              0 |              0 |              0 |              0 |              0 |              0 |              0 |              0 |              0 |              0 |              0 |              0 |
|  PWR_PLATFORM_ENERGY  |   PWR4  |              0 |              0 |              0 |              0 |              0 |              0 |              0 |              0 |              0 |              0 |              0 |              0 |              0 |              0 |              0 |              0 |              0 |              0 |
|   UNCORE_CLOCKTICKS   | UBOXFIX |  1760473590695 |              0 |              0 |              0 |              0 |              0 |              0 |              0 |              0 |              0 |              0 |              0 |              0 |              0 |              0 |              0 |              0 |              0 |
+-----------------------+---------+----------------+----------------+----------------+----------------+----------------+----------------+----------------+----------------+----------------+----------------+----------------+----------------+----------------+----------------+----------------+----------------+----------------+----------------+

+----------------------------+---------+-----------------+----------------+----------------+--------------+
|            Event           | Counter |       Sum       |       Min      |       Max      |      Avg     |
+----------------------------+---------+-----------------+----------------+----------------+--------------+
|   INSTR_RETIRED_ANY STAT   |  FIXC0  |  67755782752778 |  3658071110642 |  3906488554773 | 3.764210e+12 |
| CPU_CLK_UNHALTED_CORE STAT |  FIXC1  |  41647673775987 |  2298301270353 |  2315602407071 | 2.313760e+12 |
|  CPU_CLK_UNHALTED_REF STAT |  FIXC2  |  47597358834624 |  2626635175968 |  2646407021088 | 2.644298e+12 |
|     TOPDOWN_SLOTS STAT     |  FIXC3  | 208238368879935 | 11491506351765 | 11578012035355 |      nil     |
|       TEMP_CORE STAT       |   TMP0  |             739 |             38 |             44 |      41.0556 |
|     PWR_PKG_ENERGY STAT    |   PWR0  |     133911.6234 |              0 |    133911.6234 |    7439.5346 |
|     PWR_PP0_ENERGY STAT    |   PWR1  |               0 |              0 |              0 |            0 |
|    PWR_DRAM_ENERGY STAT    |   PWR3  |       9511.8198 |              0 |      9511.8198 |     528.4344 |
|  PWR_PLATFORM_ENERGY STAT  |   PWR4  |               0 |              0 |              0 |            0 |
|   UNCORE_CLOCKTICKS STAT   | UBOXFIX |   1760473590695 |              0 |  1760473590695 | 9.780409e+10 |
+----------------------------+---------+-----------------+----------------+----------------+--------------+

+----------------------+-------------+-----------+-----------+-----------+-----------+-----------+-----------+-----------+-----------+-----------+-------------+-------------+-------------+-------------+-------------+-------------+-------------+-------------+
|        Metric        |  f0880:0:0  | f0880:1:1 | f0880:2:2 | f0880:3:3 | f0880:4:4 | f0880:5:5 | f0880:6:6 | f0880:7:7 | f0880:8:8 | f0880:9:9 | f0880:10:10 | f0880:11:11 | f0880:12:12 | f0880:13:13 | f0880:14:14 | f0880:15:15 | f0880:16:16 | f0880:17:17 |
+----------------------+-------------+-----------+-----------+-----------+-----------+-----------+-----------+-----------+-----------+-----------+-------------+-------------+-------------+-------------+-------------+-------------+-------------+-------------+
|  Runtime (RDTSC) [s] |   1112.9100 | 1112.9070 | 1112.9060 | 1112.9200 | 1112.9130 | 1112.9080 | 1112.8940 | 1112.9070 | 1112.9080 | 1112.9020 |   1112.9350 |   1112.9080 |   1112.9190 |   1112.8980 |   1112.9070 |   1112.9070 |   1112.9090 |   1112.8980 |
| Runtime unhalted [s] |    959.8903 |  965.0834 |  966.7144 |  967.1155 |  966.6941 |  966.6666 |  966.8969 |  966.6926 |  967.0506 |  966.8542 |    966.8915 |    966.4362 |    967.1037 |    966.6872 |    966.7905 |    966.8780 |    967.0115 |    966.8155 |
|      Clock [MHz]     |   2095.0412 | 2095.0467 | 2095.0442 | 2095.0433 | 2095.0436 | 2095.0452 | 2095.0466 | 2095.0459 | 2095.0440 | 2095.0490 |   2094.9918 |   2095.0358 |   2095.0388 |   2095.0441 |   2095.0429 |   2095.0392 |   2095.0395 |   2095.0429 |
|  Uncore Clock [MHz]  |   1581.8652 |         0 |         0 |         0 |         0 |         0 |         0 |         0 |         0 |         0 |           0 |           0 |           0 |           0 |           0 |           0 |           0 |           0 |
|          CPI         |      0.6283 |    0.6210 |    0.6184 |    0.6212 |    0.6320 |    0.6321 |    0.6318 |    0.6305 |    0.6119 |    0.6153 |      0.6114 |      0.6090 |      0.5984 |      0.5925 |      0.5988 |      0.6045 |      0.6028 |      0.6089 |
|    Temperature [C]   |          42 |        43 |        42 |        40 |        40 |        40 |        40 |        44 |        41 |        40 |          39 |          42 |          42 |          42 |          42 |          38 |          42 |          40 |
|      Energy [J]      | 133911.6234 |         0 |         0 |         0 |         0 |         0 |         0 |         0 |         0 |         0 |           0 |           0 |           0 |           0 |           0 |           0 |           0 |           0 |
|       Power [W]      |    120.3257 |         0 |         0 |         0 |         0 |         0 |         0 |         0 |         0 |         0 |           0 |           0 |           0 |           0 |           0 |           0 |           0 |           0 |
|    Energy PP0 [J]    |           0 |         0 |         0 |         0 |         0 |         0 |         0 |         0 |         0 |         0 |           0 |           0 |           0 |           0 |           0 |           0 |           0 |           0 |
|     Power PP0 [W]    |           0 |         0 |         0 |         0 |         0 |         0 |         0 |         0 |         0 |         0 |           0 |           0 |           0 |           0 |           0 |           0 |           0 |           0 |
|    Energy DRAM [J]   |   9511.8198 |         0 |         0 |         0 |         0 |         0 |         0 |         0 |         0 |         0 |           0 |           0 |           0 |           0 |           0 |           0 |           0 |           0 |
|    Power DRAM [W]    |      8.5468 |         0 |         0 |         0 |         0 |         0 |         0 |         0 |         0 |         0 |           0 |           0 |           0 |           0 |           0 |           0 |           0 |           0 |
|  Energy PLATFORM [J] |           0 |         0 |         0 |         0 |         0 |         0 |         0 |         0 |         0 |         0 |           0 |           0 |           0 |           0 |           0 |           0 |           0 |           0 |
|  Power PLATFORM [W]  |           0 |         0 |         0 |         0 |         0 |         0 |         0 |         0 |         0 |         0 |           0 |           0 |           0 |           0 |           0 |           0 |           0 |           0 |
+----------------------+-------------+-----------+-----------+-----------+-----------+-----------+-----------+-----------+-----------+-----------+-------------+-------------+-------------+-------------+-------------+-------------+-------------+-------------+

+---------------------------+-------------+-----------+-------------+-----------+-----------+-----------+-----------+
|           Metric          |     Sum     |    Min    |     Max     |    Avg    |  %ile 25  |  %ile 50  |  %ile 75  |
+---------------------------+-------------+-----------+-------------+-----------+-----------+-----------+-----------+
|  Runtime (RDTSC) [s] STAT |  20032.3560 | 1112.8940 |   1112.9350 | 1112.9087 | 1112.9060 | 1112.9070 | 1112.9100 |
| Runtime unhalted [s] STAT |  17394.2727 |  959.8903 |    967.1155 |  966.3485 |  966.6872 |  966.7905 |  966.8969 |
|      Clock [MHz] STAT     |  37710.7247 | 2094.9918 |   2095.0490 | 2095.0403 | 2095.0395 | 2095.0433 | 2095.0452 |
|  Uncore Clock [MHz] STAT  |   1581.8652 |         0 |   1581.8652 |   87.8814 |         0 |         0 |         0 |
|          CPI STAT         |     11.0688 |    0.5925 |      0.6321 |    0.6149 |    0.6045 |    0.6119 |    0.6283 |
|    Temperature [C] STAT   |         739 |        38 |          44 |   41.0556 |        40 |        41 |        42 |
|      Energy [J] STAT      | 133911.6234 |         0 | 133911.6234 | 7439.5346 |         0 |         0 |         0 |
|       Power [W] STAT      |    120.3257 |         0 |    120.3257 |    6.6848 |         0 |         0 |         0 |
|    Energy PP0 [J] STAT    |           0 |         0 |           0 |         0 |         0 |         0 |         0 |
|     Power PP0 [W] STAT    |           0 |         0 |           0 |         0 |         0 |         0 |         0 |
|    Energy DRAM [J] STAT   |   9511.8198 |         0 |   9511.8198 |  528.4344 |         0 |         0 |         0 |
|    Power DRAM [W] STAT    |      8.5468 |         0 |      8.5468 |    0.4748 |         0 |         0 |         0 |
|  Energy PLATFORM [J] STAT |           0 |         0 |           0 |         0 |         0 |         0 |         0 |
|  Power PLATFORM [W] STAT  |           0 |         0 |           0 |         0 |         0 |         0 |         0 |
+---------------------------+-------------+-----------+-------------+-----------+-----------+-----------+-----------+

