### This is /home/hpc/unrz/unrz104h/Projects/CPU-GPU-Energy-Study/FIRESTARTER-scripts/benchX-powercap.sh
#!/bin/bash

set -eu

if [ $# -ne 5 ]; then
    echo "Usage: ${0} [result-dir] [freq-start] [freq-end] [freq-reset] [freq-step]"
    exit 1
fi

# The reason POWERCAP_RESET differs from POWERCAP_END is because of H100 & H200.
# On our cluster they don't run on the default power limit of 700W, but 500W instead.
# So allow the caller to reset the powerlimit to a custom one after benching.
POWERCAP_START="${2}"
POWERCAP_END="${3}"
POWERCAP_RESET="${4}"
POWERCAP_STEP="${5}"

function reset_powercap() {
    echo "Resetting clocks..."
    sudo nvidia-smi --power-limit="${POWERCAP_RESET}"
    echo "Done!"
}

trap 'reset_powercap' 15

RESULT_DIR="$(readlink -f "${1}")"
rm -fr "${RESULT_DIR}"
mkdir -p "${RESULT_DIR}"

LOG_FILE="${RESULT_DIR}/firestarter-bench-`date +%Y%m%d`-`hostname -s`.$$.log"
echo "Saving bench log also to log file ..."
echo "Please be patient ..."
exec > >( tee "${LOG_FILE}" ) 2>&1

# save script for reference :)
echo "### This is ${0}"
cat "${0}"

echo "Start: `date`  / `date +%s`"

echo "########################################"

BINARY=/home/hpc/unrz/unrz104h/Projects/FIRESTARTER/sources/build/src/FIRESTARTER_CUDA

#cat /proc/cpuinfo

module load cuda/12.9.0

export CUDA_VISIBLE_DEVICES=0
nvidia-smi -i ${CUDA_VISIBLE_DEVICES}

for ((POWERCAP=POWERCAP_START; POWERCAP<=POWERCAP_END; POWERCAP+=POWERCAP_STEP)); do
    if (( POWERCAP > POWERCAP_END )); then
        POWERCAP=${POWERCAP_END}
    fi

    echo "SETTING GPU POWERCAP TO GRAPHICS=${POWERCAP}"
    sudo /usr/bin/nvidia-smi --power-limit="${POWERCAP}"

    SUB_RESULT_DIR="${RESULT_DIR}/${POWERCAP}"
    mkdir -p "${SUB_RESULT_DIR}"

    NVLOG_FILE="${SUB_RESULT_DIR}/${POWERCAP}_powerlog.csv"
    FSLOG_FILE="${SUB_RESULT_DIR}/${POWERCAP}_pid-$$.fsout"

    echo "Nvidia Log: ${NVLOG_FILE}"
    echo "FIRESTARTER Log: ${FSLOG_FILE}"

    nvidia-smi -i "${CUDA_VISIBLE_DEVICES}" --loop-ms=100 --query-gpu=timestamp,power.draw,utilization.gpu --format=csv > "${NVLOG_FILE}" & POWER_PID=$!
    "${BINARY}" -n 1 -l 1 -t 60 --period 1000000 > "${FSLOG_FILE}"
    kill "${POWER_PID}"

    echo "End: `date`  / `date +%s`"
done

reset_powercap
Start: Mon May 11 02:26:13 PM CEST 2026  / 1778502373
########################################
Mon May 11 14:26:13 2026       
+-----------------------------------------------------------------------------------------+
| NVIDIA-SMI 595.71.05              Driver Version: 595.71.05      CUDA Version: 13.2     |
+-----------------------------------------+------------------------+----------------------+
| GPU  Name                 Persistence-M | Bus-Id          Disp.A | Volatile Uncorr. ECC |
| Fan  Temp   Perf          Pwr:Usage/Cap |           Memory-Usage | GPU-Util  Compute M. |
|                                         |                        |               MIG M. |
|=========================================+========================+======================|
|   0  NVIDIA H200                    On  |   00000000:A6:00.0 Off |                    0 |
| N/A   35C    P0             78W /  600W |       0MiB / 143771MiB |      0%      Default |
|                                         |                        |             Disabled |
+-----------------------------------------+------------------------+----------------------+

+-----------------------------------------------------------------------------------------+
| Processes:                                                                              |
|  GPU   GI   CI              PID   Type   Process name                        GPU Memory |
|        ID   ID                                                               Usage      |
|=========================================================================================|
|  No running processes found                                                             |
+-----------------------------------------------------------------------------------------+
SETTING GPU POWERCAP TO GRAPHICS=200
Power limit for GPU 00000000:A6:00.0 was set to 200.00 W from 600.00 W.
All done.
Nvidia Log: /home/hpc/unrz/unrz104h/Projects/CPU-GPU-Energy-Study/FIRESTARTER-H200-powercap/200/200_powerlog.csv
FIRESTARTER Log: /home/hpc/unrz/unrz104h/Projects/CPU-GPU-Energy-Study/FIRESTARTER-H200-powercap/200/200_pid-3556705.fsout
Warning: AMD Family 25, Model 17, Stepping 1 is not supported by this version of FIRESTARTER!
Check project website for updates.
Warning: Using function FUNC_SKL_XEONEP_AVX512_1T as fallback.
You can use the parameter --function to try other functions.
End: Mon May 11 02:27:28 PM CEST 2026  / 1778502448
SETTING GPU POWERCAP TO GRAPHICS=210
Power limit for GPU 00000000:A6:00.0 was set to 210.00 W from 200.00 W.
All done.
Nvidia Log: /home/hpc/unrz/unrz104h/Projects/CPU-GPU-Energy-Study/FIRESTARTER-H200-powercap/210/210_powerlog.csv
FIRESTARTER Log: /home/hpc/unrz/unrz104h/Projects/CPU-GPU-Energy-Study/FIRESTARTER-H200-powercap/210/210_pid-3556705.fsout
Warning: AMD Family 25, Model 17, Stepping 1 is not supported by this version of FIRESTARTER!
Check project website for updates.
Warning: Using function FUNC_SKL_XEONEP_AVX512_1T as fallback.
You can use the parameter --function to try other functions.
End: Mon May 11 02:28:43 PM CEST 2026  / 1778502523
SETTING GPU POWERCAP TO GRAPHICS=220
Power limit for GPU 00000000:A6:00.0 was set to 220.00 W from 210.00 W.
All done.
Nvidia Log: /home/hpc/unrz/unrz104h/Projects/CPU-GPU-Energy-Study/FIRESTARTER-H200-powercap/220/220_powerlog.csv
FIRESTARTER Log: /home/hpc/unrz/unrz104h/Projects/CPU-GPU-Energy-Study/FIRESTARTER-H200-powercap/220/220_pid-3556705.fsout
Warning: AMD Family 25, Model 17, Stepping 1 is not supported by this version of FIRESTARTER!
Check project website for updates.
Warning: Using function FUNC_SKL_XEONEP_AVX512_1T as fallback.
You can use the parameter --function to try other functions.
End: Mon May 11 02:29:49 PM CEST 2026  / 1778502589
SETTING GPU POWERCAP TO GRAPHICS=230
Power limit for GPU 00000000:A6:00.0 was set to 230.00 W from 220.00 W.
All done.
Nvidia Log: /home/hpc/unrz/unrz104h/Projects/CPU-GPU-Energy-Study/FIRESTARTER-H200-powercap/230/230_powerlog.csv
FIRESTARTER Log: /home/hpc/unrz/unrz104h/Projects/CPU-GPU-Energy-Study/FIRESTARTER-H200-powercap/230/230_pid-3556705.fsout
Warning: AMD Family 25, Model 17, Stepping 1 is not supported by this version of FIRESTARTER!
Check project website for updates.
Warning: Using function FUNC_SKL_XEONEP_AVX512_1T as fallback.
You can use the parameter --function to try other functions.
End: Mon May 11 02:30:54 PM CEST 2026  / 1778502654
SETTING GPU POWERCAP TO GRAPHICS=240
Power limit for GPU 00000000:A6:00.0 was set to 240.00 W from 230.00 W.
All done.
Nvidia Log: /home/hpc/unrz/unrz104h/Projects/CPU-GPU-Energy-Study/FIRESTARTER-H200-powercap/240/240_powerlog.csv
FIRESTARTER Log: /home/hpc/unrz/unrz104h/Projects/CPU-GPU-Energy-Study/FIRESTARTER-H200-powercap/240/240_pid-3556705.fsout
Warning: AMD Family 25, Model 17, Stepping 1 is not supported by this version of FIRESTARTER!
Check project website for updates.
Warning: Using function FUNC_SKL_XEONEP_AVX512_1T as fallback.
You can use the parameter --function to try other functions.
End: Mon May 11 02:31:57 PM CEST 2026  / 1778502717
SETTING GPU POWERCAP TO GRAPHICS=250
Power limit for GPU 00000000:A6:00.0 was set to 250.00 W from 240.00 W.
All done.
Nvidia Log: /home/hpc/unrz/unrz104h/Projects/CPU-GPU-Energy-Study/FIRESTARTER-H200-powercap/250/250_powerlog.csv
FIRESTARTER Log: /home/hpc/unrz/unrz104h/Projects/CPU-GPU-Energy-Study/FIRESTARTER-H200-powercap/250/250_pid-3556705.fsout
Warning: AMD Family 25, Model 17, Stepping 1 is not supported by this version of FIRESTARTER!
Check project website for updates.
Warning: Using function FUNC_SKL_XEONEP_AVX512_1T as fallback.
You can use the parameter --function to try other functions.
End: Mon May 11 02:33:40 PM CEST 2026  / 1778502820
SETTING GPU POWERCAP TO GRAPHICS=260
Power limit for GPU 00000000:A6:00.0 was set to 260.00 W from 250.00 W.
All done.
Nvidia Log: /home/hpc/unrz/unrz104h/Projects/CPU-GPU-Energy-Study/FIRESTARTER-H200-powercap/260/260_powerlog.csv
FIRESTARTER Log: /home/hpc/unrz/unrz104h/Projects/CPU-GPU-Energy-Study/FIRESTARTER-H200-powercap/260/260_pid-3556705.fsout
Warning: AMD Family 25, Model 17, Stepping 1 is not supported by this version of FIRESTARTER!
Check project website for updates.
Warning: Using function FUNC_SKL_XEONEP_AVX512_1T as fallback.
You can use the parameter --function to try other functions.
End: Mon May 11 02:35:28 PM CEST 2026  / 1778502928
SETTING GPU POWERCAP TO GRAPHICS=270
Power limit for GPU 00000000:A6:00.0 was set to 270.00 W from 260.00 W.
All done.
Nvidia Log: /home/hpc/unrz/unrz104h/Projects/CPU-GPU-Energy-Study/FIRESTARTER-H200-powercap/270/270_powerlog.csv
FIRESTARTER Log: /home/hpc/unrz/unrz104h/Projects/CPU-GPU-Energy-Study/FIRESTARTER-H200-powercap/270/270_pid-3556705.fsout
Warning: AMD Family 25, Model 17, Stepping 1 is not supported by this version of FIRESTARTER!
Check project website for updates.
Warning: Using function FUNC_SKL_XEONEP_AVX512_1T as fallback.
You can use the parameter --function to try other functions.
End: Mon May 11 02:37:30 PM CEST 2026  / 1778503050
SETTING GPU POWERCAP TO GRAPHICS=280
Power limit for GPU 00000000:A6:00.0 was set to 280.00 W from 270.00 W.
All done.
Nvidia Log: /home/hpc/unrz/unrz104h/Projects/CPU-GPU-Energy-Study/FIRESTARTER-H200-powercap/280/280_powerlog.csv
FIRESTARTER Log: /home/hpc/unrz/unrz104h/Projects/CPU-GPU-Energy-Study/FIRESTARTER-H200-powercap/280/280_pid-3556705.fsout
Warning: AMD Family 25, Model 17, Stepping 1 is not supported by this version of FIRESTARTER!
Check project website for updates.
Warning: Using function FUNC_SKL_XEONEP_AVX512_1T as fallback.
You can use the parameter --function to try other functions.
End: Mon May 11 02:38:57 PM CEST 2026  / 1778503137
SETTING GPU POWERCAP TO GRAPHICS=290
Power limit for GPU 00000000:A6:00.0 was set to 290.00 W from 280.00 W.
All done.
Nvidia Log: /home/hpc/unrz/unrz104h/Projects/CPU-GPU-Energy-Study/FIRESTARTER-H200-powercap/290/290_powerlog.csv
FIRESTARTER Log: /home/hpc/unrz/unrz104h/Projects/CPU-GPU-Energy-Study/FIRESTARTER-H200-powercap/290/290_pid-3556705.fsout
Warning: AMD Family 25, Model 17, Stepping 1 is not supported by this version of FIRESTARTER!
Check project website for updates.
Warning: Using function FUNC_SKL_XEONEP_AVX512_1T as fallback.
You can use the parameter --function to try other functions.
End: Mon May 11 02:40:21 PM CEST 2026  / 1778503221
SETTING GPU POWERCAP TO GRAPHICS=300
Power limit for GPU 00000000:A6:00.0 was set to 300.00 W from 290.00 W.
All done.
Nvidia Log: /home/hpc/unrz/unrz104h/Projects/CPU-GPU-Energy-Study/FIRESTARTER-H200-powercap/300/300_powerlog.csv
FIRESTARTER Log: /home/hpc/unrz/unrz104h/Projects/CPU-GPU-Energy-Study/FIRESTARTER-H200-powercap/300/300_pid-3556705.fsout
Warning: AMD Family 25, Model 17, Stepping 1 is not supported by this version of FIRESTARTER!
Check project website for updates.
Warning: Using function FUNC_SKL_XEONEP_AVX512_1T as fallback.
You can use the parameter --function to try other functions.
End: Mon May 11 02:42:02 PM CEST 2026  / 1778503322
SETTING GPU POWERCAP TO GRAPHICS=310
Power limit for GPU 00000000:A6:00.0 was set to 310.00 W from 300.00 W.
All done.
Nvidia Log: /home/hpc/unrz/unrz104h/Projects/CPU-GPU-Energy-Study/FIRESTARTER-H200-powercap/310/310_powerlog.csv
FIRESTARTER Log: /home/hpc/unrz/unrz104h/Projects/CPU-GPU-Energy-Study/FIRESTARTER-H200-powercap/310/310_pid-3556705.fsout
Warning: AMD Family 25, Model 17, Stepping 1 is not supported by this version of FIRESTARTER!
Check project website for updates.
Warning: Using function FUNC_SKL_XEONEP_AVX512_1T as fallback.
You can use the parameter --function to try other functions.
End: Mon May 11 02:43:20 PM CEST 2026  / 1778503400
SETTING GPU POWERCAP TO GRAPHICS=320
Power limit for GPU 00000000:A6:00.0 was set to 320.00 W from 310.00 W.
All done.
Nvidia Log: /home/hpc/unrz/unrz104h/Projects/CPU-GPU-Energy-Study/FIRESTARTER-H200-powercap/320/320_powerlog.csv
FIRESTARTER Log: /home/hpc/unrz/unrz104h/Projects/CPU-GPU-Energy-Study/FIRESTARTER-H200-powercap/320/320_pid-3556705.fsout
Warning: AMD Family 25, Model 17, Stepping 1 is not supported by this version of FIRESTARTER!
Check project website for updates.
Warning: Using function FUNC_SKL_XEONEP_AVX512_1T as fallback.
You can use the parameter --function to try other functions.
End: Mon May 11 02:44:44 PM CEST 2026  / 1778503484
SETTING GPU POWERCAP TO GRAPHICS=330
Power limit for GPU 00000000:A6:00.0 was set to 330.00 W from 320.00 W.
All done.
Nvidia Log: /home/hpc/unrz/unrz104h/Projects/CPU-GPU-Energy-Study/FIRESTARTER-H200-powercap/330/330_powerlog.csv
FIRESTARTER Log: /home/hpc/unrz/unrz104h/Projects/CPU-GPU-Energy-Study/FIRESTARTER-H200-powercap/330/330_pid-3556705.fsout
Warning: AMD Family 25, Model 17, Stepping 1 is not supported by this version of FIRESTARTER!
Check project website for updates.
Warning: Using function FUNC_SKL_XEONEP_AVX512_1T as fallback.
You can use the parameter --function to try other functions.
End: Mon May 11 02:46:08 PM CEST 2026  / 1778503568
SETTING GPU POWERCAP TO GRAPHICS=340
Power limit for GPU 00000000:A6:00.0 was set to 340.00 W from 330.00 W.
All done.
Nvidia Log: /home/hpc/unrz/unrz104h/Projects/CPU-GPU-Energy-Study/FIRESTARTER-H200-powercap/340/340_powerlog.csv
FIRESTARTER Log: /home/hpc/unrz/unrz104h/Projects/CPU-GPU-Energy-Study/FIRESTARTER-H200-powercap/340/340_pid-3556705.fsout
Warning: AMD Family 25, Model 17, Stepping 1 is not supported by this version of FIRESTARTER!
Check project website for updates.
Warning: Using function FUNC_SKL_XEONEP_AVX512_1T as fallback.
You can use the parameter --function to try other functions.
End: Mon May 11 02:47:20 PM CEST 2026  / 1778503640
SETTING GPU POWERCAP TO GRAPHICS=350
Power limit for GPU 00000000:A6:00.0 was set to 350.00 W from 340.00 W.
All done.
Nvidia Log: /home/hpc/unrz/unrz104h/Projects/CPU-GPU-Energy-Study/FIRESTARTER-H200-powercap/350/350_powerlog.csv
FIRESTARTER Log: /home/hpc/unrz/unrz104h/Projects/CPU-GPU-Energy-Study/FIRESTARTER-H200-powercap/350/350_pid-3556705.fsout
Warning: AMD Family 25, Model 17, Stepping 1 is not supported by this version of FIRESTARTER!
Check project website for updates.
Warning: Using function FUNC_SKL_XEONEP_AVX512_1T as fallback.
You can use the parameter --function to try other functions.
End: Mon May 11 02:48:25 PM CEST 2026  / 1778503705
SETTING GPU POWERCAP TO GRAPHICS=360
Power limit for GPU 00000000:A6:00.0 was set to 360.00 W from 350.00 W.
All done.
Nvidia Log: /home/hpc/unrz/unrz104h/Projects/CPU-GPU-Energy-Study/FIRESTARTER-H200-powercap/360/360_powerlog.csv
FIRESTARTER Log: /home/hpc/unrz/unrz104h/Projects/CPU-GPU-Energy-Study/FIRESTARTER-H200-powercap/360/360_pid-3556705.fsout
Warning: AMD Family 25, Model 17, Stepping 1 is not supported by this version of FIRESTARTER!
Check project website for updates.
Warning: Using function FUNC_SKL_XEONEP_AVX512_1T as fallback.
You can use the parameter --function to try other functions.
End: Mon May 11 02:49:38 PM CEST 2026  / 1778503778
SETTING GPU POWERCAP TO GRAPHICS=370
Power limit for GPU 00000000:A6:00.0 was set to 370.00 W from 360.00 W.
All done.
Nvidia Log: /home/hpc/unrz/unrz104h/Projects/CPU-GPU-Energy-Study/FIRESTARTER-H200-powercap/370/370_powerlog.csv
FIRESTARTER Log: /home/hpc/unrz/unrz104h/Projects/CPU-GPU-Energy-Study/FIRESTARTER-H200-powercap/370/370_pid-3556705.fsout
Warning: AMD Family 25, Model 17, Stepping 1 is not supported by this version of FIRESTARTER!
Check project website for updates.
Warning: Using function FUNC_SKL_XEONEP_AVX512_1T as fallback.
You can use the parameter --function to try other functions.
End: Mon May 11 02:50:50 PM CEST 2026  / 1778503850
SETTING GPU POWERCAP TO GRAPHICS=380
Power limit for GPU 00000000:A6:00.0 was set to 380.00 W from 370.00 W.
All done.
Nvidia Log: /home/hpc/unrz/unrz104h/Projects/CPU-GPU-Energy-Study/FIRESTARTER-H200-powercap/380/380_powerlog.csv
FIRESTARTER Log: /home/hpc/unrz/unrz104h/Projects/CPU-GPU-Energy-Study/FIRESTARTER-H200-powercap/380/380_pid-3556705.fsout
Warning: AMD Family 25, Model 17, Stepping 1 is not supported by this version of FIRESTARTER!
Check project website for updates.
Warning: Using function FUNC_SKL_XEONEP_AVX512_1T as fallback.
You can use the parameter --function to try other functions.
End: Mon May 11 02:52:00 PM CEST 2026  / 1778503920
SETTING GPU POWERCAP TO GRAPHICS=390
Power limit for GPU 00000000:A6:00.0 was set to 390.00 W from 380.00 W.
All done.
Nvidia Log: /home/hpc/unrz/unrz104h/Projects/CPU-GPU-Energy-Study/FIRESTARTER-H200-powercap/390/390_powerlog.csv
FIRESTARTER Log: /home/hpc/unrz/unrz104h/Projects/CPU-GPU-Energy-Study/FIRESTARTER-H200-powercap/390/390_pid-3556705.fsout
Warning: AMD Family 25, Model 17, Stepping 1 is not supported by this version of FIRESTARTER!
Check project website for updates.
Warning: Using function FUNC_SKL_XEONEP_AVX512_1T as fallback.
You can use the parameter --function to try other functions.
End: Mon May 11 02:53:05 PM CEST 2026  / 1778503985
SETTING GPU POWERCAP TO GRAPHICS=400
Power limit for GPU 00000000:A6:00.0 was set to 400.00 W from 390.00 W.
All done.
Nvidia Log: /home/hpc/unrz/unrz104h/Projects/CPU-GPU-Energy-Study/FIRESTARTER-H200-powercap/400/400_powerlog.csv
FIRESTARTER Log: /home/hpc/unrz/unrz104h/Projects/CPU-GPU-Energy-Study/FIRESTARTER-H200-powercap/400/400_pid-3556705.fsout
Warning: AMD Family 25, Model 17, Stepping 1 is not supported by this version of FIRESTARTER!
Check project website for updates.
Warning: Using function FUNC_SKL_XEONEP_AVX512_1T as fallback.
You can use the parameter --function to try other functions.
End: Mon May 11 02:54:13 PM CEST 2026  / 1778504053
SETTING GPU POWERCAP TO GRAPHICS=410
Power limit for GPU 00000000:A6:00.0 was set to 410.00 W from 400.00 W.
All done.
Nvidia Log: /home/hpc/unrz/unrz104h/Projects/CPU-GPU-Energy-Study/FIRESTARTER-H200-powercap/410/410_powerlog.csv
FIRESTARTER Log: /home/hpc/unrz/unrz104h/Projects/CPU-GPU-Energy-Study/FIRESTARTER-H200-powercap/410/410_pid-3556705.fsout
Warning: AMD Family 25, Model 17, Stepping 1 is not supported by this version of FIRESTARTER!
Check project website for updates.
Warning: Using function FUNC_SKL_XEONEP_AVX512_1T as fallback.
You can use the parameter --function to try other functions.
End: Mon May 11 02:55:16 PM CEST 2026  / 1778504116
SETTING GPU POWERCAP TO GRAPHICS=420
Power limit for GPU 00000000:A6:00.0 was set to 420.00 W from 410.00 W.
All done.
Nvidia Log: /home/hpc/unrz/unrz104h/Projects/CPU-GPU-Energy-Study/FIRESTARTER-H200-powercap/420/420_powerlog.csv
FIRESTARTER Log: /home/hpc/unrz/unrz104h/Projects/CPU-GPU-Energy-Study/FIRESTARTER-H200-powercap/420/420_pid-3556705.fsout
Warning: AMD Family 25, Model 17, Stepping 1 is not supported by this version of FIRESTARTER!
Check project website for updates.
Warning: Using function FUNC_SKL_XEONEP_AVX512_1T as fallback.
You can use the parameter --function to try other functions.
End: Mon May 11 02:56:42 PM CEST 2026  / 1778504202
SETTING GPU POWERCAP TO GRAPHICS=430
Power limit for GPU 00000000:A6:00.0 was set to 430.00 W from 420.00 W.
All done.
Nvidia Log: /home/hpc/unrz/unrz104h/Projects/CPU-GPU-Energy-Study/FIRESTARTER-H200-powercap/430/430_powerlog.csv
FIRESTARTER Log: /home/hpc/unrz/unrz104h/Projects/CPU-GPU-Energy-Study/FIRESTARTER-H200-powercap/430/430_pid-3556705.fsout
Warning: AMD Family 25, Model 17, Stepping 1 is not supported by this version of FIRESTARTER!
Check project website for updates.
Warning: Using function FUNC_SKL_XEONEP_AVX512_1T as fallback.
You can use the parameter --function to try other functions.
End: Mon May 11 02:58:07 PM CEST 2026  / 1778504287
SETTING GPU POWERCAP TO GRAPHICS=440
Power limit for GPU 00000000:A6:00.0 was set to 440.00 W from 430.00 W.
All done.
Nvidia Log: /home/hpc/unrz/unrz104h/Projects/CPU-GPU-Energy-Study/FIRESTARTER-H200-powercap/440/440_powerlog.csv
FIRESTARTER Log: /home/hpc/unrz/unrz104h/Projects/CPU-GPU-Energy-Study/FIRESTARTER-H200-powercap/440/440_pid-3556705.fsout
Warning: AMD Family 25, Model 17, Stepping 1 is not supported by this version of FIRESTARTER!
Check project website for updates.
Warning: Using function FUNC_SKL_XEONEP_AVX512_1T as fallback.
You can use the parameter --function to try other functions.
End: Mon May 11 02:59:32 PM CEST 2026  / 1778504372
SETTING GPU POWERCAP TO GRAPHICS=450
Power limit for GPU 00000000:A6:00.0 was set to 450.00 W from 440.00 W.
All done.
Nvidia Log: /home/hpc/unrz/unrz104h/Projects/CPU-GPU-Energy-Study/FIRESTARTER-H200-powercap/450/450_powerlog.csv
FIRESTARTER Log: /home/hpc/unrz/unrz104h/Projects/CPU-GPU-Energy-Study/FIRESTARTER-H200-powercap/450/450_pid-3556705.fsout
Warning: AMD Family 25, Model 17, Stepping 1 is not supported by this version of FIRESTARTER!
Check project website for updates.
Warning: Using function FUNC_SKL_XEONEP_AVX512_1T as fallback.
You can use the parameter --function to try other functions.
End: Mon May 11 03:00:54 PM CEST 2026  / 1778504454
SETTING GPU POWERCAP TO GRAPHICS=460
Power limit for GPU 00000000:A6:00.0 was set to 460.00 W from 450.00 W.
All done.
Nvidia Log: /home/hpc/unrz/unrz104h/Projects/CPU-GPU-Energy-Study/FIRESTARTER-H200-powercap/460/460_powerlog.csv
FIRESTARTER Log: /home/hpc/unrz/unrz104h/Projects/CPU-GPU-Energy-Study/FIRESTARTER-H200-powercap/460/460_pid-3556705.fsout
Warning: AMD Family 25, Model 17, Stepping 1 is not supported by this version of FIRESTARTER!
Check project website for updates.
Warning: Using function FUNC_SKL_XEONEP_AVX512_1T as fallback.
You can use the parameter --function to try other functions.
End: Mon May 11 03:02:14 PM CEST 2026  / 1778504534
SETTING GPU POWERCAP TO GRAPHICS=470
Power limit for GPU 00000000:A6:00.0 was set to 470.00 W from 460.00 W.
All done.
Nvidia Log: /home/hpc/unrz/unrz104h/Projects/CPU-GPU-Energy-Study/FIRESTARTER-H200-powercap/470/470_powerlog.csv
FIRESTARTER Log: /home/hpc/unrz/unrz104h/Projects/CPU-GPU-Energy-Study/FIRESTARTER-H200-powercap/470/470_pid-3556705.fsout
Warning: AMD Family 25, Model 17, Stepping 1 is not supported by this version of FIRESTARTER!
Check project website for updates.
Warning: Using function FUNC_SKL_XEONEP_AVX512_1T as fallback.
You can use the parameter --function to try other functions.
End: Mon May 11 03:03:31 PM CEST 2026  / 1778504611
SETTING GPU POWERCAP TO GRAPHICS=480
Power limit for GPU 00000000:A6:00.0 was set to 480.00 W from 470.00 W.
All done.
Nvidia Log: /home/hpc/unrz/unrz104h/Projects/CPU-GPU-Energy-Study/FIRESTARTER-H200-powercap/480/480_powerlog.csv
FIRESTARTER Log: /home/hpc/unrz/unrz104h/Projects/CPU-GPU-Energy-Study/FIRESTARTER-H200-powercap/480/480_pid-3556705.fsout
Warning: AMD Family 25, Model 17, Stepping 1 is not supported by this version of FIRESTARTER!
Check project website for updates.
Warning: Using function FUNC_SKL_XEONEP_AVX512_1T as fallback.
You can use the parameter --function to try other functions.
End: Mon May 11 03:04:47 PM CEST 2026  / 1778504687
SETTING GPU POWERCAP TO GRAPHICS=490
Power limit for GPU 00000000:A6:00.0 was set to 490.00 W from 480.00 W.
All done.
Nvidia Log: /home/hpc/unrz/unrz104h/Projects/CPU-GPU-Energy-Study/FIRESTARTER-H200-powercap/490/490_powerlog.csv
FIRESTARTER Log: /home/hpc/unrz/unrz104h/Projects/CPU-GPU-Energy-Study/FIRESTARTER-H200-powercap/490/490_pid-3556705.fsout
Warning: AMD Family 25, Model 17, Stepping 1 is not supported by this version of FIRESTARTER!
Check project website for updates.
Warning: Using function FUNC_SKL_XEONEP_AVX512_1T as fallback.
You can use the parameter --function to try other functions.
End: Mon May 11 03:06:02 PM CEST 2026  / 1778504762
SETTING GPU POWERCAP TO GRAPHICS=500
Power limit for GPU 00000000:A6:00.0 was set to 500.00 W from 490.00 W.
All done.
Nvidia Log: /home/hpc/unrz/unrz104h/Projects/CPU-GPU-Energy-Study/FIRESTARTER-H200-powercap/500/500_powerlog.csv
FIRESTARTER Log: /home/hpc/unrz/unrz104h/Projects/CPU-GPU-Energy-Study/FIRESTARTER-H200-powercap/500/500_pid-3556705.fsout
Warning: AMD Family 25, Model 17, Stepping 1 is not supported by this version of FIRESTARTER!
Check project website for updates.
Warning: Using function FUNC_SKL_XEONEP_AVX512_1T as fallback.
You can use the parameter --function to try other functions.
End: Mon May 11 03:07:17 PM CEST 2026  / 1778504837
SETTING GPU POWERCAP TO GRAPHICS=510
Power limit for GPU 00000000:A6:00.0 was set to 510.00 W from 500.00 W.
All done.
Nvidia Log: /home/hpc/unrz/unrz104h/Projects/CPU-GPU-Energy-Study/FIRESTARTER-H200-powercap/510/510_powerlog.csv
FIRESTARTER Log: /home/hpc/unrz/unrz104h/Projects/CPU-GPU-Energy-Study/FIRESTARTER-H200-powercap/510/510_pid-3556705.fsout
Warning: AMD Family 25, Model 17, Stepping 1 is not supported by this version of FIRESTARTER!
Check project website for updates.
Warning: Using function FUNC_SKL_XEONEP_AVX512_1T as fallback.
You can use the parameter --function to try other functions.
End: Mon May 11 03:08:31 PM CEST 2026  / 1778504911
SETTING GPU POWERCAP TO GRAPHICS=520
Power limit for GPU 00000000:A6:00.0 was set to 520.00 W from 510.00 W.
All done.
Nvidia Log: /home/hpc/unrz/unrz104h/Projects/CPU-GPU-Energy-Study/FIRESTARTER-H200-powercap/520/520_powerlog.csv
FIRESTARTER Log: /home/hpc/unrz/unrz104h/Projects/CPU-GPU-Energy-Study/FIRESTARTER-H200-powercap/520/520_pid-3556705.fsout
Warning: AMD Family 25, Model 17, Stepping 1 is not supported by this version of FIRESTARTER!
Check project website for updates.
Warning: Using function FUNC_SKL_XEONEP_AVX512_1T as fallback.
You can use the parameter --function to try other functions.
End: Mon May 11 03:09:42 PM CEST 2026  / 1778504982
SETTING GPU POWERCAP TO GRAPHICS=530
Power limit for GPU 00000000:A6:00.0 was set to 530.00 W from 520.00 W.
All done.
Nvidia Log: /home/hpc/unrz/unrz104h/Projects/CPU-GPU-Energy-Study/FIRESTARTER-H200-powercap/530/530_powerlog.csv
FIRESTARTER Log: /home/hpc/unrz/unrz104h/Projects/CPU-GPU-Energy-Study/FIRESTARTER-H200-powercap/530/530_pid-3556705.fsout
Warning: AMD Family 25, Model 17, Stepping 1 is not supported by this version of FIRESTARTER!
Check project website for updates.
Warning: Using function FUNC_SKL_XEONEP_AVX512_1T as fallback.
You can use the parameter --function to try other functions.
End: Mon May 11 03:10:52 PM CEST 2026  / 1778505052
SETTING GPU POWERCAP TO GRAPHICS=540
Power limit for GPU 00000000:A6:00.0 was set to 540.00 W from 530.00 W.
All done.
Nvidia Log: /home/hpc/unrz/unrz104h/Projects/CPU-GPU-Energy-Study/FIRESTARTER-H200-powercap/540/540_powerlog.csv
FIRESTARTER Log: /home/hpc/unrz/unrz104h/Projects/CPU-GPU-Energy-Study/FIRESTARTER-H200-powercap/540/540_pid-3556705.fsout
Warning: AMD Family 25, Model 17, Stepping 1 is not supported by this version of FIRESTARTER!
Check project website for updates.
Warning: Using function FUNC_SKL_XEONEP_AVX512_1T as fallback.
You can use the parameter --function to try other functions.
End: Mon May 11 03:12:01 PM CEST 2026  / 1778505121
SETTING GPU POWERCAP TO GRAPHICS=550
Power limit for GPU 00000000:A6:00.0 was set to 550.00 W from 540.00 W.
All done.
Nvidia Log: /home/hpc/unrz/unrz104h/Projects/CPU-GPU-Energy-Study/FIRESTARTER-H200-powercap/550/550_powerlog.csv
FIRESTARTER Log: /home/hpc/unrz/unrz104h/Projects/CPU-GPU-Energy-Study/FIRESTARTER-H200-powercap/550/550_pid-3556705.fsout
Warning: AMD Family 25, Model 17, Stepping 1 is not supported by this version of FIRESTARTER!
Check project website for updates.
Warning: Using function FUNC_SKL_XEONEP_AVX512_1T as fallback.
You can use the parameter --function to try other functions.
End: Mon May 11 03:13:10 PM CEST 2026  / 1778505190
SETTING GPU POWERCAP TO GRAPHICS=560
Power limit for GPU 00000000:A6:00.0 was set to 560.00 W from 550.00 W.
All done.
Nvidia Log: /home/hpc/unrz/unrz104h/Projects/CPU-GPU-Energy-Study/FIRESTARTER-H200-powercap/560/560_powerlog.csv
FIRESTARTER Log: /home/hpc/unrz/unrz104h/Projects/CPU-GPU-Energy-Study/FIRESTARTER-H200-powercap/560/560_pid-3556705.fsout
Warning: AMD Family 25, Model 17, Stepping 1 is not supported by this version of FIRESTARTER!
Check project website for updates.
Warning: Using function FUNC_SKL_XEONEP_AVX512_1T as fallback.
You can use the parameter --function to try other functions.
End: Mon May 11 03:14:18 PM CEST 2026  / 1778505258
SETTING GPU POWERCAP TO GRAPHICS=570
Power limit for GPU 00000000:A6:00.0 was set to 570.00 W from 560.00 W.
All done.
Nvidia Log: /home/hpc/unrz/unrz104h/Projects/CPU-GPU-Energy-Study/FIRESTARTER-H200-powercap/570/570_powerlog.csv
FIRESTARTER Log: /home/hpc/unrz/unrz104h/Projects/CPU-GPU-Energy-Study/FIRESTARTER-H200-powercap/570/570_pid-3556705.fsout
Warning: AMD Family 25, Model 17, Stepping 1 is not supported by this version of FIRESTARTER!
Check project website for updates.
Warning: Using function FUNC_SKL_XEONEP_AVX512_1T as fallback.
You can use the parameter --function to try other functions.
End: Mon May 11 03:15:26 PM CEST 2026  / 1778505326
SETTING GPU POWERCAP TO GRAPHICS=580
Power limit for GPU 00000000:A6:00.0 was set to 580.00 W from 570.00 W.
All done.
Nvidia Log: /home/hpc/unrz/unrz104h/Projects/CPU-GPU-Energy-Study/FIRESTARTER-H200-powercap/580/580_powerlog.csv
FIRESTARTER Log: /home/hpc/unrz/unrz104h/Projects/CPU-GPU-Energy-Study/FIRESTARTER-H200-powercap/580/580_pid-3556705.fsout
Warning: AMD Family 25, Model 17, Stepping 1 is not supported by this version of FIRESTARTER!
Check project website for updates.
Warning: Using function FUNC_SKL_XEONEP_AVX512_1T as fallback.
You can use the parameter --function to try other functions.
End: Mon May 11 03:16:32 PM CEST 2026  / 1778505392
SETTING GPU POWERCAP TO GRAPHICS=590
Power limit for GPU 00000000:A6:00.0 was set to 590.00 W from 580.00 W.
All done.
Nvidia Log: /home/hpc/unrz/unrz104h/Projects/CPU-GPU-Energy-Study/FIRESTARTER-H200-powercap/590/590_powerlog.csv
FIRESTARTER Log: /home/hpc/unrz/unrz104h/Projects/CPU-GPU-Energy-Study/FIRESTARTER-H200-powercap/590/590_pid-3556705.fsout
Warning: AMD Family 25, Model 17, Stepping 1 is not supported by this version of FIRESTARTER!
Check project website for updates.
Warning: Using function FUNC_SKL_XEONEP_AVX512_1T as fallback.
You can use the parameter --function to try other functions.
End: Mon May 11 03:17:38 PM CEST 2026  / 1778505458
SETTING GPU POWERCAP TO GRAPHICS=600
Power limit for GPU 00000000:A6:00.0 was set to 600.00 W from 590.00 W.
All done.
Nvidia Log: /home/hpc/unrz/unrz104h/Projects/CPU-GPU-Energy-Study/FIRESTARTER-H200-powercap/600/600_powerlog.csv
FIRESTARTER Log: /home/hpc/unrz/unrz104h/Projects/CPU-GPU-Energy-Study/FIRESTARTER-H200-powercap/600/600_pid-3556705.fsout
Warning: AMD Family 25, Model 17, Stepping 1 is not supported by this version of FIRESTARTER!
Check project website for updates.
Warning: Using function FUNC_SKL_XEONEP_AVX512_1T as fallback.
You can use the parameter --function to try other functions.
End: Mon May 11 03:18:44 PM CEST 2026  / 1778505524
SETTING GPU POWERCAP TO GRAPHICS=610
Power limit for GPU 00000000:A6:00.0 was set to 610.00 W from 600.00 W.
All done.
Nvidia Log: /home/hpc/unrz/unrz104h/Projects/CPU-GPU-Energy-Study/FIRESTARTER-H200-powercap/610/610_powerlog.csv
FIRESTARTER Log: /home/hpc/unrz/unrz104h/Projects/CPU-GPU-Energy-Study/FIRESTARTER-H200-powercap/610/610_pid-3556705.fsout
Warning: AMD Family 25, Model 17, Stepping 1 is not supported by this version of FIRESTARTER!
Check project website for updates.
Warning: Using function FUNC_SKL_XEONEP_AVX512_1T as fallback.
You can use the parameter --function to try other functions.
End: Mon May 11 03:19:49 PM CEST 2026  / 1778505589
SETTING GPU POWERCAP TO GRAPHICS=620
Power limit for GPU 00000000:A6:00.0 was set to 620.00 W from 610.00 W.
All done.
Nvidia Log: /home/hpc/unrz/unrz104h/Projects/CPU-GPU-Energy-Study/FIRESTARTER-H200-powercap/620/620_powerlog.csv
FIRESTARTER Log: /home/hpc/unrz/unrz104h/Projects/CPU-GPU-Energy-Study/FIRESTARTER-H200-powercap/620/620_pid-3556705.fsout
Warning: AMD Family 25, Model 17, Stepping 1 is not supported by this version of FIRESTARTER!
Check project website for updates.
Warning: Using function FUNC_SKL_XEONEP_AVX512_1T as fallback.
You can use the parameter --function to try other functions.
End: Mon May 11 03:20:54 PM CEST 2026  / 1778505654
SETTING GPU POWERCAP TO GRAPHICS=630
Power limit for GPU 00000000:A6:00.0 was set to 630.00 W from 620.00 W.
All done.
Nvidia Log: /home/hpc/unrz/unrz104h/Projects/CPU-GPU-Energy-Study/FIRESTARTER-H200-powercap/630/630_powerlog.csv
FIRESTARTER Log: /home/hpc/unrz/unrz104h/Projects/CPU-GPU-Energy-Study/FIRESTARTER-H200-powercap/630/630_pid-3556705.fsout
Warning: AMD Family 25, Model 17, Stepping 1 is not supported by this version of FIRESTARTER!
Check project website for updates.
Warning: Using function FUNC_SKL_XEONEP_AVX512_1T as fallback.
You can use the parameter --function to try other functions.
End: Mon May 11 03:21:59 PM CEST 2026  / 1778505719
SETTING GPU POWERCAP TO GRAPHICS=640
Power limit for GPU 00000000:A6:00.0 was set to 640.00 W from 630.00 W.
All done.
Nvidia Log: /home/hpc/unrz/unrz104h/Projects/CPU-GPU-Energy-Study/FIRESTARTER-H200-powercap/640/640_powerlog.csv
FIRESTARTER Log: /home/hpc/unrz/unrz104h/Projects/CPU-GPU-Energy-Study/FIRESTARTER-H200-powercap/640/640_pid-3556705.fsout
Warning: AMD Family 25, Model 17, Stepping 1 is not supported by this version of FIRESTARTER!
Check project website for updates.
Warning: Using function FUNC_SKL_XEONEP_AVX512_1T as fallback.
You can use the parameter --function to try other functions.
End: Mon May 11 03:23:03 PM CEST 2026  / 1778505783
SETTING GPU POWERCAP TO GRAPHICS=650
Power limit for GPU 00000000:A6:00.0 was set to 650.00 W from 640.00 W.
All done.
Nvidia Log: /home/hpc/unrz/unrz104h/Projects/CPU-GPU-Energy-Study/FIRESTARTER-H200-powercap/650/650_powerlog.csv
FIRESTARTER Log: /home/hpc/unrz/unrz104h/Projects/CPU-GPU-Energy-Study/FIRESTARTER-H200-powercap/650/650_pid-3556705.fsout
Warning: AMD Family 25, Model 17, Stepping 1 is not supported by this version of FIRESTARTER!
Check project website for updates.
Warning: Using function FUNC_SKL_XEONEP_AVX512_1T as fallback.
You can use the parameter --function to try other functions.
End: Mon May 11 03:24:07 PM CEST 2026  / 1778505847
SETTING GPU POWERCAP TO GRAPHICS=660
Power limit for GPU 00000000:A6:00.0 was set to 660.00 W from 650.00 W.
All done.
Nvidia Log: /home/hpc/unrz/unrz104h/Projects/CPU-GPU-Energy-Study/FIRESTARTER-H200-powercap/660/660_powerlog.csv
FIRESTARTER Log: /home/hpc/unrz/unrz104h/Projects/CPU-GPU-Energy-Study/FIRESTARTER-H200-powercap/660/660_pid-3556705.fsout
Warning: AMD Family 25, Model 17, Stepping 1 is not supported by this version of FIRESTARTER!
Check project website for updates.
Warning: Using function FUNC_SKL_XEONEP_AVX512_1T as fallback.
You can use the parameter --function to try other functions.
End: Mon May 11 03:25:11 PM CEST 2026  / 1778505911
SETTING GPU POWERCAP TO GRAPHICS=670
Power limit for GPU 00000000:A6:00.0 was set to 670.00 W from 660.00 W.
All done.
Nvidia Log: /home/hpc/unrz/unrz104h/Projects/CPU-GPU-Energy-Study/FIRESTARTER-H200-powercap/670/670_powerlog.csv
FIRESTARTER Log: /home/hpc/unrz/unrz104h/Projects/CPU-GPU-Energy-Study/FIRESTARTER-H200-powercap/670/670_pid-3556705.fsout
Warning: AMD Family 25, Model 17, Stepping 1 is not supported by this version of FIRESTARTER!
Check project website for updates.
Warning: Using function FUNC_SKL_XEONEP_AVX512_1T as fallback.
You can use the parameter --function to try other functions.
End: Mon May 11 03:26:14 PM CEST 2026  / 1778505974
SETTING GPU POWERCAP TO GRAPHICS=680
Power limit for GPU 00000000:A6:00.0 was set to 680.00 W from 670.00 W.
All done.
Nvidia Log: /home/hpc/unrz/unrz104h/Projects/CPU-GPU-Energy-Study/FIRESTARTER-H200-powercap/680/680_powerlog.csv
FIRESTARTER Log: /home/hpc/unrz/unrz104h/Projects/CPU-GPU-Energy-Study/FIRESTARTER-H200-powercap/680/680_pid-3556705.fsout
Warning: AMD Family 25, Model 17, Stepping 1 is not supported by this version of FIRESTARTER!
Check project website for updates.
Warning: Using function FUNC_SKL_XEONEP_AVX512_1T as fallback.
You can use the parameter --function to try other functions.
End: Mon May 11 03:27:16 PM CEST 2026  / 1778506036
SETTING GPU POWERCAP TO GRAPHICS=690
Power limit for GPU 00000000:A6:00.0 was set to 690.00 W from 680.00 W.
All done.
Nvidia Log: /home/hpc/unrz/unrz104h/Projects/CPU-GPU-Energy-Study/FIRESTARTER-H200-powercap/690/690_powerlog.csv
FIRESTARTER Log: /home/hpc/unrz/unrz104h/Projects/CPU-GPU-Energy-Study/FIRESTARTER-H200-powercap/690/690_pid-3556705.fsout
Warning: AMD Family 25, Model 17, Stepping 1 is not supported by this version of FIRESTARTER!
Check project website for updates.
Warning: Using function FUNC_SKL_XEONEP_AVX512_1T as fallback.
You can use the parameter --function to try other functions.
End: Mon May 11 03:28:38 PM CEST 2026  / 1778506118
SETTING GPU POWERCAP TO GRAPHICS=700
Power limit for GPU 00000000:A6:00.0 was set to 700.00 W from 690.00 W.
All done.
Nvidia Log: /home/hpc/unrz/unrz104h/Projects/CPU-GPU-Energy-Study/FIRESTARTER-H200-powercap/700/700_powerlog.csv
FIRESTARTER Log: /home/hpc/unrz/unrz104h/Projects/CPU-GPU-Energy-Study/FIRESTARTER-H200-powercap/700/700_pid-3556705.fsout
Warning: AMD Family 25, Model 17, Stepping 1 is not supported by this version of FIRESTARTER!
Check project website for updates.
Warning: Using function FUNC_SKL_XEONEP_AVX512_1T as fallback.
You can use the parameter --function to try other functions.
End: Mon May 11 03:29:59 PM CEST 2026  / 1778506199
Resetting clocks...
Power limit for GPU 00000000:A6:00.0 was set to 500.00 W from 700.00 W.
All done.
Done!
