Group: 1
+-----------------------+---------+---------------+---------------+---------------+---------------+---------------+---------------+---------------+---------------+---------------+---------------+---------------+---------------+---------------+---------------+---------------+---------------+---------------+---------------+
|         Event         | Counter |   f0404:0:0   |   f0404:1:1   |   f0404:2:2   |   f0404:3:3   |   f0404:4:4   |   f0404:5:5   |   f0404:6:6   |   f0404:7:7   |   f0404:8:8   |   f0404:9:9   |  f0404:10:10  |  f0404:11:11  |  f0404:12:12  |  f0404:13:13  |  f0404:14:14  |  f0404:15:15  |  f0404:16:16  |  f0404:17:17  |
+-----------------------+---------+---------------+---------------+---------------+---------------+---------------+---------------+---------------+---------------+---------------+---------------+---------------+---------------+---------------+---------------+---------------+---------------+---------------+---------------+
|   INSTR_RETIRED_ANY   |  FIXC0  | 2221816271978 | 2215732824678 | 2205018888908 | 2172397060214 | 2122675797230 | 2102930540979 | 2073262913434 | 2078418611576 | 2077813377422 | 2075998849408 | 2075586407935 | 2097502992601 | 2127787449308 | 2187777570994 | 2203455109661 | 2200005154010 | 2172260629476 | 2165163030954 |
| CPU_CLK_UNHALTED_CORE |  FIXC1  | 1224202950132 | 1226431340600 | 1226721166981 | 1226531286641 | 1226674722212 | 1226683976724 | 1226713515894 | 1226540602889 | 1226691788197 | 1226852065727 | 1226199807860 | 1226766023582 | 1224556961046 | 1226738481542 | 1226560333050 | 1226706390193 | 1226808634889 | 1226837911200 |
|  CPU_CLK_UNHALTED_REF |  FIXC2  | 1399090872672 | 1401637007232 | 1401969053376 | 1401752932416 | 1401915541632 | 1401924732960 | 1401958557792 | 1401760822752 | 1401935689536 | 1402118292288 | 1401369929472 | 1402020080832 | 1399494590688 | 1401988526208 | 1401785326272 | 1401950978784 | 1402067600160 | 1402100821536 |
|     TOPDOWN_SLOTS     |  FIXC3  | 6121014750660 | 6132156703000 | 6133605834905 | 6132656433205 | 6133373611060 | 6133419883620 | 6133567579470 | 6132703014445 | 6133458940985 | 6134260328635 | 6130999039300 | 6133830117910 | 6122784805230 | 6133692407710 | 6132801665250 | 6133531950965 | 6134043174445 | 6134189556000 |
|       TEMP_CORE       |   TMP0  |            37 |            39 |            39 |            38 |            37 |            39 |            40 |            40 |            39 |            34 |            37 |            37 |            38 |            36 |            38 |            36 |            37 |            36 |
|     PWR_PKG_ENERGY    |   PWR0  |    73715.2849 |             0 |             0 |             0 |             0 |             0 |             0 |             0 |             0 |             0 |             0 |             0 |             0 |             0 |             0 |             0 |             0 |             0 |
|     PWR_PP0_ENERGY    |   PWR1  |             0 |             0 |             0 |             0 |             0 |             0 |             0 |             0 |             0 |             0 |             0 |             0 |             0 |             0 |             0 |             0 |             0 |             0 |
|    PWR_DRAM_ENERGY    |   PWR3  |     4923.9704 |             0 |             0 |             0 |             0 |             0 |             0 |             0 |             0 |             0 |             0 |             0 |             0 |             0 |             0 |             0 |             0 |             0 |
|  PWR_PLATFORM_ENERGY  |   PWR4  |             0 |             0 |             0 |             0 |             0 |             0 |             0 |             0 |             0 |             0 |             0 |             0 |             0 |             0 |             0 |             0 |             0 |             0 |
|   UNCORE_CLOCKTICKS   | UBOXFIX |  937050135455 |             0 |             0 |             0 |             0 |             0 |             0 |             0 |             0 |             0 |             0 |             0 |             0 |             0 |             0 |             0 |             0 |             0 |
+-----------------------+---------+---------------+---------------+---------------+---------------+---------------+---------------+---------------+---------------+---------------+---------------+---------------+---------------+---------------+---------------+---------------+---------------+---------------+---------------+

+----------------------------+---------+-----------------+---------------+---------------+--------------+
|            Event           | Counter |       Sum       |      Min      |      Max      |      Avg     |
+----------------------------+---------+-----------------+---------------+---------------+--------------+
|   INSTR_RETIRED_ANY STAT   |  FIXC0  |  38575603480766 | 2073262913434 | 2221816271978 | 2.143089e+12 |
| CPU_CLK_UNHALTED_CORE STAT |  FIXC1  |  22075217959359 | 1224202950132 | 1226852065727 | 1.226401e+12 |
|  CPU_CLK_UNHALTED_REF STAT |  FIXC2  |  25228841356608 | 1399090872672 | 1402118292288 | 1.401602e+12 |
|     TOPDOWN_SLOTS STAT     |  FIXC3  | 110376089796795 | 6121014750660 | 6134260328635 | 6.132005e+12 |
|       TEMP_CORE STAT       |   TMP0  |             677 |            34 |            40 |      37.6111 |
|     PWR_PKG_ENERGY STAT    |   PWR0  |      73715.2849 |             0 |    73715.2849 |    4095.2936 |
|     PWR_PP0_ENERGY STAT    |   PWR1  |               0 |             0 |             0 |            0 |
|    PWR_DRAM_ENERGY STAT    |   PWR3  |       4923.9704 |             0 |     4923.9704 |     273.5539 |
|  PWR_PLATFORM_ENERGY STAT  |   PWR4  |               0 |             0 |             0 |            0 |
|   UNCORE_CLOCKTICKS STAT   | UBOXFIX |    937050135455 |             0 |  937050135455 | 5.205834e+10 |
+----------------------------+---------+-----------------+---------------+---------------+--------------+

+----------------------+------------+-----------+-----------+-----------+-----------+-----------+-----------+-----------+-----------+-----------+-------------+-------------+-------------+-------------+-------------+-------------+-------------+-------------+
|        Metric        |  f0404:0:0 | f0404:1:1 | f0404:2:2 | f0404:3:3 | f0404:4:4 | f0404:5:5 | f0404:6:6 | f0404:7:7 | f0404:8:8 | f0404:9:9 | f0404:10:10 | f0404:11:11 | f0404:12:12 | f0404:13:13 | f0404:14:14 | f0404:15:15 | f0404:16:16 | f0404:17:17 |
+----------------------+------------+-----------+-----------+-----------+-----------+-----------+-----------+-----------+-----------+-----------+-------------+-------------+-------------+-------------+-------------+-------------+-------------+-------------+
|  Runtime (RDTSC) [s] |   588.3964 |  588.4117 |  588.4075 |  588.4196 |  588.4133 |  588.4005 |  588.4230 |  588.4404 |  588.4052 |  588.4145 |    588.4026 |    588.4014 |    588.4104 |    588.4059 |    588.4385 |    588.4086 |    588.4054 |    588.4061 |
| Runtime unhalted [s] |   511.2904 |  512.2217 |  512.3420 |  512.2773 |  512.3237 |  512.3267 |  512.3467 |  512.2952 |  512.3441 |  512.3979 |    512.1244 |    512.3612 |    511.4385 |    512.3506 |    512.3073 |    512.3366 |    512.3799 |    512.3916 |
|      Clock [MHz]     |  2095.0447 | 2095.0429 | 2095.0448 | 2094.9838 | 2095.0412 | 2095.0465 | 2095.0150 | 2094.9307 | 2094.9858 | 2095.0403 |   2095.0494 |   2095.0432 |   2095.0450 |   2095.0397 |   2094.9118 |   2095.0436 |   2095.0413 |   2095.0438 |
|  Uncore Clock [MHz]  |  1592.5491 |         0 |         0 |         0 |         0 |         0 |         0 |         0 |         0 |         0 |           0 |           0 |           0 |           0 |           0 |           0 |           0 |           0 |
|          CPI         |     0.5510 |    0.5535 |    0.5563 |    0.5646 |    0.5779 |    0.5833 |    0.5917 |    0.5901 |    0.5904 |    0.5910 |      0.5908 |      0.5849 |      0.5755 |      0.5607 |      0.5567 |      0.5576 |      0.5648 |      0.5666 |
|    Temperature [C]   |         37 |        39 |        39 |        38 |        37 |        39 |        40 |        40 |        39 |        34 |          37 |          37 |          38 |          36 |          38 |          36 |          37 |          36 |
|      Energy [J]      | 73715.2849 |         0 |         0 |         0 |         0 |         0 |         0 |         0 |         0 |         0 |           0 |           0 |           0 |           0 |           0 |           0 |           0 |           0 |
|       Power [W]      |   125.2817 |         0 |         0 |         0 |         0 |         0 |         0 |         0 |         0 |         0 |           0 |           0 |           0 |           0 |           0 |           0 |           0 |           0 |
|    Energy PP0 [J]    |          0 |         0 |         0 |         0 |         0 |         0 |         0 |         0 |         0 |         0 |           0 |           0 |           0 |           0 |           0 |           0 |           0 |           0 |
|     Power PP0 [W]    |          0 |         0 |         0 |         0 |         0 |         0 |         0 |         0 |         0 |         0 |           0 |           0 |           0 |           0 |           0 |           0 |           0 |           0 |
|    Energy DRAM [J]   |  4923.9704 |         0 |         0 |         0 |         0 |         0 |         0 |         0 |         0 |         0 |           0 |           0 |           0 |           0 |           0 |           0 |           0 |           0 |
|    Power DRAM [W]    |     8.3685 |         0 |         0 |         0 |         0 |         0 |         0 |         0 |         0 |         0 |           0 |           0 |           0 |           0 |           0 |           0 |           0 |           0 |
|  Energy PLATFORM [J] |          0 |         0 |         0 |         0 |         0 |         0 |         0 |         0 |         0 |         0 |           0 |           0 |           0 |           0 |           0 |           0 |           0 |           0 |
|  Power PLATFORM [W]  |          0 |         0 |         0 |         0 |         0 |         0 |         0 |         0 |         0 |         0 |           0 |           0 |           0 |           0 |           0 |           0 |           0 |           0 |
+----------------------+------------+-----------+-----------+-----------+-----------+-----------+-----------+-----------+-----------+-----------+-------------+-------------+-------------+-------------+-------------+-------------+-------------+-------------+

+---------------------------+------------+-----------+------------+-----------+-----------+-----------+-----------+
|           Metric          |     Sum    |    Min    |     Max    |    Avg    |  %ile 25  |  %ile 50  |  %ile 75  |
+---------------------------+------------+-----------+------------+-----------+-----------+-----------+-----------+
|  Runtime (RDTSC) [s] STAT | 10591.4110 |  588.3964 |   588.4404 |  588.4117 |  588.4052 |  588.4075 |  588.4145 |
| Runtime unhalted [s] STAT |  9219.8558 |  511.2904 |   512.3979 |  512.2142 |  512.2773 |  512.3267 |  512.3506 |
|      Clock [MHz] STAT     | 37710.3935 | 2094.9118 |  2095.0494 | 2095.0219 | 2095.0150 | 2095.0413 | 2095.0447 |
|  Uncore Clock [MHz] STAT  |  1592.5491 |         0 |  1592.5491 |   88.4749 |         0 |         0 |         0 |
|          CPI STAT         |    10.3074 |    0.5510 |     0.5917 |    0.5726 |    0.5576 |    0.5666 |    0.5901 |
|    Temperature [C] STAT   |        677 |        34 |         40 |   37.6111 |        37 |        37 |        39 |
|      Energy [J] STAT      | 73715.2849 |         0 | 73715.2849 | 4095.2936 |         0 |         0 |         0 |
|       Power [W] STAT      |   125.2817 |         0 |   125.2817 |    6.9601 |         0 |         0 |         0 |
|    Energy PP0 [J] STAT    |          0 |         0 |          0 |         0 |         0 |         0 |         0 |
|     Power PP0 [W] STAT    |          0 |         0 |          0 |         0 |         0 |         0 |         0 |
|    Energy DRAM [J] STAT   |  4923.9704 |         0 |  4923.9704 |  273.5539 |         0 |         0 |         0 |
|    Power DRAM [W] STAT    |     8.3685 |         0 |     8.3685 |    0.4649 |         0 |         0 |         0 |
|  Energy PLATFORM [J] STAT |          0 |         0 |          0 |         0 |         0 |         0 |         0 |
|  Power PLATFORM [W] STAT  |          0 |         0 |          0 |         0 |         0 |         0 |         0 |
+---------------------------+------------+-----------+------------+-----------+-----------+-----------+-----------+

