Group: 1
+-----------------------+---------+---------------+---------------+---------------+---------------+---------------+---------------+---------------+---------------+---------------+---------------+---------------+---------------+---------------+---------------+---------------+---------------+---------------+---------------+
|         Event         | Counter |   f0660:0:0   |   f0660:1:1   |   f0660:2:2   |   f0660:3:3   |   f0660:4:4   |   f0660:5:5   |   f0660:6:6   |   f0660:7:7   |   f0660:8:8   |   f0660:9:9   |  f0660:10:10  |  f0660:11:11  |  f0660:12:12  |  f0660:13:13  |  f0660:14:14  |  f0660:15:15  |  f0660:16:16  |  f0660:17:17  |
+-----------------------+---------+---------------+---------------+---------------+---------------+---------------+---------------+---------------+---------------+---------------+---------------+---------------+---------------+---------------+---------------+---------------+---------------+---------------+---------------+
|   INSTR_RETIRED_ANY   |  FIXC0  | 2331075604829 | 2298507662781 | 2286614647772 | 2266288231662 | 2275272220265 | 2269756258728 | 2175685299986 | 2170771824630 | 2234310221124 | 2278990604814 | 2262857688917 | 2468621706463 | 2494063440724 | 2355818366753 | 2332528686642 | 2401180402849 | 2321301087267 | 2151900370569 |
| CPU_CLK_UNHALTED_CORE |  FIXC1  | 1359629158960 | 1379180211263 | 1378504945121 | 1377965411980 | 1376932365331 | 1377074468390 | 1375740650821 | 1374646427793 | 1375563430626 | 1373316111473 | 1374550117940 | 1373573426533 | 1374496238088 | 1373351212430 | 1373647536000 | 1374251619265 | 1373645739202 | 1374050110480 |
|  CPU_CLK_UNHALTED_REF |  FIXC2  | 1418749984032 | 1439153371872 | 1438443447360 | 1437884713632 | 1436806798272 | 1436957452992 | 1435560705696 | 1434423373536 | 1435380363552 | 1433035898976 | 1434323125152 | 1433305812576 | 1434267822432 | 1433071550688 | 1433381777280 | 1434010227456 | 1433377378560 | 1433797318464 |
|     TOPDOWN_SLOTS     |  FIXC3  | 6798145794800 | 6895901056315 | 6892524725605 | 6889827059900 | 6884661826655 | 6885372341950 | 6878703254105 | 6873232138965 | 6877817153130 | 6866580557365 | 6872750589700 | 6867867132665 | 6872481190440 | 6866756062150 | 6868237680000 | 6871258096325 | 6868228696010 | 6870250552400 |
|       TEMP_CORE       |   TMP0  |            38 |            39 |            37 |            39 |            40 |            39 |            39 |            40 |            38 |            41 |            39 |            42 |            39 |            40 |            40 |            39 |            39 |            38 |
|     PWR_PKG_ENERGY    |   PWR0  |    72767.4318 |             0 |             0 |             0 |             0 |             0 |             0 |             0 |             0 |             0 |             0 |             0 |             0 |             0 |             0 |             0 |             0 |             0 |
|     PWR_PP0_ENERGY    |   PWR1  |             0 |             0 |             0 |             0 |             0 |             0 |             0 |             0 |             0 |             0 |             0 |             0 |             0 |             0 |             0 |             0 |             0 |             0 |
|    PWR_DRAM_ENERGY    |   PWR3  |     4676.6992 |             0 |             0 |             0 |             0 |             0 |             0 |             0 |             0 |             0 |             0 |             0 |             0 |             0 |             0 |             0 |             0 |             0 |
|  PWR_PLATFORM_ENERGY  |   PWR4  |             0 |             0 |             0 |             0 |             0 |             0 |             0 |             0 |             0 |             0 |             0 |             0 |             0 |             0 |             0 |             0 |             0 |             0 |
|   UNCORE_CLOCKTICKS   | UBOXFIX |  946863823908 |             0 |             0 |             0 |             0 |             0 |             0 |             0 |             0 |             0 |             0 |             0 |             0 |             0 |             0 |             0 |             0 |             0 |
+-----------------------+---------+---------------+---------------+---------------+---------------+---------------+---------------+---------------+---------------+---------------+---------------+---------------+---------------+---------------+---------------+---------------+---------------+---------------+---------------+

+----------------------------+---------+-----------------+---------------+---------------+---------------+
|            Event           | Counter |       Sum       |      Min      |      Max      |      Avg      |
+----------------------------+---------+-----------------+---------------+---------------+---------------+
|   INSTR_RETIRED_ANY STAT   |  FIXC0  |  41375544326775 | 2151900370569 | 2494063440724 |  2.298641e+12 |
| CPU_CLK_UNHALTED_CORE STAT |  FIXC1  |  24740119181696 | 1359629158960 | 1379180211263 |  1.374451e+12 |
|  CPU_CLK_UNHALTED_REF STAT |  FIXC2  |  25815931122528 | 1418749984032 | 1439153371872 | 1434218395696 |
|     TOPDOWN_SLOTS STAT     |  FIXC3  | 123700595908480 | 6798145794800 | 6895901056315 |  6.872255e+12 |
|       TEMP_CORE STAT       |   TMP0  |             706 |            37 |            42 |       39.2222 |
|     PWR_PKG_ENERGY STAT    |   PWR0  |      72767.4318 |             0 |    72767.4318 |     4042.6351 |
|     PWR_PP0_ENERGY STAT    |   PWR1  |               0 |             0 |             0 |             0 |
|    PWR_DRAM_ENERGY STAT    |   PWR3  |       4676.6992 |             0 |     4676.6992 |      259.8166 |
|  PWR_PLATFORM_ENERGY STAT  |   PWR4  |               0 |             0 |             0 |             0 |
|   UNCORE_CLOCKTICKS STAT   | UBOXFIX |    946863823908 |             0 |  946863823908 |  5.260355e+10 |
+----------------------------+---------+-----------------+---------------+---------------+---------------+

+----------------------+------------+-----------+-----------+-----------+-----------+-----------+-----------+-----------+-----------+-----------+-------------+-------------+-------------+-------------+-------------+-------------+-------------+-------------+
|        Metric        |  f0660:0:0 | f0660:1:1 | f0660:2:2 | f0660:3:3 | f0660:4:4 | f0660:5:5 | f0660:6:6 | f0660:7:7 | f0660:8:8 | f0660:9:9 | f0660:10:10 | f0660:11:11 | f0660:12:12 | f0660:13:13 | f0660:14:14 | f0660:15:15 | f0660:16:16 | f0660:17:17 |
+----------------------+------------+-----------+-----------+-----------+-----------+-----------+-----------+-----------+-----------+-----------+-------------+-------------+-------------+-------------+-------------+-------------+-------------+-------------+
|  Runtime (RDTSC) [s] |   605.0261 |  605.0193 |  605.0292 |  605.0535 |  605.0333 |  605.0230 |  605.0388 |  605.0220 |  605.0184 |  605.0187 |    605.0185 |    605.0291 |    605.0126 |    605.0914 |    605.0194 |    605.0112 |    605.0146 |    605.0122 |
| Runtime unhalted [s] |   567.8533 |  576.0215 |  575.7386 |  575.5425 |  575.0977 |  575.1404 |  574.6009 |  574.1282 |  574.5095 |  573.5732 |    574.0859 |    573.6781 |    574.0636 |    573.6534 |    573.7096 |    573.9615 |    573.7079 |    573.8774 |
|      Clock [MHz]     |  2294.5572 | 2294.5433 | 2294.5552 | 2294.4317 | 2294.4849 | 2294.5478 | 2294.4854 | 2294.5407 | 2294.5472 | 2294.5371 |   2294.5487 |   2294.5453 |   2294.5464 |   2294.2768 |   2294.5452 |   2294.5498 |   2294.5529 |   2294.5537 |
|  Uncore Clock [MHz]  |  1564.9967 |         0 |         0 |         0 |         0 |         0 |         0 |         0 |         0 |         0 |           0 |           0 |           0 |           0 |           0 |           0 |           0 |           0 |
|          CPI         |     0.5833 |    0.6000 |    0.6029 |    0.6080 |    0.6052 |    0.6067 |    0.6323 |    0.6333 |    0.6157 |    0.6026 |      0.6074 |      0.5564 |      0.5511 |      0.5830 |      0.5889 |      0.5723 |      0.5918 |      0.6385 |
|    Temperature [C]   |         38 |        39 |        37 |        39 |        40 |        39 |        39 |        40 |        38 |        41 |          39 |          42 |          39 |          40 |          40 |          39 |          39 |          38 |
|      Energy [J]      | 72767.4318 |         0 |         0 |         0 |         0 |         0 |         0 |         0 |         0 |         0 |           0 |           0 |           0 |           0 |           0 |           0 |           0 |           0 |
|       Power [W]      |   120.2716 |         0 |         0 |         0 |         0 |         0 |         0 |         0 |         0 |         0 |           0 |           0 |           0 |           0 |           0 |           0 |           0 |           0 |
|    Energy PP0 [J]    |          0 |         0 |         0 |         0 |         0 |         0 |         0 |         0 |         0 |         0 |           0 |           0 |           0 |           0 |           0 |           0 |           0 |           0 |
|     Power PP0 [W]    |          0 |         0 |         0 |         0 |         0 |         0 |         0 |         0 |         0 |         0 |           0 |           0 |           0 |           0 |           0 |           0 |           0 |           0 |
|    Energy DRAM [J]   |  4676.6992 |         0 |         0 |         0 |         0 |         0 |         0 |         0 |         0 |         0 |           0 |           0 |           0 |           0 |           0 |           0 |           0 |           0 |
|    Power DRAM [W]    |     7.7297 |         0 |         0 |         0 |         0 |         0 |         0 |         0 |         0 |         0 |           0 |           0 |           0 |           0 |           0 |           0 |           0 |           0 |
|  Energy PLATFORM [J] |          0 |         0 |         0 |         0 |         0 |         0 |         0 |         0 |         0 |         0 |           0 |           0 |           0 |           0 |           0 |           0 |           0 |           0 |
|  Power PLATFORM [W]  |          0 |         0 |         0 |         0 |         0 |         0 |         0 |         0 |         0 |         0 |           0 |           0 |           0 |           0 |           0 |           0 |           0 |           0 |
+----------------------+------------+-----------+-----------+-----------+-----------+-----------+-----------+-----------+-----------+-----------+-------------+-------------+-------------+-------------+-------------+-------------+-------------+-------------+

+---------------------------+------------+-----------+------------+-----------+-----------+-----------+-----------+
|           Metric          |     Sum    |    Min    |     Max    |    Avg    |  %ile 25  |  %ile 50  |  %ile 75  |
+---------------------------+------------+-----------+------------+-----------+-----------+-----------+-----------+
|  Runtime (RDTSC) [s] STAT | 10890.4913 |  605.0112 |   605.0914 |  605.0273 |  605.0184 |  605.0194 |  605.0292 |
| Runtime unhalted [s] STAT | 10332.9432 |  567.8533 |   576.0215 |  574.0524 |  573.7079 |  574.0636 |  575.0977 |
|      Clock [MHz] STAT     | 41301.3493 | 2294.2768 |  2294.5572 | 2294.5194 | 2294.5371 | 2294.5453 | 2294.5498 |
|  Uncore Clock [MHz] STAT  |  1564.9967 |         0 |  1564.9967 |   86.9443 |         0 |         0 |         0 |
|          CPI STAT         |    10.7794 |    0.5511 |     0.6385 |    0.5989 |    0.5833 |    0.6026 |    0.6080 |
|    Temperature [C] STAT   |        706 |        37 |         42 |   39.2222 |        39 |        39 |        40 |
|      Energy [J] STAT      | 72767.4318 |         0 | 72767.4318 | 4042.6351 |         0 |         0 |         0 |
|       Power [W] STAT      |   120.2716 |         0 |   120.2716 |    6.6818 |         0 |         0 |         0 |
|    Energy PP0 [J] STAT    |          0 |         0 |          0 |         0 |         0 |         0 |         0 |
|     Power PP0 [W] STAT    |          0 |         0 |          0 |         0 |         0 |         0 |         0 |
|    Energy DRAM [J] STAT   |  4676.6992 |         0 |  4676.6992 |  259.8166 |         0 |         0 |         0 |
|    Power DRAM [W] STAT    |     7.7297 |         0 |     7.7297 |    0.4294 |         0 |         0 |         0 |
|  Energy PLATFORM [J] STAT |          0 |         0 |          0 |         0 |         0 |         0 |         0 |
|  Power PLATFORM [W] STAT  |          0 |         0 |          0 |         0 |         0 |         0 |         0 |
+---------------------------+------------+-----------+------------+-----------+-----------+-----------+-----------+

