Group: 1
+-----------------------+---------+----------------+----------------+----------------+----------------+----------------+----------------+----------------+----------------+----------------+----------------+----------------+----------------+----------------+----------------+----------------+----------------+----------------+----------------+
|         Event         | Counter |    f0880:0:0   |    f0880:1:1   |    f0880:2:2   |    f0880:3:3   |    f0880:4:4   |    f0880:5:5   |    f0880:6:6   |    f0880:7:7   |    f0880:8:8   |    f0880:9:9   |   f0880:10:10  |   f0880:11:11  |   f0880:12:12  |   f0880:13:13  |   f0880:14:14  |   f0880:15:15  |   f0880:16:16  |   f0880:17:17  |
+-----------------------+---------+----------------+----------------+----------------+----------------+----------------+----------------+----------------+----------------+----------------+----------------+----------------+----------------+----------------+----------------+----------------+----------------+----------------+----------------+
|   INSTR_RETIRED_ANY   |  FIXC0  |  3622791243502 |  3626387571237 |  3580339208278 |  3587119693034 |  3630026789939 |  3602072043641 |  3594663025197 |  3582106873248 |  3649384483109 |  3670939417065 |  3674307016355 |  3742561350585 |  3767258846612 |  3759531048492 |  3717217118034 |  3705177950499 |  3683519544692 |  3670766437679 |
| CPU_CLK_UNHALTED_CORE |  FIXC1  |  2165446563504 |  2162909771101 |  2166473423195 |  2166368942523 |  2167113727521 |  2166397251669 |  2166359829933 |  2166169786737 |  2166708338324 |  2166419840903 |  2166362441836 |  2166467883985 |  2166929077898 |  2165510016206 |  2166312570939 |  2166695756619 |  2166807507551 |  2166462731391 |
|  CPU_CLK_UNHALTED_REF |  FIXC2  |  3057093500064 |  3053511467232 |  3058533865440 |  3058390700064 |  3059448612672 |  3058427421984 |  3058376603808 |  3058106772576 |  3058865921088 |  3058456524672 |  3058378762560 |  3058532605824 |  3059183391264 |  3057175528992 |  3058310828352 |  3058851076896 |  3059007403392 |  3058519404576 |
|     TOPDOWN_SLOTS     |  FIXC3  | 10827232817520 | 10814548855505 | 10832367115975 | 10831844712615 | 10835568637605 | 10831986258345 | 10831799149665 | 10830848933685 | 10833541691620 | 10832099204515 | 10831812209180 | 10832339419925 | 10834645389490 | 10827550081030 | 10831562854695 | 10833478783095 | 10834037537755 | 10832313656955 |
|       TEMP_CORE       |   TMP0  |             39 |             41 |             40 |             38 |             37 |             37 |             38 |             43 |             38 |             38 |             37 |             38 |             41 |             39 |             39 |             36 |             40 |             38 |
|     PWR_PKG_ENERGY    |   PWR0  |    136942.6825 |              0 |              0 |              0 |              0 |              0 |              0 |              0 |              0 |              0 |              0 |              0 |              0 |              0 |              0 |              0 |              0 |              0 |
|     PWR_PP0_ENERGY    |   PWR1  |              0 |              0 |              0 |              0 |              0 |              0 |              0 |              0 |              0 |              0 |              0 |              0 |              0 |              0 |              0 |              0 |              0 |              0 |
|    PWR_DRAM_ENERGY    |   PWR3  |     10359.3740 |              0 |              0 |              0 |              0 |              0 |              0 |              0 |              0 |              0 |              0 |              0 |              0 |              0 |              0 |              0 |              0 |              0 |
|  PWR_PLATFORM_ENERGY  |   PWR4  |              0 |              0 |              0 |              0 |              0 |              0 |              0 |              0 |              0 |              0 |              0 |              0 |              0 |              0 |              0 |              0 |              0 |              0 |
|   UNCORE_CLOCKTICKS   | UBOXFIX |  2027528653136 |              0 |              0 |              0 |              0 |              0 |              0 |              0 |              0 |              0 |              0 |              0 |              0 |              0 |              0 |              0 |              0 |              0 |
+-----------------------+---------+----------------+----------------+----------------+----------------+----------------+----------------+----------------+----------------+----------------+----------------+----------------+----------------+----------------+----------------+----------------+----------------+----------------+----------------+

+----------------------------+---------+-----------------+----------------+----------------+--------------+
|            Event           | Counter |       Sum       |       Min      |       Max      |      Avg     |
+----------------------------+---------+-----------------+----------------+----------------+--------------+
|   INSTR_RETIRED_ANY STAT   |  FIXC0  |  65866169661198 |  3580339208278 |  3767258846612 | 3.659232e+12 |
| CPU_CLK_UNHALTED_CORE STAT |  FIXC1  |  38991915461835 |  2162909771101 |  2167113727521 | 2.166218e+12 |
|  CPU_CLK_UNHALTED_REF STAT |  FIXC2  |  55047170391456 |  3053511467232 |  3059448612672 | 3.058176e+12 |
|     TOPDOWN_SLOTS STAT     |  FIXC3  | 194959577309175 | 10814548855505 | 10835568637605 |      nil     |
|       TEMP_CORE STAT       |   TMP0  |             697 |             36 |             43 |      38.7222 |
|     PWR_PKG_ENERGY STAT    |   PWR0  |     136942.6825 |              0 |    136942.6825 |    7607.9268 |
|     PWR_PP0_ENERGY STAT    |   PWR1  |               0 |              0 |              0 |            0 |
|    PWR_DRAM_ENERGY STAT    |   PWR3  |      10359.3740 |              0 |     10359.3740 |     575.5208 |
|  PWR_PLATFORM_ENERGY STAT  |   PWR4  |               0 |              0 |              0 |            0 |
|   UNCORE_CLOCKTICKS STAT   | UBOXFIX |   2027528653136 |              0 |  2027528653136 | 1.126405e+11 |
+----------------------------+---------+-----------------+----------------+----------------+--------------+

+----------------------+-------------+-----------+-----------+-----------+-----------+-----------+-----------+-----------+-----------+-----------+-------------+-------------+-------------+-------------+-------------+-------------+-------------+-------------+
|        Metric        |  f0880:0:0  | f0880:1:1 | f0880:2:2 | f0880:3:3 | f0880:4:4 | f0880:5:5 | f0880:6:6 | f0880:7:7 | f0880:8:8 | f0880:9:9 | f0880:10:10 | f0880:11:11 | f0880:12:12 | f0880:13:13 | f0880:14:14 | f0880:15:15 | f0880:16:16 | f0880:17:17 |
+----------------------+-------------+-----------+-----------+-----------+-----------+-----------+-----------+-----------+-----------+-----------+-------------+-------------+-------------+-------------+-------------+-------------+-------------+-------------+
|  Runtime (RDTSC) [s] |   1286.8040 | 1286.8100 | 1286.7940 | 1286.7850 | 1286.8040 | 1286.7920 | 1286.7930 | 1286.8050 | 1286.7940 | 1286.7950 |   1286.8040 |   1286.7990 |   1286.7980 |   1286.7860 |   1286.7910 |   1286.8860 |   1286.7950 |   1286.7970 |
| Runtime unhalted [s] |    904.4091 |  903.3479 |  904.8330 |  904.7916 |  905.0999 |  904.8005 |  904.7846 |  904.7057 |  904.9315 |  904.8104 |    904.7970 |    904.8303 |    905.0220 |    904.4313 |    904.7646 |    904.9884 |    904.9741 |    904.8332 |
|      Clock [MHz]     |   1695.9823 | 1695.9858 | 1695.9968 | 1695.9902 | 1695.9917 | 1695.9975 | 1695.9967 | 1695.9967 | 1695.9958 | 1695.9981 |   1695.9765 |   1695.9938 |   1695.9957 |   1695.9944 |   1695.9967 |   1695.8776 |   1695.9927 |   1695.9876 |
|  Uncore Clock [MHz]  |   1575.6313 |         0 |         0 |         0 |         0 |         0 |         0 |         0 |         0 |         0 |           0 |           0 |           0 |           0 |           0 |           0 |           0 |           0 |
|          CPI         |      0.5977 |    0.5964 |    0.6051 |    0.6039 |    0.5970 |    0.6014 |    0.6027 |    0.6047 |    0.5937 |    0.5902 |      0.5896 |      0.5789 |      0.5752 |      0.5760 |      0.5828 |      0.5848 |      0.5882 |      0.5902 |
|    Temperature [C]   |          39 |        41 |        40 |        38 |        37 |        37 |        38 |        43 |        38 |        38 |          37 |          38 |          41 |          39 |          39 |          36 |          40 |          38 |
|      Energy [J]      | 136942.6825 |         0 |         0 |         0 |         0 |         0 |         0 |         0 |         0 |         0 |           0 |           0 |           0 |           0 |           0 |           0 |           0 |           0 |
|       Power [W]      |    106.4208 |         0 |         0 |         0 |         0 |         0 |         0 |         0 |         0 |         0 |           0 |           0 |           0 |           0 |           0 |           0 |           0 |           0 |
|    Energy PP0 [J]    |           0 |         0 |         0 |         0 |         0 |         0 |         0 |         0 |         0 |         0 |           0 |           0 |           0 |           0 |           0 |           0 |           0 |           0 |
|     Power PP0 [W]    |           0 |         0 |         0 |         0 |         0 |         0 |         0 |         0 |         0 |         0 |           0 |           0 |           0 |           0 |           0 |           0 |           0 |           0 |
|    Energy DRAM [J]   |  10359.3740 |         0 |         0 |         0 |         0 |         0 |         0 |         0 |         0 |         0 |           0 |           0 |           0 |           0 |           0 |           0 |           0 |           0 |
|    Power DRAM [W]    |      8.0505 |         0 |         0 |         0 |         0 |         0 |         0 |         0 |         0 |         0 |           0 |           0 |           0 |           0 |           0 |           0 |           0 |           0 |
|  Energy PLATFORM [J] |           0 |         0 |         0 |         0 |         0 |         0 |         0 |         0 |         0 |         0 |           0 |           0 |           0 |           0 |           0 |           0 |           0 |           0 |
|  Power PLATFORM [W]  |           0 |         0 |         0 |         0 |         0 |         0 |         0 |         0 |         0 |         0 |           0 |           0 |           0 |           0 |           0 |           0 |           0 |           0 |
+----------------------+-------------+-----------+-----------+-----------+-----------+-----------+-----------+-----------+-----------+-----------+-------------+-------------+-------------+-------------+-------------+-------------+-------------+-------------+

+---------------------------+-------------+-----------+-------------+-----------+-----------+-----------+-----------+
|           Metric          |     Sum     |    Min    |     Max     |    Avg    |  %ile 25  |  %ile 50  |  %ile 75  |
+---------------------------+-------------+-----------+-------------+-----------+-----------+-----------+-----------+
|  Runtime (RDTSC) [s] STAT |  23162.4320 | 1286.7850 |   1286.8860 | 1286.8018 | 1286.7930 | 1286.7950 | 1286.8040 |
| Runtime unhalted [s] STAT |  16285.1551 |  903.3479 |    905.0999 |  904.7308 |  904.7646 |  904.8005 |  904.9315 |
|      Clock [MHz] STAT     |  30527.7466 | 1695.8776 |   1695.9981 | 1695.9859 | 1695.9876 | 1695.9938 | 1695.9967 |
|  Uncore Clock [MHz] STAT  |   1575.6313 |         0 |   1575.6313 |   87.5351 |         0 |         0 |         0 |
|          CPI STAT         |     10.6585 |    0.5752 |      0.6051 |    0.5921 |    0.5848 |    0.5902 |    0.6014 |
|    Temperature [C] STAT   |         697 |        36 |          43 |   38.7222 |        38 |        38 |        40 |
|      Energy [J] STAT      | 136942.6825 |         0 | 136942.6825 | 7607.9268 |         0 |         0 |         0 |
|       Power [W] STAT      |    106.4208 |         0 |    106.4208 |    5.9123 |         0 |         0 |         0 |
|    Energy PP0 [J] STAT    |           0 |         0 |           0 |         0 |         0 |         0 |         0 |
|     Power PP0 [W] STAT    |           0 |         0 |           0 |         0 |         0 |         0 |         0 |
|    Energy DRAM [J] STAT   |  10359.3740 |         0 |  10359.3740 |  575.5208 |         0 |         0 |         0 |
|    Power DRAM [W] STAT    |      8.0505 |         0 |      8.0505 |    0.4472 |         0 |         0 |         0 |
|  Energy PLATFORM [J] STAT |           0 |         0 |           0 |         0 |         0 |         0 |         0 |
|  Power PLATFORM [W] STAT  |           0 |         0 |           0 |         0 |         0 |         0 |         0 |
+---------------------------+-------------+-----------+-------------+-----------+-----------+-----------+-----------+

