Group: 1
+-----------------------+---------+---------------+---------------+---------------+---------------+---------------+---------------+---------------+---------------+---------------+---------------+---------------+---------------+---------------+---------------+---------------+---------------+---------------+---------------+
|         Event         | Counter |   f0404:0:0   |   f0404:1:1   |   f0404:2:2   |   f0404:3:3   |   f0404:4:4   |   f0404:5:5   |   f0404:6:6   |   f0404:7:7   |   f0404:8:8   |   f0404:9:9   |  f0404:10:10  |  f0404:11:11  |  f0404:12:12  |  f0404:13:13  |  f0404:14:14  |  f0404:15:15  |  f0404:16:16  |  f0404:17:17  |
+-----------------------+---------+---------------+---------------+---------------+---------------+---------------+---------------+---------------+---------------+---------------+---------------+---------------+---------------+---------------+---------------+---------------+---------------+---------------+---------------+
|   INSTR_RETIRED_ANY   |  FIXC0  | 2224102171881 | 2209836154258 | 2202731492066 | 2171515941450 | 2119358913221 | 2106676652580 | 2074228222684 | 2078282078546 | 2076230352686 | 2074410916759 | 2077423220068 | 2099059904987 | 2130113183541 | 2185179050441 | 2192805306577 | 2198395756524 | 2168786608008 | 2158207866379 |
| CPU_CLK_UNHALTED_CORE |  FIXC1  | 1194291726939 | 1199306398071 | 1199372260502 | 1199491440964 | 1199274948488 | 1199234654575 | 1199300489793 | 1199096767238 | 1199122239930 | 1199477284121 | 1199278127277 | 1199484874692 | 1197499221625 | 1198972279905 | 1199526425446 | 1199421385961 | 1199478971054 | 1199444193362 |
|  CPU_CLK_UNHALTED_REF |  FIXC2  | 1508592229632 | 1514925519840 | 1515009521184 | 1515160174848 | 1514886601728 | 1514833708512 | 1514918902464 | 1514659879296 | 1514693466048 | 1515141081216 | 1514888244384 | 1515150647232 | 1512644302752 | 1514505394464 | 1515204545472 | 1515073979424 | 1515144791232 | 1515099606816 |
|     TOPDOWN_SLOTS     |  FIXC3  | 5971458634695 | 5996531990355 | 5996861302510 | 5997457204820 | 5996374742440 | 5996173272875 | 5996502448965 | 5995483836190 | 5995611199650 | 5997386420605 | 5996390636385 | 5997424373460 | 5987496108125 | 5994861399525 | 5997632127230 | 5997106929805 | 5997394855270 | 5997220966810 |
|       TEMP_CORE       |   TMP0  |            36 |            38 |            38 |            37 |            37 |            37 |            39 |            39 |            37 |            34 |            36 |            36 |            37 |            33 |            36 |            36 |            35 |            35 |
|     PWR_PKG_ENERGY    |   PWR0  |    74934.8185 |             0 |             0 |             0 |             0 |             0 |             0 |             0 |             0 |             0 |             0 |             0 |             0 |             0 |             0 |             0 |             0 |             0 |
|     PWR_PP0_ENERGY    |   PWR1  |             0 |             0 |             0 |             0 |             0 |             0 |             0 |             0 |             0 |             0 |             0 |             0 |             0 |             0 |             0 |             0 |             0 |             0 |
|    PWR_DRAM_ENERGY    |   PWR3  |     5175.6148 |             0 |             0 |             0 |             0 |             0 |             0 |             0 |             0 |             0 |             0 |             0 |             0 |             0 |             0 |             0 |             0 |             0 |
|  PWR_PLATFORM_ENERGY  |   PWR4  |             0 |             0 |             0 |             0 |             0 |             0 |             0 |             0 |             0 |             0 |             0 |             0 |             0 |             0 |             0 |             0 |             0 |             0 |
|   UNCORE_CLOCKTICKS   | UBOXFIX | 1011532757870 |             0 |             0 |             0 |             0 |             0 |             0 |             0 |             0 |             0 |             0 |             0 |             0 |             0 |             0 |             0 |             0 |             0 |
+-----------------------+---------+---------------+---------------+---------------+---------------+---------------+---------------+---------------+---------------+---------------+---------------+---------------+---------------+---------------+---------------+---------------+---------------+---------------+---------------+

+----------------------------+---------+-----------------+---------------+---------------+---------------+
|            Event           | Counter |       Sum       |      Min      |      Max      |      Avg      |
+----------------------------+---------+-----------------+---------------+---------------+---------------+
|   INSTR_RETIRED_ANY STAT   |  FIXC0  |  38547343792656 | 2074228222684 | 2224102171881 | 2141519099592 |
| CPU_CLK_UNHALTED_CORE STAT |  FIXC1  |  21581073689943 | 1194291726939 | 1199526425446 |  1.198949e+12 |
|  CPU_CLK_UNHALTED_REF STAT |  FIXC2  |  27260532596544 | 1508592229632 | 1515204545472 |  1.514474e+12 |
|     TOPDOWN_SLOTS STAT     |  FIXC3  | 107905368449715 | 5971458634695 | 5997632127230 |  5.994743e+12 |
|       TEMP_CORE STAT       |   TMP0  |             656 |            33 |            39 |       36.4444 |
|     PWR_PKG_ENERGY STAT    |   PWR0  |      74934.8185 |             0 |    74934.8185 |     4163.0455 |
|     PWR_PP0_ENERGY STAT    |   PWR1  |               0 |             0 |             0 |             0 |
|    PWR_DRAM_ENERGY STAT    |   PWR3  |       5175.6148 |             0 |     5175.6148 |      287.5342 |
|  PWR_PLATFORM_ENERGY STAT  |   PWR4  |               0 |             0 |             0 |             0 |
|   UNCORE_CLOCKTICKS STAT   | UBOXFIX |   1011532757870 |             0 | 1011532757870 |  5.619626e+10 |
+----------------------------+---------+-----------------+---------------+---------------+---------------+

+----------------------+------------+-----------+-----------+-----------+-----------+-----------+-----------+-----------+-----------+-----------+-------------+-------------+-------------+-------------+-------------+-------------+-------------+-------------+
|        Metric        |  f0404:0:0 | f0404:1:1 | f0404:2:2 | f0404:3:3 | f0404:4:4 | f0404:5:5 | f0404:6:6 | f0404:7:7 | f0404:8:8 | f0404:9:9 | f0404:10:10 | f0404:11:11 | f0404:12:12 | f0404:13:13 | f0404:14:14 | f0404:15:15 | f0404:16:16 | f0404:17:17 |
+----------------------+------------+-----------+-----------+-----------+-----------+-----------+-----------+-----------+-----------+-----------+-------------+-------------+-------------+-------------+-------------+-------------+-------------+-------------+
|  Runtime (RDTSC) [s] |   635.7729 |  635.7719 |  635.7744 |  635.7841 |  635.7844 |  635.7770 |  635.7839 |  635.7788 |  635.7655 |  635.7918 |    635.7919 |    635.7843 |    635.7892 |    635.7832 |    635.7782 |    635.7737 |    635.7975 |    635.7807 |
| Runtime unhalted [s] |   498.7985 |  500.8925 |  500.9206 |  500.9738 |  500.8851 |  500.8621 |  500.8901 |  500.8054 |  500.8178 |  500.9645 |    500.8914 |    500.9673 |    500.1380 |    500.7537 |    500.9852 |    500.9409 |    500.9841 |    500.9514 |
|      Clock [MHz]     |  1895.5003 | 1895.5030 | 1895.4998 | 1895.4868 | 1895.4804 | 1895.5061 | 1895.5016 | 1895.5025 | 1895.4939 | 1895.5012 |   1895.4645 |   1895.5026 |   1895.5002 |   1895.4979 |   1895.4988 |   1895.4977 |   1895.4277 |   1895.4979 |
|  Uncore Clock [MHz]  |  1591.0284 |         0 |         0 |         0 |         0 |         0 |         0 |         0 |         0 |         0 |           0 |           0 |           0 |           0 |           0 |           0 |           0 |           0 |
|          CPI         |     0.5370 |    0.5427 |    0.5445 |    0.5524 |    0.5659 |    0.5693 |    0.5782 |    0.5770 |    0.5775 |    0.5782 |      0.5773 |      0.5714 |      0.5622 |      0.5487 |      0.5470 |      0.5456 |      0.5531 |      0.5558 |
|    Temperature [C]   |         36 |        38 |        38 |        37 |        37 |        37 |        39 |        39 |        37 |        34 |          36 |          36 |          37 |          33 |          36 |          36 |          35 |          35 |
|      Energy [J]      | 74934.8185 |         0 |         0 |         0 |         0 |         0 |         0 |         0 |         0 |         0 |           0 |           0 |           0 |           0 |           0 |           0 |           0 |           0 |
|       Power [W]      |   117.8641 |         0 |         0 |         0 |         0 |         0 |         0 |         0 |         0 |         0 |           0 |           0 |           0 |           0 |           0 |           0 |           0 |           0 |
|    Energy PP0 [J]    |          0 |         0 |         0 |         0 |         0 |         0 |         0 |         0 |         0 |         0 |           0 |           0 |           0 |           0 |           0 |           0 |           0 |           0 |
|     Power PP0 [W]    |          0 |         0 |         0 |         0 |         0 |         0 |         0 |         0 |         0 |         0 |           0 |           0 |           0 |           0 |           0 |           0 |           0 |           0 |
|    Energy DRAM [J]   |  5175.6148 |         0 |         0 |         0 |         0 |         0 |         0 |         0 |         0 |         0 |           0 |           0 |           0 |           0 |           0 |           0 |           0 |           0 |
|    Power DRAM [W]    |     8.1407 |         0 |         0 |         0 |         0 |         0 |         0 |         0 |         0 |         0 |           0 |           0 |           0 |           0 |           0 |           0 |           0 |           0 |
|  Energy PLATFORM [J] |          0 |         0 |         0 |         0 |         0 |         0 |         0 |         0 |         0 |         0 |           0 |           0 |           0 |           0 |           0 |           0 |           0 |           0 |
|  Power PLATFORM [W]  |          0 |         0 |         0 |         0 |         0 |         0 |         0 |         0 |         0 |         0 |           0 |           0 |           0 |           0 |           0 |           0 |           0 |           0 |
+----------------------+------------+-----------+-----------+-----------+-----------+-----------+-----------+-----------+-----------+-----------+-------------+-------------+-------------+-------------+-------------+-------------+-------------+-------------+

+---------------------------+------------+-----------+------------+-----------+-----------+-----------+-----------+
|           Metric          |     Sum    |    Min    |     Max    |    Avg    |  %ile 25  |  %ile 50  |  %ile 75  |
+---------------------------+------------+-----------+------------+-----------+-----------+-----------+-----------+
|  Runtime (RDTSC) [s] STAT | 11444.0634 |  635.7655 |   635.7975 |  635.7813 |  635.7744 |  635.7807 |  635.7844 |
| Runtime unhalted [s] STAT |  9013.4224 |  498.7985 |   500.9852 |  500.7457 |  500.8178 |  500.8914 |  500.9645 |
|      Clock [MHz] STAT     | 34118.8629 | 1895.4277 |  1895.5061 | 1895.4924 | 1895.4939 | 1895.4988 | 1895.5016 |
|  Uncore Clock [MHz] STAT  |  1591.0284 |         0 |  1591.0284 |   88.3905 |         0 |         0 |         0 |
|          CPI STAT         |    10.0838 |    0.5370 |     0.5782 |    0.5602 |    0.5470 |    0.5558 |    0.5770 |
|    Temperature [C] STAT   |        656 |        33 |         39 |   36.4444 |        36 |        36 |        37 |
|      Energy [J] STAT      | 74934.8185 |         0 | 74934.8185 | 4163.0455 |         0 |         0 |         0 |
|       Power [W] STAT      |   117.8641 |         0 |   117.8641 |    6.5480 |         0 |         0 |         0 |
|    Energy PP0 [J] STAT    |          0 |         0 |          0 |         0 |         0 |         0 |         0 |
|     Power PP0 [W] STAT    |          0 |         0 |          0 |         0 |         0 |         0 |         0 |
|    Energy DRAM [J] STAT   |  5175.6148 |         0 |  5175.6148 |  287.5342 |         0 |         0 |         0 |
|    Power DRAM [W] STAT    |     8.1407 |         0 |     8.1407 |    0.4523 |         0 |         0 |         0 |
|  Energy PLATFORM [J] STAT |          0 |         0 |          0 |         0 |         0 |         0 |         0 |
|  Power PLATFORM [W] STAT  |          0 |         0 |          0 |         0 |         0 |         0 |         0 |
+---------------------------+------------+-----------+------------+-----------+-----------+-----------+-----------+

