Group: 1
+-----------------------+---------+---------------+---------------+---------------+---------------+---------------+---------------+---------------+---------------+---------------+---------------+---------------+---------------+---------------+---------------+---------------+---------------+---------------+---------------+
|         Event         | Counter |   f0404:0:0   |   f0404:1:1   |   f0404:2:2   |   f0404:3:3   |   f0404:4:4   |   f0404:5:5   |   f0404:6:6   |   f0404:7:7   |   f0404:8:8   |   f0404:9:9   |  f0404:10:10  |  f0404:11:11  |  f0404:12:12  |  f0404:13:13  |  f0404:14:14  |  f0404:15:15  |  f0404:16:16  |  f0404:17:17  |
+-----------------------+---------+---------------+---------------+---------------+---------------+---------------+---------------+---------------+---------------+---------------+---------------+---------------+---------------+---------------+---------------+---------------+---------------+---------------+---------------+
|   INSTR_RETIRED_ANY   |  FIXC0  | 2215611829183 | 2208992186908 | 2199152104560 | 2167914629686 | 2115699065710 | 2103120188888 | 2072858049471 | 2078805969231 | 2072532729366 | 2073448920151 | 2073991911602 | 2094042951388 | 2124221971834 | 2184250665630 | 2194847332338 | 2195103070588 | 2161496334768 | 2158475123330 |
| CPU_CLK_UNHALTED_CORE |  FIXC1  | 1115160423706 | 1123806191138 | 1123613929020 | 1123872938563 | 1123773338874 | 1123779592160 | 1123788141900 | 1123699346167 | 1123780701002 | 1123876397151 | 1123793808562 | 1123884921161 | 1121519915950 | 1123813851192 | 1123855524912 | 1123754249342 | 1123378151910 | 1123877540616 |
|  CPU_CLK_UNHALTED_REF |  FIXC2  | 1911713601600 | 1926533577600 | 1926205819008 | 1926649287552 | 1926478485312 | 1926489368736 | 1926503644224 | 1926352259328 | 1926491499168 | 1926655288800 | 1926509208384 | 1926666062976 | 1922614602720 | 1926545131776 | 1926618680352 | 1926442455456 | 1925802224832 | 1926658279488 |
|     TOPDOWN_SLOTS     |  FIXC3  | 5575802118530 | 5619030955690 | 5618069645100 | 5619364692815 | 5618866694370 | 5618897960800 | 5618940709500 | 5618496730835 | 5618903505010 | 5619381985755 | 5618969042810 | 5619424605805 | 5607599579750 | 5619069255960 | 5619277624560 | 5618771246710 | 5616890759550 | 5619387703080 |
|       TEMP_CORE       |   TMP0  |            35 |            36 |            36 |            36 |            34 |            35 |            36 |            36 |            35 |            31 |            34 |            35 |            35 |            32 |            35 |            34 |            33 |            34 |
|     PWR_PKG_ENERGY    |   PWR0  |    82522.4651 |             0 |             0 |             0 |             0 |             0 |             0 |             0 |             0 |             0 |             0 |             0 |             0 |             0 |             0 |             0 |             0 |             0 |
|     PWR_PP0_ENERGY    |   PWR1  |             0 |             0 |             0 |             0 |             0 |             0 |             0 |             0 |             0 |             0 |             0 |             0 |             0 |             0 |             0 |             0 |             0 |             0 |
|    PWR_DRAM_ENERGY    |   PWR3  |     6059.0028 |             0 |             0 |             0 |             0 |             0 |             0 |             0 |             0 |             0 |             0 |             0 |             0 |             0 |             0 |             0 |             0 |             0 |
|  PWR_PLATFORM_ENERGY  |   PWR4  |             0 |             0 |             0 |             0 |             0 |             0 |             0 |             0 |             0 |             0 |             0 |             0 |             0 |             0 |             0 |             0 |             0 |             0 |
|   UNCORE_CLOCKTICKS   | UBOXFIX | 1276208023066 |             0 |             0 |             0 |             0 |             0 |             0 |             0 |             0 |             0 |             0 |             0 |             0 |             0 |             0 |             0 |             0 |             0 |
+-----------------------+---------+---------------+---------------+---------------+---------------+---------------+---------------+---------------+---------------+---------------+---------------+---------------+---------------+---------------+---------------+---------------+---------------+---------------+---------------+

+----------------------------+---------+-----------------+---------------+---------------+--------------+
|            Event           | Counter |       Sum       |      Min      |      Max      |      Avg     |
+----------------------------+---------+-----------------+---------------+---------------+--------------+
|   INSTR_RETIRED_ANY STAT   |  FIXC0  |  38494565034632 | 2072532729366 | 2215611829183 | 2.138587e+12 |
| CPU_CLK_UNHALTED_CORE STAT |  FIXC1  |  20217028963326 | 1115160423706 | 1123884921161 | 1.123168e+12 |
|  CPU_CLK_UNHALTED_REF STAT |  FIXC2  |  34657929477312 | 1911713601600 | 1926666062976 | 1.925441e+12 |
|     TOPDOWN_SLOTS STAT     |  FIXC3  | 101085144816630 | 5575802118530 | 5619424605805 | 5.615841e+12 |
|       TEMP_CORE STAT       |   TMP0  |             622 |            31 |            36 |      34.5556 |
|     PWR_PKG_ENERGY STAT    |   PWR0  |      82522.4651 |             0 |    82522.4651 |    4584.5814 |
|     PWR_PP0_ENERGY STAT    |   PWR1  |               0 |             0 |             0 |            0 |
|    PWR_DRAM_ENERGY STAT    |   PWR3  |       6059.0028 |             0 |     6059.0028 |     336.6113 |
|  PWR_PLATFORM_ENERGY STAT  |   PWR4  |               0 |             0 |             0 |            0 |
|   UNCORE_CLOCKTICKS STAT   | UBOXFIX |   1276208023066 |             0 | 1276208023066 | 7.090045e+10 |
+----------------------------+---------+-----------------+---------------+---------------+--------------+

+----------------------+------------+-----------+-----------+-----------+-----------+-----------+-----------+-----------+-----------+-----------+-------------+-------------+-------------+-------------+-------------+-------------+-------------+-------------+
|        Metric        |  f0404:0:0 | f0404:1:1 | f0404:2:2 | f0404:3:3 | f0404:4:4 | f0404:5:5 | f0404:6:6 | f0404:7:7 | f0404:8:8 | f0404:9:9 | f0404:10:10 | f0404:11:11 | f0404:12:12 | f0404:13:13 | f0404:14:14 | f0404:15:15 | f0404:16:16 | f0404:17:17 |
+----------------------+------------+-----------+-----------+-----------+-----------+-----------+-----------+-----------+-----------+-----------+-------------+-------------+-------------+-------------+-------------+-------------+-------------+-------------+
|  Runtime (RDTSC) [s] |   808.4427 |  808.4348 |  808.8731 |  808.4423 |  808.4791 |  808.4398 |  808.4874 |  808.8768 |  808.8714 |  808.4389 |    808.5943 |    808.4795 |    808.8695 |    808.8757 |    808.4375 |    808.8722 |    808.8740 |    808.4511 |
| Runtime unhalted [s] |   465.7498 |  469.3609 |  469.2800 |  469.3889 |  469.3642 |  469.3499 |  469.3753 |  469.3179 |  469.3490 |  469.3889 |    469.4459 |    469.4136 |    468.4044 |    469.3643 |    469.3812 |    469.3383 |    469.1817 |    469.3919 |
|      Clock [MHz]     |  1396.6874 | 1396.6878 | 1396.6883 | 1396.6864 | 1396.6364 | 1396.6865 | 1396.6218 | 1396.6818 | 1396.6905 | 1396.6909 |   1396.4218 |   1396.6308 |   1396.6925 |   1396.6883 |   1396.6884 |   1396.6919 |   1396.6874 |   1396.6826 |
|  Uncore Clock [MHz]  |  1578.6005 |         0 |         0 |         0 |         0 |         0 |         0 |         0 |         0 |         0 |           0 |           0 |           0 |           0 |           0 |           0 |           0 |           0 |
|          CPI         |     0.5033 |    0.5087 |    0.5109 |    0.5184 |    0.5312 |    0.5343 |    0.5421 |    0.5406 |    0.5422 |    0.5420 |      0.5419 |      0.5367 |      0.5280 |      0.5145 |      0.5120 |      0.5119 |      0.5197 |      0.5207 |
|    Temperature [C]   |         35 |        36 |        36 |        36 |        34 |        35 |        36 |        36 |        35 |        31 |          34 |          35 |          35 |          32 |          35 |          34 |          33 |          34 |
|      Energy [J]      | 82522.4651 |         0 |         0 |         0 |         0 |         0 |         0 |         0 |         0 |         0 |           0 |           0 |           0 |           0 |           0 |           0 |           0 |           0 |
|       Power [W]      |   102.0758 |         0 |         0 |         0 |         0 |         0 |         0 |         0 |         0 |         0 |           0 |           0 |           0 |           0 |           0 |           0 |           0 |           0 |
|    Energy PP0 [J]    |          0 |         0 |         0 |         0 |         0 |         0 |         0 |         0 |         0 |         0 |           0 |           0 |           0 |           0 |           0 |           0 |           0 |           0 |
|     Power PP0 [W]    |          0 |         0 |         0 |         0 |         0 |         0 |         0 |         0 |         0 |         0 |           0 |           0 |           0 |           0 |           0 |           0 |           0 |           0 |
|    Energy DRAM [J]   |  6059.0028 |         0 |         0 |         0 |         0 |         0 |         0 |         0 |         0 |         0 |           0 |           0 |           0 |           0 |           0 |           0 |           0 |           0 |
|    Power DRAM [W]    |     7.4947 |         0 |         0 |         0 |         0 |         0 |         0 |         0 |         0 |         0 |           0 |           0 |           0 |           0 |           0 |           0 |           0 |           0 |
|  Energy PLATFORM [J] |          0 |         0 |         0 |         0 |         0 |         0 |         0 |         0 |         0 |         0 |           0 |           0 |           0 |           0 |           0 |           0 |           0 |           0 |
|  Power PLATFORM [W]  |          0 |         0 |         0 |         0 |         0 |         0 |         0 |         0 |         0 |         0 |           0 |           0 |           0 |           0 |           0 |           0 |           0 |           0 |
+----------------------+------------+-----------+-----------+-----------+-----------+-----------+-----------+-----------+-----------+-----------+-------------+-------------+-------------+-------------+-------------+-------------+-------------+-------------+

+---------------------------+------------+-----------+------------+-----------+-----------+-----------+-----------+
|           Metric          |     Sum    |    Min    |     Max    |    Avg    |  %ile 25  |  %ile 50  |  %ile 75  |
+---------------------------+------------+-----------+------------+-----------+-----------+-----------+-----------+
|  Runtime (RDTSC) [s] STAT | 14555.2401 |  808.4348 |   808.8768 |  808.6245 |  808.4423 |  808.4795 |  808.8722 |
| Runtime unhalted [s] STAT |  8443.8461 |  465.7498 |   469.4459 |  469.1026 |  469.3179 |  469.3609 |  469.3889 |
|      Clock [MHz] STAT     | 25139.9415 | 1396.4218 |  1396.6925 | 1396.6634 | 1396.6818 | 1396.6874 | 1396.6884 |
|  Uncore Clock [MHz] STAT  |  1578.6005 |         0 |  1578.6005 |   87.7000 |         0 |         0 |         0 |
|          CPI STAT         |     9.4591 |    0.5033 |     0.5422 |    0.5255 |    0.5120 |    0.5207 |    0.5406 |
|    Temperature [C] STAT   |        622 |        31 |         36 |   34.5556 |        34 |        35 |        36 |
|      Energy [J] STAT      | 82522.4651 |         0 | 82522.4651 | 4584.5814 |         0 |         0 |         0 |
|       Power [W] STAT      |   102.0758 |         0 |   102.0758 |    5.6709 |         0 |         0 |         0 |
|    Energy PP0 [J] STAT    |          0 |         0 |          0 |         0 |         0 |         0 |         0 |
|     Power PP0 [W] STAT    |          0 |         0 |          0 |         0 |         0 |         0 |         0 |
|    Energy DRAM [J] STAT   |  6059.0028 |         0 |  6059.0028 |  336.6113 |         0 |         0 |         0 |
|    Power DRAM [W] STAT    |     7.4947 |         0 |     7.4947 |    0.4164 |         0 |         0 |         0 |
|  Energy PLATFORM [J] STAT |          0 |         0 |          0 |         0 |         0 |         0 |         0 |
|  Power PLATFORM [W] STAT  |          0 |         0 |          0 |         0 |         0 |         0 |         0 |
+---------------------------+------------+-----------+------------+-----------+-----------+-----------+-----------+

