Group: 1
+-----------------------+---------+---------------+---------------+---------------+---------------+---------------+---------------+---------------+---------------+---------------+---------------+---------------+---------------+---------------+---------------+---------------+---------------+---------------+---------------+
|         Event         | Counter |   f0660:0:0   |   f0660:1:1   |   f0660:2:2   |   f0660:3:3   |   f0660:4:4   |   f0660:5:5   |   f0660:6:6   |   f0660:7:7   |   f0660:8:8   |   f0660:9:9   |  f0660:10:10  |  f0660:11:11  |  f0660:12:12  |  f0660:13:13  |  f0660:14:14  |  f0660:15:15  |  f0660:16:16  |  f0660:17:17  |
+-----------------------+---------+---------------+---------------+---------------+---------------+---------------+---------------+---------------+---------------+---------------+---------------+---------------+---------------+---------------+---------------+---------------+---------------+---------------+---------------+
|   INSTR_RETIRED_ANY   |  FIXC0  | 2318255787673 | 2261277873781 | 2257965363625 | 2241735205679 | 2239801309916 | 2233007274974 | 2120808010332 | 2117386163111 | 2180517031250 | 2235184724617 | 2214502218372 | 2396102487628 | 2431556963384 | 2284699517203 | 2277574595196 | 2343308709824 | 2277113160935 | 2089190378166 |
| CPU_CLK_UNHALTED_CORE |  FIXC1  | 1299900266241 | 1310438243506 | 1310211314408 | 1309079648266 | 1309550640993 | 1306861404733 | 1307871579325 | 1306195482397 | 1305640795221 | 1306628240360 | 1304936767869 | 1306102717674 | 1305175570706 | 1304841779487 | 1305842982337 | 1305117082847 | 1305667946207 | 1305320459558 |
|  CPU_CLK_UNHALTED_REF |  FIXC2  | 2228411381760 | 2246475419328 | 2246087948352 | 2244145391808 | 2244954166944 | 2240343797184 | 2242076124288 | 2239202780256 | 2238251955936 | 2239941091488 | 2237045429568 | 2239046103936 | 2237456993472 | 2236883447904 | 2238599197920 | 2237355137664 | 2238300101568 | 2237702503488 |
|     TOPDOWN_SLOTS     |  FIXC3  | 6499501331205 | 6552191217530 | 6551056572040 | 6545398241330 | 6547753204965 | 6534307023665 | 6539357896625 | 6530977411985 | 6528203976105 | 6533141201800 | 6524683839345 | 6530513588370 | 6525877853530 | 6524208897435 | 6529214911685 | 6525585414235 | 6528339731035 | 6526602297790 |
|       TEMP_CORE       |   TMP0  |            34 |            35 |            34 |            35 |            37 |            36 |            35 |            34 |            34 |            37 |            37 |            37 |            34 |            36 |            36 |            35 |            35 |            35 |
|     PWR_PKG_ENERGY    |   PWR0  |    83024.0190 |             0 |             0 |             0 |             0 |             0 |             0 |             0 |             0 |             0 |             0 |             0 |             0 |             0 |             0 |             0 |             0 |             0 |
|     PWR_PP0_ENERGY    |   PWR1  |             0 |             0 |             0 |             0 |             0 |             0 |             0 |             0 |             0 |             0 |             0 |             0 |             0 |             0 |             0 |             0 |             0 |             0 |
|    PWR_DRAM_ENERGY    |   PWR3  |     6272.0303 |             0 |             0 |             0 |             0 |             0 |             0 |             0 |             0 |             0 |             0 |             0 |             0 |             0 |             0 |             0 |             0 |             0 |
|  PWR_PLATFORM_ENERGY  |   PWR4  |             0 |             0 |             0 |             0 |             0 |             0 |             0 |             0 |             0 |             0 |             0 |             0 |             0 |             0 |             0 |             0 |             0 |             0 |
|   UNCORE_CLOCKTICKS   | UBOXFIX | 1326876343151 |             0 |             0 |             0 |             0 |             0 |             0 |             0 |             0 |             0 |             0 |             0 |             0 |             0 |             0 |             0 |             0 |             0 |
+-----------------------+---------+---------------+---------------+---------------+---------------+---------------+---------------+---------------+---------------+---------------+---------------+---------------+---------------+---------------+---------------+---------------+---------------+---------------+---------------+

+----------------------------+---------+-----------------+---------------+---------------+---------------+
|            Event           | Counter |       Sum       |      Min      |      Max      |      Avg      |
+----------------------------+---------+-----------------+---------------+---------------+---------------+
|   INSTR_RETIRED_ANY STAT   |  FIXC0  |  40519986775666 | 2089190378166 | 2431556963384 |  2.251110e+12 |
| CPU_CLK_UNHALTED_CORE STAT |  FIXC1  |  23515382922135 | 1299900266241 | 1310438243506 |  1.306410e+12 |
|  CPU_CLK_UNHALTED_REF STAT |  FIXC2  |  40312278972864 | 2228411381760 | 2246475419328 | 2239571054048 |
|     TOPDOWN_SLOTS STAT     |  FIXC3  | 117576914610675 | 6499501331205 | 6552191217530 |  6.532051e+12 |
|       TEMP_CORE STAT       |   TMP0  |             636 |            34 |            37 |       35.3333 |
|     PWR_PKG_ENERGY STAT    |   PWR0  |      83024.0190 |             0 |    83024.0190 |     4612.4455 |
|     PWR_PP0_ENERGY STAT    |   PWR1  |               0 |             0 |             0 |             0 |
|    PWR_DRAM_ENERGY STAT    |   PWR3  |       6272.0303 |             0 |     6272.0303 |      348.4461 |
|  PWR_PLATFORM_ENERGY STAT  |   PWR4  |               0 |             0 |             0 |             0 |
|   UNCORE_CLOCKTICKS STAT   | UBOXFIX |   1326876343151 |             0 | 1326876343151 |  7.371535e+10 |
+----------------------------+---------+-----------------+---------------+---------------+---------------+

+----------------------+------------+-----------+-----------+-----------+-----------+-----------+-----------+-----------+-----------+-----------+-------------+-------------+-------------+-------------+-------------+-------------+-------------+-------------+
|        Metric        |  f0660:0:0 | f0660:1:1 | f0660:2:2 | f0660:3:3 | f0660:4:4 | f0660:5:5 | f0660:6:6 | f0660:7:7 | f0660:8:8 | f0660:9:9 | f0660:10:10 | f0660:11:11 | f0660:12:12 | f0660:13:13 | f0660:14:14 | f0660:15:15 | f0660:16:16 | f0660:17:17 |
+----------------------+------------+-----------+-----------+-----------+-----------+-----------+-----------+-----------+-----------+-----------+-------------+-------------+-------------+-------------+-------------+-------------+-------------+-------------+
|  Runtime (RDTSC) [s] |   944.1871 |  944.1875 |  944.1867 |  944.1851 |  944.1780 |  944.1727 |  944.1881 |  944.3359 |  944.1788 |  944.2071 |    944.1899 |    944.1980 |    944.1612 |    944.2005 |    944.2031 |    944.1786 |    944.2021 |    945.9418 |
| Runtime unhalted [s] |   542.9089 |  547.3151 |  547.2148 |  546.7432 |  546.9384 |  545.8159 |  546.2373 |  545.6214 |  545.3062 |  545.7180 |    545.0122 |    545.4989 |    545.1124 |    544.9722 |    545.3918 |    545.0882 |    545.3168 |    546.1711 |
|      Clock [MHz]     |  1396.6825 | 1396.6707 | 1396.6838 | 1396.6827 | 1396.6857 | 1396.6842 | 1396.6851 | 1396.4699 | 1396.6836 | 1396.6874 |   1396.6832 |   1396.6827 |   1396.6807 |   1396.6836 |   1396.6801 |   1396.6809 |   1396.6845 |   1394.1299 |
|  Uncore Clock [MHz]  |  1405.3108 |         0 |         0 |         0 |         0 |         0 |         0 |         0 |         0 |         0 |           0 |           0 |           0 |           0 |           0 |           0 |           0 |           0 |
|          CPI         |     0.5607 |    0.5795 |    0.5803 |    0.5840 |    0.5847 |    0.5852 |    0.6167 |    0.6169 |    0.5988 |    0.5846 |      0.5893 |      0.5451 |      0.5368 |      0.5711 |      0.5733 |      0.5570 |      0.5734 |      0.6248 |
|    Temperature [C]   |         34 |        35 |        34 |        35 |        37 |        36 |        35 |        34 |        34 |        37 |          37 |          37 |          34 |          36 |          36 |          35 |          35 |          35 |
|      Energy [J]      | 83024.0190 |         0 |         0 |         0 |         0 |         0 |         0 |         0 |         0 |         0 |           0 |           0 |           0 |           0 |           0 |           0 |           0 |           0 |
|       Power [W]      |    87.9317 |         0 |         0 |         0 |         0 |         0 |         0 |         0 |         0 |         0 |           0 |           0 |           0 |           0 |           0 |           0 |           0 |           0 |
|    Energy PP0 [J]    |          0 |         0 |         0 |         0 |         0 |         0 |         0 |         0 |         0 |         0 |           0 |           0 |           0 |           0 |           0 |           0 |           0 |           0 |
|     Power PP0 [W]    |          0 |         0 |         0 |         0 |         0 |         0 |         0 |         0 |         0 |         0 |           0 |           0 |           0 |           0 |           0 |           0 |           0 |           0 |
|    Energy DRAM [J]   |  6272.0303 |         0 |         0 |         0 |         0 |         0 |         0 |         0 |         0 |         0 |           0 |           0 |           0 |           0 |           0 |           0 |           0 |           0 |
|    Power DRAM [W]    |     6.6428 |         0 |         0 |         0 |         0 |         0 |         0 |         0 |         0 |         0 |           0 |           0 |           0 |           0 |           0 |           0 |           0 |           0 |
|  Energy PLATFORM [J] |          0 |         0 |         0 |         0 |         0 |         0 |         0 |         0 |         0 |         0 |           0 |           0 |           0 |           0 |           0 |           0 |           0 |           0 |
|  Power PLATFORM [W]  |          0 |         0 |         0 |         0 |         0 |         0 |         0 |         0 |         0 |         0 |           0 |           0 |           0 |           0 |           0 |           0 |           0 |           0 |
+----------------------+------------+-----------+-----------+-----------+-----------+-----------+-----------+-----------+-----------+-----------+-------------+-------------+-------------+-------------+-------------+-------------+-------------+-------------+

+---------------------------+------------+-----------+------------+-----------+-----------+-----------+-----------+
|           Metric          |     Sum    |    Min    |     Max    |    Avg    |  %ile 25  |  %ile 50  |  %ile 75  |
+---------------------------+------------+-----------+------------+-----------+-----------+-----------+-----------+
|  Runtime (RDTSC) [s] STAT | 16997.2822 |  944.1612 |   945.9418 |  944.2935 |  944.1788 |  944.1875 |  944.2021 |
| Runtime unhalted [s] STAT |  9822.3828 |  542.9089 |   547.3151 |  545.6879 |  545.1124 |  545.4989 |  546.2373 |
|      Clock [MHz] STAT     | 25137.5212 | 1394.1299 |  1396.6874 | 1396.5290 | 1396.6807 | 1396.6827 | 1396.6842 |
|  Uncore Clock [MHz] STAT  |  1405.3108 |         0 |  1405.3108 |   78.0728 |         0 |         0 |         0 |
|          CPI STAT         |    10.4622 |    0.5368 |     0.6248 |    0.5812 |    0.5711 |    0.5803 |    0.5893 |
|    Temperature [C] STAT   |        636 |        34 |         37 |   35.3333 |        34 |        35 |        36 |
|      Energy [J] STAT      | 83024.0190 |         0 | 83024.0190 | 4612.4455 |         0 |         0 |         0 |
|       Power [W] STAT      |    87.9317 |         0 |    87.9317 |    4.8851 |         0 |         0 |         0 |
|    Energy PP0 [J] STAT    |          0 |         0 |          0 |         0 |         0 |         0 |         0 |
|     Power PP0 [W] STAT    |          0 |         0 |          0 |         0 |         0 |         0 |         0 |
|    Energy DRAM [J] STAT   |  6272.0303 |         0 |  6272.0303 |  348.4461 |         0 |         0 |         0 |
|    Power DRAM [W] STAT    |     6.6428 |         0 |     6.6428 |    0.3690 |         0 |         0 |         0 |
|  Energy PLATFORM [J] STAT |          0 |         0 |          0 |         0 |         0 |         0 |         0 |
|  Power PLATFORM [W] STAT  |          0 |         0 |          0 |         0 |         0 |         0 |         0 |
+---------------------------+------------+-----------+------------+-----------+-----------+-----------+-----------+

