
          -------------------------------------------------------
          Amber 20 PMEMD                              2020
          -------------------------------------------------------

| PMEMD implementation of SANDER, Release 18

|  Compiled date/time: Fri Dec 17 14:50:05 2021
| Run on 02/15/2022 at 12:33:38

|   Executable path: /apps/amber/Amber20/20p12-at21p11-ompi-intel/bin/pmemd.MPI
| Working directory: /home/titan/unrz/unrz007h/benchmark_fritz/AMBER/3-20p12-at21p11-ompi-intel/n004/42390
|          Hostname: f0177.nhr.fau.de

  [-O]verwriting output

File Assignments:
|   MDIN: ../jac.mdin                                                           
|  MDOUT: jac.output                                                            
| INPCRD: ../jac.inpcrd                                                         
|   PARM: ../jac.prmtop                                                         
| RESTRT: restrt                                                                
|   REFC: refc                                                                  
|  MDVEL: mdvel                                                                 
|   MDEN: mden                                                                  
|  MDCRD: mdcrd                                                                 
| MDINFO: mdinfo                                                                
|LOGFILE: logfile                                                               
|  MDFRC: mdfrc                                                                 

 
 Here is the input file:
 
 this is the "jac production nve" simulation from the Amber web site           
 &cntrl                                                                        
   ntx=7, irest=1,                                                             
   ntc=2, ntf=2, tol=0.000001,                                                 
   nstlim=50000,                                                               
   ntpr=1000, ntwx=1000,                                                       
   ntwr=10000,                                                                 
   dt=0.002, vlimit=10.0,                                                      
   cut=8.,                                                                     
   ntt=0, ioutfm=1,                                                            
 /                                                                             
 &ewald                                                                        
  dsum_tol=0.000001,                                                           
 /                                                                             
                                                                               


Note: ig = -1. Setting random seed to   963027 based on wallclock time in
      microseconds and disabling the synchronization of random numbers 
      between tasks to improve performance.
| irandom = 1, using AMBER's internal random number generator (default).
 
 
| Conditional Compilation Defines Used:
| MPI
| FFTW_FFT
| BINTRAJ
| MKL
| EMIL
 
| Largest sphere to fit in unit cell has radius =    31.115

|  INFO: Old style PARM file read


| Note: 1-4 EEL scale factors were NOT found in the topology file.
|       Using default value of 1.2.

| Note: 1-4 VDW scale factors were NOT found in the topology file.
|       Using default value of 2.0.
| Duplicated    0 dihedrals

| Duplicated    0 dihedrals

--------------------------------------------------------------------------------
   1.  RESOURCE   USE: 
--------------------------------------------------------------------------------

 getting new box info from bottom of inpcrd
 NATOM  =   23558 NTYPES =      16 NBONH =   22290 MBONA  =    1302
 NTHETH =    2789 MTHETA =    1772 NPHIH =    5026 MPHIA  =    3140
 NHPARM =       0 NPARM  =       0 NNB   =   41859 NRES   =    7182
 NBONA  =    1302 NTHETA =    1772 NPHIA =    3140 NUMBND =      45
 NUMANG =      91 NPTRA  =      33 NATYP =      31 NPHB   =       1
 IFBOX  =       1 NMXRS  =      25 IFCAP =       0 NEXTRA =       0
 NCOPY  =       0

| Coordinate Index Table dimensions:    12   12   12
| Direct force subcell size =     5.1858    5.1858    5.1858

     BOX TYPE: RECTILINEAR

--------------------------------------------------------------------------------
   2.  CONTROL  DATA  FOR  THE  RUN
--------------------------------------------------------------------------------

                                                                                

General flags:
     imin    =       0, nmropt  =       0

Nature and format of input:
     ntx     =       7, irest   =       1, ntrx    =       1

Nature and format of output:
     ntxo    =       2, ntpr    =    1000, ntrx    =       1, ntwr    =   10000
     iwrap   =       0, ntwx    =    1000, ntwv    =       0, ntwe    =       0
     ioutfm  =       1, ntwprt  =       0, idecomp =       0, rbornstat=      0

Potential function:
     ntf     =       2, ntb     =       1, igb     =       0, nsnb    =      25
     ipol    =       0, gbsa    =       0, iesp    =       0
     dielc   =   1.00000, cut     =   8.00000, intdiel =   1.00000

Frozen or restrained atoms:
     ibelly  =       0, ntr     =       0

Molecular dynamics:
     nstlim  =     50000, nscm    =      1000, nrespa  =         1
     t       =   0.00000, dt      =   0.00200, vlimit  =  10.00000

SHAKE:
     ntc     =       2, jfastw  =       0
     tol     =   0.00000

| Intermolecular bonds treatment:
|     no_intermolecular_bonds =       1

| Energy averages sample interval:
|     ene_avg_sampling =    1000

Ewald parameters:
     verbose =       0, ew_type =       0, nbflag  =       1, use_pme =       1
     vdwmeth =       1, eedmeth =       1, netfrc  =       1
     Box X =   62.230   Box Y =   62.230   Box Z =   62.230
     Alpha =   90.000   Beta  =   90.000   Gamma =   90.000
     NFFT1 =   64       NFFT2 =   64       NFFT3 =   64
     Cutoff=    8.000   Tol   =0.100E-05
     Ewald Coefficient =  0.39467
     Interpolation order =    4

| PMEMD ewald parallel performance parameters:
|     block_fft =    1
|     fft_blk_y_divisor =    4
|     excl_recip =    1
|     excl_master =    1
|     atm_redist_freq =   32

--------------------------------------------------------------------------------
   3.  ATOMIC COORDINATES AND VELOCITIES
--------------------------------------------------------------------------------

                                                                                
 begin time read from input coords =     6.000 ps

 
 Number of triangulated 3-point waters found:     7023

     Sum of charges from parm topology file = -11.00000006
     Assuming uniform neutralizing plasma

| Dynamic Memory, Types Used:
| Reals             1006748
| Integers           977891

| Nonbonded Pairs Initial Allocation:       74600

| Running AMBER/MPI version on  144 MPI task

 
--------------------------------------------------------------------------------
   4.  RESULTS
--------------------------------------------------------------------------------

 ---------------------------------------------------
 APPROXIMATING switch and d/dx switch using CUBIC SPLINE INTERPOLATION
 using   5000.0 points per unit in tabled values
 TESTING RELATIVE ERROR over r ranging from 0.0 to cutoff
| CHECK switch(x): max rel err =   0.3316E-14   at   2.351880
| CHECK d/dx switch(x): max rel err =   0.8789E-11   at   2.875760
 ---------------------------------------------------
|---------------------------------------------------
| APPROXIMATING direct energy using CUBIC SPLINE INTERPOLATION
|  with   50.0 points per unit in tabled values
| Relative Error Limit not exceeded for r .gt.   2.52
| APPROXIMATING direct force using CUBIC SPLINE INTERPOLATION
|  with   50.0 points per unit in tabled values
| Relative Error Limit not exceeded for r .gt.   2.92
|---------------------------------------------------
check COM velocity, temp:        0.003907     0.02(Removed)

 NSTEP =     1000   TIME(PS) =       8.000  TEMP(K) =   298.15  PRESS =     0.0
 Etot   =    -58137.0728  EKtot   =     14332.2640  EPtot      =    -72469.3368
 BOND   =       439.1004  ANGLE   =      1159.3911  DIHED      =       976.6972
 1-4 NB =       561.2411  1-4 EEL =      6601.9278  VDWAALS    =      8291.6627
 EELEC  =    -90499.3570  EHBOND  =         0.0000  RESTRAINT  =         0.0000
 Ewald error estimate:   0.3173E-04
 ------------------------------------------------------------------------------

check COM velocity, temp:        0.000000     0.00(Removed)

 NSTEP =     2000   TIME(PS) =      10.000  TEMP(K) =   297.22  PRESS =     0.0
 Etot   =    -58139.9365  EKtot   =     14287.7059  EPtot      =    -72427.6424
 BOND   =       453.2944  ANGLE   =      1206.3278  DIHED      =       959.8705
 1-4 NB =       540.2704  1-4 EEL =      6556.7448  VDWAALS    =      8282.0827
 EELEC  =    -90426.2330  EHBOND  =         0.0000  RESTRAINT  =         0.0000
 Ewald error estimate:   0.4712E-04
 ------------------------------------------------------------------------------

check COM velocity, temp:        0.000000     0.00(Removed)

 NSTEP =     3000   TIME(PS) =      12.000  TEMP(K) =   295.00  PRESS =     0.0
 Etot   =    -58140.1905  EKtot   =     14181.2325  EPtot      =    -72321.4230
 BOND   =       448.9469  ANGLE   =      1231.3676  DIHED      =       981.4830
 1-4 NB =       539.8601  1-4 EEL =      6605.0413  VDWAALS    =      8462.7606
 EELEC  =    -90590.8824  EHBOND  =         0.0000  RESTRAINT  =         0.0000
 Ewald error estimate:   0.3007E-04
 ------------------------------------------------------------------------------

check COM velocity, temp:        0.000000     0.00(Removed)

 NSTEP =     4000   TIME(PS) =      14.000  TEMP(K) =   294.64  PRESS =     0.0
 Etot   =    -58138.2773  EKtot   =     14163.7970  EPtot      =    -72302.0743
 BOND   =       470.8619  ANGLE   =      1237.4142  DIHED      =      1006.3004
 1-4 NB =       560.6814  1-4 EEL =      6678.1778  VDWAALS    =      8486.5157
 EELEC  =    -90742.0256  EHBOND  =         0.0000  RESTRAINT  =         0.0000
 Ewald error estimate:   0.2953E-04
 ------------------------------------------------------------------------------

check COM velocity, temp:        0.000000     0.00(Removed)

 NSTEP =     5000   TIME(PS) =      16.000  TEMP(K) =   296.88  PRESS =     0.0
 Etot   =    -58139.4396  EKtot   =     14271.1525  EPtot      =    -72410.5921
 BOND   =       434.0550  ANGLE   =      1257.7781  DIHED      =       989.2865
 1-4 NB =       544.6377  1-4 EEL =      6631.5522  VDWAALS    =      8235.6826
 EELEC  =    -90503.5843  EHBOND  =         0.0000  RESTRAINT  =         0.0000
 Ewald error estimate:   0.1576E-04
 ------------------------------------------------------------------------------

check COM velocity, temp:        0.000000     0.00(Removed)

 NSTEP =     6000   TIME(PS) =      18.000  TEMP(K) =   298.35  PRESS =     0.0
 Etot   =    -58141.4034  EKtot   =     14341.8481  EPtot      =    -72483.2515
 BOND   =       475.1903  ANGLE   =      1254.3827  DIHED      =       962.0349
 1-4 NB =       551.1370  1-4 EEL =      6625.8841  VDWAALS    =      8256.2435
 EELEC  =    -90608.1239  EHBOND  =         0.0000  RESTRAINT  =         0.0000
 Ewald error estimate:   0.2297E-04
 ------------------------------------------------------------------------------

check COM velocity, temp:        0.000000     0.00(Removed)

 NSTEP =     7000   TIME(PS) =      20.000  TEMP(K) =   293.73  PRESS =     0.0
 Etot   =    -58142.9629  EKtot   =     14119.8345  EPtot      =    -72262.7974
 BOND   =       481.4647  ANGLE   =      1216.0678  DIHED      =       974.8623
 1-4 NB =       568.4588  1-4 EEL =      6635.6137  VDWAALS    =      8399.7359
 EELEC  =    -90539.0006  EHBOND  =         0.0000  RESTRAINT  =         0.0000
 Ewald error estimate:   0.2225E-04
 ------------------------------------------------------------------------------

check COM velocity, temp:        0.000000     0.00(Removed)

 NSTEP =     8000   TIME(PS) =      22.000  TEMP(K) =   294.96  PRESS =     0.0
 Etot   =    -58140.4352  EKtot   =     14179.0245  EPtot      =    -72319.4597
 BOND   =       495.3271  ANGLE   =      1291.5648  DIHED      =       983.0491
 1-4 NB =       540.9716  1-4 EEL =      6573.6076  VDWAALS    =      8198.4923
 EELEC  =    -90402.4722  EHBOND  =         0.0000  RESTRAINT  =         0.0000
 Ewald error estimate:   0.2408E-04
 ------------------------------------------------------------------------------

check COM velocity, temp:        0.000000     0.00(Removed)

 NSTEP =     9000   TIME(PS) =      24.000  TEMP(K) =   300.19  PRESS =     0.0
 Etot   =    -58143.6272  EKtot   =     14430.4296  EPtot      =    -72574.0568
 BOND   =       503.5701  ANGLE   =      1252.2816  DIHED      =       994.8070
 1-4 NB =       530.3152  1-4 EEL =      6568.2615  VDWAALS    =      8325.8734
 EELEC  =    -90749.1657  EHBOND  =         0.0000  RESTRAINT  =         0.0000
 Ewald error estimate:   0.1581E-05
 ------------------------------------------------------------------------------

check COM velocity, temp:        0.000000     0.00(Removed)

 NSTEP =    10000   TIME(PS) =      26.000  TEMP(K) =   297.99  PRESS =     0.0
 Etot   =    -58141.9326  EKtot   =     14324.6983  EPtot      =    -72466.6309
 BOND   =       482.0126  ANGLE   =      1244.0603  DIHED      =       978.9196
 1-4 NB =       540.0186  1-4 EEL =      6630.1260  VDWAALS    =      8312.0225
 EELEC  =    -90653.7906  EHBOND  =         0.0000  RESTRAINT  =         0.0000
 Ewald error estimate:   0.4333E-05
 ------------------------------------------------------------------------------

check COM velocity, temp:        0.000000     0.00(Removed)

 NSTEP =    11000   TIME(PS) =      28.000  TEMP(K) =   298.14  PRESS =     0.0
 Etot   =    -58141.6682  EKtot   =     14332.0477  EPtot      =    -72473.7159
 BOND   =       471.1595  ANGLE   =      1279.4060  DIHED      =      1012.8178
 1-4 NB =       557.5473  1-4 EEL =      6631.4189  VDWAALS    =      8345.8945
 EELEC  =    -90771.9600  EHBOND  =         0.0000  RESTRAINT  =         0.0000
 Ewald error estimate:   0.5228E-04
 ------------------------------------------------------------------------------

check COM velocity, temp:        0.000000     0.00(Removed)

 NSTEP =    12000   TIME(PS) =      30.000  TEMP(K) =   300.16  PRESS =     0.0
 Etot   =    -58147.0142  EKtot   =     14429.0969  EPtot      =    -72576.1111
 BOND   =       457.8523  ANGLE   =      1289.7060  DIHED      =       971.5020
 1-4 NB =       562.3443  1-4 EEL =      6623.5904  VDWAALS    =      8563.3848
 EELEC  =    -91044.4909  EHBOND  =         0.0000  RESTRAINT  =         0.0000
 Ewald error estimate:   0.5613E-04
 ------------------------------------------------------------------------------

check COM velocity, temp:        0.000000     0.00(Removed)

 NSTEP =    13000   TIME(PS) =      32.000  TEMP(K) =   296.49  PRESS =     0.0
 Etot   =    -58141.9385  EKtot   =     14252.7615  EPtot      =    -72394.6999
 BOND   =       466.7613  ANGLE   =      1265.7716  DIHED      =       969.0409
 1-4 NB =       544.6863  1-4 EEL =      6648.4208  VDWAALS    =      8307.7831
 EELEC  =    -90597.1639  EHBOND  =         0.0000  RESTRAINT  =         0.0000
 Ewald error estimate:   0.1425E-04
 ------------------------------------------------------------------------------

check COM velocity, temp:        0.000000     0.00(Removed)

 NSTEP =    14000   TIME(PS) =      34.000  TEMP(K) =   298.64  PRESS =     0.0
 Etot   =    -58147.2071  EKtot   =     14355.7907  EPtot      =    -72502.9977
 BOND   =       466.1995  ANGLE   =      1256.5046  DIHED      =       982.2315
 1-4 NB =       554.7125  1-4 EEL =      6630.5527  VDWAALS    =      8267.4696
 EELEC  =    -90660.6682  EHBOND  =         0.0000  RESTRAINT  =         0.0000
 Ewald error estimate:   0.4565E-04
 ------------------------------------------------------------------------------

check COM velocity, temp:        0.000000     0.00(Removed)

 NSTEP =    15000   TIME(PS) =      36.000  TEMP(K) =   297.56  PRESS =     0.0
 Etot   =    -58142.3022  EKtot   =     14303.9950  EPtot      =    -72446.2972
 BOND   =       494.9640  ANGLE   =      1261.8656  DIHED      =       973.2500
 1-4 NB =       542.1326  1-4 EEL =      6623.3386  VDWAALS    =      8459.7463
 EELEC  =    -90801.5943  EHBOND  =         0.0000  RESTRAINT  =         0.0000
 Ewald error estimate:   0.5205E-04
 ------------------------------------------------------------------------------

check COM velocity, temp:        0.000000     0.00(Removed)

 NSTEP =    16000   TIME(PS) =      38.000  TEMP(K) =   299.01  PRESS =     0.0
 Etot   =    -58142.9223  EKtot   =     14373.8493  EPtot      =    -72516.7716
 BOND   =       455.1568  ANGLE   =      1254.4093  DIHED      =       991.8394
 1-4 NB =       551.9503  1-4 EEL =      6659.5974  VDWAALS    =      8359.1260
 EELEC  =    -90788.8509  EHBOND  =         0.0000  RESTRAINT  =         0.0000
 Ewald error estimate:   0.1517E-04
 ------------------------------------------------------------------------------

check COM velocity, temp:        0.000000     0.00(Removed)

 NSTEP =    17000   TIME(PS) =      40.000  TEMP(K) =   296.29  PRESS =     0.0
 Etot   =    -58141.1573  EKtot   =     14243.2031  EPtot      =    -72384.3604
 BOND   =       472.7895  ANGLE   =      1273.6294  DIHED      =       966.5567
 1-4 NB =       555.4815  1-4 EEL =      6676.3244  VDWAALS    =      8475.4370
 EELEC  =    -90804.5788  EHBOND  =         0.0000  RESTRAINT  =         0.0000
 Ewald error estimate:   0.2200E-04
 ------------------------------------------------------------------------------

check COM velocity, temp:        0.000000     0.00(Removed)

 NSTEP =    18000   TIME(PS) =      42.000  TEMP(K) =   298.47  PRESS =     0.0
 Etot   =    -58141.0270  EKtot   =     14347.5761  EPtot      =    -72488.6031
 BOND   =       479.1279  ANGLE   =      1291.6515  DIHED      =       965.2881
 1-4 NB =       541.2746  1-4 EEL =      6613.4546  VDWAALS    =      8419.0586
 EELEC  =    -90798.4582  EHBOND  =         0.0000  RESTRAINT  =         0.0000
 Ewald error estimate:   0.2475E-04
 ------------------------------------------------------------------------------

check COM velocity, temp:        0.000000     0.00(Removed)

 NSTEP =    19000   TIME(PS) =      44.000  TEMP(K) =   298.27  PRESS =     0.0
 Etot   =    -58142.1445  EKtot   =     14338.2082  EPtot      =    -72480.3527
 BOND   =       458.1729  ANGLE   =      1257.9188  DIHED      =       973.2192
 1-4 NB =       549.0814  1-4 EEL =      6646.0782  VDWAALS    =      8383.5471
 EELEC  =    -90748.3703  EHBOND  =         0.0000  RESTRAINT  =         0.0000
 Ewald error estimate:   0.1929E-04
 ------------------------------------------------------------------------------

check COM velocity, temp:        0.000000     0.00(Removed)

 NSTEP =    20000   TIME(PS) =      46.000  TEMP(K) =   298.16  PRESS =     0.0
 Etot   =    -58141.0151  EKtot   =     14332.6967  EPtot      =    -72473.7118
 BOND   =       476.5823  ANGLE   =      1245.3214  DIHED      =       974.8854
 1-4 NB =       544.2722  1-4 EEL =      6664.4454  VDWAALS    =      8360.4571
 EELEC  =    -90739.6757  EHBOND  =         0.0000  RESTRAINT  =         0.0000
 Ewald error estimate:   0.2630E-04
 ------------------------------------------------------------------------------

check COM velocity, temp:        0.000000     0.00(Removed)

 NSTEP =    21000   TIME(PS) =      48.000  TEMP(K) =   298.04  PRESS =     0.0
 Etot   =    -58137.9114  EKtot   =     14327.1328  EPtot      =    -72465.0442
 BOND   =       489.5766  ANGLE   =      1228.6660  DIHED      =       961.4918
 1-4 NB =       550.1754  1-4 EEL =      6677.7521  VDWAALS    =      8379.7123
 EELEC  =    -90752.4183  EHBOND  =         0.0000  RESTRAINT  =         0.0000
 Ewald error estimate:   0.2163E-04
 ------------------------------------------------------------------------------

check COM velocity, temp:        0.000000     0.00(Removed)

 NSTEP =    22000   TIME(PS) =      50.000  TEMP(K) =   292.37  PRESS =     0.0
 Etot   =    -58140.2440  EKtot   =     14054.4142  EPtot      =    -72194.6582
 BOND   =       479.0943  ANGLE   =      1275.3115  DIHED      =       966.9499
 1-4 NB =       556.5358  1-4 EEL =      6653.8121  VDWAALS    =      8349.3899
 EELEC  =    -90475.7517  EHBOND  =         0.0000  RESTRAINT  =         0.0000
 Ewald error estimate:   0.8706E-05
 ------------------------------------------------------------------------------

check COM velocity, temp:        0.000000     0.00(Removed)

 NSTEP =    23000   TIME(PS) =      52.000  TEMP(K) =   297.57  PRESS =     0.0
 Etot   =    -58141.7661  EKtot   =     14304.3868  EPtot      =    -72446.1529
 BOND   =       434.4558  ANGLE   =      1269.7200  DIHED      =       973.5191
 1-4 NB =       565.5470  1-4 EEL =      6713.9936  VDWAALS    =      8506.1213
 EELEC  =    -90909.5097  EHBOND  =         0.0000  RESTRAINT  =         0.0000
 Ewald error estimate:   0.1042E-04
 ------------------------------------------------------------------------------

check COM velocity, temp:        0.000000     0.00(Removed)

 NSTEP =    24000   TIME(PS) =      54.000  TEMP(K) =   296.53  PRESS =     0.0
 Etot   =    -58138.5778  EKtot   =     14254.7272  EPtot      =    -72393.3050
 BOND   =       504.9478  ANGLE   =      1257.6636  DIHED      =       970.6037
 1-4 NB =       539.8383  1-4 EEL =      6624.2978  VDWAALS    =      8311.3122
 EELEC  =    -90601.9684  EHBOND  =         0.0000  RESTRAINT  =         0.0000
 Ewald error estimate:   0.4198E-04
 ------------------------------------------------------------------------------

check COM velocity, temp:        0.000000     0.00(Removed)

 NSTEP =    25000   TIME(PS) =      56.000  TEMP(K) =   294.90  PRESS =     0.0
 Etot   =    -58137.9228  EKtot   =     14176.3574  EPtot      =    -72314.2802
 BOND   =       499.7058  ANGLE   =      1303.5523  DIHED      =       983.1924
 1-4 NB =       540.0306  1-4 EEL =      6585.0603  VDWAALS    =      8339.4685
 EELEC  =    -90565.2902  EHBOND  =         0.0000  RESTRAINT  =         0.0000
 Ewald error estimate:   0.1552E-04
 ------------------------------------------------------------------------------

check COM velocity, temp:        0.000000     0.00(Removed)

 NSTEP =    26000   TIME(PS) =      58.000  TEMP(K) =   297.73  PRESS =     0.0
 Etot   =    -58142.2391  EKtot   =     14312.1550  EPtot      =    -72454.3942
 BOND   =       488.1110  ANGLE   =      1277.0892  DIHED      =       971.8641
 1-4 NB =       546.2863  1-4 EEL =      6606.8087  VDWAALS    =      8374.2092
 EELEC  =    -90718.7627  EHBOND  =         0.0000  RESTRAINT  =         0.0000
 Ewald error estimate:   0.2851E-04
 ------------------------------------------------------------------------------

check COM velocity, temp:        0.000000     0.00(Removed)

 NSTEP =    27000   TIME(PS) =      60.000  TEMP(K) =   298.49  PRESS =     0.0
 Etot   =    -58145.7422  EKtot   =     14348.6171  EPtot      =    -72494.3593
 BOND   =       476.9619  ANGLE   =      1206.9519  DIHED      =       983.0453
 1-4 NB =       549.3252  1-4 EEL =      6649.8277  VDWAALS    =      8409.9649
 EELEC  =    -90770.4360  EHBOND  =         0.0000  RESTRAINT  =         0.0000
 Ewald error estimate:   0.2451E-05
 ------------------------------------------------------------------------------

check COM velocity, temp:        0.000000     0.00(Removed)

 NSTEP =    28000   TIME(PS) =      62.000  TEMP(K) =   298.28  PRESS =     0.0
 Etot   =    -58142.8143  EKtot   =     14338.5764  EPtot      =    -72481.3907
 BOND   =       484.9230  ANGLE   =      1198.1711  DIHED      =       995.4651
 1-4 NB =       555.2761  1-4 EEL =      6644.4487  VDWAALS    =      8136.2784
 EELEC  =    -90495.9531  EHBOND  =         0.0000  RESTRAINT  =         0.0000
 Ewald error estimate:   0.2505E-04
 ------------------------------------------------------------------------------

check COM velocity, temp:        0.000000     0.00(Removed)

 NSTEP =    29000   TIME(PS) =      64.000  TEMP(K) =   296.44  PRESS =     0.0
 Etot   =    -58139.8622  EKtot   =     14250.2923  EPtot      =    -72390.1545
 BOND   =       477.8328  ANGLE   =      1282.3266  DIHED      =       960.8394
 1-4 NB =       554.0093  1-4 EEL =      6630.3791  VDWAALS    =      8464.4463
 EELEC  =    -90759.9881  EHBOND  =         0.0000  RESTRAINT  =         0.0000
 Ewald error estimate:   0.6069E-05
 ------------------------------------------------------------------------------

check COM velocity, temp:        0.000000     0.00(Removed)

 NSTEP =    30000   TIME(PS) =      66.000  TEMP(K) =   294.62  PRESS =     0.0
 Etot   =    -58139.3998  EKtot   =     14162.8701  EPtot      =    -72302.2699
 BOND   =       472.1757  ANGLE   =      1239.3381  DIHED      =       973.2788
 1-4 NB =       568.6745  1-4 EEL =      6654.7410  VDWAALS    =      8191.7167
 EELEC  =    -90402.1947  EHBOND  =         0.0000  RESTRAINT  =         0.0000
 Ewald error estimate:   0.6942E-05
 ------------------------------------------------------------------------------

check COM velocity, temp:        0.000000     0.00(Removed)

 NSTEP =    31000   TIME(PS) =      68.000  TEMP(K) =   295.67  PRESS =     0.0
 Etot   =    -58137.9302  EKtot   =     14213.1806  EPtot      =    -72351.1108
 BOND   =       465.3393  ANGLE   =      1255.0394  DIHED      =       995.6627
 1-4 NB =       550.9759  1-4 EEL =      6642.1618  VDWAALS    =      8278.5891
 EELEC  =    -90538.8791  EHBOND  =         0.0000  RESTRAINT  =         0.0000
 Ewald error estimate:   0.4191E-05
 ------------------------------------------------------------------------------

check COM velocity, temp:        0.000000     0.00(Removed)

 NSTEP =    32000   TIME(PS) =      70.000  TEMP(K) =   296.86  PRESS =     0.0
 Etot   =    -58142.3336  EKtot   =     14270.5498  EPtot      =    -72412.8835
 BOND   =       471.4532  ANGLE   =      1286.8310  DIHED      =      1006.8641
 1-4 NB =       555.9603  1-4 EEL =      6637.9305  VDWAALS    =      8382.8750
 EELEC  =    -90754.7976  EHBOND  =         0.0000  RESTRAINT  =         0.0000
 Ewald error estimate:   0.1302E-04
 ------------------------------------------------------------------------------

check COM velocity, temp:        0.000000     0.00(Removed)

 NSTEP =    33000   TIME(PS) =      72.000  TEMP(K) =   297.33  PRESS =     0.0
 Etot   =    -58140.3677  EKtot   =     14293.1138  EPtot      =    -72433.4815
 BOND   =       487.7796  ANGLE   =      1218.0482  DIHED      =       992.9219
 1-4 NB =       558.8539  1-4 EEL =      6648.1526  VDWAALS    =      8384.5871
 EELEC  =    -90723.8249  EHBOND  =         0.0000  RESTRAINT  =         0.0000
 Ewald error estimate:   0.3264E-04
 ------------------------------------------------------------------------------

check COM velocity, temp:        0.000000     0.00(Removed)

 NSTEP =    34000   TIME(PS) =      74.000  TEMP(K) =   296.67  PRESS =     0.0
 Etot   =    -58138.4143  EKtot   =     14261.1970  EPtot      =    -72399.6113
 BOND   =       490.2695  ANGLE   =      1274.6044  DIHED      =       986.5106
 1-4 NB =       549.6201  1-4 EEL =      6635.6236  VDWAALS    =      8369.7927
 EELEC  =    -90706.0322  EHBOND  =         0.0000  RESTRAINT  =         0.0000
 Ewald error estimate:   0.2094E-04
 ------------------------------------------------------------------------------

check COM velocity, temp:        0.000000     0.00(Removed)

 NSTEP =    35000   TIME(PS) =      76.000  TEMP(K) =   295.07  PRESS =     0.0
 Etot   =    -58140.3104  EKtot   =     14184.3116  EPtot      =    -72324.6220
 BOND   =       457.4397  ANGLE   =      1307.2626  DIHED      =       981.5321
 1-4 NB =       543.2444  1-4 EEL =      6619.2982  VDWAALS    =      8464.1366
 EELEC  =    -90697.5356  EHBOND  =         0.0000  RESTRAINT  =         0.0000
 Ewald error estimate:   0.2829E-04
 ------------------------------------------------------------------------------

check COM velocity, temp:        0.000000     0.00(Removed)

 NSTEP =    36000   TIME(PS) =      78.000  TEMP(K) =   297.52  PRESS =     0.0
 Etot   =    -58140.0531  EKtot   =     14302.1045  EPtot      =    -72442.1576
 BOND   =       483.5731  ANGLE   =      1265.4096  DIHED      =       970.0599
 1-4 NB =       554.8098  1-4 EEL =      6632.0649  VDWAALS    =      8197.5999
 EELEC  =    -90545.6748  EHBOND  =         0.0000  RESTRAINT  =         0.0000
 Ewald error estimate:   0.1114E-04
 ------------------------------------------------------------------------------

check COM velocity, temp:        0.000000     0.00(Removed)

 NSTEP =    37000   TIME(PS) =      80.000  TEMP(K) =   297.75  PRESS =     0.0
 Etot   =    -58141.1301  EKtot   =     14313.3352  EPtot      =    -72454.4653
 BOND   =       506.3398  ANGLE   =      1219.8015  DIHED      =       973.8833
 1-4 NB =       544.8377  1-4 EEL =      6599.2583  VDWAALS    =      8601.7137
 EELEC  =    -90900.2996  EHBOND  =         0.0000  RESTRAINT  =         0.0000
 Ewald error estimate:   0.3573E-04
 ------------------------------------------------------------------------------

check COM velocity, temp:        0.000000     0.00(Removed)

 NSTEP =    38000   TIME(PS) =      82.000  TEMP(K) =   298.34  PRESS =     0.0
 Etot   =    -58141.4071  EKtot   =     14341.7822  EPtot      =    -72483.1893
 BOND   =       463.2108  ANGLE   =      1222.7183  DIHED      =       960.3721
 1-4 NB =       546.9903  1-4 EEL =      6606.0308  VDWAALS    =      8568.5995
 EELEC  =    -90851.1113  EHBOND  =         0.0000  RESTRAINT  =         0.0000
 Ewald error estimate:   0.1518E-04
 ------------------------------------------------------------------------------

check COM velocity, temp:        0.000000     0.00(Removed)

 NSTEP =    39000   TIME(PS) =      84.000  TEMP(K) =   295.37  PRESS =     0.0
 Etot   =    -58140.2499  EKtot   =     14198.5972  EPtot      =    -72338.8471
 BOND   =       479.4663  ANGLE   =      1251.0928  DIHED      =       953.2631
 1-4 NB =       568.8135  1-4 EEL =      6576.1500  VDWAALS    =      8658.3448
 EELEC  =    -90825.9777  EHBOND  =         0.0000  RESTRAINT  =         0.0000
 Ewald error estimate:   0.4591E-04
 ------------------------------------------------------------------------------

check COM velocity, temp:        0.000000     0.00(Removed)

 NSTEP =    40000   TIME(PS) =      86.000  TEMP(K) =   297.52  PRESS =     0.0
 Etot   =    -58142.6962  EKtot   =     14302.0844  EPtot      =    -72444.7807
 BOND   =       464.3161  ANGLE   =      1283.8650  DIHED      =       960.8552
 1-4 NB =       526.8203  1-4 EEL =      6618.9545  VDWAALS    =      8343.4401
 EELEC  =    -90643.0318  EHBOND  =         0.0000  RESTRAINT  =         0.0000
 Ewald error estimate:   0.5189E-04
 ------------------------------------------------------------------------------

check COM velocity, temp:        0.000000     0.00(Removed)

 NSTEP =    41000   TIME(PS) =      88.000  TEMP(K) =   296.03  PRESS =     0.0
 Etot   =    -58140.5884  EKtot   =     14230.6953  EPtot      =    -72371.2837
 BOND   =       466.7941  ANGLE   =      1243.7186  DIHED      =       963.6344
 1-4 NB =       549.8348  1-4 EEL =      6675.6954  VDWAALS    =      8548.6862
 EELEC  =    -90819.6472  EHBOND  =         0.0000  RESTRAINT  =         0.0000
 Ewald error estimate:   0.5835E-05
 ------------------------------------------------------------------------------

check COM velocity, temp:        0.000000     0.00(Removed)

 NSTEP =    42000   TIME(PS) =      90.000  TEMP(K) =   295.30  PRESS =     0.0
 Etot   =    -58141.9003  EKtot   =     14195.5802  EPtot      =    -72337.4805
 BOND   =       469.8819  ANGLE   =      1221.6781  DIHED      =       984.0040
 1-4 NB =       541.7822  1-4 EEL =      6629.8492  VDWAALS    =      8269.7651
 EELEC  =    -90454.4409  EHBOND  =         0.0000  RESTRAINT  =         0.0000
 Ewald error estimate:   0.1555E-04
 ------------------------------------------------------------------------------

check COM velocity, temp:        0.000000     0.00(Removed)

 NSTEP =    43000   TIME(PS) =      92.000  TEMP(K) =   295.10  PRESS =     0.0
 Etot   =    -58141.7512  EKtot   =     14185.7241  EPtot      =    -72327.4753
 BOND   =       465.2279  ANGLE   =      1239.8886  DIHED      =       992.4638
 1-4 NB =       564.2623  1-4 EEL =      6640.9492  VDWAALS    =      8368.9361
 EELEC  =    -90599.2031  EHBOND  =         0.0000  RESTRAINT  =         0.0000
 Ewald error estimate:   0.3389E-04
 ------------------------------------------------------------------------------

check COM velocity, temp:        0.000000     0.00(Removed)

 NSTEP =    44000   TIME(PS) =      94.000  TEMP(K) =   295.14  PRESS =     0.0
 Etot   =    -58142.4027  EKtot   =     14187.4935  EPtot      =    -72329.8962
 BOND   =       466.0086  ANGLE   =      1282.3318  DIHED      =       975.0213
 1-4 NB =       549.7134  1-4 EEL =      6686.1797  VDWAALS    =      8381.1589
 EELEC  =    -90670.3098  EHBOND  =         0.0000  RESTRAINT  =         0.0000
 Ewald error estimate:   0.8598E-05
 ------------------------------------------------------------------------------

check COM velocity, temp:        0.000000     0.00(Removed)

 NSTEP =    45000   TIME(PS) =      96.000  TEMP(K) =   295.03  PRESS =     0.0
 Etot   =    -58142.8423  EKtot   =     14182.3566  EPtot      =    -72325.1988
 BOND   =       464.7231  ANGLE   =      1287.2016  DIHED      =       966.2136
 1-4 NB =       549.2516  1-4 EEL =      6617.7737  VDWAALS    =      8433.5942
 EELEC  =    -90643.9565  EHBOND  =         0.0000  RESTRAINT  =         0.0000
 Ewald error estimate:   0.5777E-05
 ------------------------------------------------------------------------------

check COM velocity, temp:        0.000000     0.00(Removed)

 NSTEP =    46000   TIME(PS) =      98.000  TEMP(K) =   294.29  PRESS =     0.0
 Etot   =    -58140.2196  EKtot   =     14146.7561  EPtot      =    -72286.9757
 BOND   =       488.3613  ANGLE   =      1256.5098  DIHED      =       980.9438
 1-4 NB =       540.4910  1-4 EEL =      6651.8848  VDWAALS    =      8289.2342
 EELEC  =    -90494.4007  EHBOND  =         0.0000  RESTRAINT  =         0.0000
 Ewald error estimate:   0.3437E-04
 ------------------------------------------------------------------------------

check COM velocity, temp:        0.000000     0.00(Removed)

 NSTEP =    47000   TIME(PS) =     100.000  TEMP(K) =   295.86  PRESS =     0.0
 Etot   =    -58141.3608  EKtot   =     14222.2544  EPtot      =    -72363.6152
 BOND   =       470.0809  ANGLE   =      1263.2827  DIHED      =       970.2507
 1-4 NB =       563.6461  1-4 EEL =      6679.1646  VDWAALS    =      8541.3301
 EELEC  =    -90851.3703  EHBOND  =         0.0000  RESTRAINT  =         0.0000
 Ewald error estimate:   0.3762E-04
 ------------------------------------------------------------------------------

check COM velocity, temp:        0.000000     0.00(Removed)

 NSTEP =    48000   TIME(PS) =     102.000  TEMP(K) =   296.23  PRESS =     0.0
 Etot   =    -58142.2384  EKtot   =     14240.1319  EPtot      =    -72382.3704
 BOND   =       479.1300  ANGLE   =      1253.7561  DIHED      =       964.1899
 1-4 NB =       560.7386  1-4 EEL =      6667.9228  VDWAALS    =      8231.9870
 EELEC  =    -90540.0948  EHBOND  =         0.0000  RESTRAINT  =         0.0000
 Ewald error estimate:   0.2142E-04
 ------------------------------------------------------------------------------

check COM velocity, temp:        0.000000     0.00(Removed)

 NSTEP =    49000   TIME(PS) =     104.000  TEMP(K) =   297.13  PRESS =     0.0
 Etot   =    -58139.4915  EKtot   =     14283.5595  EPtot      =    -72423.0510
 BOND   =       490.5658  ANGLE   =      1296.9991  DIHED      =       978.4633
 1-4 NB =       545.9461  1-4 EEL =      6656.4952  VDWAALS    =      8137.8431
 EELEC  =    -90529.3635  EHBOND  =         0.0000  RESTRAINT  =         0.0000
 Ewald error estimate:   0.1231E-04
 ------------------------------------------------------------------------------

check COM velocity, temp:        0.000000     0.00(Removed)

 NSTEP =    50000   TIME(PS) =     106.000  TEMP(K) =   300.59  PRESS =     0.0
 Etot   =    -58141.4526  EKtot   =     14449.7028  EPtot      =    -72591.1554
 BOND   =       468.6170  ANGLE   =      1289.8593  DIHED      =       963.7523
 1-4 NB =       560.0611  1-4 EEL =      6654.1974  VDWAALS    =      8405.3037
 EELEC  =    -90932.9463  EHBOND  =         0.0000  RESTRAINT  =         0.0000
 Ewald error estimate:   0.1789E-04
 ------------------------------------------------------------------------------


      A V E R A G E S   O V E R      50 S T E P S


 NSTEP =    50000   TIME(PS) =     106.000  TEMP(K) =   296.84  PRESS =     0.0
 Etot   =    -58141.1859  EKtot   =     14269.5050  EPtot      =    -72410.6909
 BOND   =       473.7790  ANGLE   =      1255.7102  DIHED      =       976.9811
 1-4 NB =       550.6685  1-4 EEL =      6634.8203  VDWAALS    =      8370.2623
 EELEC  =    -90672.9123  EHBOND  =         0.0000  RESTRAINT  =         0.0000
 Ewald error estimate:   0.2354E-04
 ------------------------------------------------------------------------------


      R M S  F L U C T U A T I O N S


 NSTEP =    50000   TIME(PS) =     106.000  TEMP(K) =     1.72  PRESS =     0.0
 Etot   =         2.0607  EKtot   =        82.6402  EPtot      =        83.4705
 BOND   =        16.5049  ANGLE   =        29.9459  DIHED      =        13.1734
 1-4 NB =         9.5982  1-4 EEL =        31.6925  VDWAALS    =       116.4344
 EELEC  =       148.2738  EHBOND  =         0.0000  RESTRAINT  =         0.0000
|E(PBS) =         2.7972
 Ewald error estimate:   0.1457E-04
 ------------------------------------------------------------------------------

--------------------------------------------------------------------------------
   5.  TIMINGS
--------------------------------------------------------------------------------

|  NonSetup CPU Time in Major Routines, Average for All Tasks:
|
|     Routine           Sec        %
|     ------------------------------
|     DataDistrib      35.58   45.79
|     Nonbond          34.87   44.88
|     Bond              0.07    0.09
|     Angle             0.17    0.22
|     Dihedral          0.51    0.65
|     Shake             0.79    1.02
|     RunMD             5.08    6.54
|     Other             0.63    0.81
|     ------------------------------
|     Total            77.69

|  PME Nonbond Pairlist CPU Time, Average for All Tasks:
|
|     Routine              Sec        %
|     ---------------------------------
|     Set Up Cit           3.08    3.96
|     Build List           3.60    4.63
|     ---------------------------------
|     Total                6.68    8.60

|  PME Direct Force CPU Time, Average for All Tasks:
|
|     Routine              Sec        %
|     ---------------------------------
|     NonBonded Calc      13.63   17.54
|     Exclude Masked       0.53    0.68
|     Other                3.97    5.11
|     ---------------------------------
|     Total               18.13   23.33

|  PME Reciprocal Force CPU Time, Average for All Tasks:
|
|     Routine              Sec        %
|     ---------------------------------
|     1D bspline           1.66    2.14
|     Grid Charges         0.70    0.90
|     Scalar Sum           0.15    0.20
|     Gradient Sum         0.86    1.10
|     FFT                  5.24    6.74
|     ---------------------------------
|     Total                8.61   11.08

|  PME Load Balancing CPU Time, Average for All Tasks:
|
|     Routine                 Sec        %
|     ------------------------------------
|     Atom Reassign           0.24    0.31
|     Image Reassign          0.08    0.10
|     FFT Reassign            0.00    0.00
|     ------------------------------------
|     Total                   0.32    0.41

|  Final Performance Info:
|     -----------------------------------------------------
|     Average timings for last   10000 steps:
|     Elapsed(s) =      15.58 Per Step(ms) =       1.56
|         ns/day =     110.93   seconds/ns =     778.86
|
|     Average timings for all steps:
|     Elapsed(s) =      77.97 Per Step(ms) =       1.56
|         ns/day =     110.82   seconds/ns =     779.65
|     -----------------------------------------------------

|  Master Setup CPU time:            0.70 seconds
|  Master NonSetup CPU time:        77.70 seconds
|  Master Total CPU time:           78.40 seconds     0.02 hours

|  Master Setup wall time:           1    seconds
|  Master NonSetup wall time:       78    seconds
|  Master Total wall time:          79    seconds     0.02 hours
