Group: 1
+-----------------------+---------+---------------+---------------+---------------+---------------+---------------+---------------+---------------+---------------+---------------+---------------+---------------+---------------+---------------+---------------+---------------+---------------+---------------+---------------+
|         Event         | Counter |   f0404:0:0   |   f0404:1:1   |   f0404:2:2   |   f0404:3:3   |   f0404:4:4   |   f0404:5:5   |   f0404:6:6   |   f0404:7:7   |   f0404:8:8   |   f0404:9:9   |  f0404:10:10  |  f0404:11:11  |  f0404:12:12  |  f0404:13:13  |  f0404:14:14  |  f0404:15:15  |  f0404:16:16  |  f0404:17:17  |
+-----------------------+---------+---------------+---------------+---------------+---------------+---------------+---------------+---------------+---------------+---------------+---------------+---------------+---------------+---------------+---------------+---------------+---------------+---------------+---------------+
|   INSTR_RETIRED_ANY   |  FIXC0  | 2843406839371 | 2847312057709 | 2834599203297 | 2754071968862 | 2691953107927 | 2671229968488 | 2652872335842 | 2649842099511 | 2665287289324 | 2651433191843 | 2548243541119 | 2555504829426 | 2581055524384 | 2644728004170 | 2700747413956 | 2715818415871 | 2733908908635 | 2631965541969 |
| CPU_CLK_UNHALTED_CORE |  FIXC1  | 1540703758078 | 1543720483597 | 1543962631247 | 1543755522699 | 1543804718355 | 1543948262526 | 1543898969845 | 1543733025181 | 1544025815824 | 1544181999054 | 1543391383802 | 1543935497959 | 1541928535054 | 1543934000650 | 1543694572535 | 1543588903803 | 1543878666822 | 1543527075185 |
|  CPU_CLK_UNHALTED_REF |  FIXC2  | 1320620831616 | 1323205115808 | 1323407084256 | 1323231850656 | 1323273950688 | 1323397447392 | 1323356686656 | 1323214359264 | 1323462349536 | 1323597197184 | 1322918275488 | 1323387682752 | 1321667020416 | 1323386853024 | 1323182360928 | 1323091102080 | 1323339934656 | 1323034698240 |
|     TOPDOWN_SLOTS     |  FIXC3  | 7703518790390 | 7718602417985 | 7719813156235 | 7718777613495 | 7719023591775 | 7719741312630 | 7719494849225 | 7718665125905 | 7720129079120 | 7720909995270 | 7716956919010 | 7719677489795 | 7709642675270 | 7719670003250 | 7718472862675 | 7717944519015 | 7719393334110 | 7717635375925 |
|       TEMP_CORE       |   TMP0  |            43 |            46 |            46 |            45 |            44 |            46 |            47 |            47 |            47 |            42 |            42 |            45 |            44 |            42 |            45 |            44 |            43 |            42 |
|     PWR_PKG_ENERGY    |   PWR0  |   105705.2131 |             0 |             0 |             0 |             0 |             0 |             0 |             0 |             0 |             0 |             0 |             0 |             0 |             0 |             0 |             0 |             0 |             0 |
|     PWR_PP0_ENERGY    |   PWR1  |             0 |             0 |             0 |             0 |             0 |             0 |             0 |             0 |             0 |             0 |             0 |             0 |             0 |             0 |             0 |             0 |             0 |             0 |
|    PWR_DRAM_ENERGY    |   PWR3  |     5952.9292 |             0 |             0 |             0 |             0 |             0 |             0 |             0 |             0 |             0 |             0 |             0 |             0 |             0 |             0 |             0 |             0 |             0 |
|  PWR_PLATFORM_ENERGY  |   PWR4  |             0 |             0 |             0 |             0 |             0 |             0 |             0 |             0 |             0 |             0 |             0 |             0 |             0 |             0 |             0 |             0 |             0 |             0 |
|   UNCORE_CLOCKTICKS   | UBOXFIX | 1218100626778 |             0 |             0 |             0 |             0 |             0 |             0 |             0 |             0 |             0 |             0 |             0 |             0 |             0 |             0 |             0 |             0 |             0 |
+-----------------------+---------+---------------+---------------+---------------+---------------+---------------+---------------+---------------+---------------+---------------+---------------+---------------+---------------+---------------+---------------+---------------+---------------+---------------+---------------+

+----------------------------+---------+-----------------+---------------+---------------+---------------+
|            Event           | Counter |       Sum       |      Min      |      Max      |      Avg      |
+----------------------------+---------+-----------------+---------------+---------------+---------------+
|   INSTR_RETIRED_ANY STAT   |  FIXC0  |  48373980241704 | 2548243541119 | 2847312057709 |  2.687443e+12 |
| CPU_CLK_UNHALTED_CORE STAT |  FIXC1  |  27783613822216 | 1540703758078 | 1544181999054 |  1.543534e+12 |
|  CPU_CLK_UNHALTED_REF STAT |  FIXC2  |  23814774800640 | 1320620831616 | 1323597197184 | 1323043044480 |
|     TOPDOWN_SLOTS STAT     |  FIXC3  | 138918069111080 | 7703518790390 | 7720909995270 |  7.717671e+12 |
|       TEMP_CORE STAT       |   TMP0  |             800 |            42 |            47 |       44.4444 |
|     PWR_PKG_ENERGY STAT    |   PWR0  |     105705.2131 |             0 |   105705.2131 |     5872.5118 |
|     PWR_PP0_ENERGY STAT    |   PWR1  |               0 |             0 |             0 |             0 |
|    PWR_DRAM_ENERGY STAT    |   PWR3  |       5952.9292 |             0 |     5952.9292 |      330.7183 |
|  PWR_PLATFORM_ENERGY STAT  |   PWR4  |               0 |             0 |             0 |             0 |
|   UNCORE_CLOCKTICKS STAT   | UBOXFIX |   1218100626778 |             0 | 1218100626778 |  6.767226e+10 |
+----------------------------+---------+-----------------+---------------+---------------+---------------+

+----------------------+-------------+-----------+-----------+-----------+-----------+-----------+-----------+-----------+-----------+-----------+-------------+-------------+-------------+-------------+-------------+-------------+-------------+-------------+
|        Metric        |  f0404:0:0  | f0404:1:1 | f0404:2:2 | f0404:3:3 | f0404:4:4 | f0404:5:5 | f0404:6:6 | f0404:7:7 | f0404:8:8 | f0404:9:9 | f0404:10:10 | f0404:11:11 | f0404:12:12 | f0404:13:13 | f0404:14:14 | f0404:15:15 | f0404:16:16 | f0404:17:17 |
+----------------------+-------------+-----------+-----------+-----------+-----------+-----------+-----------+-----------+-----------+-----------+-------------+-------------+-------------+-------------+-------------+-------------+-------------+-------------+
|  Runtime (RDTSC) [s] |    555.1889 |  555.1986 |  555.1816 |  555.2003 |  555.1941 |  555.2166 |  555.2432 |  555.1954 |  555.2078 |  555.1916 |    555.1986 |    555.1938 |    555.2061 |    555.1976 |    555.2306 |    555.1891 |    555.1926 |    555.2003 |
| Runtime unhalted [s] |    643.4778 |  644.7380 |  644.8381 |  644.7525 |  644.7731 |  644.8710 |  644.8599 |  644.7431 |  644.8679 |  644.9312 |    644.5998 |    644.8272 |    643.9898 |    644.8269 |    644.7526 |    644.6826 |    644.8036 |    644.6580 |
|      Clock [MHz]     |   2793.3578 | 2793.3599 | 2793.3764 | 2793.3676 | 2793.3675 | 2793.2020 | 2793.1580 | 2793.3636 | 2793.3590 | 2793.3652 |   2793.3734 |   2793.3660 |   2793.3634 |   2793.3637 |   2793.2510 |   2793.3643 |   2793.3635 |   2793.3663 |
|  Uncore Clock [MHz]  |   2194.0291 |         0 |         0 |         0 |         0 |         0 |         0 |         0 |         0 |         0 |           0 |           0 |           0 |           0 |           0 |           0 |           0 |           0 |
|          CPI         |      0.5419 |    0.5422 |    0.5447 |    0.5605 |    0.5735 |    0.5780 |    0.5820 |    0.5826 |    0.5793 |    0.5824 |      0.6057 |      0.6042 |      0.5974 |      0.5838 |      0.5716 |      0.5684 |      0.5647 |      0.5865 |
|    Temperature [C]   |          43 |        46 |        46 |        45 |        44 |        46 |        47 |        47 |        47 |        42 |          42 |          45 |          44 |          42 |          45 |          44 |          43 |          42 |
|      Energy [J]      | 105705.2131 |         0 |         0 |         0 |         0 |         0 |         0 |         0 |         0 |         0 |           0 |           0 |           0 |           0 |           0 |           0 |           0 |           0 |
|       Power [W]      |    190.3950 |         0 |         0 |         0 |         0 |         0 |         0 |         0 |         0 |         0 |           0 |           0 |           0 |           0 |           0 |           0 |           0 |           0 |
|    Energy PP0 [J]    |           0 |         0 |         0 |         0 |         0 |         0 |         0 |         0 |         0 |         0 |           0 |           0 |           0 |           0 |           0 |           0 |           0 |           0 |
|     Power PP0 [W]    |           0 |         0 |         0 |         0 |         0 |         0 |         0 |         0 |         0 |         0 |           0 |           0 |           0 |           0 |           0 |           0 |           0 |           0 |
|    Energy DRAM [J]   |   5952.9292 |         0 |         0 |         0 |         0 |         0 |         0 |         0 |         0 |         0 |           0 |           0 |           0 |           0 |           0 |           0 |           0 |           0 |
|    Power DRAM [W]    |     10.7223 |         0 |         0 |         0 |         0 |         0 |         0 |         0 |         0 |         0 |           0 |           0 |           0 |           0 |           0 |           0 |           0 |           0 |
|  Energy PLATFORM [J] |           0 |         0 |         0 |         0 |         0 |         0 |         0 |         0 |         0 |         0 |           0 |           0 |           0 |           0 |           0 |           0 |           0 |           0 |
|  Power PLATFORM [W]  |           0 |         0 |         0 |         0 |         0 |         0 |         0 |         0 |         0 |         0 |           0 |           0 |           0 |           0 |           0 |           0 |           0 |           0 |
+----------------------+-------------+-----------+-----------+-----------+-----------+-----------+-----------+-----------+-----------+-----------+-------------+-------------+-------------+-------------+-------------+-------------+-------------+-------------+

+---------------------------+-------------+-----------+-------------+-----------+-----------+-----------+-----------+
|           Metric          |     Sum     |    Min    |     Max     |    Avg    |  %ile 25  |  %ile 50  |  %ile 75  |
+---------------------------+-------------+-----------+-------------+-----------+-----------+-----------+-----------+
|  Runtime (RDTSC) [s] STAT |   9993.6268 |  555.1816 |    555.2432 |  555.2015 |  555.1926 |  555.1976 |  555.2061 |
| Runtime unhalted [s] STAT |  11603.9931 |  643.4778 |    644.9312 |  644.6663 |  644.6826 |  644.7526 |  644.8381 |
|      Clock [MHz] STAT     |  50280.0886 | 2793.1580 |   2793.3764 | 2793.3383 | 2793.3590 | 2793.3636 | 2793.3663 |
|  Uncore Clock [MHz] STAT  |   2194.0291 |         0 |   2194.0291 |  121.8905 |         0 |         0 |         0 |
|          CPI STAT         |     10.3494 |    0.5419 |      0.6057 |    0.5750 |    0.5647 |    0.5780 |    0.5838 |
|    Temperature [C] STAT   |         800 |        42 |          47 |   44.4444 |        43 |        44 |        46 |
|      Energy [J] STAT      | 105705.2131 |         0 | 105705.2131 | 5872.5118 |         0 |         0 |         0 |
|       Power [W] STAT      |    190.3950 |         0 |    190.3950 |   10.5775 |         0 |         0 |         0 |
|    Energy PP0 [J] STAT    |           0 |         0 |           0 |         0 |         0 |         0 |         0 |
|     Power PP0 [W] STAT    |           0 |         0 |           0 |         0 |         0 |         0 |         0 |
|    Energy DRAM [J] STAT   |   5952.9292 |         0 |   5952.9292 |  330.7183 |         0 |         0 |         0 |
|    Power DRAM [W] STAT    |     10.7223 |         0 |     10.7223 |    0.5957 |         0 |         0 |         0 |
|  Energy PLATFORM [J] STAT |           0 |         0 |           0 |         0 |         0 |         0 |         0 |
|  Power PLATFORM [W] STAT  |           0 |         0 |           0 |         0 |         0 |         0 |         0 |
+---------------------------+-------------+-----------+-------------+-----------+-----------+-----------+-----------+

