Group: 1
+-----------------------+---------+---------------+---------------+---------------+---------------+---------------+---------------+---------------+---------------+---------------+---------------+---------------+---------------+---------------+---------------+---------------+---------------+---------------+---------------+
|         Event         | Counter |   f0404:0:0   |   f0404:1:1   |   f0404:2:2   |   f0404:3:3   |   f0404:4:4   |   f0404:5:5   |   f0404:6:6   |   f0404:7:7   |   f0404:8:8   |   f0404:9:9   |  f0404:10:10  |  f0404:11:11  |  f0404:12:12  |  f0404:13:13  |  f0404:14:14  |  f0404:15:15  |  f0404:16:16  |  f0404:17:17  |
+-----------------------+---------+---------------+---------------+---------------+---------------+---------------+---------------+---------------+---------------+---------------+---------------+---------------+---------------+---------------+---------------+---------------+---------------+---------------+---------------+
|   INSTR_RETIRED_ANY   |  FIXC0  | 2223611621740 | 2209810727893 | 2198624354247 | 2168183555586 | 2112759161398 | 2102566435775 | 2070600311563 | 2073051027511 | 2069070368010 | 2064340292375 | 2071772736189 | 2099566683811 | 2126259749957 | 2187754382719 | 2196252088889 | 2198293565205 | 2159007400569 | 2161885630951 |
| CPU_CLK_UNHALTED_CORE |  FIXC1  | 1270329631850 | 1272477311834 | 1272452818936 | 1272185986066 | 1272164752761 | 1272064210483 | 1272143699880 | 1271830714152 | 1272034390066 | 1272036857853 | 1271947480294 | 1272399161856 | 1270970114256 | 1272572661264 | 1272526568335 | 1272613473419 | 1272886840936 | 1272775221464 |
|  CPU_CLK_UNHALTED_REF |  FIXC2  | 1129187150304 | 1131094616640 | 1131073524672 | 1130835504576 | 1130817490848 | 1130727952608 | 1130798521248 | 1130521338624 | 1130701869504 | 1130704026720 | 1130622172416 | 1131025843392 | 1129755688032 | 1131180095136 | 1131139245600 | 1131216282624 | 1131459812832 | 1131359513856 |
|     TOPDOWN_SLOTS     |  FIXC3  | 6351648159250 | 6362386559170 | 6362264094680 | 6360929930330 | 6360823763805 | 6360321052415 | 6360718499400 | 6359153570760 | 6360171950330 | 6360184289265 | 6359737401470 | 6361995809280 | 6354850571280 | 6362863306320 | 6362632841675 | 6363067367095 | 6364434204680 | 6363876107320 |
|       TEMP_CORE       |   TMP0  |            43 |            45 |            46 |            44 |            44 |            46 |            46 |            46 |            45 |            41 |            42 |            44 |            45 |            42 |            44 |            42 |            42 |            41 |
|     PWR_PKG_ENERGY    |   PWR0  |    86729.0813 |             0 |             0 |             0 |             0 |             0 |             0 |             0 |             0 |             0 |             0 |             0 |             0 |             0 |             0 |             0 |             0 |             0 |
|     PWR_PP0_ENERGY    |   PWR1  |             0 |             0 |             0 |             0 |             0 |             0 |             0 |             0 |             0 |             0 |             0 |             0 |             0 |             0 |             0 |             0 |             0 |             0 |
|    PWR_DRAM_ENERGY    |   PWR3  |     5229.8860 |             0 |             0 |             0 |             0 |             0 |             0 |             0 |             0 |             0 |             0 |             0 |             0 |             0 |             0 |             0 |             0 |             0 |
|  PWR_PLATFORM_ENERGY  |   PWR4  |             0 |             0 |             0 |             0 |             0 |             0 |             0 |             0 |             0 |             0 |             0 |             0 |             0 |             0 |             0 |             0 |             0 |             0 |
|   UNCORE_CLOCKTICKS   | UBOXFIX | 1041715422420 |             0 |             0 |             0 |             0 |             0 |             0 |             0 |             0 |             0 |             0 |             0 |             0 |             0 |             0 |             0 |             0 |             0 |
+-----------------------+---------+---------------+---------------+---------------+---------------+---------------+---------------+---------------+---------------+---------------+---------------+---------------+---------------+---------------+---------------+---------------+---------------+---------------+---------------+

+----------------------------+---------+-----------------+---------------+---------------+--------------+
|            Event           | Counter |       Sum       |      Min      |      Max      |      Avg     |
+----------------------------+---------+-----------------+---------------+---------------+--------------+
|   INSTR_RETIRED_ANY STAT   |  FIXC0  |  38493410094388 | 2064340292375 | 2223611621740 | 2.138523e+12 |
| CPU_CLK_UNHALTED_CORE STAT |  FIXC1  |  22898411895705 | 1270329631850 | 1272886840936 | 1.272134e+12 |
|  CPU_CLK_UNHALTED_REF STAT |  FIXC2  |  20354220649632 | 1129187150304 | 1131459812832 | 1.130790e+12 |
|     TOPDOWN_SLOTS STAT     |  FIXC3  | 114492059478525 | 6351648159250 | 6364434204680 | 6.360670e+12 |
|       TEMP_CORE STAT       |   TMP0  |             788 |            41 |            46 |      43.7778 |
|     PWR_PKG_ENERGY STAT    |   PWR0  |      86729.0813 |             0 |    86729.0813 |    4818.2823 |
|     PWR_PP0_ENERGY STAT    |   PWR1  |               0 |             0 |             0 |            0 |
|    PWR_DRAM_ENERGY STAT    |   PWR3  |       5229.8860 |             0 |     5229.8860 |     290.5492 |
|  PWR_PLATFORM_ENERGY STAT  |   PWR4  |               0 |             0 |             0 |            0 |
|   UNCORE_CLOCKTICKS STAT   | UBOXFIX |   1041715422420 |             0 | 1041715422420 | 5.787308e+10 |
+----------------------------+---------+-----------------+---------------+---------------+--------------+

+----------------------+------------+-----------+-----------+-----------+-----------+-----------+-----------+-----------+-----------+-----------+-------------+-------------+-------------+-------------+-------------+-------------+-------------+-------------+
|        Metric        |  f0404:0:0 | f0404:1:1 | f0404:2:2 | f0404:3:3 | f0404:4:4 | f0404:5:5 | f0404:6:6 | f0404:7:7 | f0404:8:8 | f0404:9:9 | f0404:10:10 | f0404:11:11 | f0404:12:12 | f0404:13:13 | f0404:14:14 | f0404:15:15 | f0404:16:16 | f0404:17:17 |
+----------------------+------------+-----------+-----------+-----------+-----------+-----------+-----------+-----------+-----------+-----------+-------------+-------------+-------------+-------------+-------------+-------------+-------------+-------------+
|  Runtime (RDTSC) [s] |   474.8104 |  474.8217 |  474.8436 |  474.8109 |  474.7989 |  474.8120 |  474.8043 |  474.8048 |  474.8011 |  474.8093 |    474.7983 |    474.8367 |    474.8045 |    474.7920 |    474.8070 |    474.7985 |    474.7998 |    474.7909 |
| Runtime unhalted [s] |   530.5564 |  531.4628 |  531.4829 |  531.3300 |  531.3228 |  531.2808 |  531.3139 |  531.1823 |  531.2681 |  531.2693 |    531.2311 |    531.4418 |    530.8232 |    531.4928 |    531.4736 |    531.5087 |    531.6231 |    531.5763 |
|      Clock [MHz]     |  2693.6142 | 2693.5701 | 2693.4150 | 2693.6269 | 2693.6162 | 2693.6168 | 2693.6174 | 2693.6197 | 2693.6169 | 2693.6165 |   2693.6266 |   2693.5097 |   2693.6194 |   2693.6182 |   2693.6176 |   2693.6240 |   2693.6219 |   2693.6254 |
|  Uncore Clock [MHz]  |  2193.9608 |         0 |         0 |         0 |         0 |         0 |         0 |         0 |         0 |         0 |           0 |           0 |           0 |           0 |           0 |           0 |           0 |           0 |
|          CPI         |     0.5713 |    0.5758 |    0.5787 |    0.5868 |    0.6021 |    0.6050 |    0.6144 |    0.6135 |    0.6148 |    0.6162 |      0.6139 |      0.6060 |      0.5977 |      0.5817 |      0.5794 |      0.5789 |      0.5896 |      0.5887 |
|    Temperature [C]   |         43 |        45 |        46 |        44 |        44 |        46 |        46 |        46 |        45 |        41 |          42 |          44 |          45 |          42 |          44 |          42 |          42 |          41 |
|      Energy [J]      | 86729.0813 |         0 |         0 |         0 |         0 |         0 |         0 |         0 |         0 |         0 |           0 |           0 |           0 |           0 |           0 |           0 |           0 |           0 |
|       Power [W]      |   182.6604 |         0 |         0 |         0 |         0 |         0 |         0 |         0 |         0 |         0 |           0 |           0 |           0 |           0 |           0 |           0 |           0 |           0 |
|    Energy PP0 [J]    |          0 |         0 |         0 |         0 |         0 |         0 |         0 |         0 |         0 |         0 |           0 |           0 |           0 |           0 |           0 |           0 |           0 |           0 |
|     Power PP0 [W]    |          0 |         0 |         0 |         0 |         0 |         0 |         0 |         0 |         0 |         0 |           0 |           0 |           0 |           0 |           0 |           0 |           0 |           0 |
|    Energy DRAM [J]   |  5229.8860 |         0 |         0 |         0 |         0 |         0 |         0 |         0 |         0 |         0 |           0 |           0 |           0 |           0 |           0 |           0 |           0 |           0 |
|    Power DRAM [W]    |    11.0147 |         0 |         0 |         0 |         0 |         0 |         0 |         0 |         0 |         0 |           0 |           0 |           0 |           0 |           0 |           0 |           0 |           0 |
|  Energy PLATFORM [J] |          0 |         0 |         0 |         0 |         0 |         0 |         0 |         0 |         0 |         0 |           0 |           0 |           0 |           0 |           0 |           0 |           0 |           0 |
|  Power PLATFORM [W]  |          0 |         0 |         0 |         0 |         0 |         0 |         0 |         0 |         0 |         0 |           0 |           0 |           0 |           0 |           0 |           0 |           0 |           0 |
+----------------------+------------+-----------+-----------+-----------+-----------+-----------+-----------+-----------+-----------+-----------+-------------+-------------+-------------+-------------+-------------+-------------+-------------+-------------+

+---------------------------+------------+-----------+------------+-----------+-----------+-----------+-----------+
|           Metric          |     Sum    |    Min    |     Max    |    Avg    |  %ile 25  |  %ile 50  |  %ile 75  |
+---------------------------+------------+-----------+------------+-----------+-----------+-----------+-----------+
|  Runtime (RDTSC) [s] STAT |  8546.5447 |  474.7909 |   474.8436 |  474.8080 |  474.7989 |  474.8045 |  474.8109 |
| Runtime unhalted [s] STAT |  9563.6399 |  530.5564 |   531.6231 |  531.3133 |  531.2681 |  531.3228 |  531.4829 |
|      Clock [MHz] STAT     | 48484.7925 | 2693.4150 |  2693.6269 | 2693.5996 | 2693.6162 | 2693.6174 | 2693.6219 |
|  Uncore Clock [MHz] STAT  |  2193.9608 |         0 |  2193.9608 |  121.8867 |         0 |         0 |         0 |
|          CPI STAT         |    10.7145 |    0.5713 |     0.6162 |    0.5953 |    0.5794 |    0.5896 |    0.6135 |
|    Temperature [C] STAT   |        788 |        41 |         46 |   43.7778 |        42 |        44 |        45 |
|      Energy [J] STAT      | 86729.0813 |         0 | 86729.0813 | 4818.2823 |         0 |         0 |         0 |
|       Power [W] STAT      |   182.6604 |         0 |   182.6604 |   10.1478 |         0 |         0 |         0 |
|    Energy PP0 [J] STAT    |          0 |         0 |          0 |         0 |         0 |         0 |         0 |
|     Power PP0 [W] STAT    |          0 |         0 |          0 |         0 |         0 |         0 |         0 |
|    Energy DRAM [J] STAT   |  5229.8860 |         0 |  5229.8860 |  290.5492 |         0 |         0 |         0 |
|    Power DRAM [W] STAT    |    11.0147 |         0 |    11.0147 |    0.6119 |         0 |         0 |         0 |
|  Energy PLATFORM [J] STAT |          0 |         0 |          0 |         0 |         0 |         0 |         0 |
|  Power PLATFORM [W] STAT  |          0 |         0 |          0 |         0 |         0 |         0 |         0 |
+---------------------------+------------+-----------+------------+-----------+-----------+-----------+-----------+

