Group: 1
+-----------------------+---------+----------------+----------------+----------------+----------------+----------------+----------------+----------------+----------------+----------------+----------------+----------------+----------------+----------------+----------------+----------------+----------------+----------------+----------------+
|         Event         | Counter |    f0880:0:0   |    f0880:1:1   |    f0880:2:2   |    f0880:3:3   |    f0880:4:4   |    f0880:5:5   |    f0880:6:6   |    f0880:7:7   |    f0880:8:8   |    f0880:9:9   |   f0880:10:10  |   f0880:11:11  |   f0880:12:12  |   f0880:13:13  |   f0880:14:14  |   f0880:15:15  |   f0880:16:16  |   f0880:17:17  |
+-----------------------+---------+----------------+----------------+----------------+----------------+----------------+----------------+----------------+----------------+----------------+----------------+----------------+----------------+----------------+----------------+----------------+----------------+----------------+----------------+
|   INSTR_RETIRED_ANY   |  FIXC0  |  3606199342361 |  3603742162834 |  3601911883662 |  3589620578636 |  3596001097820 |  3624053510365 |  3591462680595 |  3590201615739 |  3664795152317 |  3625365250703 |  3654518490185 |  3682183316602 |  3710665995119 |  3738741178761 |  3761499260034 |  3747955664486 |  3659087401640 |  3640735270277 |
| CPU_CLK_UNHALTED_CORE |  FIXC1  |  2110972134551 |  2108401544595 |  2113228978673 |  2112610130473 |  2112835060602 |  2113272137688 |  2113033060801 |  2112869939293 |  2113270771924 |  2112942195701 |  2112805907666 |  2113041483643 |  2112763176602 |  2112756186347 |  2113666567751 |  2113900561786 |  2113363940118 |  2112907552011 |
|  CPU_CLK_UNHALTED_REF |  FIXC2  |  3377549724480 |  3373429422720 |  3381161474784 |  3380162125824 |  3380527663104 |  3381226954560 |  3380840910336 |  3380582202240 |  3381228756864 |  3380696067072 |  3380479115712 |  3380856072192 |  3380410651968 |  3380398692480 |  3381859900032 |  3382240164480 |  3381370780032 |  3380638519968 |
|     TOPDOWN_SLOTS     |  FIXC3  | 10554860672755 | 10542007722975 | 10566144893365 | 10563050652365 | 10564175303010 | 10566360688440 | 10565165304005 | 10564349696465 | 10566353859620 | 10564710978505 | 10564029538330 | 10565207418215 | 10563815883010 | 10563780931735 | 10568332838755 | 10569502808930 | 10566819700590 | 10564537760055 |
|       TEMP_CORE       |   TMP0  |             39 |             40 |             39 |             38 |             36 |             37 |             37 |             40 |             37 |             37 |             36 |             38 |             40 |             39 |             39 |             36 |             40 |             38 |
|     PWR_PKG_ENERGY    |   PWR0  |    144253.5368 |              0 |              0 |              0 |              0 |              0 |              0 |              0 |              0 |              0 |              0 |              0 |              0 |              0 |              0 |              0 |              0 |              0 |
|     PWR_PP0_ENERGY    |   PWR1  |              0 |              0 |              0 |              0 |              0 |              0 |              0 |              0 |              0 |              0 |              0 |              0 |              0 |              0 |              0 |              0 |              0 |              0 |
|    PWR_DRAM_ENERGY    |   PWR3  |     10979.4563 |              0 |              0 |              0 |              0 |              0 |              0 |              0 |              0 |              0 |              0 |              0 |              0 |              0 |              0 |              0 |              0 |              0 |
|  PWR_PLATFORM_ENERGY  |   PWR4  |              0 |              0 |              0 |              0 |              0 |              0 |              0 |              0 |              0 |              0 |              0 |              0 |              0 |              0 |              0 |              0 |              0 |              0 |
|   UNCORE_CLOCKTICKS   | UBOXFIX |  2226995130482 |              0 |              0 |              0 |              0 |              0 |              0 |              0 |              0 |              0 |              0 |              0 |              0 |              0 |              0 |              0 |              0 |              0 |
+-----------------------+---------+----------------+----------------+----------------+----------------+----------------+----------------+----------------+----------------+----------------+----------------+----------------+----------------+----------------+----------------+----------------+----------------+----------------+----------------+

+----------------------------+---------+-----------------+----------------+----------------+---------------+
|            Event           | Counter |       Sum       |       Min      |       Max      |      Avg      |
+----------------------------+---------+-----------------+----------------+----------------+---------------+
|   INSTR_RETIRED_ANY STAT   |  FIXC0  |  65688739852136 |  3589620578636 |  3761499260034 |  3.649374e+12 |
| CPU_CLK_UNHALTED_CORE STAT |  FIXC1  |  38028641330225 |  2108401544595 |  2113900561786 |  2.112702e+12 |
|  CPU_CLK_UNHALTED_REF STAT |  FIXC2  |  60845659198848 |  3373429422720 |  3382240164480 | 3380314399936 |
|     TOPDOWN_SLOTS STAT     |  FIXC3  | 190143206651125 | 10542007722975 | 10569502808930 |      nil      |
|       TEMP_CORE STAT       |   TMP0  |             686 |             36 |             40 |       38.1111 |
|     PWR_PKG_ENERGY STAT    |   PWR0  |     144253.5368 |              0 |    144253.5368 |     8014.0854 |
|     PWR_PP0_ENERGY STAT    |   PWR1  |               0 |              0 |              0 |             0 |
|    PWR_DRAM_ENERGY STAT    |   PWR3  |      10979.4563 |              0 |     10979.4563 |      609.9698 |
|  PWR_PLATFORM_ENERGY STAT  |   PWR4  |               0 |              0 |              0 |             0 |
|   UNCORE_CLOCKTICKS STAT   | UBOXFIX |   2226995130482 |              0 |  2226995130482 |  1.237220e+11 |
+----------------------------+---------+-----------------+----------------+----------------+---------------+

+----------------------+-------------+-----------+-----------+-----------+-----------+-----------+-----------+-----------+-----------+-----------+-------------+-------------+-------------+-------------+-------------+-------------+-------------+-------------+
|        Metric        |  f0880:0:0  | f0880:1:1 | f0880:2:2 | f0880:3:3 | f0880:4:4 | f0880:5:5 | f0880:6:6 | f0880:7:7 | f0880:8:8 | f0880:9:9 | f0880:10:10 | f0880:11:11 | f0880:12:12 | f0880:13:13 | f0880:14:14 | f0880:15:15 | f0880:16:16 | f0880:17:17 |
+----------------------+-------------+-----------+-----------+-----------+-----------+-----------+-----------+-----------+-----------+-----------+-------------+-------------+-------------+-------------+-------------+-------------+-------------+-------------+
|  Runtime (RDTSC) [s] |   1422.3260 | 1422.3350 | 1422.2660 | 1422.2540 | 1422.2620 | 1422.3440 | 1422.2540 | 1422.2630 | 1422.2680 | 1422.2520 |   1422.2540 |   1422.2590 |   1422.2610 |   1422.2390 |   1422.2760 |   1422.2810 |   1422.2510 |   1422.4130 |
| Runtime unhalted [s] |    881.6896 |  880.6285 |  882.5948 |  882.3359 |  882.4308 |  882.6608 |  882.5133 |  882.4465 |  882.6116 |  882.4760 |    882.4208 |    882.5177 |    882.4007 |    882.3986 |    882.7822 |    882.8775 |    882.6519 |    882.5614 |
|      Clock [MHz]     |   1496.3995 | 1496.3814 | 1496.4624 | 1496.4673 | 1496.4631 | 1496.3827 | 1496.4650 | 1496.4618 | 1496.4634 | 1496.4637 |   1496.4603 |   1496.4628 |   1496.4642 |   1496.4631 |   1496.4554 |   1496.4568 |   1496.4642 |   1496.2954 |
|  Uncore Clock [MHz]  |   1565.7417 |         0 |         0 |         0 |         0 |         0 |         0 |         0 |         0 |         0 |           0 |           0 |           0 |           0 |           0 |           0 |           0 |           0 |
|          CPI         |      0.5854 |    0.5851 |    0.5867 |    0.5885 |    0.5876 |    0.5831 |    0.5883 |    0.5885 |    0.5766 |    0.5828 |      0.5781 |      0.5739 |      0.5694 |      0.5651 |      0.5619 |      0.5640 |      0.5776 |      0.5804 |
|    Temperature [C]   |          39 |        40 |        39 |        38 |        36 |        37 |        37 |        40 |        37 |        37 |          36 |          38 |          40 |          39 |          39 |          36 |          40 |          38 |
|      Energy [J]      | 144253.5368 |         0 |         0 |         0 |         0 |         0 |         0 |         0 |         0 |         0 |           0 |           0 |           0 |           0 |           0 |           0 |           0 |           0 |
|       Power [W]      |    101.4209 |         0 |         0 |         0 |         0 |         0 |         0 |         0 |         0 |         0 |           0 |           0 |           0 |           0 |           0 |           0 |           0 |           0 |
|    Energy PP0 [J]    |           0 |         0 |         0 |         0 |         0 |         0 |         0 |         0 |         0 |         0 |           0 |           0 |           0 |           0 |           0 |           0 |           0 |           0 |
|     Power PP0 [W]    |           0 |         0 |         0 |         0 |         0 |         0 |         0 |         0 |         0 |         0 |           0 |           0 |           0 |           0 |           0 |           0 |           0 |           0 |
|    Energy DRAM [J]   |  10979.4563 |         0 |         0 |         0 |         0 |         0 |         0 |         0 |         0 |         0 |           0 |           0 |           0 |           0 |           0 |           0 |           0 |           0 |
|    Power DRAM [W]    |      7.7194 |         0 |         0 |         0 |         0 |         0 |         0 |         0 |         0 |         0 |           0 |           0 |           0 |           0 |           0 |           0 |           0 |           0 |
|  Energy PLATFORM [J] |           0 |         0 |         0 |         0 |         0 |         0 |         0 |         0 |         0 |         0 |           0 |           0 |           0 |           0 |           0 |           0 |           0 |           0 |
|  Power PLATFORM [W]  |           0 |         0 |         0 |         0 |         0 |         0 |         0 |         0 |         0 |         0 |           0 |           0 |           0 |           0 |           0 |           0 |           0 |           0 |
+----------------------+-------------+-----------+-----------+-----------+-----------+-----------+-----------+-----------+-----------+-----------+-------------+-------------+-------------+-------------+-------------+-------------+-------------+-------------+

+---------------------------+-------------+-----------+-------------+-----------+-----------+-----------+-----------+
|           Metric          |     Sum     |    Min    |     Max     |    Avg    |  %ile 25  |  %ile 50  |  %ile 75  |
+---------------------------+-------------+-----------+-------------+-----------+-----------+-----------+-----------+
|  Runtime (RDTSC) [s] STAT |  25601.0580 | 1422.2390 |   1422.4130 | 1422.2810 | 1422.2540 | 1422.2620 | 1422.2810 |
| Runtime unhalted [s] STAT |  15882.9986 |  880.6285 |    882.8775 |  882.3888 |  882.4007 |  882.4760 |  882.6116 |
|      Clock [MHz] STAT     |  26935.9325 | 1496.2954 |   1496.4673 | 1496.4407 | 1496.4554 | 1496.4624 | 1496.4637 |
|  Uncore Clock [MHz] STAT  |   1565.7417 |         0 |   1565.7417 |   86.9857 |         0 |         0 |         0 |
|          CPI STAT         |     10.4230 |    0.5619 |      0.5885 |    0.5791 |    0.5739 |    0.5804 |    0.5867 |
|    Temperature [C] STAT   |         686 |        36 |          40 |   38.1111 |        37 |        38 |        39 |
|      Energy [J] STAT      | 144253.5368 |         0 | 144253.5368 | 8014.0854 |         0 |         0 |         0 |
|       Power [W] STAT      |    101.4209 |         0 |    101.4209 |    5.6345 |         0 |         0 |         0 |
|    Energy PP0 [J] STAT    |           0 |         0 |           0 |         0 |         0 |         0 |         0 |
|     Power PP0 [W] STAT    |           0 |         0 |           0 |         0 |         0 |         0 |         0 |
|    Energy DRAM [J] STAT   |  10979.4563 |         0 |  10979.4563 |  609.9698 |         0 |         0 |         0 |
|    Power DRAM [W] STAT    |      7.7194 |         0 |      7.7194 |    0.4289 |         0 |         0 |         0 |
|  Energy PLATFORM [J] STAT |           0 |         0 |           0 |         0 |         0 |         0 |         0 |
|  Power PLATFORM [W] STAT  |           0 |         0 |           0 |         0 |         0 |         0 |         0 |
+---------------------------+-------------+-----------+-------------+-----------+-----------+-----------+-----------+

