### This is /home/hpc/unrz/unrz104h/Projects/CPU-GPU-Energy-Study/FIRESTARTER-scripts/benchX-freq.sh
#!/bin/bash

set -eu

if [ $# -ne 4 ]; then
    echo "Usage: ${0} [result-dir] [freq-start] [freq-end] [freq-step]"
    exit 1
fi

function reset_clocks() {
    echo "Resetting clocks..."
    sudo nvidia-smi -rgc
    echo "Done!"
}

trap 'reset_clocks' 15

RESULT_DIR="$(readlink -f "${1}")"
rm -fr "${RESULT_DIR}"
mkdir -p "${RESULT_DIR}"

FREQ_START="${2}"
FREQ_END="${3}"
FREQ_STEP="${4}"

LOG_FILE="${RESULT_DIR}/firestarter-bench-`date +%Y%m%d`-`hostname -s`.$$.log"
echo "Saving bench log also to log file ..."
echo "Please be patient ..."
exec > >( tee "${LOG_FILE}" ) 2>&1

# save script for reference :)
echo "### This is ${0}"
cat "${0}"

echo "Start: `date`  / `date +%s`"

echo "########################################"

BINARY=/home/hpc/unrz/unrz104h/Projects/FIRESTARTER/sources/build/src/FIRESTARTER_CUDA

#cat /proc/cpuinfo

module load cuda/12.9.0

export CUDA_VISIBLE_DEVICES=0
nvidia-smi -i ${CUDA_VISIBLE_DEVICES}

for ((FREQ=FREQ_START; FREQ<=FREQ_END; FREQ+=FREQ_STEP)); do
    if (( FREQ > FREQ_END )); then
        FREQ=${FREQ_END}
    fi
    # === PARSE GPU CLOCK SETTINGS ===
    GPU_GRAPHICS_CLOCK="${FREQ}"

    # === SET GPU CLOCKS ===  
    echo "SETTING GPU CLOCKS TO GRAPHICS=${GPU_GRAPHICS_CLOCK}"
    sudo /usr/bin/nvidia-smi --lock-gpu-clocks="${GPU_GRAPHICS_CLOCK},${GPU_GRAPHICS_CLOCK}"

    SUB_RESULT_DIR="${RESULT_DIR}/${GPU_GRAPHICS_CLOCK}"
    mkdir -p "${SUB_RESULT_DIR}"

    NVLOG_FILE="${SUB_RESULT_DIR}/${GPU_GRAPHICS_CLOCK}_powerlog.csv"
    FSLOG_FILE="${SUB_RESULT_DIR}/${GPU_GRAPHICS_CLOCK}_pid-$$.fsout"

    echo "Nvidia Log: ${NVLOG_FILE}"
    echo "FIRESTARTER Log: ${FSLOG_FILE}"

    nvidia-smi -i "${CUDA_VISIBLE_DEVICES}" --loop-ms=100 --query-gpu=timestamp,power.draw,utilization.gpu --format=csv > "${NVLOG_FILE}" & POWER_PID=$!
    "${BINARY}" -n 1 -l 1 -t 60 --period 1000000 > "${FSLOG_FILE}"
    kill "${POWER_PID}"

    echo "End: `date`  / `date +%s`"
done

reset_clocks
Start: Mon May  4 05:20:11 PM CEST 2026  / 1777908011
########################################
Mon May  4 17:20:11 2026       
+-----------------------------------------------------------------------------------------+
| NVIDIA-SMI 595.58.03              Driver Version: 595.58.03      CUDA Version: 13.2     |
+-----------------------------------------+------------------------+----------------------+
| GPU  Name                 Persistence-M | Bus-Id          Disp.A | Volatile Uncorr. ECC |
| Fan  Temp   Perf          Pwr:Usage/Cap |           Memory-Usage | GPU-Util  Compute M. |
|                                         |                        |               MIG M. |
|=========================================+========================+======================|
|   0  NVIDIA H100                    On  |   00000000:A6:00.0 Off |                    0 |
| N/A   37C    P0             68W /  500W |       0MiB /  95830MiB |      0%      Default |
|                                         |                        |             Disabled |
+-----------------------------------------+------------------------+----------------------+

+-----------------------------------------------------------------------------------------+
| Processes:                                                                              |
|  GPU   GI   CI              PID   Type   Process name                        GPU Memory |
|        ID   ID                                                               Usage      |
|=========================================================================================|
|  No running processes found                                                             |
+-----------------------------------------------------------------------------------------+
SETTING GPU CLOCKS TO GRAPHICS=345
GPU clocks set to "(gpuClkMin 345, gpuClkMax 345)" for GPU 00000000:A6:00.0
All done.
Nvidia Log: /home/hpc/unrz/unrz104h/Projects/CPU-GPU-Energy-Study/FIRESTARTER-H100-frequency/345/345_powerlog.csv
FIRESTARTER Log: /home/hpc/unrz/unrz104h/Projects/CPU-GPU-Energy-Study/FIRESTARTER-H100-frequency/345/345_pid-356530.fsout
Warning: AMD Family 25, Model 17, Stepping 1 is not supported by this version of FIRESTARTER!
Check project website for updates.
Warning: Using function FUNC_SKL_XEONEP_AVX512_1T as fallback.
You can use the parameter --function to try other functions.
End: Mon May  4 05:21:53 PM CEST 2026  / 1777908113
SETTING GPU CLOCKS TO GRAPHICS=360
GPU clocks set to "(gpuClkMin 360, gpuClkMax 360)" for GPU 00000000:A6:00.0
All done.
Nvidia Log: /home/hpc/unrz/unrz104h/Projects/CPU-GPU-Energy-Study/FIRESTARTER-H100-frequency/360/360_powerlog.csv
FIRESTARTER Log: /home/hpc/unrz/unrz104h/Projects/CPU-GPU-Energy-Study/FIRESTARTER-H100-frequency/360/360_pid-356530.fsout
Warning: AMD Family 25, Model 17, Stepping 1 is not supported by this version of FIRESTARTER!
Check project website for updates.
Warning: Using function FUNC_SKL_XEONEP_AVX512_1T as fallback.
You can use the parameter --function to try other functions.
End: Mon May  4 05:23:30 PM CEST 2026  / 1777908210
SETTING GPU CLOCKS TO GRAPHICS=375
GPU clocks set to "(gpuClkMin 375, gpuClkMax 375)" for GPU 00000000:A6:00.0
All done.
Nvidia Log: /home/hpc/unrz/unrz104h/Projects/CPU-GPU-Energy-Study/FIRESTARTER-H100-frequency/375/375_powerlog.csv
FIRESTARTER Log: /home/hpc/unrz/unrz104h/Projects/CPU-GPU-Energy-Study/FIRESTARTER-H100-frequency/375/375_pid-356530.fsout
Warning: AMD Family 25, Model 17, Stepping 1 is not supported by this version of FIRESTARTER!
Check project website for updates.
Warning: Using function FUNC_SKL_XEONEP_AVX512_1T as fallback.
You can use the parameter --function to try other functions.
End: Mon May  4 05:25:03 PM CEST 2026  / 1777908303
SETTING GPU CLOCKS TO GRAPHICS=390
GPU clocks set to "(gpuClkMin 390, gpuClkMax 390)" for GPU 00000000:A6:00.0
All done.
Nvidia Log: /home/hpc/unrz/unrz104h/Projects/CPU-GPU-Energy-Study/FIRESTARTER-H100-frequency/390/390_powerlog.csv
FIRESTARTER Log: /home/hpc/unrz/unrz104h/Projects/CPU-GPU-Energy-Study/FIRESTARTER-H100-frequency/390/390_pid-356530.fsout
Warning: AMD Family 25, Model 17, Stepping 1 is not supported by this version of FIRESTARTER!
Check project website for updates.
Warning: Using function FUNC_SKL_XEONEP_AVX512_1T as fallback.
You can use the parameter --function to try other functions.
End: Mon May  4 05:26:33 PM CEST 2026  / 1777908393
SETTING GPU CLOCKS TO GRAPHICS=405
GPU clocks set to "(gpuClkMin 405, gpuClkMax 405)" for GPU 00000000:A6:00.0
All done.
Nvidia Log: /home/hpc/unrz/unrz104h/Projects/CPU-GPU-Energy-Study/FIRESTARTER-H100-frequency/405/405_powerlog.csv
FIRESTARTER Log: /home/hpc/unrz/unrz104h/Projects/CPU-GPU-Energy-Study/FIRESTARTER-H100-frequency/405/405_pid-356530.fsout
Warning: AMD Family 25, Model 17, Stepping 1 is not supported by this version of FIRESTARTER!
Check project website for updates.
Warning: Using function FUNC_SKL_XEONEP_AVX512_1T as fallback.
You can use the parameter --function to try other functions.
End: Mon May  4 05:27:59 PM CEST 2026  / 1777908479
SETTING GPU CLOCKS TO GRAPHICS=420
GPU clocks set to "(gpuClkMin 420, gpuClkMax 420)" for GPU 00000000:A6:00.0
All done.
Nvidia Log: /home/hpc/unrz/unrz104h/Projects/CPU-GPU-Energy-Study/FIRESTARTER-H100-frequency/420/420_powerlog.csv
FIRESTARTER Log: /home/hpc/unrz/unrz104h/Projects/CPU-GPU-Energy-Study/FIRESTARTER-H100-frequency/420/420_pid-356530.fsout
Warning: AMD Family 25, Model 17, Stepping 1 is not supported by this version of FIRESTARTER!
Check project website for updates.
Warning: Using function FUNC_SKL_XEONEP_AVX512_1T as fallback.
You can use the parameter --function to try other functions.
End: Mon May  4 05:29:22 PM CEST 2026  / 1777908562
SETTING GPU CLOCKS TO GRAPHICS=435
GPU clocks set to "(gpuClkMin 435, gpuClkMax 435)" for GPU 00000000:A6:00.0
All done.
Nvidia Log: /home/hpc/unrz/unrz104h/Projects/CPU-GPU-Energy-Study/FIRESTARTER-H100-frequency/435/435_powerlog.csv
FIRESTARTER Log: /home/hpc/unrz/unrz104h/Projects/CPU-GPU-Energy-Study/FIRESTARTER-H100-frequency/435/435_pid-356530.fsout
Warning: AMD Family 25, Model 17, Stepping 1 is not supported by this version of FIRESTARTER!
Check project website for updates.
Warning: Using function FUNC_SKL_XEONEP_AVX512_1T as fallback.
You can use the parameter --function to try other functions.
End: Mon May  4 05:30:43 PM CEST 2026  / 1777908643
SETTING GPU CLOCKS TO GRAPHICS=450
GPU clocks set to "(gpuClkMin 450, gpuClkMax 450)" for GPU 00000000:A6:00.0
All done.
Nvidia Log: /home/hpc/unrz/unrz104h/Projects/CPU-GPU-Energy-Study/FIRESTARTER-H100-frequency/450/450_powerlog.csv
FIRESTARTER Log: /home/hpc/unrz/unrz104h/Projects/CPU-GPU-Energy-Study/FIRESTARTER-H100-frequency/450/450_pid-356530.fsout
Warning: AMD Family 25, Model 17, Stepping 1 is not supported by this version of FIRESTARTER!
Check project website for updates.
Warning: Using function FUNC_SKL_XEONEP_AVX512_1T as fallback.
You can use the parameter --function to try other functions.
End: Mon May  4 05:32:01 PM CEST 2026  / 1777908721
SETTING GPU CLOCKS TO GRAPHICS=465
GPU clocks set to "(gpuClkMin 465, gpuClkMax 465)" for GPU 00000000:A6:00.0
All done.
Nvidia Log: /home/hpc/unrz/unrz104h/Projects/CPU-GPU-Energy-Study/FIRESTARTER-H100-frequency/465/465_powerlog.csv
FIRESTARTER Log: /home/hpc/unrz/unrz104h/Projects/CPU-GPU-Energy-Study/FIRESTARTER-H100-frequency/465/465_pid-356530.fsout
Warning: AMD Family 25, Model 17, Stepping 1 is not supported by this version of FIRESTARTER!
Check project website for updates.
Warning: Using function FUNC_SKL_XEONEP_AVX512_1T as fallback.
You can use the parameter --function to try other functions.
End: Mon May  4 05:33:16 PM CEST 2026  / 1777908796
SETTING GPU CLOCKS TO GRAPHICS=480
GPU clocks set to "(gpuClkMin 480, gpuClkMax 480)" for GPU 00000000:A6:00.0
All done.
Nvidia Log: /home/hpc/unrz/unrz104h/Projects/CPU-GPU-Energy-Study/FIRESTARTER-H100-frequency/480/480_powerlog.csv
FIRESTARTER Log: /home/hpc/unrz/unrz104h/Projects/CPU-GPU-Energy-Study/FIRESTARTER-H100-frequency/480/480_pid-356530.fsout
Warning: AMD Family 25, Model 17, Stepping 1 is not supported by this version of FIRESTARTER!
Check project website for updates.
Warning: Using function FUNC_SKL_XEONEP_AVX512_1T as fallback.
You can use the parameter --function to try other functions.
End: Mon May  4 05:34:29 PM CEST 2026  / 1777908869
SETTING GPU CLOCKS TO GRAPHICS=495
GPU clocks set to "(gpuClkMin 495, gpuClkMax 495)" for GPU 00000000:A6:00.0
All done.
Nvidia Log: /home/hpc/unrz/unrz104h/Projects/CPU-GPU-Energy-Study/FIRESTARTER-H100-frequency/495/495_powerlog.csv
FIRESTARTER Log: /home/hpc/unrz/unrz104h/Projects/CPU-GPU-Energy-Study/FIRESTARTER-H100-frequency/495/495_pid-356530.fsout
Warning: AMD Family 25, Model 17, Stepping 1 is not supported by this version of FIRESTARTER!
Check project website for updates.
Warning: Using function FUNC_SKL_XEONEP_AVX512_1T as fallback.
You can use the parameter --function to try other functions.
End: Mon May  4 05:35:40 PM CEST 2026  / 1777908940
SETTING GPU CLOCKS TO GRAPHICS=510
GPU clocks set to "(gpuClkMin 510, gpuClkMax 510)" for GPU 00000000:A6:00.0
All done.
Nvidia Log: /home/hpc/unrz/unrz104h/Projects/CPU-GPU-Energy-Study/FIRESTARTER-H100-frequency/510/510_powerlog.csv
FIRESTARTER Log: /home/hpc/unrz/unrz104h/Projects/CPU-GPU-Energy-Study/FIRESTARTER-H100-frequency/510/510_pid-356530.fsout
Warning: AMD Family 25, Model 17, Stepping 1 is not supported by this version of FIRESTARTER!
Check project website for updates.
Warning: Using function FUNC_SKL_XEONEP_AVX512_1T as fallback.
You can use the parameter --function to try other functions.
End: Mon May  4 05:36:49 PM CEST 2026  / 1777909009
SETTING GPU CLOCKS TO GRAPHICS=525
GPU clocks set to "(gpuClkMin 525, gpuClkMax 525)" for GPU 00000000:A6:00.0
All done.
Nvidia Log: /home/hpc/unrz/unrz104h/Projects/CPU-GPU-Energy-Study/FIRESTARTER-H100-frequency/525/525_powerlog.csv
FIRESTARTER Log: /home/hpc/unrz/unrz104h/Projects/CPU-GPU-Energy-Study/FIRESTARTER-H100-frequency/525/525_pid-356530.fsout
Warning: AMD Family 25, Model 17, Stepping 1 is not supported by this version of FIRESTARTER!
Check project website for updates.
Warning: Using function FUNC_SKL_XEONEP_AVX512_1T as fallback.
You can use the parameter --function to try other functions.
End: Mon May  4 05:37:56 PM CEST 2026  / 1777909076
SETTING GPU CLOCKS TO GRAPHICS=540
GPU clocks set to "(gpuClkMin 540, gpuClkMax 540)" for GPU 00000000:A6:00.0
All done.
Nvidia Log: /home/hpc/unrz/unrz104h/Projects/CPU-GPU-Energy-Study/FIRESTARTER-H100-frequency/540/540_powerlog.csv
FIRESTARTER Log: /home/hpc/unrz/unrz104h/Projects/CPU-GPU-Energy-Study/FIRESTARTER-H100-frequency/540/540_pid-356530.fsout
Warning: AMD Family 25, Model 17, Stepping 1 is not supported by this version of FIRESTARTER!
Check project website for updates.
Warning: Using function FUNC_SKL_XEONEP_AVX512_1T as fallback.
You can use the parameter --function to try other functions.
End: Mon May  4 05:39:01 PM CEST 2026  / 1777909141
SETTING GPU CLOCKS TO GRAPHICS=555
GPU clocks set to "(gpuClkMin 555, gpuClkMax 555)" for GPU 00000000:A6:00.0
All done.
Nvidia Log: /home/hpc/unrz/unrz104h/Projects/CPU-GPU-Energy-Study/FIRESTARTER-H100-frequency/555/555_powerlog.csv
FIRESTARTER Log: /home/hpc/unrz/unrz104h/Projects/CPU-GPU-Energy-Study/FIRESTARTER-H100-frequency/555/555_pid-356530.fsout
Warning: AMD Family 25, Model 17, Stepping 1 is not supported by this version of FIRESTARTER!
Check project website for updates.
Warning: Using function FUNC_SKL_XEONEP_AVX512_1T as fallback.
You can use the parameter --function to try other functions.
End: Mon May  4 05:40:04 PM CEST 2026  / 1777909204
SETTING GPU CLOCKS TO GRAPHICS=570
GPU clocks set to "(gpuClkMin 570, gpuClkMax 570)" for GPU 00000000:A6:00.0
All done.
Nvidia Log: /home/hpc/unrz/unrz104h/Projects/CPU-GPU-Energy-Study/FIRESTARTER-H100-frequency/570/570_powerlog.csv
FIRESTARTER Log: /home/hpc/unrz/unrz104h/Projects/CPU-GPU-Energy-Study/FIRESTARTER-H100-frequency/570/570_pid-356530.fsout
Warning: AMD Family 25, Model 17, Stepping 1 is not supported by this version of FIRESTARTER!
Check project website for updates.
Warning: Using function FUNC_SKL_XEONEP_AVX512_1T as fallback.
You can use the parameter --function to try other functions.
End: Mon May  4 05:41:36 PM CEST 2026  / 1777909296
SETTING GPU CLOCKS TO GRAPHICS=585
GPU clocks set to "(gpuClkMin 585, gpuClkMax 585)" for GPU 00000000:A6:00.0
All done.
Nvidia Log: /home/hpc/unrz/unrz104h/Projects/CPU-GPU-Energy-Study/FIRESTARTER-H100-frequency/585/585_powerlog.csv
FIRESTARTER Log: /home/hpc/unrz/unrz104h/Projects/CPU-GPU-Energy-Study/FIRESTARTER-H100-frequency/585/585_pid-356530.fsout
Warning: AMD Family 25, Model 17, Stepping 1 is not supported by this version of FIRESTARTER!
Check project website for updates.
Warning: Using function FUNC_SKL_XEONEP_AVX512_1T as fallback.
You can use the parameter --function to try other functions.
End: Mon May  4 05:43:06 PM CEST 2026  / 1777909386
SETTING GPU CLOCKS TO GRAPHICS=600
GPU clocks set to "(gpuClkMin 600, gpuClkMax 600)" for GPU 00000000:A6:00.0
All done.
Nvidia Log: /home/hpc/unrz/unrz104h/Projects/CPU-GPU-Energy-Study/FIRESTARTER-H100-frequency/600/600_powerlog.csv
FIRESTARTER Log: /home/hpc/unrz/unrz104h/Projects/CPU-GPU-Energy-Study/FIRESTARTER-H100-frequency/600/600_pid-356530.fsout
Warning: AMD Family 25, Model 17, Stepping 1 is not supported by this version of FIRESTARTER!
Check project website for updates.
Warning: Using function FUNC_SKL_XEONEP_AVX512_1T as fallback.
You can use the parameter --function to try other functions.
End: Mon May  4 05:44:33 PM CEST 2026  / 1777909473
SETTING GPU CLOCKS TO GRAPHICS=615
GPU clocks set to "(gpuClkMin 615, gpuClkMax 615)" for GPU 00000000:A6:00.0
All done.
Nvidia Log: /home/hpc/unrz/unrz104h/Projects/CPU-GPU-Energy-Study/FIRESTARTER-H100-frequency/615/615_powerlog.csv
FIRESTARTER Log: /home/hpc/unrz/unrz104h/Projects/CPU-GPU-Energy-Study/FIRESTARTER-H100-frequency/615/615_pid-356530.fsout
Warning: AMD Family 25, Model 17, Stepping 1 is not supported by this version of FIRESTARTER!
Check project website for updates.
Warning: Using function FUNC_SKL_XEONEP_AVX512_1T as fallback.
You can use the parameter --function to try other functions.
End: Mon May  4 05:45:58 PM CEST 2026  / 1777909558
SETTING GPU CLOCKS TO GRAPHICS=630
GPU clocks set to "(gpuClkMin 630, gpuClkMax 630)" for GPU 00000000:A6:00.0
All done.
Nvidia Log: /home/hpc/unrz/unrz104h/Projects/CPU-GPU-Energy-Study/FIRESTARTER-H100-frequency/630/630_powerlog.csv
FIRESTARTER Log: /home/hpc/unrz/unrz104h/Projects/CPU-GPU-Energy-Study/FIRESTARTER-H100-frequency/630/630_pid-356530.fsout
Warning: AMD Family 25, Model 17, Stepping 1 is not supported by this version of FIRESTARTER!
Check project website for updates.
Warning: Using function FUNC_SKL_XEONEP_AVX512_1T as fallback.
You can use the parameter --function to try other functions.
End: Mon May  4 05:47:22 PM CEST 2026  / 1777909642
SETTING GPU CLOCKS TO GRAPHICS=645
GPU clocks set to "(gpuClkMin 645, gpuClkMax 645)" for GPU 00000000:A6:00.0
All done.
Nvidia Log: /home/hpc/unrz/unrz104h/Projects/CPU-GPU-Energy-Study/FIRESTARTER-H100-frequency/645/645_powerlog.csv
FIRESTARTER Log: /home/hpc/unrz/unrz104h/Projects/CPU-GPU-Energy-Study/FIRESTARTER-H100-frequency/645/645_pid-356530.fsout
Warning: AMD Family 25, Model 17, Stepping 1 is not supported by this version of FIRESTARTER!
Check project website for updates.
Warning: Using function FUNC_SKL_XEONEP_AVX512_1T as fallback.
You can use the parameter --function to try other functions.
End: Mon May  4 05:48:43 PM CEST 2026  / 1777909723
SETTING GPU CLOCKS TO GRAPHICS=660
GPU clocks set to "(gpuClkMin 660, gpuClkMax 660)" for GPU 00000000:A6:00.0
All done.
Nvidia Log: /home/hpc/unrz/unrz104h/Projects/CPU-GPU-Energy-Study/FIRESTARTER-H100-frequency/660/660_powerlog.csv
FIRESTARTER Log: /home/hpc/unrz/unrz104h/Projects/CPU-GPU-Energy-Study/FIRESTARTER-H100-frequency/660/660_pid-356530.fsout
Warning: AMD Family 25, Model 17, Stepping 1 is not supported by this version of FIRESTARTER!
Check project website for updates.
Warning: Using function FUNC_SKL_XEONEP_AVX512_1T as fallback.
You can use the parameter --function to try other functions.
End: Mon May  4 05:50:02 PM CEST 2026  / 1777909802
SETTING GPU CLOCKS TO GRAPHICS=675
GPU clocks set to "(gpuClkMin 675, gpuClkMax 675)" for GPU 00000000:A6:00.0
All done.
Nvidia Log: /home/hpc/unrz/unrz104h/Projects/CPU-GPU-Energy-Study/FIRESTARTER-H100-frequency/675/675_powerlog.csv
FIRESTARTER Log: /home/hpc/unrz/unrz104h/Projects/CPU-GPU-Energy-Study/FIRESTARTER-H100-frequency/675/675_pid-356530.fsout
Warning: AMD Family 25, Model 17, Stepping 1 is not supported by this version of FIRESTARTER!
Check project website for updates.
Warning: Using function FUNC_SKL_XEONEP_AVX512_1T as fallback.
You can use the parameter --function to try other functions.
End: Mon May  4 05:51:20 PM CEST 2026  / 1777909880
SETTING GPU CLOCKS TO GRAPHICS=690
GPU clocks set to "(gpuClkMin 690, gpuClkMax 690)" for GPU 00000000:A6:00.0
All done.
Nvidia Log: /home/hpc/unrz/unrz104h/Projects/CPU-GPU-Energy-Study/FIRESTARTER-H100-frequency/690/690_powerlog.csv
FIRESTARTER Log: /home/hpc/unrz/unrz104h/Projects/CPU-GPU-Energy-Study/FIRESTARTER-H100-frequency/690/690_pid-356530.fsout
Warning: AMD Family 25, Model 17, Stepping 1 is not supported by this version of FIRESTARTER!
Check project website for updates.
Warning: Using function FUNC_SKL_XEONEP_AVX512_1T as fallback.
You can use the parameter --function to try other functions.
End: Mon May  4 05:52:36 PM CEST 2026  / 1777909956
SETTING GPU CLOCKS TO GRAPHICS=705
GPU clocks set to "(gpuClkMin 705, gpuClkMax 705)" for GPU 00000000:A6:00.0
All done.
Nvidia Log: /home/hpc/unrz/unrz104h/Projects/CPU-GPU-Energy-Study/FIRESTARTER-H100-frequency/705/705_powerlog.csv
FIRESTARTER Log: /home/hpc/unrz/unrz104h/Projects/CPU-GPU-Energy-Study/FIRESTARTER-H100-frequency/705/705_pid-356530.fsout
Warning: AMD Family 25, Model 17, Stepping 1 is not supported by this version of FIRESTARTER!
Check project website for updates.
Warning: Using function FUNC_SKL_XEONEP_AVX512_1T as fallback.
You can use the parameter --function to try other functions.
End: Mon May  4 05:53:51 PM CEST 2026  / 1777910031
SETTING GPU CLOCKS TO GRAPHICS=720
GPU clocks set to "(gpuClkMin 720, gpuClkMax 720)" for GPU 00000000:A6:00.0
All done.
Nvidia Log: /home/hpc/unrz/unrz104h/Projects/CPU-GPU-Energy-Study/FIRESTARTER-H100-frequency/720/720_powerlog.csv
FIRESTARTER Log: /home/hpc/unrz/unrz104h/Projects/CPU-GPU-Energy-Study/FIRESTARTER-H100-frequency/720/720_pid-356530.fsout
Warning: AMD Family 25, Model 17, Stepping 1 is not supported by this version of FIRESTARTER!
Check project website for updates.
Warning: Using function FUNC_SKL_XEONEP_AVX512_1T as fallback.
You can use the parameter --function to try other functions.
End: Mon May  4 05:55:04 PM CEST 2026  / 1777910104
SETTING GPU CLOCKS TO GRAPHICS=735
GPU clocks set to "(gpuClkMin 735, gpuClkMax 735)" for GPU 00000000:A6:00.0
All done.
Nvidia Log: /home/hpc/unrz/unrz104h/Projects/CPU-GPU-Energy-Study/FIRESTARTER-H100-frequency/735/735_powerlog.csv
FIRESTARTER Log: /home/hpc/unrz/unrz104h/Projects/CPU-GPU-Energy-Study/FIRESTARTER-H100-frequency/735/735_pid-356530.fsout
Warning: AMD Family 25, Model 17, Stepping 1 is not supported by this version of FIRESTARTER!
Check project website for updates.
Warning: Using function FUNC_SKL_XEONEP_AVX512_1T as fallback.
You can use the parameter --function to try other functions.
End: Mon May  4 05:56:15 PM CEST 2026  / 1777910175
SETTING GPU CLOCKS TO GRAPHICS=750
GPU clocks set to "(gpuClkMin 750, gpuClkMax 750)" for GPU 00000000:A6:00.0
All done.
Nvidia Log: /home/hpc/unrz/unrz104h/Projects/CPU-GPU-Energy-Study/FIRESTARTER-H100-frequency/750/750_powerlog.csv
FIRESTARTER Log: /home/hpc/unrz/unrz104h/Projects/CPU-GPU-Energy-Study/FIRESTARTER-H100-frequency/750/750_pid-356530.fsout
Warning: AMD Family 25, Model 17, Stepping 1 is not supported by this version of FIRESTARTER!
Check project website for updates.
Warning: Using function FUNC_SKL_XEONEP_AVX512_1T as fallback.
You can use the parameter --function to try other functions.
End: Mon May  4 05:57:25 PM CEST 2026  / 1777910245
SETTING GPU CLOCKS TO GRAPHICS=765
GPU clocks set to "(gpuClkMin 765, gpuClkMax 765)" for GPU 00000000:A6:00.0
All done.
Nvidia Log: /home/hpc/unrz/unrz104h/Projects/CPU-GPU-Energy-Study/FIRESTARTER-H100-frequency/765/765_powerlog.csv
FIRESTARTER Log: /home/hpc/unrz/unrz104h/Projects/CPU-GPU-Energy-Study/FIRESTARTER-H100-frequency/765/765_pid-356530.fsout
Warning: AMD Family 25, Model 17, Stepping 1 is not supported by this version of FIRESTARTER!
Check project website for updates.
Warning: Using function FUNC_SKL_XEONEP_AVX512_1T as fallback.
You can use the parameter --function to try other functions.
End: Mon May  4 05:58:34 PM CEST 2026  / 1777910314
SETTING GPU CLOCKS TO GRAPHICS=780
GPU clocks set to "(gpuClkMin 780, gpuClkMax 780)" for GPU 00000000:A6:00.0
All done.
Nvidia Log: /home/hpc/unrz/unrz104h/Projects/CPU-GPU-Energy-Study/FIRESTARTER-H100-frequency/780/780_powerlog.csv
FIRESTARTER Log: /home/hpc/unrz/unrz104h/Projects/CPU-GPU-Energy-Study/FIRESTARTER-H100-frequency/780/780_pid-356530.fsout
Warning: AMD Family 25, Model 17, Stepping 1 is not supported by this version of FIRESTARTER!
Check project website for updates.
Warning: Using function FUNC_SKL_XEONEP_AVX512_1T as fallback.
You can use the parameter --function to try other functions.
End: Mon May  4 05:59:41 PM CEST 2026  / 1777910381
SETTING GPU CLOCKS TO GRAPHICS=795
GPU clocks set to "(gpuClkMin 795, gpuClkMax 795)" for GPU 00000000:A6:00.0
All done.
Nvidia Log: /home/hpc/unrz/unrz104h/Projects/CPU-GPU-Energy-Study/FIRESTARTER-H100-frequency/795/795_powerlog.csv
FIRESTARTER Log: /home/hpc/unrz/unrz104h/Projects/CPU-GPU-Energy-Study/FIRESTARTER-H100-frequency/795/795_pid-356530.fsout
Warning: AMD Family 25, Model 17, Stepping 1 is not supported by this version of FIRESTARTER!
Check project website for updates.
Warning: Using function FUNC_SKL_XEONEP_AVX512_1T as fallback.
You can use the parameter --function to try other functions.
End: Mon May  4 06:00:48 PM CEST 2026  / 1777910448
SETTING GPU CLOCKS TO GRAPHICS=810
GPU clocks set to "(gpuClkMin 810, gpuClkMax 810)" for GPU 00000000:A6:00.0
All done.
Nvidia Log: /home/hpc/unrz/unrz104h/Projects/CPU-GPU-Energy-Study/FIRESTARTER-H100-frequency/810/810_powerlog.csv
FIRESTARTER Log: /home/hpc/unrz/unrz104h/Projects/CPU-GPU-Energy-Study/FIRESTARTER-H100-frequency/810/810_pid-356530.fsout
Warning: AMD Family 25, Model 17, Stepping 1 is not supported by this version of FIRESTARTER!
Check project website for updates.
Warning: Using function FUNC_SKL_XEONEP_AVX512_1T as fallback.
You can use the parameter --function to try other functions.
End: Mon May  4 06:01:53 PM CEST 2026  / 1777910513
SETTING GPU CLOCKS TO GRAPHICS=825
GPU clocks set to "(gpuClkMin 825, gpuClkMax 825)" for GPU 00000000:A6:00.0
All done.
Nvidia Log: /home/hpc/unrz/unrz104h/Projects/CPU-GPU-Energy-Study/FIRESTARTER-H100-frequency/825/825_powerlog.csv
FIRESTARTER Log: /home/hpc/unrz/unrz104h/Projects/CPU-GPU-Energy-Study/FIRESTARTER-H100-frequency/825/825_pid-356530.fsout
Warning: AMD Family 25, Model 17, Stepping 1 is not supported by this version of FIRESTARTER!
Check project website for updates.
Warning: Using function FUNC_SKL_XEONEP_AVX512_1T as fallback.
You can use the parameter --function to try other functions.
End: Mon May  4 06:02:56 PM CEST 2026  / 1777910576
SETTING GPU CLOCKS TO GRAPHICS=840
GPU clocks set to "(gpuClkMin 840, gpuClkMax 840)" for GPU 00000000:A6:00.0
All done.
Nvidia Log: /home/hpc/unrz/unrz104h/Projects/CPU-GPU-Energy-Study/FIRESTARTER-H100-frequency/840/840_powerlog.csv
FIRESTARTER Log: /home/hpc/unrz/unrz104h/Projects/CPU-GPU-Energy-Study/FIRESTARTER-H100-frequency/840/840_pid-356530.fsout
Warning: AMD Family 25, Model 17, Stepping 1 is not supported by this version of FIRESTARTER!
Check project website for updates.
Warning: Using function FUNC_SKL_XEONEP_AVX512_1T as fallback.
You can use the parameter --function to try other functions.
End: Mon May  4 06:03:59 PM CEST 2026  / 1777910639
SETTING GPU CLOCKS TO GRAPHICS=855
GPU clocks set to "(gpuClkMin 855, gpuClkMax 855)" for GPU 00000000:A6:00.0
All done.
Nvidia Log: /home/hpc/unrz/unrz104h/Projects/CPU-GPU-Energy-Study/FIRESTARTER-H100-frequency/855/855_powerlog.csv
FIRESTARTER Log: /home/hpc/unrz/unrz104h/Projects/CPU-GPU-Energy-Study/FIRESTARTER-H100-frequency/855/855_pid-356530.fsout
Warning: AMD Family 25, Model 17, Stepping 1 is not supported by this version of FIRESTARTER!
Check project website for updates.
Warning: Using function FUNC_SKL_XEONEP_AVX512_1T as fallback.
You can use the parameter --function to try other functions.
End: Mon May  4 06:05:21 PM CEST 2026  / 1777910721
SETTING GPU CLOCKS TO GRAPHICS=870
GPU clocks set to "(gpuClkMin 870, gpuClkMax 870)" for GPU 00000000:A6:00.0
All done.
Nvidia Log: /home/hpc/unrz/unrz104h/Projects/CPU-GPU-Energy-Study/FIRESTARTER-H100-frequency/870/870_powerlog.csv
FIRESTARTER Log: /home/hpc/unrz/unrz104h/Projects/CPU-GPU-Energy-Study/FIRESTARTER-H100-frequency/870/870_pid-356530.fsout
Warning: AMD Family 25, Model 17, Stepping 1 is not supported by this version of FIRESTARTER!
Check project website for updates.
Warning: Using function FUNC_SKL_XEONEP_AVX512_1T as fallback.
You can use the parameter --function to try other functions.
End: Mon May  4 06:06:41 PM CEST 2026  / 1777910801
SETTING GPU CLOCKS TO GRAPHICS=885
GPU clocks set to "(gpuClkMin 885, gpuClkMax 885)" for GPU 00000000:A6:00.0
All done.
Nvidia Log: /home/hpc/unrz/unrz104h/Projects/CPU-GPU-Energy-Study/FIRESTARTER-H100-frequency/885/885_powerlog.csv
FIRESTARTER Log: /home/hpc/unrz/unrz104h/Projects/CPU-GPU-Energy-Study/FIRESTARTER-H100-frequency/885/885_pid-356530.fsout
Warning: AMD Family 25, Model 17, Stepping 1 is not supported by this version of FIRESTARTER!
Check project website for updates.
Warning: Using function FUNC_SKL_XEONEP_AVX512_1T as fallback.
You can use the parameter --function to try other functions.
End: Mon May  4 06:08:00 PM CEST 2026  / 1777910880
SETTING GPU CLOCKS TO GRAPHICS=900
GPU clocks set to "(gpuClkMin 900, gpuClkMax 900)" for GPU 00000000:A6:00.0
All done.
Nvidia Log: /home/hpc/unrz/unrz104h/Projects/CPU-GPU-Energy-Study/FIRESTARTER-H100-frequency/900/900_powerlog.csv
FIRESTARTER Log: /home/hpc/unrz/unrz104h/Projects/CPU-GPU-Energy-Study/FIRESTARTER-H100-frequency/900/900_pid-356530.fsout
Warning: AMD Family 25, Model 17, Stepping 1 is not supported by this version of FIRESTARTER!
Check project website for updates.
Warning: Using function FUNC_SKL_XEONEP_AVX512_1T as fallback.
You can use the parameter --function to try other functions.
End: Mon May  4 06:09:18 PM CEST 2026  / 1777910958
SETTING GPU CLOCKS TO GRAPHICS=915
GPU clocks set to "(gpuClkMin 915, gpuClkMax 915)" for GPU 00000000:A6:00.0
All done.
Nvidia Log: /home/hpc/unrz/unrz104h/Projects/CPU-GPU-Energy-Study/FIRESTARTER-H100-frequency/915/915_powerlog.csv
FIRESTARTER Log: /home/hpc/unrz/unrz104h/Projects/CPU-GPU-Energy-Study/FIRESTARTER-H100-frequency/915/915_pid-356530.fsout
Warning: AMD Family 25, Model 17, Stepping 1 is not supported by this version of FIRESTARTER!
Check project website for updates.
Warning: Using function FUNC_SKL_XEONEP_AVX512_1T as fallback.
You can use the parameter --function to try other functions.
End: Mon May  4 06:10:34 PM CEST 2026  / 1777911034
SETTING GPU CLOCKS TO GRAPHICS=930
GPU clocks set to "(gpuClkMin 930, gpuClkMax 930)" for GPU 00000000:A6:00.0
All done.
Nvidia Log: /home/hpc/unrz/unrz104h/Projects/CPU-GPU-Energy-Study/FIRESTARTER-H100-frequency/930/930_powerlog.csv
FIRESTARTER Log: /home/hpc/unrz/unrz104h/Projects/CPU-GPU-Energy-Study/FIRESTARTER-H100-frequency/930/930_pid-356530.fsout
Warning: AMD Family 25, Model 17, Stepping 1 is not supported by this version of FIRESTARTER!
Check project website for updates.
Warning: Using function FUNC_SKL_XEONEP_AVX512_1T as fallback.
You can use the parameter --function to try other functions.
End: Mon May  4 06:11:50 PM CEST 2026  / 1777911110
SETTING GPU CLOCKS TO GRAPHICS=945
GPU clocks set to "(gpuClkMin 945, gpuClkMax 945)" for GPU 00000000:A6:00.0
All done.
Nvidia Log: /home/hpc/unrz/unrz104h/Projects/CPU-GPU-Energy-Study/FIRESTARTER-H100-frequency/945/945_powerlog.csv
FIRESTARTER Log: /home/hpc/unrz/unrz104h/Projects/CPU-GPU-Energy-Study/FIRESTARTER-H100-frequency/945/945_pid-356530.fsout
Warning: AMD Family 25, Model 17, Stepping 1 is not supported by this version of FIRESTARTER!
Check project website for updates.
Warning: Using function FUNC_SKL_XEONEP_AVX512_1T as fallback.
You can use the parameter --function to try other functions.
End: Mon May  4 06:13:04 PM CEST 2026  / 1777911184
SETTING GPU CLOCKS TO GRAPHICS=960
GPU clocks set to "(gpuClkMin 960, gpuClkMax 960)" for GPU 00000000:A6:00.0
All done.
Nvidia Log: /home/hpc/unrz/unrz104h/Projects/CPU-GPU-Energy-Study/FIRESTARTER-H100-frequency/960/960_powerlog.csv
FIRESTARTER Log: /home/hpc/unrz/unrz104h/Projects/CPU-GPU-Energy-Study/FIRESTARTER-H100-frequency/960/960_pid-356530.fsout
Warning: AMD Family 25, Model 17, Stepping 1 is not supported by this version of FIRESTARTER!
Check project website for updates.
Warning: Using function FUNC_SKL_XEONEP_AVX512_1T as fallback.
You can use the parameter --function to try other functions.
End: Mon May  4 06:14:17 PM CEST 2026  / 1777911257
SETTING GPU CLOCKS TO GRAPHICS=975
GPU clocks set to "(gpuClkMin 975, gpuClkMax 975)" for GPU 00000000:A6:00.0
All done.
Nvidia Log: /home/hpc/unrz/unrz104h/Projects/CPU-GPU-Energy-Study/FIRESTARTER-H100-frequency/975/975_powerlog.csv
FIRESTARTER Log: /home/hpc/unrz/unrz104h/Projects/CPU-GPU-Energy-Study/FIRESTARTER-H100-frequency/975/975_pid-356530.fsout
Warning: AMD Family 25, Model 17, Stepping 1 is not supported by this version of FIRESTARTER!
Check project website for updates.
Warning: Using function FUNC_SKL_XEONEP_AVX512_1T as fallback.
You can use the parameter --function to try other functions.
End: Mon May  4 06:15:29 PM CEST 2026  / 1777911329
SETTING GPU CLOCKS TO GRAPHICS=990
GPU clocks set to "(gpuClkMin 990, gpuClkMax 990)" for GPU 00000000:A6:00.0
All done.
Nvidia Log: /home/hpc/unrz/unrz104h/Projects/CPU-GPU-Energy-Study/FIRESTARTER-H100-frequency/990/990_powerlog.csv
FIRESTARTER Log: /home/hpc/unrz/unrz104h/Projects/CPU-GPU-Energy-Study/FIRESTARTER-H100-frequency/990/990_pid-356530.fsout
Warning: AMD Family 25, Model 17, Stepping 1 is not supported by this version of FIRESTARTER!
Check project website for updates.
Warning: Using function FUNC_SKL_XEONEP_AVX512_1T as fallback.
You can use the parameter --function to try other functions.
End: Mon May  4 06:16:39 PM CEST 2026  / 1777911399
SETTING GPU CLOCKS TO GRAPHICS=1005
GPU clocks set to "(gpuClkMin 1005, gpuClkMax 1005)" for GPU 00000000:A6:00.0
All done.
Nvidia Log: /home/hpc/unrz/unrz104h/Projects/CPU-GPU-Energy-Study/FIRESTARTER-H100-frequency/1005/1005_powerlog.csv
FIRESTARTER Log: /home/hpc/unrz/unrz104h/Projects/CPU-GPU-Energy-Study/FIRESTARTER-H100-frequency/1005/1005_pid-356530.fsout
Warning: AMD Family 25, Model 17, Stepping 1 is not supported by this version of FIRESTARTER!
Check project website for updates.
Warning: Using function FUNC_SKL_XEONEP_AVX512_1T as fallback.
You can use the parameter --function to try other functions.
End: Mon May  4 06:17:49 PM CEST 2026  / 1777911469
SETTING GPU CLOCKS TO GRAPHICS=1020
GPU clocks set to "(gpuClkMin 1020, gpuClkMax 1020)" for GPU 00000000:A6:00.0
All done.
Nvidia Log: /home/hpc/unrz/unrz104h/Projects/CPU-GPU-Energy-Study/FIRESTARTER-H100-frequency/1020/1020_powerlog.csv
FIRESTARTER Log: /home/hpc/unrz/unrz104h/Projects/CPU-GPU-Energy-Study/FIRESTARTER-H100-frequency/1020/1020_pid-356530.fsout
Warning: AMD Family 25, Model 17, Stepping 1 is not supported by this version of FIRESTARTER!
Check project website for updates.
Warning: Using function FUNC_SKL_XEONEP_AVX512_1T as fallback.
You can use the parameter --function to try other functions.
End: Mon May  4 06:18:58 PM CEST 2026  / 1777911538
SETTING GPU CLOCKS TO GRAPHICS=1035
GPU clocks set to "(gpuClkMin 1035, gpuClkMax 1035)" for GPU 00000000:A6:00.0
All done.
Nvidia Log: /home/hpc/unrz/unrz104h/Projects/CPU-GPU-Energy-Study/FIRESTARTER-H100-frequency/1035/1035_powerlog.csv
FIRESTARTER Log: /home/hpc/unrz/unrz104h/Projects/CPU-GPU-Energy-Study/FIRESTARTER-H100-frequency/1035/1035_pid-356530.fsout
Warning: AMD Family 25, Model 17, Stepping 1 is not supported by this version of FIRESTARTER!
Check project website for updates.
Warning: Using function FUNC_SKL_XEONEP_AVX512_1T as fallback.
You can use the parameter --function to try other functions.
End: Mon May  4 06:20:05 PM CEST 2026  / 1777911605
SETTING GPU CLOCKS TO GRAPHICS=1050
GPU clocks set to "(gpuClkMin 1050, gpuClkMax 1050)" for GPU 00000000:A6:00.0
All done.
Nvidia Log: /home/hpc/unrz/unrz104h/Projects/CPU-GPU-Energy-Study/FIRESTARTER-H100-frequency/1050/1050_powerlog.csv
FIRESTARTER Log: /home/hpc/unrz/unrz104h/Projects/CPU-GPU-Energy-Study/FIRESTARTER-H100-frequency/1050/1050_pid-356530.fsout
Warning: AMD Family 25, Model 17, Stepping 1 is not supported by this version of FIRESTARTER!
Check project website for updates.
Warning: Using function FUNC_SKL_XEONEP_AVX512_1T as fallback.
You can use the parameter --function to try other functions.
End: Mon May  4 06:21:12 PM CEST 2026  / 1777911672
SETTING GPU CLOCKS TO GRAPHICS=1065
GPU clocks set to "(gpuClkMin 1065, gpuClkMax 1065)" for GPU 00000000:A6:00.0
All done.
Nvidia Log: /home/hpc/unrz/unrz104h/Projects/CPU-GPU-Energy-Study/FIRESTARTER-H100-frequency/1065/1065_powerlog.csv
FIRESTARTER Log: /home/hpc/unrz/unrz104h/Projects/CPU-GPU-Energy-Study/FIRESTARTER-H100-frequency/1065/1065_pid-356530.fsout
Warning: AMD Family 25, Model 17, Stepping 1 is not supported by this version of FIRESTARTER!
Check project website for updates.
Warning: Using function FUNC_SKL_XEONEP_AVX512_1T as fallback.
You can use the parameter --function to try other functions.
End: Mon May  4 06:22:18 PM CEST 2026  / 1777911738
SETTING GPU CLOCKS TO GRAPHICS=1080
GPU clocks set to "(gpuClkMin 1080, gpuClkMax 1080)" for GPU 00000000:A6:00.0
All done.
Nvidia Log: /home/hpc/unrz/unrz104h/Projects/CPU-GPU-Energy-Study/FIRESTARTER-H100-frequency/1080/1080_powerlog.csv
FIRESTARTER Log: /home/hpc/unrz/unrz104h/Projects/CPU-GPU-Energy-Study/FIRESTARTER-H100-frequency/1080/1080_pid-356530.fsout
Warning: AMD Family 25, Model 17, Stepping 1 is not supported by this version of FIRESTARTER!
Check project website for updates.
Warning: Using function FUNC_SKL_XEONEP_AVX512_1T as fallback.
You can use the parameter --function to try other functions.
End: Mon May  4 06:23:23 PM CEST 2026  / 1777911803
SETTING GPU CLOCKS TO GRAPHICS=1095
GPU clocks set to "(gpuClkMin 1095, gpuClkMax 1095)" for GPU 00000000:A6:00.0
All done.
Nvidia Log: /home/hpc/unrz/unrz104h/Projects/CPU-GPU-Energy-Study/FIRESTARTER-H100-frequency/1095/1095_powerlog.csv
FIRESTARTER Log: /home/hpc/unrz/unrz104h/Projects/CPU-GPU-Energy-Study/FIRESTARTER-H100-frequency/1095/1095_pid-356530.fsout
Warning: AMD Family 25, Model 17, Stepping 1 is not supported by this version of FIRESTARTER!
Check project website for updates.
Warning: Using function FUNC_SKL_XEONEP_AVX512_1T as fallback.
You can use the parameter --function to try other functions.
End: Mon May  4 06:24:27 PM CEST 2026  / 1777911867
SETTING GPU CLOCKS TO GRAPHICS=1110
GPU clocks set to "(gpuClkMin 1110, gpuClkMax 1110)" for GPU 00000000:A6:00.0
All done.
Nvidia Log: /home/hpc/unrz/unrz104h/Projects/CPU-GPU-Energy-Study/FIRESTARTER-H100-frequency/1110/1110_powerlog.csv
FIRESTARTER Log: /home/hpc/unrz/unrz104h/Projects/CPU-GPU-Energy-Study/FIRESTARTER-H100-frequency/1110/1110_pid-356530.fsout
Warning: AMD Family 25, Model 17, Stepping 1 is not supported by this version of FIRESTARTER!
Check project website for updates.
Warning: Using function FUNC_SKL_XEONEP_AVX512_1T as fallback.
You can use the parameter --function to try other functions.
End: Mon May  4 06:25:30 PM CEST 2026  / 1777911930
SETTING GPU CLOCKS TO GRAPHICS=1125
GPU clocks set to "(gpuClkMin 1125, gpuClkMax 1125)" for GPU 00000000:A6:00.0
All done.
Nvidia Log: /home/hpc/unrz/unrz104h/Projects/CPU-GPU-Energy-Study/FIRESTARTER-H100-frequency/1125/1125_powerlog.csv
FIRESTARTER Log: /home/hpc/unrz/unrz104h/Projects/CPU-GPU-Energy-Study/FIRESTARTER-H100-frequency/1125/1125_pid-356530.fsout
Warning: AMD Family 25, Model 17, Stepping 1 is not supported by this version of FIRESTARTER!
Check project website for updates.
Warning: Using function FUNC_SKL_XEONEP_AVX512_1T as fallback.
You can use the parameter --function to try other functions.
End: Mon May  4 06:26:33 PM CEST 2026  / 1777911993
SETTING GPU CLOCKS TO GRAPHICS=1140
GPU clocks set to "(gpuClkMin 1140, gpuClkMax 1140)" for GPU 00000000:A6:00.0
All done.
Nvidia Log: /home/hpc/unrz/unrz104h/Projects/CPU-GPU-Energy-Study/FIRESTARTER-H100-frequency/1140/1140_powerlog.csv
FIRESTARTER Log: /home/hpc/unrz/unrz104h/Projects/CPU-GPU-Energy-Study/FIRESTARTER-H100-frequency/1140/1140_pid-356530.fsout
Warning: AMD Family 25, Model 17, Stepping 1 is not supported by this version of FIRESTARTER!
Check project website for updates.
Warning: Using function FUNC_SKL_XEONEP_AVX512_1T as fallback.
You can use the parameter --function to try other functions.
End: Mon May  4 06:27:49 PM CEST 2026  / 1777912069
SETTING GPU CLOCKS TO GRAPHICS=1155
GPU clocks set to "(gpuClkMin 1155, gpuClkMax 1155)" for GPU 00000000:A6:00.0
All done.
Nvidia Log: /home/hpc/unrz/unrz104h/Projects/CPU-GPU-Energy-Study/FIRESTARTER-H100-frequency/1155/1155_powerlog.csv
FIRESTARTER Log: /home/hpc/unrz/unrz104h/Projects/CPU-GPU-Energy-Study/FIRESTARTER-H100-frequency/1155/1155_pid-356530.fsout
Warning: AMD Family 25, Model 17, Stepping 1 is not supported by this version of FIRESTARTER!
Check project website for updates.
Warning: Using function FUNC_SKL_XEONEP_AVX512_1T as fallback.
You can use the parameter --function to try other functions.
End: Mon May  4 06:29:05 PM CEST 2026  / 1777912145
SETTING GPU CLOCKS TO GRAPHICS=1170
GPU clocks set to "(gpuClkMin 1170, gpuClkMax 1170)" for GPU 00000000:A6:00.0
All done.
Nvidia Log: /home/hpc/unrz/unrz104h/Projects/CPU-GPU-Energy-Study/FIRESTARTER-H100-frequency/1170/1170_powerlog.csv
FIRESTARTER Log: /home/hpc/unrz/unrz104h/Projects/CPU-GPU-Energy-Study/FIRESTARTER-H100-frequency/1170/1170_pid-356530.fsout
Warning: AMD Family 25, Model 17, Stepping 1 is not supported by this version of FIRESTARTER!
Check project website for updates.
Warning: Using function FUNC_SKL_XEONEP_AVX512_1T as fallback.
You can use the parameter --function to try other functions.
End: Mon May  4 06:30:20 PM CEST 2026  / 1777912220
SETTING GPU CLOCKS TO GRAPHICS=1185
GPU clocks set to "(gpuClkMin 1185, gpuClkMax 1185)" for GPU 00000000:A6:00.0
All done.
Nvidia Log: /home/hpc/unrz/unrz104h/Projects/CPU-GPU-Energy-Study/FIRESTARTER-H100-frequency/1185/1185_powerlog.csv
FIRESTARTER Log: /home/hpc/unrz/unrz104h/Projects/CPU-GPU-Energy-Study/FIRESTARTER-H100-frequency/1185/1185_pid-356530.fsout
Warning: AMD Family 25, Model 17, Stepping 1 is not supported by this version of FIRESTARTER!
Check project website for updates.
Warning: Using function FUNC_SKL_XEONEP_AVX512_1T as fallback.
You can use the parameter --function to try other functions.
End: Mon May  4 06:31:34 PM CEST 2026  / 1777912294
SETTING GPU CLOCKS TO GRAPHICS=1200
GPU clocks set to "(gpuClkMin 1200, gpuClkMax 1200)" for GPU 00000000:A6:00.0
All done.
Nvidia Log: /home/hpc/unrz/unrz104h/Projects/CPU-GPU-Energy-Study/FIRESTARTER-H100-frequency/1200/1200_powerlog.csv
FIRESTARTER Log: /home/hpc/unrz/unrz104h/Projects/CPU-GPU-Energy-Study/FIRESTARTER-H100-frequency/1200/1200_pid-356530.fsout
Warning: AMD Family 25, Model 17, Stepping 1 is not supported by this version of FIRESTARTER!
Check project website for updates.
Warning: Using function FUNC_SKL_XEONEP_AVX512_1T as fallback.
You can use the parameter --function to try other functions.
End: Mon May  4 06:32:47 PM CEST 2026  / 1777912367
SETTING GPU CLOCKS TO GRAPHICS=1215
GPU clocks set to "(gpuClkMin 1215, gpuClkMax 1215)" for GPU 00000000:A6:00.0
All done.
Nvidia Log: /home/hpc/unrz/unrz104h/Projects/CPU-GPU-Energy-Study/FIRESTARTER-H100-frequency/1215/1215_powerlog.csv
FIRESTARTER Log: /home/hpc/unrz/unrz104h/Projects/CPU-GPU-Energy-Study/FIRESTARTER-H100-frequency/1215/1215_pid-356530.fsout
Warning: AMD Family 25, Model 17, Stepping 1 is not supported by this version of FIRESTARTER!
Check project website for updates.
Warning: Using function FUNC_SKL_XEONEP_AVX512_1T as fallback.
You can use the parameter --function to try other functions.
End: Mon May  4 06:33:59 PM CEST 2026  / 1777912439
SETTING GPU CLOCKS TO GRAPHICS=1230
GPU clocks set to "(gpuClkMin 1230, gpuClkMax 1230)" for GPU 00000000:A6:00.0
All done.
Nvidia Log: /home/hpc/unrz/unrz104h/Projects/CPU-GPU-Energy-Study/FIRESTARTER-H100-frequency/1230/1230_powerlog.csv
FIRESTARTER Log: /home/hpc/unrz/unrz104h/Projects/CPU-GPU-Energy-Study/FIRESTARTER-H100-frequency/1230/1230_pid-356530.fsout
Warning: AMD Family 25, Model 17, Stepping 1 is not supported by this version of FIRESTARTER!
Check project website for updates.
Warning: Using function FUNC_SKL_XEONEP_AVX512_1T as fallback.
You can use the parameter --function to try other functions.
End: Mon May  4 06:35:10 PM CEST 2026  / 1777912510
SETTING GPU CLOCKS TO GRAPHICS=1245
GPU clocks set to "(gpuClkMin 1245, gpuClkMax 1245)" for GPU 00000000:A6:00.0
All done.
Nvidia Log: /home/hpc/unrz/unrz104h/Projects/CPU-GPU-Energy-Study/FIRESTARTER-H100-frequency/1245/1245_powerlog.csv
FIRESTARTER Log: /home/hpc/unrz/unrz104h/Projects/CPU-GPU-Energy-Study/FIRESTARTER-H100-frequency/1245/1245_pid-356530.fsout
Warning: AMD Family 25, Model 17, Stepping 1 is not supported by this version of FIRESTARTER!
Check project website for updates.
Warning: Using function FUNC_SKL_XEONEP_AVX512_1T as fallback.
You can use the parameter --function to try other functions.
End: Mon May  4 06:36:20 PM CEST 2026  / 1777912580
SETTING GPU CLOCKS TO GRAPHICS=1260
GPU clocks set to "(gpuClkMin 1260, gpuClkMax 1260)" for GPU 00000000:A6:00.0
All done.
Nvidia Log: /home/hpc/unrz/unrz104h/Projects/CPU-GPU-Energy-Study/FIRESTARTER-H100-frequency/1260/1260_powerlog.csv
FIRESTARTER Log: /home/hpc/unrz/unrz104h/Projects/CPU-GPU-Energy-Study/FIRESTARTER-H100-frequency/1260/1260_pid-356530.fsout
Warning: AMD Family 25, Model 17, Stepping 1 is not supported by this version of FIRESTARTER!
Check project website for updates.
Warning: Using function FUNC_SKL_XEONEP_AVX512_1T as fallback.
You can use the parameter --function to try other functions.
End: Mon May  4 06:37:29 PM CEST 2026  / 1777912649
SETTING GPU CLOCKS TO GRAPHICS=1275
GPU clocks set to "(gpuClkMin 1275, gpuClkMax 1275)" for GPU 00000000:A6:00.0
All done.
Nvidia Log: /home/hpc/unrz/unrz104h/Projects/CPU-GPU-Energy-Study/FIRESTARTER-H100-frequency/1275/1275_powerlog.csv
FIRESTARTER Log: /home/hpc/unrz/unrz104h/Projects/CPU-GPU-Energy-Study/FIRESTARTER-H100-frequency/1275/1275_pid-356530.fsout
Warning: AMD Family 25, Model 17, Stepping 1 is not supported by this version of FIRESTARTER!
Check project website for updates.
Warning: Using function FUNC_SKL_XEONEP_AVX512_1T as fallback.
You can use the parameter --function to try other functions.
End: Mon May  4 06:38:38 PM CEST 2026  / 1777912718
SETTING GPU CLOCKS TO GRAPHICS=1290
GPU clocks set to "(gpuClkMin 1290, gpuClkMax 1290)" for GPU 00000000:A6:00.0
All done.
Nvidia Log: /home/hpc/unrz/unrz104h/Projects/CPU-GPU-Energy-Study/FIRESTARTER-H100-frequency/1290/1290_powerlog.csv
FIRESTARTER Log: /home/hpc/unrz/unrz104h/Projects/CPU-GPU-Energy-Study/FIRESTARTER-H100-frequency/1290/1290_pid-356530.fsout
Warning: AMD Family 25, Model 17, Stepping 1 is not supported by this version of FIRESTARTER!
Check project website for updates.
Warning: Using function FUNC_SKL_XEONEP_AVX512_1T as fallback.
You can use the parameter --function to try other functions.
End: Mon May  4 06:39:46 PM CEST 2026  / 1777912786
SETTING GPU CLOCKS TO GRAPHICS=1305
GPU clocks set to "(gpuClkMin 1305, gpuClkMax 1305)" for GPU 00000000:A6:00.0
All done.
Nvidia Log: /home/hpc/unrz/unrz104h/Projects/CPU-GPU-Energy-Study/FIRESTARTER-H100-frequency/1305/1305_powerlog.csv
FIRESTARTER Log: /home/hpc/unrz/unrz104h/Projects/CPU-GPU-Energy-Study/FIRESTARTER-H100-frequency/1305/1305_pid-356530.fsout
Warning: AMD Family 25, Model 17, Stepping 1 is not supported by this version of FIRESTARTER!
Check project website for updates.
Warning: Using function FUNC_SKL_XEONEP_AVX512_1T as fallback.
You can use the parameter --function to try other functions.
End: Mon May  4 06:40:54 PM CEST 2026  / 1777912854
SETTING GPU CLOCKS TO GRAPHICS=1320
GPU clocks set to "(gpuClkMin 1320, gpuClkMax 1320)" for GPU 00000000:A6:00.0
All done.
Nvidia Log: /home/hpc/unrz/unrz104h/Projects/CPU-GPU-Energy-Study/FIRESTARTER-H100-frequency/1320/1320_powerlog.csv
FIRESTARTER Log: /home/hpc/unrz/unrz104h/Projects/CPU-GPU-Energy-Study/FIRESTARTER-H100-frequency/1320/1320_pid-356530.fsout
Warning: AMD Family 25, Model 17, Stepping 1 is not supported by this version of FIRESTARTER!
Check project website for updates.
Warning: Using function FUNC_SKL_XEONEP_AVX512_1T as fallback.
You can use the parameter --function to try other functions.
End: Mon May  4 06:42:00 PM CEST 2026  / 1777912920
SETTING GPU CLOCKS TO GRAPHICS=1335
GPU clocks set to "(gpuClkMin 1335, gpuClkMax 1335)" for GPU 00000000:A6:00.0
All done.
Nvidia Log: /home/hpc/unrz/unrz104h/Projects/CPU-GPU-Energy-Study/FIRESTARTER-H100-frequency/1335/1335_powerlog.csv
FIRESTARTER Log: /home/hpc/unrz/unrz104h/Projects/CPU-GPU-Energy-Study/FIRESTARTER-H100-frequency/1335/1335_pid-356530.fsout
Warning: AMD Family 25, Model 17, Stepping 1 is not supported by this version of FIRESTARTER!
Check project website for updates.
Warning: Using function FUNC_SKL_XEONEP_AVX512_1T as fallback.
You can use the parameter --function to try other functions.
End: Mon May  4 06:43:08 PM CEST 2026  / 1777912988
SETTING GPU CLOCKS TO GRAPHICS=1350
GPU clocks set to "(gpuClkMin 1350, gpuClkMax 1350)" for GPU 00000000:A6:00.0
All done.
Nvidia Log: /home/hpc/unrz/unrz104h/Projects/CPU-GPU-Energy-Study/FIRESTARTER-H100-frequency/1350/1350_powerlog.csv
FIRESTARTER Log: /home/hpc/unrz/unrz104h/Projects/CPU-GPU-Energy-Study/FIRESTARTER-H100-frequency/1350/1350_pid-356530.fsout
Warning: AMD Family 25, Model 17, Stepping 1 is not supported by this version of FIRESTARTER!
Check project website for updates.
Warning: Using function FUNC_SKL_XEONEP_AVX512_1T as fallback.
You can use the parameter --function to try other functions.
End: Mon May  4 06:44:16 PM CEST 2026  / 1777913056
SETTING GPU CLOCKS TO GRAPHICS=1365
GPU clocks set to "(gpuClkMin 1365, gpuClkMax 1365)" for GPU 00000000:A6:00.0
All done.
Nvidia Log: /home/hpc/unrz/unrz104h/Projects/CPU-GPU-Energy-Study/FIRESTARTER-H100-frequency/1365/1365_powerlog.csv
FIRESTARTER Log: /home/hpc/unrz/unrz104h/Projects/CPU-GPU-Energy-Study/FIRESTARTER-H100-frequency/1365/1365_pid-356530.fsout
Warning: AMD Family 25, Model 17, Stepping 1 is not supported by this version of FIRESTARTER!
Check project website for updates.
Warning: Using function FUNC_SKL_XEONEP_AVX512_1T as fallback.
You can use the parameter --function to try other functions.
End: Mon May  4 06:45:23 PM CEST 2026  / 1777913123
SETTING GPU CLOCKS TO GRAPHICS=1380
GPU clocks set to "(gpuClkMin 1380, gpuClkMax 1380)" for GPU 00000000:A6:00.0
All done.
Nvidia Log: /home/hpc/unrz/unrz104h/Projects/CPU-GPU-Energy-Study/FIRESTARTER-H100-frequency/1380/1380_powerlog.csv
FIRESTARTER Log: /home/hpc/unrz/unrz104h/Projects/CPU-GPU-Energy-Study/FIRESTARTER-H100-frequency/1380/1380_pid-356530.fsout
Warning: AMD Family 25, Model 17, Stepping 1 is not supported by this version of FIRESTARTER!
Check project website for updates.
Warning: Using function FUNC_SKL_XEONEP_AVX512_1T as fallback.
You can use the parameter --function to try other functions.
End: Mon May  4 06:46:30 PM CEST 2026  / 1777913190
SETTING GPU CLOCKS TO GRAPHICS=1395
GPU clocks set to "(gpuClkMin 1395, gpuClkMax 1395)" for GPU 00000000:A6:00.0
All done.
Nvidia Log: /home/hpc/unrz/unrz104h/Projects/CPU-GPU-Energy-Study/FIRESTARTER-H100-frequency/1395/1395_powerlog.csv
FIRESTARTER Log: /home/hpc/unrz/unrz104h/Projects/CPU-GPU-Energy-Study/FIRESTARTER-H100-frequency/1395/1395_pid-356530.fsout
Warning: AMD Family 25, Model 17, Stepping 1 is not supported by this version of FIRESTARTER!
Check project website for updates.
Warning: Using function FUNC_SKL_XEONEP_AVX512_1T as fallback.
You can use the parameter --function to try other functions.
End: Mon May  4 06:47:38 PM CEST 2026  / 1777913258
SETTING GPU CLOCKS TO GRAPHICS=1410
GPU clocks set to "(gpuClkMin 1410, gpuClkMax 1410)" for GPU 00000000:A6:00.0
All done.
Nvidia Log: /home/hpc/unrz/unrz104h/Projects/CPU-GPU-Energy-Study/FIRESTARTER-H100-frequency/1410/1410_powerlog.csv
FIRESTARTER Log: /home/hpc/unrz/unrz104h/Projects/CPU-GPU-Energy-Study/FIRESTARTER-H100-frequency/1410/1410_pid-356530.fsout
Warning: AMD Family 25, Model 17, Stepping 1 is not supported by this version of FIRESTARTER!
Check project website for updates.
Warning: Using function FUNC_SKL_XEONEP_AVX512_1T as fallback.
You can use the parameter --function to try other functions.
End: Mon May  4 06:48:45 PM CEST 2026  / 1777913325
SETTING GPU CLOCKS TO GRAPHICS=1425
GPU clocks set to "(gpuClkMin 1425, gpuClkMax 1425)" for GPU 00000000:A6:00.0
All done.
Nvidia Log: /home/hpc/unrz/unrz104h/Projects/CPU-GPU-Energy-Study/FIRESTARTER-H100-frequency/1425/1425_powerlog.csv
FIRESTARTER Log: /home/hpc/unrz/unrz104h/Projects/CPU-GPU-Energy-Study/FIRESTARTER-H100-frequency/1425/1425_pid-356530.fsout
Warning: AMD Family 25, Model 17, Stepping 1 is not supported by this version of FIRESTARTER!
Check project website for updates.
Warning: Using function FUNC_SKL_XEONEP_AVX512_1T as fallback.
You can use the parameter --function to try other functions.
End: Mon May  4 06:49:52 PM CEST 2026  / 1777913392
SETTING GPU CLOCKS TO GRAPHICS=1440
GPU clocks set to "(gpuClkMin 1440, gpuClkMax 1440)" for GPU 00000000:A6:00.0
All done.
Nvidia Log: /home/hpc/unrz/unrz104h/Projects/CPU-GPU-Energy-Study/FIRESTARTER-H100-frequency/1440/1440_powerlog.csv
FIRESTARTER Log: /home/hpc/unrz/unrz104h/Projects/CPU-GPU-Energy-Study/FIRESTARTER-H100-frequency/1440/1440_pid-356530.fsout
Warning: AMD Family 25, Model 17, Stepping 1 is not supported by this version of FIRESTARTER!
Check project website for updates.
Warning: Using function FUNC_SKL_XEONEP_AVX512_1T as fallback.
You can use the parameter --function to try other functions.
End: Mon May  4 06:51:00 PM CEST 2026  / 1777913460
SETTING GPU CLOCKS TO GRAPHICS=1455
GPU clocks set to "(gpuClkMin 1455, gpuClkMax 1455)" for GPU 00000000:A6:00.0
All done.
Nvidia Log: /home/hpc/unrz/unrz104h/Projects/CPU-GPU-Energy-Study/FIRESTARTER-H100-frequency/1455/1455_powerlog.csv
FIRESTARTER Log: /home/hpc/unrz/unrz104h/Projects/CPU-GPU-Energy-Study/FIRESTARTER-H100-frequency/1455/1455_pid-356530.fsout
Warning: AMD Family 25, Model 17, Stepping 1 is not supported by this version of FIRESTARTER!
Check project website for updates.
Warning: Using function FUNC_SKL_XEONEP_AVX512_1T as fallback.
You can use the parameter --function to try other functions.
End: Mon May  4 06:52:07 PM CEST 2026  / 1777913527
SETTING GPU CLOCKS TO GRAPHICS=1470
GPU clocks set to "(gpuClkMin 1470, gpuClkMax 1470)" for GPU 00000000:A6:00.0
All done.
Nvidia Log: /home/hpc/unrz/unrz104h/Projects/CPU-GPU-Energy-Study/FIRESTARTER-H100-frequency/1470/1470_powerlog.csv
FIRESTARTER Log: /home/hpc/unrz/unrz104h/Projects/CPU-GPU-Energy-Study/FIRESTARTER-H100-frequency/1470/1470_pid-356530.fsout
Warning: AMD Family 25, Model 17, Stepping 1 is not supported by this version of FIRESTARTER!
Check project website for updates.
Warning: Using function FUNC_SKL_XEONEP_AVX512_1T as fallback.
You can use the parameter --function to try other functions.
End: Mon May  4 06:53:15 PM CEST 2026  / 1777913595
SETTING GPU CLOCKS TO GRAPHICS=1485
GPU clocks set to "(gpuClkMin 1485, gpuClkMax 1485)" for GPU 00000000:A6:00.0
All done.
Nvidia Log: /home/hpc/unrz/unrz104h/Projects/CPU-GPU-Energy-Study/FIRESTARTER-H100-frequency/1485/1485_powerlog.csv
FIRESTARTER Log: /home/hpc/unrz/unrz104h/Projects/CPU-GPU-Energy-Study/FIRESTARTER-H100-frequency/1485/1485_pid-356530.fsout
Warning: AMD Family 25, Model 17, Stepping 1 is not supported by this version of FIRESTARTER!
Check project website for updates.
Warning: Using function FUNC_SKL_XEONEP_AVX512_1T as fallback.
You can use the parameter --function to try other functions.
End: Mon May  4 06:54:21 PM CEST 2026  / 1777913661
SETTING GPU CLOCKS TO GRAPHICS=1500
GPU clocks set to "(gpuClkMin 1500, gpuClkMax 1500)" for GPU 00000000:A6:00.0
All done.
Nvidia Log: /home/hpc/unrz/unrz104h/Projects/CPU-GPU-Energy-Study/FIRESTARTER-H100-frequency/1500/1500_powerlog.csv
FIRESTARTER Log: /home/hpc/unrz/unrz104h/Projects/CPU-GPU-Energy-Study/FIRESTARTER-H100-frequency/1500/1500_pid-356530.fsout
Warning: AMD Family 25, Model 17, Stepping 1 is not supported by this version of FIRESTARTER!
Check project website for updates.
Warning: Using function FUNC_SKL_XEONEP_AVX512_1T as fallback.
You can use the parameter --function to try other functions.
End: Mon May  4 06:55:29 PM CEST 2026  / 1777913729
SETTING GPU CLOCKS TO GRAPHICS=1515
GPU clocks set to "(gpuClkMin 1515, gpuClkMax 1515)" for GPU 00000000:A6:00.0
All done.
Nvidia Log: /home/hpc/unrz/unrz104h/Projects/CPU-GPU-Energy-Study/FIRESTARTER-H100-frequency/1515/1515_powerlog.csv
FIRESTARTER Log: /home/hpc/unrz/unrz104h/Projects/CPU-GPU-Energy-Study/FIRESTARTER-H100-frequency/1515/1515_pid-356530.fsout
Warning: AMD Family 25, Model 17, Stepping 1 is not supported by this version of FIRESTARTER!
Check project website for updates.
Warning: Using function FUNC_SKL_XEONEP_AVX512_1T as fallback.
You can use the parameter --function to try other functions.
End: Mon May  4 06:56:36 PM CEST 2026  / 1777913796
SETTING GPU CLOCKS TO GRAPHICS=1530
GPU clocks set to "(gpuClkMin 1530, gpuClkMax 1530)" for GPU 00000000:A6:00.0
All done.
Nvidia Log: /home/hpc/unrz/unrz104h/Projects/CPU-GPU-Energy-Study/FIRESTARTER-H100-frequency/1530/1530_powerlog.csv
FIRESTARTER Log: /home/hpc/unrz/unrz104h/Projects/CPU-GPU-Energy-Study/FIRESTARTER-H100-frequency/1530/1530_pid-356530.fsout
Warning: AMD Family 25, Model 17, Stepping 1 is not supported by this version of FIRESTARTER!
Check project website for updates.
Warning: Using function FUNC_SKL_XEONEP_AVX512_1T as fallback.
You can use the parameter --function to try other functions.
End: Mon May  4 06:57:43 PM CEST 2026  / 1777913863
SETTING GPU CLOCKS TO GRAPHICS=1545
GPU clocks set to "(gpuClkMin 1545, gpuClkMax 1545)" for GPU 00000000:A6:00.0
All done.
Nvidia Log: /home/hpc/unrz/unrz104h/Projects/CPU-GPU-Energy-Study/FIRESTARTER-H100-frequency/1545/1545_powerlog.csv
FIRESTARTER Log: /home/hpc/unrz/unrz104h/Projects/CPU-GPU-Energy-Study/FIRESTARTER-H100-frequency/1545/1545_pid-356530.fsout
Warning: AMD Family 25, Model 17, Stepping 1 is not supported by this version of FIRESTARTER!
Check project website for updates.
Warning: Using function FUNC_SKL_XEONEP_AVX512_1T as fallback.
You can use the parameter --function to try other functions.
End: Mon May  4 06:58:51 PM CEST 2026  / 1777913931
SETTING GPU CLOCKS TO GRAPHICS=1560
GPU clocks set to "(gpuClkMin 1560, gpuClkMax 1560)" for GPU 00000000:A6:00.0
All done.
Nvidia Log: /home/hpc/unrz/unrz104h/Projects/CPU-GPU-Energy-Study/FIRESTARTER-H100-frequency/1560/1560_powerlog.csv
FIRESTARTER Log: /home/hpc/unrz/unrz104h/Projects/CPU-GPU-Energy-Study/FIRESTARTER-H100-frequency/1560/1560_pid-356530.fsout
Warning: AMD Family 25, Model 17, Stepping 1 is not supported by this version of FIRESTARTER!
Check project website for updates.
Warning: Using function FUNC_SKL_XEONEP_AVX512_1T as fallback.
You can use the parameter --function to try other functions.
End: Mon May  4 06:59:58 PM CEST 2026  / 1777913998
SETTING GPU CLOCKS TO GRAPHICS=1575
GPU clocks set to "(gpuClkMin 1575, gpuClkMax 1575)" for GPU 00000000:A6:00.0
All done.
Nvidia Log: /home/hpc/unrz/unrz104h/Projects/CPU-GPU-Energy-Study/FIRESTARTER-H100-frequency/1575/1575_powerlog.csv
FIRESTARTER Log: /home/hpc/unrz/unrz104h/Projects/CPU-GPU-Energy-Study/FIRESTARTER-H100-frequency/1575/1575_pid-356530.fsout
Warning: AMD Family 25, Model 17, Stepping 1 is not supported by this version of FIRESTARTER!
Check project website for updates.
Warning: Using function FUNC_SKL_XEONEP_AVX512_1T as fallback.
You can use the parameter --function to try other functions.
End: Mon May  4 07:01:06 PM CEST 2026  / 1777914066
SETTING GPU CLOCKS TO GRAPHICS=1590
GPU clocks set to "(gpuClkMin 1590, gpuClkMax 1590)" for GPU 00000000:A6:00.0
All done.
Nvidia Log: /home/hpc/unrz/unrz104h/Projects/CPU-GPU-Energy-Study/FIRESTARTER-H100-frequency/1590/1590_powerlog.csv
FIRESTARTER Log: /home/hpc/unrz/unrz104h/Projects/CPU-GPU-Energy-Study/FIRESTARTER-H100-frequency/1590/1590_pid-356530.fsout
Warning: AMD Family 25, Model 17, Stepping 1 is not supported by this version of FIRESTARTER!
Check project website for updates.
Warning: Using function FUNC_SKL_XEONEP_AVX512_1T as fallback.
You can use the parameter --function to try other functions.
End: Mon May  4 07:02:13 PM CEST 2026  / 1777914133
SETTING GPU CLOCKS TO GRAPHICS=1605
GPU clocks set to "(gpuClkMin 1605, gpuClkMax 1605)" for GPU 00000000:A6:00.0
All done.
Nvidia Log: /home/hpc/unrz/unrz104h/Projects/CPU-GPU-Energy-Study/FIRESTARTER-H100-frequency/1605/1605_powerlog.csv
FIRESTARTER Log: /home/hpc/unrz/unrz104h/Projects/CPU-GPU-Energy-Study/FIRESTARTER-H100-frequency/1605/1605_pid-356530.fsout
Warning: AMD Family 25, Model 17, Stepping 1 is not supported by this version of FIRESTARTER!
Check project website for updates.
Warning: Using function FUNC_SKL_XEONEP_AVX512_1T as fallback.
You can use the parameter --function to try other functions.
End: Mon May  4 07:03:21 PM CEST 2026  / 1777914201
SETTING GPU CLOCKS TO GRAPHICS=1620
GPU clocks set to "(gpuClkMin 1620, gpuClkMax 1620)" for GPU 00000000:A6:00.0
All done.
Nvidia Log: /home/hpc/unrz/unrz104h/Projects/CPU-GPU-Energy-Study/FIRESTARTER-H100-frequency/1620/1620_powerlog.csv
FIRESTARTER Log: /home/hpc/unrz/unrz104h/Projects/CPU-GPU-Energy-Study/FIRESTARTER-H100-frequency/1620/1620_pid-356530.fsout
Warning: AMD Family 25, Model 17, Stepping 1 is not supported by this version of FIRESTARTER!
Check project website for updates.
Warning: Using function FUNC_SKL_XEONEP_AVX512_1T as fallback.
You can use the parameter --function to try other functions.
End: Mon May  4 07:04:28 PM CEST 2026  / 1777914268
SETTING GPU CLOCKS TO GRAPHICS=1635
GPU clocks set to "(gpuClkMin 1635, gpuClkMax 1635)" for GPU 00000000:A6:00.0
All done.
Nvidia Log: /home/hpc/unrz/unrz104h/Projects/CPU-GPU-Energy-Study/FIRESTARTER-H100-frequency/1635/1635_powerlog.csv
FIRESTARTER Log: /home/hpc/unrz/unrz104h/Projects/CPU-GPU-Energy-Study/FIRESTARTER-H100-frequency/1635/1635_pid-356530.fsout
Warning: AMD Family 25, Model 17, Stepping 1 is not supported by this version of FIRESTARTER!
Check project website for updates.
Warning: Using function FUNC_SKL_XEONEP_AVX512_1T as fallback.
You can use the parameter --function to try other functions.
End: Mon May  4 07:05:36 PM CEST 2026  / 1777914336
SETTING GPU CLOCKS TO GRAPHICS=1650
GPU clocks set to "(gpuClkMin 1650, gpuClkMax 1650)" for GPU 00000000:A6:00.0
All done.
Nvidia Log: /home/hpc/unrz/unrz104h/Projects/CPU-GPU-Energy-Study/FIRESTARTER-H100-frequency/1650/1650_powerlog.csv
FIRESTARTER Log: /home/hpc/unrz/unrz104h/Projects/CPU-GPU-Energy-Study/FIRESTARTER-H100-frequency/1650/1650_pid-356530.fsout
Warning: AMD Family 25, Model 17, Stepping 1 is not supported by this version of FIRESTARTER!
Check project website for updates.
Warning: Using function FUNC_SKL_XEONEP_AVX512_1T as fallback.
You can use the parameter --function to try other functions.
End: Mon May  4 07:06:43 PM CEST 2026  / 1777914403
SETTING GPU CLOCKS TO GRAPHICS=1665
GPU clocks set to "(gpuClkMin 1665, gpuClkMax 1665)" for GPU 00000000:A6:00.0
All done.
Nvidia Log: /home/hpc/unrz/unrz104h/Projects/CPU-GPU-Energy-Study/FIRESTARTER-H100-frequency/1665/1665_powerlog.csv
FIRESTARTER Log: /home/hpc/unrz/unrz104h/Projects/CPU-GPU-Energy-Study/FIRESTARTER-H100-frequency/1665/1665_pid-356530.fsout
Warning: AMD Family 25, Model 17, Stepping 1 is not supported by this version of FIRESTARTER!
Check project website for updates.
Warning: Using function FUNC_SKL_XEONEP_AVX512_1T as fallback.
You can use the parameter --function to try other functions.
End: Mon May  4 07:07:51 PM CEST 2026  / 1777914471
SETTING GPU CLOCKS TO GRAPHICS=1680
GPU clocks set to "(gpuClkMin 1680, gpuClkMax 1680)" for GPU 00000000:A6:00.0
All done.
Nvidia Log: /home/hpc/unrz/unrz104h/Projects/CPU-GPU-Energy-Study/FIRESTARTER-H100-frequency/1680/1680_powerlog.csv
FIRESTARTER Log: /home/hpc/unrz/unrz104h/Projects/CPU-GPU-Energy-Study/FIRESTARTER-H100-frequency/1680/1680_pid-356530.fsout
Warning: AMD Family 25, Model 17, Stepping 1 is not supported by this version of FIRESTARTER!
Check project website for updates.
Warning: Using function FUNC_SKL_XEONEP_AVX512_1T as fallback.
You can use the parameter --function to try other functions.
End: Mon May  4 07:08:59 PM CEST 2026  / 1777914539
SETTING GPU CLOCKS TO GRAPHICS=1695
GPU clocks set to "(gpuClkMin 1695, gpuClkMax 1695)" for GPU 00000000:A6:00.0
All done.
Nvidia Log: /home/hpc/unrz/unrz104h/Projects/CPU-GPU-Energy-Study/FIRESTARTER-H100-frequency/1695/1695_powerlog.csv
FIRESTARTER Log: /home/hpc/unrz/unrz104h/Projects/CPU-GPU-Energy-Study/FIRESTARTER-H100-frequency/1695/1695_pid-356530.fsout
Warning: AMD Family 25, Model 17, Stepping 1 is not supported by this version of FIRESTARTER!
Check project website for updates.
Warning: Using function FUNC_SKL_XEONEP_AVX512_1T as fallback.
You can use the parameter --function to try other functions.
End: Mon May  4 07:10:06 PM CEST 2026  / 1777914606
SETTING GPU CLOCKS TO GRAPHICS=1710
GPU clocks set to "(gpuClkMin 1710, gpuClkMax 1710)" for GPU 00000000:A6:00.0
All done.
Nvidia Log: /home/hpc/unrz/unrz104h/Projects/CPU-GPU-Energy-Study/FIRESTARTER-H100-frequency/1710/1710_powerlog.csv
FIRESTARTER Log: /home/hpc/unrz/unrz104h/Projects/CPU-GPU-Energy-Study/FIRESTARTER-H100-frequency/1710/1710_pid-356530.fsout
Warning: AMD Family 25, Model 17, Stepping 1 is not supported by this version of FIRESTARTER!
Check project website for updates.
Warning: Using function FUNC_SKL_XEONEP_AVX512_1T as fallback.
You can use the parameter --function to try other functions.
End: Mon May  4 07:11:14 PM CEST 2026  / 1777914674
SETTING GPU CLOCKS TO GRAPHICS=1725
GPU clocks set to "(gpuClkMin 1725, gpuClkMax 1725)" for GPU 00000000:A6:00.0
All done.
Nvidia Log: /home/hpc/unrz/unrz104h/Projects/CPU-GPU-Energy-Study/FIRESTARTER-H100-frequency/1725/1725_powerlog.csv
FIRESTARTER Log: /home/hpc/unrz/unrz104h/Projects/CPU-GPU-Energy-Study/FIRESTARTER-H100-frequency/1725/1725_pid-356530.fsout
Warning: AMD Family 25, Model 17, Stepping 1 is not supported by this version of FIRESTARTER!
Check project website for updates.
Warning: Using function FUNC_SKL_XEONEP_AVX512_1T as fallback.
You can use the parameter --function to try other functions.
End: Mon May  4 07:12:19 PM CEST 2026  / 1777914739
SETTING GPU CLOCKS TO GRAPHICS=1740
GPU clocks set to "(gpuClkMin 1740, gpuClkMax 1740)" for GPU 00000000:A6:00.0
All done.
Nvidia Log: /home/hpc/unrz/unrz104h/Projects/CPU-GPU-Energy-Study/FIRESTARTER-H100-frequency/1740/1740_powerlog.csv
FIRESTARTER Log: /home/hpc/unrz/unrz104h/Projects/CPU-GPU-Energy-Study/FIRESTARTER-H100-frequency/1740/1740_pid-356530.fsout
Warning: AMD Family 25, Model 17, Stepping 1 is not supported by this version of FIRESTARTER!
Check project website for updates.
Warning: Using function FUNC_SKL_XEONEP_AVX512_1T as fallback.
You can use the parameter --function to try other functions.
End: Mon May  4 07:13:27 PM CEST 2026  / 1777914807
SETTING GPU CLOCKS TO GRAPHICS=1755
GPU clocks set to "(gpuClkMin 1755, gpuClkMax 1755)" for GPU 00000000:A6:00.0
All done.
Nvidia Log: /home/hpc/unrz/unrz104h/Projects/CPU-GPU-Energy-Study/FIRESTARTER-H100-frequency/1755/1755_powerlog.csv
FIRESTARTER Log: /home/hpc/unrz/unrz104h/Projects/CPU-GPU-Energy-Study/FIRESTARTER-H100-frequency/1755/1755_pid-356530.fsout
Warning: AMD Family 25, Model 17, Stepping 1 is not supported by this version of FIRESTARTER!
Check project website for updates.
Warning: Using function FUNC_SKL_XEONEP_AVX512_1T as fallback.
You can use the parameter --function to try other functions.
End: Mon May  4 07:14:34 PM CEST 2026  / 1777914874
SETTING GPU CLOCKS TO GRAPHICS=1770
GPU clocks set to "(gpuClkMin 1770, gpuClkMax 1770)" for GPU 00000000:A6:00.0
All done.
Nvidia Log: /home/hpc/unrz/unrz104h/Projects/CPU-GPU-Energy-Study/FIRESTARTER-H100-frequency/1770/1770_powerlog.csv
FIRESTARTER Log: /home/hpc/unrz/unrz104h/Projects/CPU-GPU-Energy-Study/FIRESTARTER-H100-frequency/1770/1770_pid-356530.fsout
Warning: AMD Family 25, Model 17, Stepping 1 is not supported by this version of FIRESTARTER!
Check project website for updates.
Warning: Using function FUNC_SKL_XEONEP_AVX512_1T as fallback.
You can use the parameter --function to try other functions.
End: Mon May  4 07:15:41 PM CEST 2026  / 1777914941
SETTING GPU CLOCKS TO GRAPHICS=1785
GPU clocks set to "(gpuClkMin 1785, gpuClkMax 1785)" for GPU 00000000:A6:00.0
All done.
Nvidia Log: /home/hpc/unrz/unrz104h/Projects/CPU-GPU-Energy-Study/FIRESTARTER-H100-frequency/1785/1785_powerlog.csv
FIRESTARTER Log: /home/hpc/unrz/unrz104h/Projects/CPU-GPU-Energy-Study/FIRESTARTER-H100-frequency/1785/1785_pid-356530.fsout
Warning: AMD Family 25, Model 17, Stepping 1 is not supported by this version of FIRESTARTER!
Check project website for updates.
Warning: Using function FUNC_SKL_XEONEP_AVX512_1T as fallback.
You can use the parameter --function to try other functions.
End: Mon May  4 07:16:49 PM CEST 2026  / 1777915009
SETTING GPU CLOCKS TO GRAPHICS=1800
GPU clocks set to "(gpuClkMin 1800, gpuClkMax 1800)" for GPU 00000000:A6:00.0
All done.
Nvidia Log: /home/hpc/unrz/unrz104h/Projects/CPU-GPU-Energy-Study/FIRESTARTER-H100-frequency/1800/1800_powerlog.csv
FIRESTARTER Log: /home/hpc/unrz/unrz104h/Projects/CPU-GPU-Energy-Study/FIRESTARTER-H100-frequency/1800/1800_pid-356530.fsout
Warning: AMD Family 25, Model 17, Stepping 1 is not supported by this version of FIRESTARTER!
Check project website for updates.
Warning: Using function FUNC_SKL_XEONEP_AVX512_1T as fallback.
You can use the parameter --function to try other functions.
End: Mon May  4 07:17:56 PM CEST 2026  / 1777915076
SETTING GPU CLOCKS TO GRAPHICS=1815
GPU clocks set to "(gpuClkMin 1815, gpuClkMax 1815)" for GPU 00000000:A6:00.0
All done.
Nvidia Log: /home/hpc/unrz/unrz104h/Projects/CPU-GPU-Energy-Study/FIRESTARTER-H100-frequency/1815/1815_powerlog.csv
FIRESTARTER Log: /home/hpc/unrz/unrz104h/Projects/CPU-GPU-Energy-Study/FIRESTARTER-H100-frequency/1815/1815_pid-356530.fsout
Warning: AMD Family 25, Model 17, Stepping 1 is not supported by this version of FIRESTARTER!
Check project website for updates.
Warning: Using function FUNC_SKL_XEONEP_AVX512_1T as fallback.
You can use the parameter --function to try other functions.
End: Mon May  4 07:19:04 PM CEST 2026  / 1777915144
SETTING GPU CLOCKS TO GRAPHICS=1830
GPU clocks set to "(gpuClkMin 1830, gpuClkMax 1830)" for GPU 00000000:A6:00.0
All done.
Nvidia Log: /home/hpc/unrz/unrz104h/Projects/CPU-GPU-Energy-Study/FIRESTARTER-H100-frequency/1830/1830_powerlog.csv
FIRESTARTER Log: /home/hpc/unrz/unrz104h/Projects/CPU-GPU-Energy-Study/FIRESTARTER-H100-frequency/1830/1830_pid-356530.fsout
Warning: AMD Family 25, Model 17, Stepping 1 is not supported by this version of FIRESTARTER!
Check project website for updates.
Warning: Using function FUNC_SKL_XEONEP_AVX512_1T as fallback.
You can use the parameter --function to try other functions.
End: Mon May  4 07:20:11 PM CEST 2026  / 1777915211
SETTING GPU CLOCKS TO GRAPHICS=1845
GPU clocks set to "(gpuClkMin 1845, gpuClkMax 1845)" for GPU 00000000:A6:00.0
All done.
Nvidia Log: /home/hpc/unrz/unrz104h/Projects/CPU-GPU-Energy-Study/FIRESTARTER-H100-frequency/1845/1845_powerlog.csv
FIRESTARTER Log: /home/hpc/unrz/unrz104h/Projects/CPU-GPU-Energy-Study/FIRESTARTER-H100-frequency/1845/1845_pid-356530.fsout
Warning: AMD Family 25, Model 17, Stepping 1 is not supported by this version of FIRESTARTER!
Check project website for updates.
Warning: Using function FUNC_SKL_XEONEP_AVX512_1T as fallback.
You can use the parameter --function to try other functions.
End: Mon May  4 07:21:18 PM CEST 2026  / 1777915278
SETTING GPU CLOCKS TO GRAPHICS=1860
GPU clocks set to "(gpuClkMin 1860, gpuClkMax 1860)" for GPU 00000000:A6:00.0
All done.
Nvidia Log: /home/hpc/unrz/unrz104h/Projects/CPU-GPU-Energy-Study/FIRESTARTER-H100-frequency/1860/1860_powerlog.csv
FIRESTARTER Log: /home/hpc/unrz/unrz104h/Projects/CPU-GPU-Energy-Study/FIRESTARTER-H100-frequency/1860/1860_pid-356530.fsout
Warning: AMD Family 25, Model 17, Stepping 1 is not supported by this version of FIRESTARTER!
Check project website for updates.
Warning: Using function FUNC_SKL_XEONEP_AVX512_1T as fallback.
You can use the parameter --function to try other functions.
End: Mon May  4 07:22:26 PM CEST 2026  / 1777915346
SETTING GPU CLOCKS TO GRAPHICS=1875
GPU clocks set to "(gpuClkMin 1875, gpuClkMax 1875)" for GPU 00000000:A6:00.0
All done.
Nvidia Log: /home/hpc/unrz/unrz104h/Projects/CPU-GPU-Energy-Study/FIRESTARTER-H100-frequency/1875/1875_powerlog.csv
FIRESTARTER Log: /home/hpc/unrz/unrz104h/Projects/CPU-GPU-Energy-Study/FIRESTARTER-H100-frequency/1875/1875_pid-356530.fsout
Warning: AMD Family 25, Model 17, Stepping 1 is not supported by this version of FIRESTARTER!
Check project website for updates.
Warning: Using function FUNC_SKL_XEONEP_AVX512_1T as fallback.
You can use the parameter --function to try other functions.
End: Mon May  4 07:23:33 PM CEST 2026  / 1777915413
SETTING GPU CLOCKS TO GRAPHICS=1890
GPU clocks set to "(gpuClkMin 1890, gpuClkMax 1890)" for GPU 00000000:A6:00.0
All done.
Nvidia Log: /home/hpc/unrz/unrz104h/Projects/CPU-GPU-Energy-Study/FIRESTARTER-H100-frequency/1890/1890_powerlog.csv
FIRESTARTER Log: /home/hpc/unrz/unrz104h/Projects/CPU-GPU-Energy-Study/FIRESTARTER-H100-frequency/1890/1890_pid-356530.fsout
Warning: AMD Family 25, Model 17, Stepping 1 is not supported by this version of FIRESTARTER!
Check project website for updates.
Warning: Using function FUNC_SKL_XEONEP_AVX512_1T as fallback.
You can use the parameter --function to try other functions.
End: Mon May  4 07:24:41 PM CEST 2026  / 1777915481
SETTING GPU CLOCKS TO GRAPHICS=1905
GPU clocks set to "(gpuClkMin 1905, gpuClkMax 1905)" for GPU 00000000:A6:00.0
All done.
Nvidia Log: /home/hpc/unrz/unrz104h/Projects/CPU-GPU-Energy-Study/FIRESTARTER-H100-frequency/1905/1905_powerlog.csv
FIRESTARTER Log: /home/hpc/unrz/unrz104h/Projects/CPU-GPU-Energy-Study/FIRESTARTER-H100-frequency/1905/1905_pid-356530.fsout
Warning: AMD Family 25, Model 17, Stepping 1 is not supported by this version of FIRESTARTER!
Check project website for updates.
Warning: Using function FUNC_SKL_XEONEP_AVX512_1T as fallback.
You can use the parameter --function to try other functions.
End: Mon May  4 07:25:48 PM CEST 2026  / 1777915548
SETTING GPU CLOCKS TO GRAPHICS=1920
GPU clocks set to "(gpuClkMin 1920, gpuClkMax 1920)" for GPU 00000000:A6:00.0
All done.
Nvidia Log: /home/hpc/unrz/unrz104h/Projects/CPU-GPU-Energy-Study/FIRESTARTER-H100-frequency/1920/1920_powerlog.csv
FIRESTARTER Log: /home/hpc/unrz/unrz104h/Projects/CPU-GPU-Energy-Study/FIRESTARTER-H100-frequency/1920/1920_pid-356530.fsout
Warning: AMD Family 25, Model 17, Stepping 1 is not supported by this version of FIRESTARTER!
Check project website for updates.
Warning: Using function FUNC_SKL_XEONEP_AVX512_1T as fallback.
You can use the parameter --function to try other functions.
End: Mon May  4 07:26:56 PM CEST 2026  / 1777915616
SETTING GPU CLOCKS TO GRAPHICS=1935
GPU clocks set to "(gpuClkMin 1935, gpuClkMax 1935)" for GPU 00000000:A6:00.0
All done.
Nvidia Log: /home/hpc/unrz/unrz104h/Projects/CPU-GPU-Energy-Study/FIRESTARTER-H100-frequency/1935/1935_powerlog.csv
FIRESTARTER Log: /home/hpc/unrz/unrz104h/Projects/CPU-GPU-Energy-Study/FIRESTARTER-H100-frequency/1935/1935_pid-356530.fsout
Warning: AMD Family 25, Model 17, Stepping 1 is not supported by this version of FIRESTARTER!
Check project website for updates.
Warning: Using function FUNC_SKL_XEONEP_AVX512_1T as fallback.
You can use the parameter --function to try other functions.
End: Mon May  4 07:28:03 PM CEST 2026  / 1777915683
SETTING GPU CLOCKS TO GRAPHICS=1950
GPU clocks set to "(gpuClkMin 1950, gpuClkMax 1950)" for GPU 00000000:A6:00.0
All done.
Nvidia Log: /home/hpc/unrz/unrz104h/Projects/CPU-GPU-Energy-Study/FIRESTARTER-H100-frequency/1950/1950_powerlog.csv
FIRESTARTER Log: /home/hpc/unrz/unrz104h/Projects/CPU-GPU-Energy-Study/FIRESTARTER-H100-frequency/1950/1950_pid-356530.fsout
Warning: AMD Family 25, Model 17, Stepping 1 is not supported by this version of FIRESTARTER!
Check project website for updates.
Warning: Using function FUNC_SKL_XEONEP_AVX512_1T as fallback.
You can use the parameter --function to try other functions.
End: Mon May  4 07:29:11 PM CEST 2026  / 1777915751
SETTING GPU CLOCKS TO GRAPHICS=1965
GPU clocks set to "(gpuClkMin 1965, gpuClkMax 1965)" for GPU 00000000:A6:00.0
All done.
Nvidia Log: /home/hpc/unrz/unrz104h/Projects/CPU-GPU-Energy-Study/FIRESTARTER-H100-frequency/1965/1965_powerlog.csv
FIRESTARTER Log: /home/hpc/unrz/unrz104h/Projects/CPU-GPU-Energy-Study/FIRESTARTER-H100-frequency/1965/1965_pid-356530.fsout
Warning: AMD Family 25, Model 17, Stepping 1 is not supported by this version of FIRESTARTER!
Check project website for updates.
Warning: Using function FUNC_SKL_XEONEP_AVX512_1T as fallback.
You can use the parameter --function to try other functions.
End: Mon May  4 07:30:18 PM CEST 2026  / 1777915818
SETTING GPU CLOCKS TO GRAPHICS=1980
GPU clocks set to "(gpuClkMin 1980, gpuClkMax 1980)" for GPU 00000000:A6:00.0
All done.
Nvidia Log: /home/hpc/unrz/unrz104h/Projects/CPU-GPU-Energy-Study/FIRESTARTER-H100-frequency/1980/1980_powerlog.csv
FIRESTARTER Log: /home/hpc/unrz/unrz104h/Projects/CPU-GPU-Energy-Study/FIRESTARTER-H100-frequency/1980/1980_pid-356530.fsout
Warning: AMD Family 25, Model 17, Stepping 1 is not supported by this version of FIRESTARTER!
Check project website for updates.
Warning: Using function FUNC_SKL_XEONEP_AVX512_1T as fallback.
You can use the parameter --function to try other functions.
End: Mon May  4 07:31:26 PM CEST 2026  / 1777915886
Resetting clocks...
All done.
Done!
